2025-10-28T12:23:54.003506831Z [inf]  2025-10-28 12:23:53,911 - src.core.circuit_breaker - ERROR - ğŸ”´ ç†”æ–·å™¨é˜»æ–·(å¤±æ•—7æ¬¡)ï¼Œè«‹60ç§’å¾Œé‡è©¦ | æ“ä½œ: generic | å„ªå…ˆç´š: NORMAL
2025-10-28T12:23:54.003512384Z [inf]  2025-10-28 12:23:53,911 - src.clients.binance_client - ERROR - API è«‹æ±‚å¤±æ•—: /fapi/v1/klines - ç†”æ–·å™¨é˜»æ–·(å¤±æ•—7æ¬¡)ï¼Œè«‹60ç§’å¾Œé‡è©¦
2025-10-28T12:23:54.005154942Z [inf]  2025-10-28 12:23:53,911 - src.services.data_service - ERROR - ç²å– Kç·šæ•¸æ“šå¤±æ•— HOMEUSDT 15m: ç†”æ–·å™¨é˜»æ–·(å¤±æ•—7æ¬¡)ï¼Œè«‹60ç§’å¾Œé‡è©¦
2025-10-28T12:23:54.005162474Z [inf]  2025-10-28 12:23:53,911 - src.core.circuit_breaker - ERROR - ğŸ”´ ç†”æ–·å™¨é˜»æ–·(å¤±æ•—7æ¬¡)ï¼Œè«‹60ç§’å¾Œé‡è©¦ | æ“ä½œ: generic | å„ªå…ˆç´š: NORMAL
2025-10-28T12:23:54.005170059Z [inf]  2025-10-28 12:23:53,911 - src.clients.binance_client - ERROR - API è«‹æ±‚å¤±æ•—: /fapi/v1/klines - ç†”æ–·å™¨é˜»æ–·(å¤±æ•—7æ¬¡)ï¼Œè«‹60ç§’å¾Œé‡è©¦
2025-10-28T12:23:54.005177072Z [inf]  2025-10-28 12:23:53,911 - src.services.data_service - ERROR - ç²å– Kç·šæ•¸æ“šå¤±æ•— HOMEUSDT 5m: ç†”æ–·å™¨é˜»æ–·(å¤±æ•—7æ¬¡)ï¼Œè«‹60ç§’å¾Œé‡è©¦
2025-10-28T12:23:54.005185094Z [inf]  2025-10-28 12:23:53,911 - src.core.circuit_breaker - ERROR - ğŸ”´ ç†”æ–·å™¨é˜»æ–·(å¤±æ•—7æ¬¡)ï¼Œè«‹60ç§’å¾Œé‡è©¦ | æ“ä½œ: generic | å„ªå…ˆç´š: NORMAL
2025-10-28T12:23:54.005191653Z [inf]  2025-10-28 12:23:53,911 - src.clients.binance_client - ERROR - API è«‹æ±‚å¤±æ•—: /fapi/v1/klines - ç†”æ–·å™¨é˜»æ–·(å¤±æ•—7æ¬¡)ï¼Œè«‹60ç§’å¾Œé‡è©¦
2025-10-28T12:23:54.005201343Z [inf]  2025-10-28 12:23:53,911 - src.services.data_service - ERROR - ç²å– Kç·šæ•¸æ“šå¤±æ•— RESOLVUSDT 1h: ç†”æ–·å™¨é˜»æ–·(å¤±æ•—7æ¬¡)ï¼Œè«‹60ç§’å¾Œé‡è©¦
2025-10-28T12:23:54.005207739Z [inf]  2025-10-28 12:23:53,911 - src.core.circuit_breaker - ERROR - ğŸ”´ ç†”æ–·å™¨é˜»æ–·(å¤±æ•—7æ¬¡)ï¼Œè«‹60ç§’å¾Œé‡è©¦ | æ“ä½œ: generic | å„ªå…ˆç´š: NORMAL
2025-10-28T12:23:54.005216340Z [inf]  2025-10-28 12:23:53,911 - src.clients.binance_client - ERROR - API è«‹æ±‚å¤±æ•—: /fapi/v1/klines - ç†”æ–·å™¨é˜»æ–·(å¤±æ•—7æ¬¡)ï¼Œè«‹60ç§’å¾Œé‡è©¦
2025-10-28T12:23:54.005225871Z [inf]  2025-10-28 12:23:53,911 - src.services.data_service - ERROR - ç²å– Kç·šæ•¸æ“šå¤±æ•— RESOLVUSDT 15m: ç†”æ–·å™¨é˜»æ–·(å¤±æ•—7æ¬¡)ï¼Œè«‹60ç§’å¾Œé‡è©¦
2025-10-28T12:23:54.005231560Z [inf]  2025-10-28 12:23:53,911 - src.core.circuit_breaker - ERROR - ğŸ”´ ç†”æ–·å™¨é˜»æ–·(å¤±æ•—7æ¬¡)ï¼Œè«‹60ç§’å¾Œé‡è©¦ | æ“ä½œ: generic | å„ªå…ˆç´š: NORMAL
2025-10-28T12:23:54.006920365Z [inf]  2025-10-28 12:23:53,911 - src.clients.binance_client - ERROR - API è«‹æ±‚å¤±æ•—: /fapi/v1/klines - ç†”æ–·å™¨é˜»æ–·(å¤±æ•—7æ¬¡)ï¼Œè«‹60ç§’å¾Œé‡è©¦
2025-10-28T12:23:54.006925370Z [inf]  2025-10-28 12:23:53,911 - src.services.data_service - ERROR - ç²å– Kç·šæ•¸æ“šå¤±æ•— RESOLVUSDT 5m: ç†”æ–·å™¨é˜»æ–·(å¤±æ•—7æ¬¡)ï¼Œè«‹60ç§’å¾Œé‡è©¦
2025-10-28T12:23:54.006930628Z [inf]  2025-10-28 12:23:53,912 - src.core.circuit_breaker - ERROR - ğŸ”´ ç†”æ–·å™¨é˜»æ–·(å¤±æ•—7æ¬¡)ï¼Œè«‹60ç§’å¾Œé‡è©¦ | æ“ä½œ: generic | å„ªå…ˆç´š: NORMAL
2025-10-28T12:23:54.006936346Z [inf]  2025-10-28 12:23:53,912 - src.clients.binance_client - ERROR - API è«‹æ±‚å¤±æ•—: /fapi/v1/klines - ç†”æ–·å™¨é˜»æ–·(å¤±æ•—7æ¬¡)ï¼Œè«‹60ç§’å¾Œé‡è©¦
2025-10-28T12:23:54.006940962Z [inf]  2025-10-28 12:23:53,912 - src.services.data_service - ERROR - ç²å– Kç·šæ•¸æ“šå¤±æ•— TAIKOUSDT 1h: ç†”æ–·å™¨é˜»æ–·(å¤±æ•—7æ¬¡)ï¼Œè«‹60ç§’å¾Œé‡è©¦
2025-10-28T12:23:54.006945555Z [inf]  2025-10-28 12:23:53,912 - src.core.circuit_breaker - ERROR - ğŸ”´ ç†”æ–·å™¨é˜»æ–·(å¤±æ•—7æ¬¡)ï¼Œè«‹60ç§’å¾Œé‡è©¦ | æ“ä½œ: generic | å„ªå…ˆç´š: NORMAL
2025-10-28T12:23:54.006949496Z [inf]  2025-10-28 12:23:53,912 - src.clients.binance_client - ERROR - API è«‹æ±‚å¤±æ•—: /fapi/v1/klines - ç†”æ–·å™¨é˜»æ–·(å¤±æ•—7æ¬¡)ï¼Œè«‹60ç§’å¾Œé‡è©¦
2025-10-28T12:23:54.006953811Z [inf]  2025-10-28 12:23:53,912 - src.services.data_service - ERROR - ç²å– Kç·šæ•¸æ“šå¤±æ•— TAIKOUSDT 15m: ç†”æ–·å™¨é˜»æ–·(å¤±æ•—7æ¬¡)ï¼Œè«‹60ç§’å¾Œé‡è©¦
2025-10-28T12:23:54.006958655Z [inf]  2025-10-28 12:23:53,912 - src.core.circuit_breaker - ERROR - ğŸ”´ ç†”æ–·å™¨é˜»æ–·(å¤±æ•—7æ¬¡)ï¼Œè«‹60ç§’å¾Œé‡è©¦ | æ“ä½œ: generic | å„ªå…ˆç´š: NORMAL
2025-10-28T12:23:54.006966109Z [inf]  2025-10-28 12:23:53,912 - src.clients.binance_client - ERROR - API è«‹æ±‚å¤±æ•—: /fapi/v1/klines - ç†”æ–·å™¨é˜»æ–·(å¤±æ•—7æ¬¡)ï¼Œè«‹60ç§’å¾Œé‡è©¦
2025-10-28T12:23:54.006971663Z [inf]  2025-10-28 12:23:53,912 - src.services.data_service - ERROR - ç²å– Kç·šæ•¸æ“šå¤±æ•— TAIKOUSDT 5m: ç†”æ–·å™¨é˜»æ–·(å¤±æ•—7æ¬¡)ï¼Œè«‹60ç§’å¾Œé‡è©¦
2025-10-28T12:23:54.008777526Z [inf]  2025-10-28 12:23:53,913 - src.core.circuit_breaker - ERROR - ğŸ”´ ç†”æ–·å™¨é˜»æ–·(å¤±æ•—7æ¬¡)ï¼Œè«‹60ç§’å¾Œé‡è©¦ | æ“ä½œ: generic | å„ªå…ˆç´š: NORMAL
2025-10-28T12:23:54.008784918Z [inf]  2025-10-28 12:23:53,913 - src.clients.binance_client - ERROR - API è«‹æ±‚å¤±æ•—: /fapi/v1/klines - ç†”æ–·å™¨é˜»æ–·(å¤±æ•—7æ¬¡)ï¼Œè«‹60ç§’å¾Œé‡è©¦
2025-10-28T12:23:54.008790307Z [inf]  2025-10-28 12:23:53,913 - src.services.data_service - ERROR - ç²å– Kç·šæ•¸æ“šå¤±æ•— SQDUSDT 1h: ç†”æ–·å™¨é˜»æ–·(å¤±æ•—7æ¬¡)ï¼Œè«‹60ç§’å¾Œé‡è©¦
2025-10-28T12:23:54.008795608Z [inf]  2025-10-28 12:23:53,913 - src.core.circuit_breaker - ERROR - ğŸ”´ ç†”æ–·å™¨é˜»æ–·(å¤±æ•—7æ¬¡)ï¼Œè«‹60ç§’å¾Œé‡è©¦ | æ“ä½œ: generic | å„ªå…ˆç´š: NORMAL
2025-10-28T12:23:54.008801833Z [inf]  2025-10-28 12:23:53,913 - src.clients.binance_client - ERROR - API è«‹æ±‚å¤±æ•—: /fapi/v1/klines - ç†”æ–·å™¨é˜»æ–·(å¤±æ•—7æ¬¡)ï¼Œè«‹60ç§’å¾Œé‡è©¦
2025-10-28T12:23:54.008807358Z [inf]  2025-10-28 12:23:53,913 - src.services.data_service - ERROR - ç²å– Kç·šæ•¸æ“šå¤±æ•— SQDUSDT 15m: ç†”æ–·å™¨é˜»æ–·(å¤±æ•—7æ¬¡)ï¼Œè«‹60ç§’å¾Œé‡è©¦
2025-10-28T12:23:54.008813516Z [inf]  2025-10-28 12:23:53,913 - src.core.circuit_breaker - ERROR - ğŸ”´ ç†”æ–·å™¨é˜»æ–·(å¤±æ•—7æ¬¡)ï¼Œè«‹60ç§’å¾Œé‡è©¦ | æ“ä½œ: generic | å„ªå…ˆç´š: NORMAL
2025-10-28T12:23:54.008819361Z [inf]  2025-10-28 12:23:53,913 - src.clients.binance_client - ERROR - API è«‹æ±‚å¤±æ•—: /fapi/v1/klines - ç†”æ–·å™¨é˜»æ–·(å¤±æ•—7æ¬¡)ï¼Œè«‹60ç§’å¾Œé‡è©¦
2025-10-28T12:23:54.008825098Z [inf]  2025-10-28 12:23:53,913 - src.services.data_service - ERROR - ç²å– Kç·šæ•¸æ“šå¤±æ•— SQDUSDT 5m: ç†”æ–·å™¨é˜»æ–·(å¤±æ•—7æ¬¡)ï¼Œè«‹60ç§’å¾Œé‡è©¦
2025-10-28T12:23:54.008829575Z [inf]  2025-10-28 12:23:53,914 - src.core.circuit_breaker - ERROR - ğŸ”´ ç†”æ–·å™¨é˜»æ–·(å¤±æ•—7æ¬¡)ï¼Œè«‹60ç§’å¾Œé‡è©¦ | æ“ä½œ: generic | å„ªå…ˆç´š: NORMAL
2025-10-28T12:23:54.008834330Z [inf]  2025-10-28 12:23:53,914 - src.clients.binance_client - ERROR - API è«‹æ±‚å¤±æ•—: /fapi/v1/klines - ç†”æ–·å™¨é˜»æ–·(å¤±æ•—7æ¬¡)ï¼Œè«‹60ç§’å¾Œé‡è©¦
2025-10-28T12:23:54.010476849Z [inf]  2025-10-28 12:23:53,914 - src.services.data_service - ERROR - ç²å– Kç·šæ•¸æ“šå¤±æ•— PUMPBTCUSDT 1h: ç†”æ–·å™¨é˜»æ–·(å¤±æ•—7æ¬¡)ï¼Œè«‹60ç§’å¾Œé‡è©¦
2025-10-28T12:23:54.010485032Z [inf]  2025-10-28 12:23:53,914 - src.core.circuit_breaker - ERROR - ğŸ”´ ç†”æ–·å™¨é˜»æ–·(å¤±æ•—7æ¬¡)ï¼Œè«‹60ç§’å¾Œé‡è©¦ | æ“ä½œ: generic | å„ªå…ˆç´š: NORMAL
2025-10-28T12:23:54.010492812Z [inf]  2025-10-28 12:23:53,914 - src.clients.binance_client - ERROR - API è«‹æ±‚å¤±æ•—: /fapi/v1/klines - ç†”æ–·å™¨é˜»æ–·(å¤±æ•—7æ¬¡)ï¼Œè«‹60ç§’å¾Œé‡è©¦
2025-10-28T12:23:54.010503178Z [inf]  2025-10-28 12:23:53,914 - src.services.data_service - ERROR - ç²å– Kç·šæ•¸æ“šå¤±æ•— PUMPBTCUSDT 15m: ç†”æ–·å™¨é˜»æ–·(å¤±æ•—7æ¬¡)ï¼Œè«‹60ç§’å¾Œé‡è©¦
2025-10-28T12:23:54.010520678Z [inf]  2025-10-28 12:23:53,914 - src.core.circuit_breaker - ERROR - ğŸ”´ ç†”æ–·å™¨é˜»æ–·(å¤±æ•—7æ¬¡)ï¼Œè«‹60ç§’å¾Œé‡è©¦ | æ“ä½œ: generic | å„ªå…ˆç´š: NORMAL
2025-10-28T12:23:54.010529516Z [inf]  2025-10-28 12:23:53,914 - src.clients.binance_client - ERROR - API è«‹æ±‚å¤±æ•—: /fapi/v1/klines - ç†”æ–·å™¨é˜»æ–·(å¤±æ•—7æ¬¡)ï¼Œè«‹60ç§’å¾Œé‡è©¦
2025-10-28T12:23:54.010537596Z [inf]  2025-10-28 12:23:53,914 - src.services.data_service - ERROR - ç²å– Kç·šæ•¸æ“šå¤±æ•— PUMPBTCUSDT 5m: ç†”æ–·å™¨é˜»æ–·(å¤±æ•—7æ¬¡)ï¼Œè«‹60ç§’å¾Œé‡è©¦
2025-10-28T12:23:54.010548267Z [inf]  2025-10-28 12:23:53,914 - src.core.circuit_breaker - ERROR - ğŸ”´ ç†”æ–·å™¨é˜»æ–·(å¤±æ•—7æ¬¡)ï¼Œè«‹60ç§’å¾Œé‡è©¦ | æ“ä½œ: generic | å„ªå…ˆç´š: NORMAL
2025-10-28T12:23:54.010557131Z [inf]  2025-10-28 12:23:53,914 - src.clients.binance_client - ERROR - API è«‹æ±‚å¤±æ•—: /fapi/v1/klines - ç†”æ–·å™¨é˜»æ–·(å¤±æ•—7æ¬¡)ï¼Œè«‹60ç§’å¾Œé‡è©¦
2025-10-28T12:23:54.010563568Z [inf]  2025-10-28 12:23:53,914 - src.services.data_service - ERROR - ç²å– Kç·šæ•¸æ“šå¤±æ•— SPKUSDT 1h: ç†”æ–·å™¨é˜»æ–·(å¤±æ•—7æ¬¡)ï¼Œè«‹60ç§’å¾Œé‡è©¦
2025-10-28T12:23:54.010569816Z [inf]  2025-10-28 12:23:53,915 - src.core.circuit_breaker - ERROR - ğŸ”´ ç†”æ–·å™¨é˜»æ–·(å¤±æ•—7æ¬¡)ï¼Œè«‹60ç§’å¾Œé‡è©¦ | æ“ä½œ: generic | å„ªå…ˆç´š: NORMAL
2025-10-28T12:23:54.012556947Z [inf]  2025-10-28 12:23:53,915 - src.clients.binance_client - ERROR - API è«‹æ±‚å¤±æ•—: /fapi/v1/klines - ç†”æ–·å™¨é˜»æ–·(å¤±æ•—7æ¬¡)ï¼Œè«‹60ç§’å¾Œé‡è©¦
2025-10-28T12:23:54.012564902Z [inf]  2025-10-28 12:23:53,915 - src.services.data_service - ERROR - ç²å– Kç·šæ•¸æ“šå¤±æ•— SPKUSDT 15m: ç†”æ–·å™¨é˜»æ–·(å¤±æ•—7æ¬¡)ï¼Œè«‹60ç§’å¾Œé‡è©¦
2025-10-28T12:23:54.012586303Z [inf]  2025-10-28 12:23:53,915 - src.core.circuit_breaker - ERROR - ğŸ”´ ç†”æ–·å™¨é˜»æ–·(å¤±æ•—7æ¬¡)ï¼Œè«‹60ç§’å¾Œé‡è©¦ | æ“ä½œ: generic | å„ªå…ˆç´š: NORMAL
2025-10-28T12:23:54.012598420Z [inf]  2025-10-28 12:23:53,915 - src.clients.binance_client - ERROR - API è«‹æ±‚å¤±æ•—: /fapi/v1/klines - ç†”æ–·å™¨é˜»æ–·(å¤±æ•—7æ¬¡)ï¼Œè«‹60ç§’å¾Œé‡è©¦
2025-10-28T12:23:54.012605949Z [inf]  2025-10-28 12:23:53,915 - src.services.data_service - ERROR - ç²å– Kç·šæ•¸æ“šå¤±æ•— SPKUSDT 5m: ç†”æ–·å™¨é˜»æ–·(å¤±æ•—7æ¬¡)ï¼Œè«‹60ç§’å¾Œé‡è©¦
2025-10-28T12:23:54.012613562Z [inf]  2025-10-28 12:23:53,915 - src.core.circuit_breaker - ERROR - ğŸ”´ ç†”æ–·å™¨é˜»æ–·(å¤±æ•—7æ¬¡)ï¼Œè«‹60ç§’å¾Œé‡è©¦ | æ“ä½œ: generic | å„ªå…ˆç´š: NORMAL
2025-10-28T12:23:54.012622724Z [inf]  2025-10-28 12:23:53,915 - src.clients.binance_client - ERROR - API è«‹æ±‚å¤±æ•—: /fapi/v1/klines - ç†”æ–·å™¨é˜»æ–·(å¤±æ•—7æ¬¡)ï¼Œè«‹60ç§’å¾Œé‡è©¦
2025-10-28T12:23:54.012632418Z [inf]  2025-10-28 12:23:53,915 - src.services.data_service - ERROR - ç²å– Kç·šæ•¸æ“šå¤±æ•— MYXUSDT 1h: ç†”æ–·å™¨é˜»æ–·(å¤±æ•—7æ¬¡)ï¼Œè«‹60ç§’å¾Œé‡è©¦
2025-10-28T12:23:54.012640197Z [inf]  2025-10-28 12:23:53,915 - src.core.circuit_breaker - ERROR - ğŸ”´ ç†”æ–·å™¨é˜»æ–·(å¤±æ•—7æ¬¡)ï¼Œè«‹60ç§’å¾Œé‡è©¦ | æ“ä½œ: generic | å„ªå…ˆç´š: NORMAL
2025-10-28T12:23:54.012648134Z [inf]  2025-10-28 12:23:53,915 - src.clients.binance_client - ERROR - API è«‹æ±‚å¤±æ•—: /fapi/v1/klines - ç†”æ–·å™¨é˜»æ–·(å¤±æ•—7æ¬¡)ï¼Œè«‹60ç§’å¾Œé‡è©¦
2025-10-28T12:23:54.012656455Z [inf]  2025-10-28 12:23:53,915 - src.services.data_service - ERROR - ç²å– Kç·šæ•¸æ“šå¤±æ•— MYXUSDT 15m: ç†”æ–·å™¨é˜»æ–·(å¤±æ•—7æ¬¡)ï¼Œè«‹60ç§’å¾Œé‡è©¦
2025-10-28T12:23:54.015141827Z [inf]  2025-10-28 12:23:53,916 - src.core.circuit_breaker - ERROR - ğŸ”´ ç†”æ–·å™¨é˜»æ–·(å¤±æ•—7æ¬¡)ï¼Œè«‹60ç§’å¾Œé‡è©¦ | æ“ä½œ: generic | å„ªå…ˆç´š: NORMAL
2025-10-28T12:23:54.015150265Z [inf]  2025-10-28 12:23:53,916 - src.clients.binance_client - ERROR - API è«‹æ±‚å¤±æ•—: /fapi/v1/klines - ç†”æ–·å™¨é˜»æ–·(å¤±æ•—7æ¬¡)ï¼Œè«‹60ç§’å¾Œé‡è©¦
2025-10-28T12:23:54.015157734Z [inf]  2025-10-28 12:23:53,916 - src.services.data_service - ERROR - ç²å– Kç·šæ•¸æ“šå¤±æ•— MYXUSDT 5m: ç†”æ–·å™¨é˜»æ–·(å¤±æ•—7æ¬¡)ï¼Œè«‹60ç§’å¾Œé‡è©¦
2025-10-28T12:23:54.015165599Z [inf]  2025-10-28 12:23:53,916 - src.core.circuit_breaker - ERROR - ğŸ”´ ç†”æ–·å™¨é˜»æ–·(å¤±æ•—7æ¬¡)ï¼Œè«‹60ç§’å¾Œé‡è©¦ | æ“ä½œ: generic | å„ªå…ˆç´š: NORMAL
2025-10-28T12:23:54.015172428Z [inf]  2025-10-28 12:23:53,916 - src.clients.binance_client - ERROR - API è«‹æ±‚å¤±æ•—: /fapi/v1/klines - ç†”æ–·å™¨é˜»æ–·(å¤±æ•—7æ¬¡)ï¼Œè«‹60ç§’å¾Œé‡è©¦
2025-10-28T12:23:54.015179310Z [inf]  2025-10-28 12:23:53,916 - src.services.data_service - ERROR - ç²å– Kç·šæ•¸æ“šå¤±æ•— FUSDT 1h: ç†”æ–·å™¨é˜»æ–·(å¤±æ•—7æ¬¡)ï¼Œè«‹60ç§’å¾Œé‡è©¦
2025-10-28T12:23:54.015186410Z [inf]  2025-10-28 12:23:53,916 - src.core.circuit_breaker - ERROR - ğŸ”´ ç†”æ–·å™¨é˜»æ–·(å¤±æ•—7æ¬¡)ï¼Œè«‹60ç§’å¾Œé‡è©¦ | æ“ä½œ: generic | å„ªå…ˆç´š: NORMAL
2025-10-28T12:23:54.015192854Z [inf]  2025-10-28 12:23:53,916 - src.clients.binance_client - ERROR - API è«‹æ±‚å¤±æ•—: /fapi/v1/klines - ç†”æ–·å™¨é˜»æ–·(å¤±æ•—7æ¬¡)ï¼Œè«‹60ç§’å¾Œé‡è©¦
2025-10-28T12:23:54.015199546Z [inf]  2025-10-28 12:23:53,916 - src.services.data_service - ERROR - ç²å– Kç·šæ•¸æ“šå¤±æ•— FUSDT 15m: ç†”æ–·å™¨é˜»æ–·(å¤±æ•—7æ¬¡)ï¼Œè«‹60ç§’å¾Œé‡è©¦
2025-10-28T12:23:54.015211664Z [inf]  2025-10-28 12:23:53,917 - src.core.circuit_breaker - ERROR - ğŸ”´ ç†”æ–·å™¨é˜»æ–·(å¤±æ•—7æ¬¡)ï¼Œè«‹60ç§’å¾Œé‡è©¦ | æ“ä½œ: generic | å„ªå…ˆç´š: NORMAL
2025-10-28T12:23:54.015218320Z [inf]  2025-10-28 12:23:53,917 - src.clients.binance_client - ERROR - API è«‹æ±‚å¤±æ•—: /fapi/v1/klines - ç†”æ–·å™¨é˜»æ–·(å¤±æ•—7æ¬¡)ï¼Œè«‹60ç§’å¾Œé‡è©¦
2025-10-28T12:23:54.016807825Z [inf]  2025-10-28 12:23:53,917 - src.services.data_service - ERROR - ç²å– Kç·šæ•¸æ“šå¤±æ•— FUSDT 5m: ç†”æ–·å™¨é˜»æ–·(å¤±æ•—7æ¬¡)ï¼Œè«‹60ç§’å¾Œé‡è©¦
2025-10-28T12:23:54.016819781Z [inf]  2025-10-28 12:23:53,917 - src.core.circuit_breaker - ERROR - ğŸ”´ ç†”æ–·å™¨é˜»æ–·(å¤±æ•—7æ¬¡)ï¼Œè«‹60ç§’å¾Œé‡è©¦ | æ“ä½œ: generic | å„ªå…ˆç´š: NORMAL
2025-10-28T12:23:54.016828885Z [inf]  2025-10-28 12:23:53,917 - src.clients.binance_client - ERROR - API è«‹æ±‚å¤±æ•—: /fapi/v1/klines - ç†”æ–·å™¨é˜»æ–·(å¤±æ•—7æ¬¡)ï¼Œè«‹60ç§’å¾Œé‡è©¦
2025-10-28T12:23:54.016836300Z [inf]  2025-10-28 12:23:53,917 - src.services.data_service - ERROR - ç²å– Kç·šæ•¸æ“šå¤±æ•— NEWTUSDT 1h: ç†”æ–·å™¨é˜»æ–·(å¤±æ•—7æ¬¡)ï¼Œè«‹60ç§’å¾Œé‡è©¦
2025-10-28T12:23:54.016844017Z [inf]  2025-10-28 12:23:53,917 - src.core.circuit_breaker - ERROR - ğŸ”´ ç†”æ–·å™¨é˜»æ–·(å¤±æ•—7æ¬¡)ï¼Œè«‹60ç§’å¾Œé‡è©¦ | æ“ä½œ: generic | å„ªå…ˆç´š: NORMAL
2025-10-28T12:23:54.016850227Z [inf]  2025-10-28 12:23:53,917 - src.clients.binance_client - ERROR - API è«‹æ±‚å¤±æ•—: /fapi/v1/klines - ç†”æ–·å™¨é˜»æ–·(å¤±æ•—7æ¬¡)ï¼Œè«‹60ç§’å¾Œé‡è©¦
2025-10-28T12:23:54.016856433Z [inf]  2025-10-28 12:23:53,917 - src.services.data_service - ERROR - ç²å– Kç·šæ•¸æ“šå¤±æ•— NEWTUSDT 15m: ç†”æ–·å™¨é˜»æ–·(å¤±æ•—7æ¬¡)ï¼Œè«‹60ç§’å¾Œé‡è©¦
2025-10-28T12:23:54.016866528Z [inf]  2025-10-28 12:23:53,917 - src.core.circuit_breaker - ERROR - ğŸ”´ ç†”æ–·å™¨é˜»æ–·(å¤±æ•—7æ¬¡)ï¼Œè«‹60ç§’å¾Œé‡è©¦ | æ“ä½œ: generic | å„ªå…ˆç´š: NORMAL
2025-10-28T12:23:54.016872882Z [inf]  2025-10-28 12:23:53,917 - src.clients.binance_client - ERROR - API è«‹æ±‚å¤±æ•—: /fapi/v1/klines - ç†”æ–·å™¨é˜»æ–·(å¤±æ•—7æ¬¡)ï¼Œè«‹60ç§’å¾Œé‡è©¦
2025-10-28T12:23:54.016882428Z [inf]  2025-10-28 12:23:53,917 - src.services.data_service - ERROR - ç²å– Kç·šæ•¸æ“šå¤±æ•— NEWTUSDT 5m: ç†”æ–·å™¨é˜»æ–·(å¤±æ•—7æ¬¡)ï¼Œè«‹60ç§’å¾Œé‡è©¦
2025-10-28T12:23:54.016888941Z [inf]  2025-10-28 12:23:53,918 - src.core.circuit_breaker - ERROR - ğŸ”´ ç†”æ–·å™¨é˜»æ–·(å¤±æ•—7æ¬¡)ï¼Œè«‹60ç§’å¾Œé‡è©¦ | æ“ä½œ: generic | å„ªå…ˆç´š: NORMAL
2025-10-28T12:23:54.018672070Z [inf]  2025-10-28 12:23:53,918 - src.clients.binance_client - ERROR - API è«‹æ±‚å¤±æ•—: /fapi/v1/klines - ç†”æ–·å™¨é˜»æ–·(å¤±æ•—7æ¬¡)ï¼Œè«‹60ç§’å¾Œé‡è©¦
2025-10-28T12:23:54.018682655Z [inf]  2025-10-28 12:23:53,918 - src.services.data_service - ERROR - ç²å– Kç·šæ•¸æ“šå¤±æ•— DMCUSDT 1h: ç†”æ–·å™¨é˜»æ–·(å¤±æ•—7æ¬¡)ï¼Œè«‹60ç§’å¾Œé‡è©¦
2025-10-28T12:23:54.018689793Z [inf]  2025-10-28 12:23:53,918 - src.core.circuit_breaker - ERROR - ğŸ”´ ç†”æ–·å™¨é˜»æ–·(å¤±æ•—7æ¬¡)ï¼Œè«‹60ç§’å¾Œé‡è©¦ | æ“ä½œ: generic | å„ªå…ˆç´š: NORMAL
2025-10-28T12:23:54.018697375Z [inf]  2025-10-28 12:23:53,918 - src.clients.binance_client - ERROR - API è«‹æ±‚å¤±æ•—: /fapi/v1/klines - ç†”æ–·å™¨é˜»æ–·(å¤±æ•—7æ¬¡)ï¼Œè«‹60ç§’å¾Œé‡è©¦
2025-10-28T12:23:54.018703710Z [inf]  2025-10-28 12:23:53,918 - src.services.data_service - ERROR - ç²å– Kç·šæ•¸æ“šå¤±æ•— DMCUSDT 15m: ç†”æ–·å™¨é˜»æ–·(å¤±æ•—7æ¬¡)ï¼Œè«‹60ç§’å¾Œé‡è©¦
2025-10-28T12:23:54.018710548Z [inf]  2025-10-28 12:23:53,918 - src.core.circuit_breaker - ERROR - ğŸ”´ ç†”æ–·å™¨é˜»æ–·(å¤±æ•—7æ¬¡)ï¼Œè«‹60ç§’å¾Œé‡è©¦ | æ“ä½œ: generic | å„ªå…ˆç´š: NORMAL
2025-10-28T12:23:54.018717485Z [inf]  2025-10-28 12:23:53,918 - src.clients.binance_client - ERROR - API è«‹æ±‚å¤±æ•—: /fapi/v1/klines - ç†”æ–·å™¨é˜»æ–·(å¤±æ•—7æ¬¡)ï¼Œè«‹60ç§’å¾Œé‡è©¦
2025-10-28T12:23:54.018728969Z [inf]  2025-10-28 12:23:53,918 - src.services.data_service - ERROR - ç²å– Kç·šæ•¸æ“šå¤±æ•— DMCUSDT 5m: ç†”æ–·å™¨é˜»æ–·(å¤±æ•—7æ¬¡)ï¼Œè«‹60ç§’å¾Œé‡è©¦
2025-10-28T12:23:54.018735832Z [inf]  2025-10-28 12:23:53,918 - src.core.circuit_breaker - ERROR - ğŸ”´ ç†”æ–·å™¨é˜»æ–·(å¤±æ•—7æ¬¡)ï¼Œè«‹60ç§’å¾Œé‡è©¦ | æ“ä½œ: generic | å„ªå…ˆç´š: NORMAL
2025-10-28T12:23:54.018742859Z [inf]  2025-10-28 12:23:53,918 - src.clients.binance_client - ERROR - API è«‹æ±‚å¤±æ•—: /fapi/v1/klines - ç†”æ–·å™¨é˜»æ–·(å¤±æ•—7æ¬¡)ï¼Œè«‹60ç§’å¾Œé‡è©¦
2025-10-28T12:23:54.018749924Z [inf]  2025-10-28 12:23:53,918 - src.services.data_service - ERROR - ç²å– Kç·šæ•¸æ“šå¤±æ•— HUSDT 1h: ç†”æ–·å™¨é˜»æ–·(å¤±æ•—7æ¬¡)ï¼Œè«‹60ç§’å¾Œé‡è©¦
2025-10-28T12:23:54.021037531Z [inf]  2025-10-28 12:23:53,918 - src.core.circuit_breaker - ERROR - ğŸ”´ ç†”æ–·å™¨é˜»æ–·(å¤±æ•—7æ¬¡)ï¼Œè«‹60ç§’å¾Œé‡è©¦ | æ“ä½œ: generic | å„ªå…ˆç´š: NORMAL
2025-10-28T12:23:54.021047224Z [inf]  2025-10-28 12:23:53,918 - src.clients.binance_client - ERROR - API è«‹æ±‚å¤±æ•—: /fapi/v1/klines - ç†”æ–·å™¨é˜»æ–·(å¤±æ•—7æ¬¡)ï¼Œè«‹60ç§’å¾Œé‡è©¦
2025-10-28T12:23:54.021055013Z [inf]  2025-10-28 12:23:53,918 - src.services.data_service - ERROR - ç²å– Kç·šæ•¸æ“šå¤±æ•— HUSDT 15m: ç†”æ–·å™¨é˜»æ–·(å¤±æ•—7æ¬¡)ï¼Œè«‹60ç§’å¾Œé‡è©¦
2025-10-28T12:23:54.021061641Z [inf]  2025-10-28 12:23:53,918 - src.core.circuit_breaker - ERROR - ğŸ”´ ç†”æ–·å™¨é˜»æ–·(å¤±æ•—7æ¬¡)ï¼Œè«‹60ç§’å¾Œé‡è©¦ | æ“ä½œ: generic | å„ªå…ˆç´š: NORMAL
2025-10-28T12:23:54.021069867Z [inf]  2025-10-28 12:23:53,918 - src.clients.binance_client - ERROR - API è«‹æ±‚å¤±æ•—: /fapi/v1/klines - ç†”æ–·å™¨é˜»æ–·(å¤±æ•—7æ¬¡)ï¼Œè«‹60ç§’å¾Œé‡è©¦
2025-10-28T12:23:54.021076183Z [inf]  2025-10-28 12:23:53,919 - src.services.data_service - ERROR - ç²å– Kç·šæ•¸æ“šå¤±æ•— HUSDT 5m: ç†”æ–·å™¨é˜»æ–·(å¤±æ•—7æ¬¡)ï¼Œè«‹60ç§’å¾Œé‡è©¦
2025-10-28T12:23:54.021082490Z [inf]  2025-10-28 12:23:53,919 - src.core.circuit_breaker - ERROR - ğŸ”´ ç†”æ–·å™¨é˜»æ–·(å¤±æ•—7æ¬¡)ï¼Œè«‹60ç§’å¾Œé‡è©¦ | æ“ä½œ: generic | å„ªå…ˆç´š: NORMAL
2025-10-28T12:23:54.021088372Z [inf]  2025-10-28 12:23:53,919 - src.clients.binance_client - ERROR - API è«‹æ±‚å¤±æ•—: /fapi/v1/klines - ç†”æ–·å™¨é˜»æ–·(å¤±æ•—7æ¬¡)ï¼Œè«‹60ç§’å¾Œé‡è©¦
2025-10-28T12:23:54.021094710Z [inf]  2025-10-28 12:23:53,919 - src.services.data_service - ERROR - ç²å– Kç·šæ•¸æ“šå¤±æ•— OLUSDT 1h: ç†”æ–·å™¨é˜»æ–·(å¤±æ•—7æ¬¡)ï¼Œè«‹60ç§’å¾Œé‡è©¦
2025-10-28T12:23:54.021100542Z [inf]  2025-10-28 12:23:53,919 - src.core.circuit_breaker - ERROR - ğŸ”´ ç†”æ–·å™¨é˜»æ–·(å¤±æ•—7æ¬¡)ï¼Œè«‹60ç§’å¾Œé‡è©¦ | æ“ä½œ: generic | å„ªå…ˆç´š: NORMAL
2025-10-28T12:23:54.021106180Z [inf]  2025-10-28 12:23:53,919 - src.clients.binance_client - ERROR - API è«‹æ±‚å¤±æ•—: /fapi/v1/klines - ç†”æ–·å™¨é˜»æ–·(å¤±æ•—7æ¬¡)ï¼Œè«‹60ç§’å¾Œé‡è©¦
2025-10-28T12:23:54.022429767Z [inf]  2025-10-28 12:23:53,919 - src.services.data_service - ERROR - ç²å– Kç·šæ•¸æ“šå¤±æ•— OLUSDT 15m: ç†”æ–·å™¨é˜»æ–·(å¤±æ•—7æ¬¡)ï¼Œè«‹60ç§’å¾Œé‡è©¦
2025-10-28T12:23:54.022436855Z [inf]  2025-10-28 12:23:53,919 - src.core.circuit_breaker - ERROR - ğŸ”´ ç†”æ–·å™¨é˜»æ–·(å¤±æ•—7æ¬¡)ï¼Œè«‹60ç§’å¾Œé‡è©¦ | æ“ä½œ: generic | å„ªå…ˆç´š: NORMAL
2025-10-28T12:23:54.022446679Z [inf]  2025-10-28 12:23:53,919 - src.clients.binance_client - ERROR - API è«‹æ±‚å¤±æ•—: /fapi/v1/klines - ç†”æ–·å™¨é˜»æ–·(å¤±æ•—7æ¬¡)ï¼Œè«‹60ç§’å¾Œé‡è©¦
2025-10-28T12:23:54.022454546Z [inf]  2025-10-28 12:23:53,919 - src.services.data_service - ERROR - ç²å– Kç·šæ•¸æ“šå¤±æ•— OLUSDT 5m: ç†”æ–·å™¨é˜»æ–·(å¤±æ•—7æ¬¡)ï¼Œè«‹60ç§’å¾Œé‡è©¦
2025-10-28T12:23:54.022463642Z [inf]  2025-10-28 12:23:53,919 - src.core.circuit_breaker - ERROR - ğŸ”´ ç†”æ–·å™¨é˜»æ–·(å¤±æ•—7æ¬¡)ï¼Œè«‹60ç§’å¾Œé‡è©¦ | æ“ä½œ: generic | å„ªå…ˆç´š: NORMAL
2025-10-28T12:23:54.022469990Z [inf]  2025-10-28 12:23:53,919 - src.clients.binance_client - ERROR - API è«‹æ±‚å¤±æ•—: /fapi/v1/klines - ç†”æ–·å™¨é˜»æ–·(å¤±æ•—7æ¬¡)ï¼Œè«‹60ç§’å¾Œé‡è©¦
2025-10-28T12:23:54.022476789Z [inf]  2025-10-28 12:23:53,919 - src.services.data_service - ERROR - ç²å– Kç·šæ•¸æ“šå¤±æ•— SAHARAUSDT 1h: ç†”æ–·å™¨é˜»æ–·(å¤±æ•—7æ¬¡)ï¼Œè«‹60ç§’å¾Œé‡è©¦
2025-10-28T12:23:54.022483636Z [inf]  2025-10-28 12:23:53,920 - src.core.circuit_breaker - ERROR - ğŸ”´ ç†”æ–·å™¨é˜»æ–·(å¤±æ•—7æ¬¡)ï¼Œè«‹60ç§’å¾Œé‡è©¦ | æ“ä½œ: generic | å„ªå…ˆç´š: NORMAL
2025-10-28T12:23:54.022490249Z [inf]  2025-10-28 12:23:53,920 - src.clients.binance_client - ERROR - API è«‹æ±‚å¤±æ•—: /fapi/v1/klines - ç†”æ–·å™¨é˜»æ–·(å¤±æ•—7æ¬¡)ï¼Œè«‹60ç§’å¾Œé‡è©¦
2025-10-28T12:23:54.022496195Z [inf]  2025-10-28 12:23:53,920 - src.services.data_service - ERROR - ç²å– Kç·šæ•¸æ“šå¤±æ•— SAHARAUSDT 15m: ç†”æ–·å™¨é˜»æ–·(å¤±æ•—7æ¬¡)ï¼Œè«‹60ç§’å¾Œé‡è©¦
2025-10-28T12:23:54.022502533Z [inf]  2025-10-28 12:23:53,920 - src.core.circuit_breaker - ERROR - ğŸ”´ ç†”æ–·å™¨é˜»æ–·(å¤±æ•—7æ¬¡)ï¼Œè«‹60ç§’å¾Œé‡è©¦ | æ“ä½œ: generic | å„ªå…ˆç´š: NORMAL
2025-10-28T12:23:54.023508021Z [inf]  2025-10-28 12:23:53,920 - src.clients.binance_client - ERROR - API è«‹æ±‚å¤±æ•—: /fapi/v1/klines - ç†”æ–·å™¨é˜»æ–·(å¤±æ•—7æ¬¡)ï¼Œè«‹60ç§’å¾Œé‡è©¦
2025-10-28T12:23:54.023517250Z [inf]  2025-10-28 12:23:53,920 - src.services.data_service - ERROR - ç²å– Kç·šæ•¸æ“šå¤±æ•— SAHARAUSDT 5m: ç†”æ–·å™¨é˜»æ–·(å¤±æ•—7æ¬¡)ï¼Œè«‹60ç§’å¾Œé‡è©¦
2025-10-28T12:23:54.023529544Z [inf]  2025-10-28 12:23:53,920 - src.core.circuit_breaker - ERROR - ğŸ”´ ç†”æ–·å™¨é˜»æ–·(å¤±æ•—7æ¬¡)ï¼Œè«‹60ç§’å¾Œé‡è©¦ | æ“ä½œ: generic | å„ªå…ˆç´š: NORMAL
2025-10-28T12:23:54.023539745Z [inf]  2025-10-28 12:23:53,920 - src.clients.binance_client - ERROR - API è«‹æ±‚å¤±æ•—: /fapi/v1/klines - ç†”æ–·å™¨é˜»æ–·(å¤±æ•—7æ¬¡)ï¼Œè«‹60ç§’å¾Œé‡è©¦
2025-10-28T12:23:54.023546744Z [inf]  2025-10-28 12:23:53,920 - src.services.data_service - ERROR - ç²å– Kç·šæ•¸æ“šå¤±æ•— ICNTUSDT 1h: ç†”æ–·å™¨é˜»æ–·(å¤±æ•—7æ¬¡)ï¼Œè«‹60ç§’å¾Œé‡è©¦
2025-10-28T12:23:54.023555053Z [inf]  2025-10-28 12:23:53,920 - src.core.circuit_breaker - ERROR - ğŸ”´ ç†”æ–·å™¨é˜»æ–·(å¤±æ•—7æ¬¡)ï¼Œè«‹60ç§’å¾Œé‡è©¦ | æ“ä½œ: generic | å„ªå…ˆç´š: NORMAL
2025-10-28T12:23:54.023560723Z [inf]  2025-10-28 12:23:53,920 - src.clients.binance_client - ERROR - API è«‹æ±‚å¤±æ•—: /fapi/v1/klines - ç†”æ–·å™¨é˜»æ–·(å¤±æ•—7æ¬¡)ï¼Œè«‹60ç§’å¾Œé‡è©¦
2025-10-28T12:23:54.023567128Z [inf]  2025-10-28 12:23:53,920 - src.services.data_service - ERROR - ç²å– Kç·šæ•¸æ“šå¤±æ•— ICNTUSDT 15m: ç†”æ–·å™¨é˜»æ–·(å¤±æ•—7æ¬¡)ï¼Œè«‹60ç§’å¾Œé‡è©¦
2025-10-28T12:23:54.023573316Z [inf]  2025-10-28 12:23:53,920 - src.core.circuit_breaker - ERROR - ğŸ”´ ç†”æ–·å™¨é˜»æ–·(å¤±æ•—7æ¬¡)ï¼Œè«‹60ç§’å¾Œé‡è©¦ | æ“ä½œ: generic | å„ªå…ˆç´š: NORMAL
2025-10-28T12:23:54.023580775Z [inf]  2025-10-28 12:23:53,920 - src.clients.binance_client - ERROR - API è«‹æ±‚å¤±æ•—: /fapi/v1/klines - ç†”æ–·å™¨é˜»æ–·(å¤±æ•—7æ¬¡)ï¼Œè«‹60ç§’å¾Œé‡è©¦
2025-10-28T12:23:54.023586782Z [inf]  2025-10-28 12:23:53,920 - src.services.data_service - ERROR - ç²å– Kç·šæ•¸æ“šå¤±æ•— ICNTUSDT 5m: ç†”æ–·å™¨é˜»æ–·(å¤±æ•—7æ¬¡)ï¼Œè«‹60ç§’å¾Œé‡è©¦
2025-10-28T12:23:54.025353813Z [inf]  2025-10-28 12:23:53,921 - src.core.circuit_breaker - ERROR - ğŸ”´ ç†”æ–·å™¨é˜»æ–·(å¤±æ•—7æ¬¡)ï¼Œè«‹60ç§’å¾Œé‡è©¦ | æ“ä½œ: generic | å„ªå…ˆç´š: NORMAL
2025-10-28T12:23:54.025360694Z [inf]  2025-10-28 12:23:53,921 - src.clients.binance_client - ERROR - API è«‹æ±‚å¤±æ•—: /fapi/v1/klines - ç†”æ–·å™¨é˜»æ–·(å¤±æ•—7æ¬¡)ï¼Œè«‹60ç§’å¾Œé‡è©¦
2025-10-28T12:23:54.025366757Z [inf]  2025-10-28 12:23:53,921 - src.services.data_service - ERROR - ç²å– Kç·šæ•¸æ“šå¤±æ•— BULLAUSDT 1h: ç†”æ–·å™¨é˜»æ–·(å¤±æ•—7æ¬¡)ï¼Œè«‹60ç§’å¾Œé‡è©¦
2025-10-28T12:23:54.025375416Z [inf]  2025-10-28 12:23:53,921 - src.core.circuit_breaker - ERROR - ğŸ”´ ç†”æ–·å™¨é˜»æ–·(å¤±æ•—7æ¬¡)ï¼Œè«‹60ç§’å¾Œé‡è©¦ | æ“ä½œ: generic | å„ªå…ˆç´š: NORMAL
2025-10-28T12:23:54.025383243Z [inf]  2025-10-28 12:23:53,921 - src.clients.binance_client - ERROR - API è«‹æ±‚å¤±æ•—: /fapi/v1/klines - ç†”æ–·å™¨é˜»æ–·(å¤±æ•—7æ¬¡)ï¼Œè«‹60ç§’å¾Œé‡è©¦
2025-10-28T12:23:54.025389699Z [inf]  2025-10-28 12:23:53,921 - src.services.data_service - ERROR - ç²å– Kç·šæ•¸æ“šå¤±æ•— BULLAUSDT 15m: ç†”æ–·å™¨é˜»æ–·(å¤±æ•—7æ¬¡)ï¼Œè«‹60ç§’å¾Œé‡è©¦
2025-10-28T12:23:54.025394890Z [inf]  2025-10-28 12:23:53,921 - src.core.circuit_breaker - ERROR - ğŸ”´ ç†”æ–·å™¨é˜»æ–·(å¤±æ•—7æ¬¡)ï¼Œè«‹60ç§’å¾Œé‡è©¦ | æ“ä½œ: generic | å„ªå…ˆç´š: NORMAL
2025-10-28T12:23:54.025401042Z [inf]  2025-10-28 12:23:53,921 - src.clients.binance_client - ERROR - API è«‹æ±‚å¤±æ•—: /fapi/v1/klines - ç†”æ–·å™¨é˜»æ–·(å¤±æ•—7æ¬¡)ï¼Œè«‹60ç§’å¾Œé‡è©¦
2025-10-28T12:23:54.025406560Z [inf]  2025-10-28 12:23:53,921 - src.services.data_service - ERROR - ç²å– Kç·šæ•¸æ“šå¤±æ•— BULLAUSDT 5m: ç†”æ–·å™¨é˜»æ–·(å¤±æ•—7æ¬¡)ï¼Œè«‹60ç§’å¾Œé‡è©¦
2025-10-28T12:23:54.025412422Z [inf]  2025-10-28 12:23:53,921 - src.core.circuit_breaker - ERROR - ğŸ”´ ç†”æ–·å™¨é˜»æ–·(å¤±æ•—7æ¬¡)ï¼Œè«‹60ç§’å¾Œé‡è©¦ | æ“ä½œ: generic | å„ªå…ˆç´š: NORMAL
2025-10-28T12:23:54.025419236Z [inf]  2025-10-28 12:23:53,921 - src.clients.binance_client - ERROR - API è«‹æ±‚å¤±æ•—: /fapi/v1/klines - ç†”æ–·å™¨é˜»æ–·(å¤±æ•—7æ¬¡)ï¼Œè«‹60ç§’å¾Œé‡è©¦
2025-10-28T12:23:54.026902390Z [inf]  2025-10-28 12:23:53,921 - src.services.data_service - ERROR - ç²å– Kç·šæ•¸æ“šå¤±æ•— IDOLUSDT 1h: ç†”æ–·å™¨é˜»æ–·(å¤±æ•—7æ¬¡)ï¼Œè«‹60ç§’å¾Œé‡è©¦
2025-10-28T12:23:54.026914652Z [inf]  2025-10-28 12:23:53,921 - src.core.circuit_breaker - ERROR - ğŸ”´ ç†”æ–·å™¨é˜»æ–·(å¤±æ•—7æ¬¡)ï¼Œè«‹60ç§’å¾Œé‡è©¦ | æ“ä½œ: generic | å„ªå…ˆç´š: NORMAL
2025-10-28T12:23:54.026920644Z [inf]  2025-10-28 12:23:53,922 - src.clients.binance_client - ERROR - API è«‹æ±‚å¤±æ•—: /fapi/v1/klines - ç†”æ–·å™¨é˜»æ–·(å¤±æ•—7æ¬¡)ï¼Œè«‹60ç§’å¾Œé‡è©¦
2025-10-28T12:23:54.026930358Z [inf]  2025-10-28 12:23:53,922 - src.services.data_service - ERROR - ç²å– Kç·šæ•¸æ“šå¤±æ•— IDOLUSDT 15m: ç†”æ–·å™¨é˜»æ–·(å¤±æ•—7æ¬¡)ï¼Œè«‹60ç§’å¾Œé‡è©¦
2025-10-28T12:23:54.026935907Z [inf]  2025-10-28 12:23:53,922 - src.core.circuit_breaker - ERROR - ğŸ”´ ç†”æ–·å™¨é˜»æ–·(å¤±æ•—7æ¬¡)ï¼Œè«‹60ç§’å¾Œé‡è©¦ | æ“ä½œ: generic | å„ªå…ˆç´š: NORMAL
2025-10-28T12:23:54.026942794Z [inf]  2025-10-28 12:23:53,922 - src.clients.binance_client - ERROR - API è«‹æ±‚å¤±æ•—: /fapi/v1/klines - ç†”æ–·å™¨é˜»æ–·(å¤±æ•—7æ¬¡)ï¼Œè«‹60ç§’å¾Œé‡è©¦
2025-10-28T12:23:54.026948801Z [inf]  2025-10-28 12:23:53,922 - src.services.data_service - ERROR - ç²å– Kç·šæ•¸æ“šå¤±æ•— IDOLUSDT 5m: ç†”æ–·å™¨é˜»æ–·(å¤±æ•—7æ¬¡)ï¼Œè«‹60ç§’å¾Œé‡è©¦
2025-10-28T12:23:54.026954017Z [inf]  2025-10-28 12:23:53,922 - src.core.circuit_breaker - ERROR - ğŸ”´ ç†”æ–·å™¨é˜»æ–·(å¤±æ•—7æ¬¡)ï¼Œè«‹60ç§’å¾Œé‡è©¦ | æ“ä½œ: generic | å„ªå…ˆç´š: NORMAL
2025-10-28T12:23:54.026959511Z [inf]  2025-10-28 12:23:53,922 - src.clients.binance_client - ERROR - API è«‹æ±‚å¤±æ•—: /fapi/v1/klines - ç†”æ–·å™¨é˜»æ–·(å¤±æ•—7æ¬¡)ï¼Œè«‹60ç§’å¾Œé‡è©¦
2025-10-28T12:23:54.026965561Z [inf]  2025-10-28 12:23:53,922 - src.services.data_service - ERROR - ç²å– Kç·šæ•¸æ“šå¤±æ•— MUSDT 1h: ç†”æ–·å™¨é˜»æ–·(å¤±æ•—7æ¬¡)ï¼Œè«‹60ç§’å¾Œé‡è©¦
2025-10-28T12:23:54.026971400Z [inf]  2025-10-28 12:23:53,922 - src.core.circuit_breaker - ERROR - ğŸ”´ ç†”æ–·å™¨é˜»æ–·(å¤±æ•—7æ¬¡)ï¼Œè«‹60ç§’å¾Œé‡è©¦ | æ“ä½œ: generic | å„ªå…ˆç´š: NORMAL
2025-10-28T12:23:54.028946772Z [inf]  2025-10-28 12:23:53,922 - src.clients.binance_client - ERROR - API è«‹æ±‚å¤±æ•—: /fapi/v1/klines - ç†”æ–·å™¨é˜»æ–·(å¤±æ•—7æ¬¡)ï¼Œè«‹60ç§’å¾Œé‡è©¦
2025-10-28T12:23:54.028959921Z [inf]  2025-10-28 12:23:53,922 - src.services.data_service - ERROR - ç²å– Kç·šæ•¸æ“šå¤±æ•— MUSDT 15m: ç†”æ–·å™¨é˜»æ–·(å¤±æ•—7æ¬¡)ï¼Œè«‹60ç§’å¾Œé‡è©¦
2025-10-28T12:23:54.028972032Z [inf]  2025-10-28 12:23:53,922 - src.core.circuit_breaker - ERROR - ğŸ”´ ç†”æ–·å™¨é˜»æ–·(å¤±æ•—7æ¬¡)ï¼Œè«‹60ç§’å¾Œé‡è©¦ | æ“ä½œ: generic | å„ªå…ˆç´š: NORMAL
2025-10-28T12:23:54.028980289Z [inf]  2025-10-28 12:23:53,922 - src.clients.binance_client - ERROR - API è«‹æ±‚å¤±æ•—: /fapi/v1/klines - ç†”æ–·å™¨é˜»æ–·(å¤±æ•—7æ¬¡)ï¼Œè«‹60ç§’å¾Œé‡è©¦
2025-10-28T12:23:54.028988015Z [inf]  2025-10-28 12:23:53,922 - src.services.data_service - ERROR - ç²å– Kç·šæ•¸æ“šå¤±æ•— MUSDT 5m: ç†”æ–·å™¨é˜»æ–·(å¤±æ•—7æ¬¡)ï¼Œè«‹60ç§’å¾Œé‡è©¦
2025-10-28T12:23:54.028996805Z [inf]  2025-10-28 12:23:53,923 - src.core.circuit_breaker - ERROR - ğŸ”´ ç†”æ–·å™¨é˜»æ–·(å¤±æ•—7æ¬¡)ï¼Œè«‹60ç§’å¾Œé‡è©¦ | æ“ä½œ: generic | å„ªå…ˆç´š: NORMAL
2025-10-28T12:23:54.029003299Z [inf]  2025-10-28 12:23:53,923 - src.clients.binance_client - ERROR - API è«‹æ±‚å¤±æ•—: /fapi/v1/klines - ç†”æ–·å™¨é˜»æ–·(å¤±æ•—7æ¬¡)ï¼Œè«‹60ç§’å¾Œé‡è©¦
2025-10-28T12:23:54.029011911Z [inf]  2025-10-28 12:23:53,923 - src.services.data_service - ERROR - ç²å– Kç·šæ•¸æ“šå¤±æ•— TANSSIUSDT 1h: ç†”æ–·å™¨é˜»æ–·(å¤±æ•—7æ¬¡)ï¼Œè«‹60ç§’å¾Œé‡è©¦
2025-10-28T12:23:54.029018643Z [inf]  2025-10-28 12:23:53,923 - src.core.circuit_breaker - ERROR - ğŸ”´ ç†”æ–·å™¨é˜»æ–·(å¤±æ•—7æ¬¡)ï¼Œè«‹60ç§’å¾Œé‡è©¦ | æ“ä½œ: generic | å„ªå…ˆç´š: NORMAL
2025-10-28T12:23:54.029027124Z [inf]  2025-10-28 12:23:53,923 - src.clients.binance_client - ERROR - API è«‹æ±‚å¤±æ•—: /fapi/v1/klines - ç†”æ–·å™¨é˜»æ–·(å¤±æ•—7æ¬¡)ï¼Œè«‹60ç§’å¾Œé‡è©¦
2025-10-28T12:23:54.029035117Z [inf]  2025-10-28 12:23:53,923 - src.services.data_service - ERROR - ç²å– Kç·šæ•¸æ“šå¤±æ•— TANSSIUSDT 15m: ç†”æ–·å™¨é˜»æ–·(å¤±æ•—7æ¬¡)ï¼Œè«‹60ç§’å¾Œé‡è©¦
2025-10-28T12:23:54.030787477Z [inf]  2025-10-28 12:23:53,923 - src.core.circuit_breaker - ERROR - ğŸ”´ ç†”æ–·å™¨é˜»æ–·(å¤±æ•—7æ¬¡)ï¼Œè«‹60ç§’å¾Œé‡è©¦ | æ“ä½œ: generic | å„ªå…ˆç´š: NORMAL
2025-10-28T12:23:54.030797064Z [inf]  2025-10-28 12:23:53,923 - src.clients.binance_client - ERROR - API è«‹æ±‚å¤±æ•—: /fapi/v1/klines - ç†”æ–·å™¨é˜»æ–·(å¤±æ•—7æ¬¡)ï¼Œè«‹60ç§’å¾Œé‡è©¦
2025-10-28T12:23:54.030804666Z [inf]  2025-10-28 12:23:53,923 - src.services.data_service - ERROR - ç²å– Kç·šæ•¸æ“šå¤±æ•— TANSSIUSDT 5m: ç†”æ–·å™¨é˜»æ–·(å¤±æ•—7æ¬¡)ï¼Œè«‹60ç§’å¾Œé‡è©¦
2025-10-28T12:23:54.030812105Z [inf]  2025-10-28 12:23:53,923 - src.core.circuit_breaker - ERROR - ğŸ”´ ç†”æ–·å™¨é˜»æ–·(å¤±æ•—7æ¬¡)ï¼Œè«‹60ç§’å¾Œé‡è©¦ | æ“ä½œ: generic | å„ªå…ˆç´š: NORMAL
2025-10-28T12:23:54.030818141Z [inf]  2025-10-28 12:23:53,923 - src.clients.binance_client - ERROR - API è«‹æ±‚å¤±æ•—: /fapi/v1/klines - ç†”æ–·å™¨é˜»æ–·(å¤±æ•—7æ¬¡)ï¼Œè«‹60ç§’å¾Œé‡è©¦
2025-10-28T12:23:54.030824830Z [inf]  2025-10-28 12:23:53,923 - src.services.data_service - ERROR - ç²å– Kç·šæ•¸æ“šå¤±æ•— PUMPUSDT 1h: ç†”æ–·å™¨é˜»æ–·(å¤±æ•—7æ¬¡)ï¼Œè«‹60ç§’å¾Œé‡è©¦
2025-10-28T12:23:54.030830837Z [inf]  2025-10-28 12:23:53,923 - src.core.circuit_breaker - ERROR - ğŸ”´ ç†”æ–·å™¨é˜»æ–·(å¤±æ•—7æ¬¡)ï¼Œè«‹60ç§’å¾Œé‡è©¦ | æ“ä½œ: generic | å„ªå…ˆç´š: NORMAL
2025-10-28T12:23:54.030837133Z [inf]  2025-10-28 12:23:53,923 - src.clients.binance_client - ERROR - API è«‹æ±‚å¤±æ•—: /fapi/v1/klines - ç†”æ–·å™¨é˜»æ–·(å¤±æ•—7æ¬¡)ï¼Œè«‹60ç§’å¾Œé‡è©¦
2025-10-28T12:23:54.030843977Z [inf]  2025-10-28 12:23:53,923 - src.services.data_service - ERROR - ç²å– Kç·šæ•¸æ“šå¤±æ•— PUMPUSDT 15m: ç†”æ–·å™¨é˜»æ–·(å¤±æ•—7æ¬¡)ï¼Œè«‹60ç§’å¾Œé‡è©¦
2025-10-28T12:23:54.030850987Z [inf]  2025-10-28 12:23:53,924 - src.core.circuit_breaker - ERROR - ğŸ”´ ç†”æ–·å™¨é˜»æ–·(å¤±æ•—7æ¬¡)ï¼Œè«‹60ç§’å¾Œé‡è©¦ | æ“ä½œ: generic | å„ªå…ˆç´š: NORMAL
2025-10-28T12:23:54.030857569Z [inf]  2025-10-28 12:23:53,924 - src.clients.binance_client - ERROR - API è«‹æ±‚å¤±æ•—: /fapi/v1/klines - ç†”æ–·å™¨é˜»æ–·(å¤±æ•—7æ¬¡)ï¼Œè«‹60ç§’å¾Œé‡è©¦
2025-10-28T12:23:54.032843366Z [inf]  2025-10-28 12:23:53,924 - src.services.data_service - ERROR - ç²å– Kç·šæ•¸æ“šå¤±æ•— CROSSUSDT 5m: ç†”æ–·å™¨é˜»æ–·(å¤±æ•—7æ¬¡)ï¼Œè«‹60ç§’å¾Œé‡è©¦
2025-10-28T12:23:54.032851451Z [inf]  2025-10-28 12:23:53,924 - src.core.circuit_breaker - ERROR - ğŸ”´ ç†”æ–·å™¨é˜»æ–·(å¤±æ•—7æ¬¡)ï¼Œè«‹60ç§’å¾Œé‡è©¦ | æ“ä½œ: generic | å„ªå…ˆç´š: NORMAL
2025-10-28T12:23:54.032866830Z [inf]  2025-10-28 12:23:53,924 - src.services.data_service - ERROR - ç²å– Kç·šæ•¸æ“šå¤±æ•— PUMPUSDT 5m: ç†”æ–·å™¨é˜»æ–·(å¤±æ•—7æ¬¡)ï¼Œè«‹60ç§’å¾Œé‡è©¦
2025-10-28T12:23:54.032873026Z [inf]  2025-10-28 12:23:53,924 - src.core.circuit_breaker - ERROR - ğŸ”´ ç†”æ–·å™¨é˜»æ–·(å¤±æ•—7æ¬¡)ï¼Œè«‹60ç§’å¾Œé‡è©¦ | æ“ä½œ: generic | å„ªå…ˆç´š: NORMAL
2025-10-28T12:23:54.032879074Z [inf]  2025-10-28 12:23:53,924 - src.clients.binance_client - ERROR - API è«‹æ±‚å¤±æ•—: /fapi/v1/klines - ç†”æ–·å™¨é˜»æ–·(å¤±æ•—7æ¬¡)ï¼Œè«‹60ç§’å¾Œé‡è©¦
2025-10-28T12:23:54.032883603Z [inf]  2025-10-28 12:23:53,924 - src.services.data_service - ERROR - ç²å– Kç·šæ•¸æ“šå¤±æ•— CROSSUSDT 1h: ç†”æ–·å™¨é˜»æ–·(å¤±æ•—7æ¬¡)ï¼Œè«‹60ç§’å¾Œé‡è©¦
2025-10-28T12:23:54.032889090Z [inf]  2025-10-28 12:23:53,924 - src.core.circuit_breaker - ERROR - ğŸ”´ ç†”æ–·å™¨é˜»æ–·(å¤±æ•—7æ¬¡)ï¼Œè«‹60ç§’å¾Œé‡è©¦ | æ“ä½œ: generic | å„ªå…ˆç´š: NORMAL
2025-10-28T12:23:54.032894441Z [inf]  2025-10-28 12:23:53,924 - src.clients.binance_client - ERROR - API è«‹æ±‚å¤±æ•—: /fapi/v1/klines - ç†”æ–·å™¨é˜»æ–·(å¤±æ•—7æ¬¡)ï¼Œè«‹60ç§’å¾Œé‡è©¦
2025-10-28T12:23:54.032899367Z [inf]  2025-10-28 12:23:53,924 - src.services.data_service - ERROR - ç²å– Kç·šæ•¸æ“šå¤±æ•— CROSSUSDT 15m: ç†”æ–·å™¨é˜»æ–·(å¤±æ•—7æ¬¡)ï¼Œè«‹60ç§’å¾Œé‡è©¦
2025-10-28T12:23:54.032904935Z [inf]  2025-10-28 12:23:53,924 - src.core.circuit_breaker - ERROR - ğŸ”´ ç†”æ–·å™¨é˜»æ–·(å¤±æ•—7æ¬¡)ï¼Œè«‹60ç§’å¾Œé‡è©¦ | æ“ä½œ: generic | å„ªå…ˆç´š: NORMAL
2025-10-28T12:23:54.032910006Z [inf]  2025-10-28 12:23:53,924 - src.clients.binance_client - ERROR - API è«‹æ±‚å¤±æ•—: /fapi/v1/klines - ç†”æ–·å™¨é˜»æ–·(å¤±æ•—7æ¬¡)ï¼Œè«‹60ç§’å¾Œé‡è©¦
2025-10-28T12:23:54.034566751Z [inf]  2025-10-28 12:23:53,924 - src.clients.binance_client - ERROR - API è«‹æ±‚å¤±æ•—: /fapi/v1/klines - ç†”æ–·å™¨é˜»æ–·(å¤±æ•—7æ¬¡)ï¼Œè«‹60ç§’å¾Œé‡è©¦
2025-10-28T12:23:54.034574138Z [inf]  2025-10-28 12:23:53,924 - src.services.data_service - ERROR - ç²å– Kç·šæ•¸æ“šå¤±æ•— AINUSDT 1h: ç†”æ–·å™¨é˜»æ–·(å¤±æ•—7æ¬¡)ï¼Œè«‹60ç§’å¾Œé‡è©¦
2025-10-28T12:23:54.034578362Z [inf]  2025-10-28 12:23:53,925 - src.core.circuit_breaker - ERROR - ğŸ”´ ç†”æ–·å™¨é˜»æ–·(å¤±æ•—7æ¬¡)ï¼Œè«‹60ç§’å¾Œé‡è©¦ | æ“ä½œ: generic | å„ªå…ˆç´š: NORMAL
2025-10-28T12:23:54.034583742Z [inf]  2025-10-28 12:23:53,925 - src.clients.binance_client - ERROR - API è«‹æ±‚å¤±æ•—: /fapi/v1/klines - ç†”æ–·å™¨é˜»æ–·(å¤±æ•—7æ¬¡)ï¼Œè«‹60ç§’å¾Œé‡è©¦
2025-10-28T12:23:54.034588217Z [inf]  2025-10-28 12:23:53,925 - src.services.data_service - ERROR - ç²å– Kç·šæ•¸æ“šå¤±æ•— AINUSDT 15m: ç†”æ–·å™¨é˜»æ–·(å¤±æ•—7æ¬¡)ï¼Œè«‹60ç§’å¾Œé‡è©¦
2025-10-28T12:23:54.034592654Z [inf]  2025-10-28 12:23:53,925 - src.core.circuit_breaker - ERROR - ğŸ”´ ç†”æ–·å™¨é˜»æ–·(å¤±æ•—7æ¬¡)ï¼Œè«‹60ç§’å¾Œé‡è©¦ | æ“ä½œ: generic | å„ªå…ˆç´š: NORMAL
2025-10-28T12:23:54.034601567Z [inf]  2025-10-28 12:23:53,925 - src.clients.binance_client - ERROR - API è«‹æ±‚å¤±æ•—: /fapi/v1/klines - ç†”æ–·å™¨é˜»æ–·(å¤±æ•—7æ¬¡)ï¼Œè«‹60ç§’å¾Œé‡è©¦
2025-10-28T12:23:54.034605754Z [inf]  2025-10-28 12:23:53,925 - src.services.data_service - ERROR - ç²å– Kç·šæ•¸æ“šå¤±æ•— AINUSDT 5m: ç†”æ–·å™¨é˜»æ–·(å¤±æ•—7æ¬¡)ï¼Œè«‹60ç§’å¾Œé‡è©¦
2025-10-28T12:23:54.034609829Z [inf]  2025-10-28 12:23:53,925 - src.core.circuit_breaker - ERROR - ğŸ”´ ç†”æ–·å™¨é˜»æ–·(å¤±æ•—7æ¬¡)ï¼Œè«‹60ç§’å¾Œé‡è©¦ | æ“ä½œ: generic | å„ªå…ˆç´š: NORMAL
2025-10-28T12:23:54.034614621Z [inf]  2025-10-28 12:23:53,925 - src.clients.binance_client - ERROR - API è«‹æ±‚å¤±æ•—: /fapi/v1/klines - ç†”æ–·å™¨é˜»æ–·(å¤±æ•—7æ¬¡)ï¼Œè«‹60ç§’å¾Œé‡è©¦
2025-10-28T12:23:54.034619338Z [inf]  2025-10-28 12:23:53,925 - src.services.data_service - ERROR - ç²å– Kç·šæ•¸æ“šå¤±æ•— CUSDT 1h: ç†”æ–·å™¨é˜»æ–·(å¤±æ•—7æ¬¡)ï¼Œè«‹60ç§’å¾Œé‡è©¦
2025-10-28T12:23:54.036609503Z [inf]  2025-10-28 12:23:53,926 - src.services.data_service - ERROR - ç²å– Kç·šæ•¸æ“šå¤±æ•— VELVETUSDT 1h: ç†”æ–·å™¨é˜»æ–·(å¤±æ•—7æ¬¡)ï¼Œè«‹60ç§’å¾Œé‡è©¦
2025-10-28T12:23:54.036613839Z [inf]  2025-10-28 12:23:53,925 - src.core.circuit_breaker - ERROR - ğŸ”´ ç†”æ–·å™¨é˜»æ–·(å¤±æ•—7æ¬¡)ï¼Œè«‹60ç§’å¾Œé‡è©¦ | æ“ä½œ: generic | å„ªå…ˆç´š: NORMAL
2025-10-28T12:23:54.036619215Z [inf]  2025-10-28 12:23:53,926 - src.core.circuit_breaker - ERROR - ğŸ”´ ç†”æ–·å™¨é˜»æ–·(å¤±æ•—7æ¬¡)ï¼Œè«‹60ç§’å¾Œé‡è©¦ | æ“ä½œ: generic | å„ªå…ˆç´š: NORMAL
2025-10-28T12:23:54.036625388Z [inf]  2025-10-28 12:23:53,925 - src.clients.binance_client - ERROR - API è«‹æ±‚å¤±æ•—: /fapi/v1/klines - ç†”æ–·å™¨é˜»æ–·(å¤±æ•—7æ¬¡)ï¼Œè«‹60ç§’å¾Œé‡è©¦
2025-10-28T12:23:54.036628668Z [inf]  2025-10-28 12:23:53,926 - src.clients.binance_client - ERROR - API è«‹æ±‚å¤±æ•—: /fapi/v1/klines - ç†”æ–·å™¨é˜»æ–·(å¤±æ•—7æ¬¡)ï¼Œè«‹60ç§’å¾Œé‡è©¦
2025-10-28T12:23:54.036633307Z [inf]  2025-10-28 12:23:53,925 - src.services.data_service - ERROR - ç²å– Kç·šæ•¸æ“šå¤±æ•— CUSDT 15m: ç†”æ–·å™¨é˜»æ–·(å¤±æ•—7æ¬¡)ï¼Œè«‹60ç§’å¾Œé‡è©¦
2025-10-28T12:23:54.036640330Z [inf]  2025-10-28 12:23:53,925 - src.core.circuit_breaker - ERROR - ğŸ”´ ç†”æ–·å™¨é˜»æ–·(å¤±æ•—7æ¬¡)ï¼Œè«‹60ç§’å¾Œé‡è©¦ | æ“ä½œ: generic | å„ªå…ˆç´š: NORMAL
2025-10-28T12:23:54.036646253Z [inf]  2025-10-28 12:23:53,925 - src.clients.binance_client - ERROR - API è«‹æ±‚å¤±æ•—: /fapi/v1/klines - ç†”æ–·å™¨é˜»æ–·(å¤±æ•—7æ¬¡)ï¼Œè«‹60ç§’å¾Œé‡è©¦
2025-10-28T12:23:54.036655195Z [inf]  2025-10-28 12:23:53,925 - src.services.data_service - ERROR - ç²å– Kç·šæ•¸æ“šå¤±æ•— CUSDT 5m: ç†”æ–·å™¨é˜»æ–·(å¤±æ•—7æ¬¡)ï¼Œè«‹60ç§’å¾Œé‡è©¦
2025-10-28T12:23:54.036661988Z [inf]  2025-10-28 12:23:53,926 - src.core.circuit_breaker - ERROR - ğŸ”´ ç†”æ–·å™¨é˜»æ–·(å¤±æ•—7æ¬¡)ï¼Œè«‹60ç§’å¾Œé‡è©¦ | æ“ä½œ: generic | å„ªå…ˆç´š: NORMAL
2025-10-28T12:23:54.036669135Z [inf]  2025-10-28 12:23:53,926 - src.clients.binance_client - ERROR - API è«‹æ±‚å¤±æ•—: /fapi/v1/klines - ç†”æ–·å™¨é˜»æ–·(å¤±æ•—7æ¬¡)ï¼Œè«‹60ç§’å¾Œé‡è©¦
2025-10-28T12:23:54.038382657Z [inf]  2025-10-28 12:23:53,926 - src.services.data_service - ERROR - ç²å– Kç·šæ•¸æ“šå¤±æ•— VELVETUSDT 15m: ç†”æ–·å™¨é˜»æ–·(å¤±æ•—7æ¬¡)ï¼Œè«‹60ç§’å¾Œé‡è©¦
2025-10-28T12:23:54.038398759Z [inf]  2025-10-28 12:23:53,926 - src.core.circuit_breaker - ERROR - ğŸ”´ ç†”æ–·å™¨é˜»æ–·(å¤±æ•—7æ¬¡)ï¼Œè«‹60ç§’å¾Œé‡è©¦ | æ“ä½œ: generic | å„ªå…ˆç´š: NORMAL
2025-10-28T12:23:54.038413006Z [inf]  2025-10-28 12:23:53,926 - src.clients.binance_client - ERROR - API è«‹æ±‚å¤±æ•—: /fapi/v1/klines - ç†”æ–·å™¨é˜»æ–·(å¤±æ•—7æ¬¡)ï¼Œè«‹60ç§’å¾Œé‡è©¦
2025-10-28T12:23:54.038422795Z [inf]  2025-10-28 12:23:53,926 - src.services.data_service - ERROR - ç²å– Kç·šæ•¸æ“šå¤±æ•— VELVETUSDT 5m: ç†”æ–·å™¨é˜»æ–·(å¤±æ•—7æ¬¡)ï¼Œè«‹60ç§’å¾Œé‡è©¦
2025-10-28T12:23:54.038432524Z [inf]  2025-10-28 12:23:53,926 - src.core.circuit_breaker - ERROR - ğŸ”´ ç†”æ–·å™¨é˜»æ–·(å¤±æ•—7æ¬¡)ï¼Œè«‹60ç§’å¾Œé‡è©¦ | æ“ä½œ: generic | å„ªå…ˆç´š: NORMAL
2025-10-28T12:23:54.038441777Z [inf]  2025-10-28 12:23:53,926 - src.clients.binance_client - ERROR - API è«‹æ±‚å¤±æ•—: /fapi/v1/klines - ç†”æ–·å™¨é˜»æ–·(å¤±æ•—7æ¬¡)ï¼Œè«‹60ç§’å¾Œé‡è©¦
2025-10-28T12:23:54.038450203Z [inf]  2025-10-28 12:23:53,926 - src.services.data_service - ERROR - ç²å– Kç·šæ•¸æ“šå¤±æ•— TACUSDT 1h: ç†”æ–·å™¨é˜»æ–·(å¤±æ•—7æ¬¡)ï¼Œè«‹60ç§’å¾Œé‡è©¦
2025-10-28T12:23:54.038458531Z [inf]  2025-10-28 12:23:53,926 - src.core.circuit_breaker - ERROR - ğŸ”´ ç†”æ–·å™¨é˜»æ–·(å¤±æ•—7æ¬¡)ï¼Œè«‹60ç§’å¾Œé‡è©¦ | æ“ä½œ: generic | å„ªå…ˆç´š: NORMAL
2025-10-28T12:23:54.038467224Z [inf]  2025-10-28 12:23:53,926 - src.clients.binance_client - ERROR - API è«‹æ±‚å¤±æ•—: /fapi/v1/klines - ç†”æ–·å™¨é˜»æ–·(å¤±æ•—7æ¬¡)ï¼Œè«‹60ç§’å¾Œé‡è©¦
2025-10-28T12:23:54.038478151Z [inf]  2025-10-28 12:23:53,927 - src.services.data_service - ERROR - ç²å– Kç·šæ•¸æ“šå¤±æ•— TACUSDT 15m: ç†”æ–·å™¨é˜»æ–·(å¤±æ•—7æ¬¡)ï¼Œè«‹60ç§’å¾Œé‡è©¦
2025-10-28T12:23:54.038487346Z [inf]  2025-10-28 12:23:53,927 - src.core.circuit_breaker - ERROR - ğŸ”´ ç†”æ–·å™¨é˜»æ–·(å¤±æ•—7æ¬¡)ï¼Œè«‹60ç§’å¾Œé‡è©¦ | æ“ä½œ: generic | å„ªå…ˆç´š: NORMAL
2025-10-28T12:23:54.040629281Z [inf]  2025-10-28 12:23:53,927 - src.services.data_service - ERROR - ç²å– Kç·šæ•¸æ“šå¤±æ•— ERAUSDT 15m: ç†”æ–·å™¨é˜»æ–·(å¤±æ•—7æ¬¡)ï¼Œè«‹60ç§’å¾Œé‡è©¦
2025-10-28T12:23:54.040647646Z [inf]  2025-10-28 12:23:53,927 - src.core.circuit_breaker - ERROR - ğŸ”´ ç†”æ–·å™¨é˜»æ–·(å¤±æ•—7æ¬¡)ï¼Œè«‹60ç§’å¾Œé‡è©¦ | æ“ä½œ: generic | å„ªå…ˆç´š: NORMAL
2025-10-28T12:23:54.040656129Z [inf]  2025-10-28 12:23:53,927 - src.clients.binance_client - ERROR - API è«‹æ±‚å¤±æ•—: /fapi/v1/klines - ç†”æ–·å™¨é˜»æ–·(å¤±æ•—7æ¬¡)ï¼Œè«‹60ç§’å¾Œé‡è©¦
2025-10-28T12:23:54.040664725Z [inf]  2025-10-28 12:23:53,927 - src.services.data_service - ERROR - ç²å– Kç·šæ•¸æ“šå¤±æ•— ERAUSDT 5m: ç†”æ–·å™¨é˜»æ–·(å¤±æ•—7æ¬¡)ï¼Œè«‹60ç§’å¾Œé‡è©¦
2025-10-28T12:23:54.040814003Z [inf]  2025-10-28 12:23:53,927 - src.clients.binance_client - ERROR - API è«‹æ±‚å¤±æ•—: /fapi/v1/klines - ç†”æ–·å™¨é˜»æ–·(å¤±æ•—7æ¬¡)ï¼Œè«‹60ç§’å¾Œé‡è©¦
2025-10-28T12:23:54.040826103Z [inf]  2025-10-28 12:23:53,927 - src.services.data_service - ERROR - ç²å– Kç·šæ•¸æ“šå¤±æ•— TACUSDT 5m: ç†”æ–·å™¨é˜»æ–·(å¤±æ•—7æ¬¡)ï¼Œè«‹60ç§’å¾Œé‡è©¦
2025-10-28T12:23:54.040834346Z [inf]  2025-10-28 12:23:53,927 - src.core.circuit_breaker - ERROR - ğŸ”´ ç†”æ–·å™¨é˜»æ–·(å¤±æ•—7æ¬¡)ï¼Œè«‹60ç§’å¾Œé‡è©¦ | æ“ä½œ: generic | å„ªå…ˆç´š: NORMAL
2025-10-28T12:23:54.040841152Z [inf]  2025-10-28 12:23:53,927 - src.clients.binance_client - ERROR - API è«‹æ±‚å¤±æ•—: /fapi/v1/klines - ç†”æ–·å™¨é˜»æ–·(å¤±æ•—7æ¬¡)ï¼Œè«‹60ç§’å¾Œé‡è©¦
2025-10-28T12:23:54.040848690Z [inf]  2025-10-28 12:23:53,927 - src.services.data_service - ERROR - ç²å– Kç·šæ•¸æ“šå¤±æ•— ERAUSDT 1h: ç†”æ–·å™¨é˜»æ–·(å¤±æ•—7æ¬¡)ï¼Œè«‹60ç§’å¾Œé‡è©¦
2025-10-28T12:23:54.040856177Z [inf]  2025-10-28 12:23:53,927 - src.core.circuit_breaker - ERROR - ğŸ”´ ç†”æ–·å™¨é˜»æ–·(å¤±æ•—7æ¬¡)ï¼Œè«‹60ç§’å¾Œé‡è©¦ | æ“ä½œ: generic | å„ªå…ˆç´š: NORMAL
2025-10-28T12:23:54.040862920Z [inf]  2025-10-28 12:23:53,927 - src.clients.binance_client - ERROR - API è«‹æ±‚å¤±æ•—: /fapi/v1/klines - ç†”æ–·å™¨é˜»æ–·(å¤±æ•—7æ¬¡)ï¼Œè«‹60ç§’å¾Œé‡è©¦
2025-10-28T12:23:54.042965365Z [inf]  2025-10-28 12:23:53,927 - src.core.circuit_breaker - ERROR - ğŸ”´ ç†”æ–·å™¨é˜»æ–·(å¤±æ•—7æ¬¡)ï¼Œè«‹60ç§’å¾Œé‡è©¦ | æ“ä½œ: generic | å„ªå…ˆç´š: NORMAL
2025-10-28T12:23:54.042985367Z [inf]  2025-10-28 12:23:53,927 - src.clients.binance_client - ERROR - API è«‹æ±‚å¤±æ•—: /fapi/v1/klines - ç†”æ–·å™¨é˜»æ–·(å¤±æ•—7æ¬¡)ï¼Œè«‹60ç§’å¾Œé‡è©¦
2025-10-28T12:23:54.043000018Z [inf]  2025-10-28 12:23:53,927 - src.services.data_service - ERROR - ç²å– Kç·šæ•¸æ“šå¤±æ•— TAUSDT 1h: ç†”æ–·å™¨é˜»æ–·(å¤±æ•—7æ¬¡)ï¼Œè«‹60ç§’å¾Œé‡è©¦
2025-10-28T12:23:54.043008133Z [inf]  2025-10-28 12:23:53,928 - src.core.circuit_breaker - ERROR - ğŸ”´ ç†”æ–·å™¨é˜»æ–·(å¤±æ•—7æ¬¡)ï¼Œè«‹60ç§’å¾Œé‡è©¦ | æ“ä½œ: generic | å„ªå…ˆç´š: NORMAL
2025-10-28T12:23:54.043015493Z [inf]  2025-10-28 12:23:53,928 - src.clients.binance_client - ERROR - API è«‹æ±‚å¤±æ•—: /fapi/v1/klines - ç†”æ–·å™¨é˜»æ–·(å¤±æ•—7æ¬¡)ï¼Œè«‹60ç§’å¾Œé‡è©¦
2025-10-28T12:23:54.043022974Z [inf]  2025-10-28 12:23:53,928 - src.services.data_service - ERROR - ç²å– Kç·šæ•¸æ“šå¤±æ•— TAUSDT 15m: ç†”æ–·å™¨é˜»æ–·(å¤±æ•—7æ¬¡)ï¼Œè«‹60ç§’å¾Œé‡è©¦
2025-10-28T12:23:54.043029391Z [inf]  2025-10-28 12:23:53,928 - src.core.circuit_breaker - ERROR - ğŸ”´ ç†”æ–·å™¨é˜»æ–·(å¤±æ•—7æ¬¡)ï¼Œè«‹60ç§’å¾Œé‡è©¦ | æ“ä½œ: generic | å„ªå…ˆç´š: NORMAL
2025-10-28T12:23:54.043035893Z [inf]  2025-10-28 12:23:53,928 - src.clients.binance_client - ERROR - API è«‹æ±‚å¤±æ•—: /fapi/v1/klines - ç†”æ–·å™¨é˜»æ–·(å¤±æ•—7æ¬¡)ï¼Œè«‹60ç§’å¾Œé‡è©¦
2025-10-28T12:23:54.043043209Z [inf]  2025-10-28 12:23:53,928 - src.services.data_service - ERROR - ç²å– Kç·šæ•¸æ“šå¤±æ•— TAUSDT 5m: ç†”æ–·å™¨é˜»æ–·(å¤±æ•—7æ¬¡)ï¼Œè«‹60ç§’å¾Œé‡è©¦
2025-10-28T12:23:54.043051206Z [inf]  2025-10-28 12:23:53,928 - src.core.circuit_breaker - ERROR - ğŸ”´ ç†”æ–·å™¨é˜»æ–·(å¤±æ•—7æ¬¡)ï¼Œè«‹60ç§’å¾Œé‡è©¦ | æ“ä½œ: generic | å„ªå…ˆç´š: NORMAL
2025-10-28T12:23:54.043057289Z [inf]  2025-10-28 12:23:53,928 - src.clients.binance_client - ERROR - API è«‹æ±‚å¤±æ•—: /fapi/v1/klines - ç†”æ–·å™¨é˜»æ–·(å¤±æ•—7æ¬¡)ï¼Œè«‹60ç§’å¾Œé‡è©¦
2025-10-28T12:23:54.044754160Z [inf]  2025-10-28 12:23:53,928 - src.services.data_service - ERROR - ç²å– Kç·šæ•¸æ“šå¤±æ•— CVXUSDT 1h: ç†”æ–·å™¨é˜»æ–·(å¤±æ•—7æ¬¡)ï¼Œè«‹60ç§’å¾Œé‡è©¦
2025-10-28T12:23:54.044761384Z [inf]  2025-10-28 12:23:53,928 - src.core.circuit_breaker - ERROR - ğŸ”´ ç†”æ–·å™¨é˜»æ–·(å¤±æ•—7æ¬¡)ï¼Œè«‹60ç§’å¾Œé‡è©¦ | æ“ä½œ: generic | å„ªå…ˆç´š: NORMAL
2025-10-28T12:23:54.044767418Z [inf]  2025-10-28 12:23:53,928 - src.clients.binance_client - ERROR - API è«‹æ±‚å¤±æ•—: /fapi/v1/klines - ç†”æ–·å™¨é˜»æ–·(å¤±æ•—7æ¬¡)ï¼Œè«‹60ç§’å¾Œé‡è©¦
2025-10-28T12:23:54.044773504Z [inf]  2025-10-28 12:23:53,928 - src.services.data_service - ERROR - ç²å– Kç·šæ•¸æ“šå¤±æ•— CVXUSDT 15m: ç†”æ–·å™¨é˜»æ–·(å¤±æ•—7æ¬¡)ï¼Œè«‹60ç§’å¾Œé‡è©¦
2025-10-28T12:23:54.044779643Z [inf]  2025-10-28 12:23:53,928 - src.core.circuit_breaker - ERROR - ğŸ”´ ç†”æ–·å™¨é˜»æ–·(å¤±æ•—7æ¬¡)ï¼Œè«‹60ç§’å¾Œé‡è©¦ | æ“ä½œ: generic | å„ªå…ˆç´š: NORMAL
2025-10-28T12:23:54.044785850Z [inf]  2025-10-28 12:23:53,928 - src.clients.binance_client - ERROR - API è«‹æ±‚å¤±æ•—: /fapi/v1/klines - ç†”æ–·å™¨é˜»æ–·(å¤±æ•—7æ¬¡)ï¼Œè«‹60ç§’å¾Œé‡è©¦
2025-10-28T12:23:54.044793362Z [inf]  2025-10-28 12:23:53,928 - src.services.data_service - ERROR - ç²å– Kç·šæ•¸æ“šå¤±æ•— CVXUSDT 5m: ç†”æ–·å™¨é˜»æ–·(å¤±æ•—7æ¬¡)ï¼Œè«‹60ç§’å¾Œé‡è©¦
2025-10-28T12:23:54.044798965Z [inf]  2025-10-28 12:23:53,929 - src.core.circuit_breaker - ERROR - ğŸ”´ ç†”æ–·å™¨é˜»æ–·(å¤±æ•—7æ¬¡)ï¼Œè«‹60ç§’å¾Œé‡è©¦ | æ“ä½œ: generic | å„ªå…ˆç´š: NORMAL
2025-10-28T12:23:54.044805865Z [inf]  2025-10-28 12:23:53,929 - src.clients.binance_client - ERROR - API è«‹æ±‚å¤±æ•—: /fapi/v1/klines - ç†”æ–·å™¨é˜»æ–·(å¤±æ•—7æ¬¡)ï¼Œè«‹60ç§’å¾Œé‡è©¦
2025-10-28T12:23:54.044813623Z [inf]  2025-10-28 12:23:53,929 - src.services.data_service - ERROR - ç²å– Kç·šæ•¸æ“šå¤±æ•— SLPUSDT 1h: ç†”æ–·å™¨é˜»æ–·(å¤±æ•—7æ¬¡)ï¼Œè«‹60ç§’å¾Œé‡è©¦
2025-10-28T12:23:54.044819129Z [inf]  2025-10-28 12:23:53,929 - src.core.circuit_breaker - ERROR - ğŸ”´ ç†”æ–·å™¨é˜»æ–·(å¤±æ•—7æ¬¡)ï¼Œè«‹60ç§’å¾Œé‡è©¦ | æ“ä½œ: generic | å„ªå…ˆç´š: NORMAL
2025-10-28T12:23:54.046587150Z [inf]  2025-10-28 12:23:53,929 - src.clients.binance_client - ERROR - API è«‹æ±‚å¤±æ•—: /fapi/v1/klines - ç†”æ–·å™¨é˜»æ–·(å¤±æ•—7æ¬¡)ï¼Œè«‹60ç§’å¾Œé‡è©¦
2025-10-28T12:23:54.046599451Z [inf]  2025-10-28 12:23:53,929 - src.services.data_service - ERROR - ç²å– Kç·šæ•¸æ“šå¤±æ•— SLPUSDT 15m: ç†”æ–·å™¨é˜»æ–·(å¤±æ•—7æ¬¡)ï¼Œè«‹60ç§’å¾Œé‡è©¦
2025-10-28T12:23:54.046606894Z [inf]  2025-10-28 12:23:53,929 - src.core.circuit_breaker - ERROR - ğŸ”´ ç†”æ–·å™¨é˜»æ–·(å¤±æ•—7æ¬¡)ï¼Œè«‹60ç§’å¾Œé‡è©¦ | æ“ä½œ: generic | å„ªå…ˆç´š: NORMAL
2025-10-28T12:23:54.046613267Z [inf]  2025-10-28 12:23:53,929 - src.clients.binance_client - ERROR - API è«‹æ±‚å¤±æ•—: /fapi/v1/klines - ç†”æ–·å™¨é˜»æ–·(å¤±æ•—7æ¬¡)ï¼Œè«‹60ç§’å¾Œé‡è©¦
2025-10-28T12:23:54.046618877Z [inf]  2025-10-28 12:23:53,929 - src.services.data_service - ERROR - ç²å– Kç·šæ•¸æ“šå¤±æ•— SLPUSDT 5m: ç†”æ–·å™¨é˜»æ–·(å¤±æ•—7æ¬¡)ï¼Œè«‹60ç§’å¾Œé‡è©¦
2025-10-28T12:23:54.046623869Z [inf]  2025-10-28 12:23:53,929 - src.core.circuit_breaker - ERROR - ğŸ”´ ç†”æ–·å™¨é˜»æ–·(å¤±æ•—7æ¬¡)ï¼Œè«‹60ç§’å¾Œé‡è©¦ | æ“ä½œ: generic | å„ªå…ˆç´š: NORMAL
2025-10-28T12:23:54.046632446Z [inf]  2025-10-28 12:23:53,929 - src.clients.binance_client - ERROR - API è«‹æ±‚å¤±æ•—: /fapi/v1/klines - ç†”æ–·å™¨é˜»æ–·(å¤±æ•—7æ¬¡)ï¼Œè«‹60ç§’å¾Œé‡è©¦
2025-10-28T12:23:54.046639514Z [inf]  2025-10-28 12:23:53,929 - src.services.data_service - ERROR - ç²å– Kç·šæ•¸æ“šå¤±æ•— ZORAUSDT 1h: ç†”æ–·å™¨é˜»æ–·(å¤±æ•—7æ¬¡)ï¼Œè«‹60ç§’å¾Œé‡è©¦
2025-10-28T12:23:54.046645923Z [inf]  2025-10-28 12:23:53,929 - src.core.circuit_breaker - ERROR - ğŸ”´ ç†”æ–·å™¨é˜»æ–·(å¤±æ•—7æ¬¡)ï¼Œè«‹60ç§’å¾Œé‡è©¦ | æ“ä½œ: generic | å„ªå…ˆç´š: NORMAL
2025-10-28T12:23:54.046651533Z [inf]  2025-10-28 12:23:53,930 - src.clients.binance_client - ERROR - API è«‹æ±‚å¤±æ•—: /fapi/v1/klines - ç†”æ–·å™¨é˜»æ–·(å¤±æ•—7æ¬¡)ï¼Œè«‹60ç§’å¾Œé‡è©¦
2025-10-28T12:23:54.046657865Z [inf]  2025-10-28 12:23:53,930 - src.services.data_service - ERROR - ç²å– Kç·šæ•¸æ“šå¤±æ•— ZORAUSDT 15m: ç†”æ–·å™¨é˜»æ–·(å¤±æ•—7æ¬¡)ï¼Œè«‹60ç§’å¾Œé‡è©¦
2025-10-28T12:23:54.048811093Z [inf]  2025-10-28 12:23:53,930 - src.core.circuit_breaker - ERROR - ğŸ”´ ç†”æ–·å™¨é˜»æ–·(å¤±æ•—7æ¬¡)ï¼Œè«‹60ç§’å¾Œé‡è©¦ | æ“ä½œ: generic | å„ªå…ˆç´š: NORMAL
2025-10-28T12:23:54.048820810Z [inf]  2025-10-28 12:23:53,930 - src.clients.binance_client - ERROR - API è«‹æ±‚å¤±æ•—: /fapi/v1/klines - ç†”æ–·å™¨é˜»æ–·(å¤±æ•—7æ¬¡)ï¼Œè«‹60ç§’å¾Œé‡è©¦
2025-10-28T12:23:54.048828829Z [inf]  2025-10-28 12:23:53,930 - src.services.data_service - ERROR - ç²å– Kç·šæ•¸æ“šå¤±æ•— ZORAUSDT 5m: ç†”æ–·å™¨é˜»æ–·(å¤±æ•—7æ¬¡)ï¼Œè«‹60ç§’å¾Œé‡è©¦
2025-10-28T12:23:54.048838445Z [inf]  2025-10-28 12:23:53,930 - src.core.circuit_breaker - ERROR - ğŸ”´ ç†”æ–·å™¨é˜»æ–·(å¤±æ•—7æ¬¡)ï¼Œè«‹60ç§’å¾Œé‡è©¦ | æ“ä½œ: generic | å„ªå…ˆç´š: NORMAL
2025-10-28T12:23:54.048849312Z [inf]  2025-10-28 12:23:53,930 - src.clients.binance_client - ERROR - API è«‹æ±‚å¤±æ•—: /fapi/v1/klines - ç†”æ–·å™¨é˜»æ–·(å¤±æ•—7æ¬¡)ï¼Œè«‹60ç§’å¾Œé‡è©¦
2025-10-28T12:23:54.048858186Z [inf]  2025-10-28 12:23:53,930 - src.services.data_service - ERROR - ç²å– Kç·šæ•¸æ“šå¤±æ•— TAGUSDT 1h: ç†”æ–·å™¨é˜»æ–·(å¤±æ•—7æ¬¡)ï¼Œè«‹60ç§’å¾Œé‡è©¦
2025-10-28T12:23:54.048866758Z [inf]  2025-10-28 12:23:53,930 - src.core.circuit_breaker - ERROR - ğŸ”´ ç†”æ–·å™¨é˜»æ–·(å¤±æ•—7æ¬¡)ï¼Œè«‹60ç§’å¾Œé‡è©¦ | æ“ä½œ: generic | å„ªå…ˆç´š: NORMAL
2025-10-28T12:23:54.048876195Z [inf]  2025-10-28 12:23:53,930 - src.clients.binance_client - ERROR - API è«‹æ±‚å¤±æ•—: /fapi/v1/klines - ç†”æ–·å™¨é˜»æ–·(å¤±æ•—7æ¬¡)ï¼Œè«‹60ç§’å¾Œé‡è©¦
2025-10-28T12:23:54.048884738Z [inf]  2025-10-28 12:23:53,930 - src.services.data_service - ERROR - ç²å– Kç·šæ•¸æ“šå¤±æ•— TAGUSDT 15m: ç†”æ–·å™¨é˜»æ–·(å¤±æ•—7æ¬¡)ï¼Œè«‹60ç§’å¾Œé‡è©¦
2025-10-28T12:23:54.048893747Z [inf]  2025-10-28 12:23:53,930 - src.core.circuit_breaker - ERROR - ğŸ”´ ç†”æ–·å™¨é˜»æ–·(å¤±æ•—7æ¬¡)ï¼Œè«‹60ç§’å¾Œé‡è©¦ | æ“ä½œ: generic | å„ªå…ˆç´š: NORMAL
2025-10-28T12:23:54.048904536Z [inf]  2025-10-28 12:23:53,930 - src.clients.binance_client - ERROR - API è«‹æ±‚å¤±æ•—: /fapi/v1/klines - ç†”æ–·å™¨é˜»æ–·(å¤±æ•—7æ¬¡)ï¼Œè«‹60ç§’å¾Œé‡è©¦
2025-10-28T12:23:54.050147442Z [inf]  2025-10-28 12:23:53,930 - src.services.data_service - ERROR - ç²å– Kç·šæ•¸æ“šå¤±æ•— TAGUSDT 5m: ç†”æ–·å™¨é˜»æ–·(å¤±æ•—7æ¬¡)ï¼Œè«‹60ç§’å¾Œé‡è©¦
2025-10-28T12:23:54.050156965Z [inf]  2025-10-28 12:23:53,931 - src.core.circuit_breaker - ERROR - ğŸ”´ ç†”æ–·å™¨é˜»æ–·(å¤±æ•—7æ¬¡)ï¼Œè«‹60ç§’å¾Œé‡è©¦ | æ“ä½œ: generic | å„ªå…ˆç´š: NORMAL
2025-10-28T12:23:54.050164371Z [inf]  2025-10-28 12:23:53,931 - src.clients.binance_client - ERROR - API è«‹æ±‚å¤±æ•—: /fapi/v1/klines - ç†”æ–·å™¨é˜»æ–·(å¤±æ•—7æ¬¡)ï¼Œè«‹60ç§’å¾Œé‡è©¦
2025-10-28T12:23:54.050170597Z [inf]  2025-10-28 12:23:53,931 - src.services.data_service - ERROR - ç²å– Kç·šæ•¸æ“šå¤±æ•— ZRCUSDT 1h: ç†”æ–·å™¨é˜»æ–·(å¤±æ•—7æ¬¡)ï¼Œè«‹60ç§’å¾Œé‡è©¦
2025-10-28T12:23:54.050177811Z [inf]  2025-10-28 12:23:53,931 - src.core.circuit_breaker - ERROR - ğŸ”´ ç†”æ–·å™¨é˜»æ–·(å¤±æ•—7æ¬¡)ï¼Œè«‹60ç§’å¾Œé‡è©¦ | æ“ä½œ: generic | å„ªå…ˆç´š: NORMAL
2025-10-28T12:23:54.050183692Z [inf]  2025-10-28 12:23:53,931 - src.clients.binance_client - ERROR - API è«‹æ±‚å¤±æ•—: /fapi/v1/klines - ç†”æ–·å™¨é˜»æ–·(å¤±æ•—7æ¬¡)ï¼Œè«‹60ç§’å¾Œé‡è©¦
2025-10-28T12:23:54.050189714Z [inf]  2025-10-28 12:23:53,931 - src.services.data_service - ERROR - ç²å– Kç·šæ•¸æ“šå¤±æ•— ZRCUSDT 15m: ç†”æ–·å™¨é˜»æ–·(å¤±æ•—7æ¬¡)ï¼Œè«‹60ç§’å¾Œé‡è©¦
2025-10-28T12:23:54.050195470Z [inf]  2025-10-28 12:23:53,931 - src.core.circuit_breaker - ERROR - ğŸ”´ ç†”æ–·å™¨é˜»æ–·(å¤±æ•—7æ¬¡)ï¼Œè«‹60ç§’å¾Œé‡è©¦ | æ“ä½œ: generic | å„ªå…ˆç´š: NORMAL
2025-10-28T12:23:54.050201255Z [inf]  2025-10-28 12:23:53,931 - src.clients.binance_client - ERROR - API è«‹æ±‚å¤±æ•—: /fapi/v1/klines - ç†”æ–·å™¨é˜»æ–·(å¤±æ•—7æ¬¡)ï¼Œè«‹60ç§’å¾Œé‡è©¦
2025-10-28T12:23:54.050207559Z [inf]  2025-10-28 12:23:53,931 - src.services.data_service - ERROR - ç²å– Kç·šæ•¸æ“šå¤±æ•— ZRCUSDT 5m: ç†”æ–·å™¨é˜»æ–·(å¤±æ•—7æ¬¡)ï¼Œè«‹60ç§’å¾Œé‡è©¦
2025-10-28T12:23:54.050214578Z [inf]  2025-10-28 12:23:53,931 - src.core.circuit_breaker - ERROR - ğŸ”´ ç†”æ–·å™¨é˜»æ–·(å¤±æ•—7æ¬¡)ï¼Œè«‹60ç§’å¾Œé‡è©¦ | æ“ä½œ: generic | å„ªå…ˆç´š: NORMAL
2025-10-28T12:23:54.052524313Z [inf]  2025-10-28 12:23:53,931 - src.clients.binance_client - ERROR - API è«‹æ±‚å¤±æ•—: /fapi/v1/klines - ç†”æ–·å™¨é˜»æ–·(å¤±æ•—7æ¬¡)ï¼Œè«‹60ç§’å¾Œé‡è©¦
2025-10-28T12:23:54.052534677Z [inf]  2025-10-28 12:23:53,931 - src.services.data_service - ERROR - ç²å– Kç·šæ•¸æ“šå¤±æ•— ESPORTSUSDT 1h: ç†”æ–·å™¨é˜»æ–·(å¤±æ•—7æ¬¡)ï¼Œè«‹60ç§’å¾Œé‡è©¦
2025-10-28T12:23:54.052543125Z [inf]  2025-10-28 12:23:53,931 - src.core.circuit_breaker - ERROR - ğŸ”´ ç†”æ–·å™¨é˜»æ–·(å¤±æ•—7æ¬¡)ï¼Œè«‹60ç§’å¾Œé‡è©¦ | æ“ä½œ: generic | å„ªå…ˆç´š: NORMAL
2025-10-28T12:23:54.052550625Z [inf]  2025-10-28 12:23:53,931 - src.clients.binance_client - ERROR - API è«‹æ±‚å¤±æ•—: /fapi/v1/klines - ç†”æ–·å™¨é˜»æ–·(å¤±æ•—7æ¬¡)ï¼Œè«‹60ç§’å¾Œé‡è©¦
2025-10-28T12:23:54.052557543Z [inf]  2025-10-28 12:23:53,931 - src.services.data_service - ERROR - ç²å– Kç·šæ•¸æ“šå¤±æ•— ESPORTSUSDT 15m: ç†”æ–·å™¨é˜»æ–·(å¤±æ•—7æ¬¡)ï¼Œè«‹60ç§’å¾Œé‡è©¦
2025-10-28T12:23:54.052565095Z [inf]  2025-10-28 12:23:53,932 - src.core.circuit_breaker - ERROR - ğŸ”´ ç†”æ–·å™¨é˜»æ–·(å¤±æ•—7æ¬¡)ï¼Œè«‹60ç§’å¾Œé‡è©¦ | æ“ä½œ: generic | å„ªå…ˆç´š: NORMAL
2025-10-28T12:23:54.052571775Z [inf]  2025-10-28 12:23:53,932 - src.clients.binance_client - ERROR - API è«‹æ±‚å¤±æ•—: /fapi/v1/klines - ç†”æ–·å™¨é˜»æ–·(å¤±æ•—7æ¬¡)ï¼Œè«‹60ç§’å¾Œé‡è©¦
2025-10-28T12:23:54.052579309Z [inf]  2025-10-28 12:23:53,932 - src.services.data_service - ERROR - ç²å– Kç·šæ•¸æ“šå¤±æ•— ESPORTSUSDT 5m: ç†”æ–·å™¨é˜»æ–·(å¤±æ•—7æ¬¡)ï¼Œè«‹60ç§’å¾Œé‡è©¦
2025-10-28T12:23:54.052586834Z [inf]  2025-10-28 12:23:53,932 - src.core.circuit_breaker - ERROR - ğŸ”´ ç†”æ–·å™¨é˜»æ–·(å¤±æ•—7æ¬¡)ï¼Œè«‹60ç§’å¾Œé‡è©¦ | æ“ä½œ: generic | å„ªå…ˆç´š: NORMAL
2025-10-28T12:23:54.052593351Z [inf]  2025-10-28 12:23:53,932 - src.clients.binance_client - ERROR - API è«‹æ±‚å¤±æ•—: /fapi/v1/klines - ç†”æ–·å™¨é˜»æ–·(å¤±æ•—7æ¬¡)ï¼Œè«‹60ç§’å¾Œé‡è©¦
2025-10-28T12:23:54.052598944Z [inf]  2025-10-28 12:23:53,932 - src.services.data_service - ERROR - ç²å– Kç·šæ•¸æ“šå¤±æ•— TREEUSDT 1h: ç†”æ–·å™¨é˜»æ–·(å¤±æ•—7æ¬¡)ï¼Œè«‹60ç§’å¾Œé‡è©¦
2025-10-28T12:23:54.054965181Z [inf]  2025-10-28 12:23:53,932 - src.core.circuit_breaker - ERROR - ğŸ”´ ç†”æ–·å™¨é˜»æ–·(å¤±æ•—7æ¬¡)ï¼Œè«‹60ç§’å¾Œé‡è©¦ | æ“ä½œ: generic | å„ªå…ˆç´š: NORMAL
2025-10-28T12:23:54.054980970Z [inf]  2025-10-28 12:23:53,932 - src.clients.binance_client - ERROR - API è«‹æ±‚å¤±æ•—: /fapi/v1/klines - ç†”æ–·å™¨é˜»æ–·(å¤±æ•—7æ¬¡)ï¼Œè«‹60ç§’å¾Œé‡è©¦
2025-10-28T12:23:54.054990088Z [inf]  2025-10-28 12:23:53,932 - src.services.data_service - ERROR - ç²å– Kç·šæ•¸æ“šå¤±æ•— TREEUSDT 15m: ç†”æ–·å™¨é˜»æ–·(å¤±æ•—7æ¬¡)ï¼Œè«‹60ç§’å¾Œé‡è©¦
2025-10-28T12:23:54.054997251Z [inf]  2025-10-28 12:23:53,932 - src.core.circuit_breaker - ERROR - ğŸ”´ ç†”æ–·å™¨é˜»æ–·(å¤±æ•—7æ¬¡)ï¼Œè«‹60ç§’å¾Œé‡è©¦ | æ“ä½œ: generic | å„ªå…ˆç´š: NORMAL
2025-10-28T12:23:54.055005888Z [inf]  2025-10-28 12:23:53,932 - src.clients.binance_client - ERROR - API è«‹æ±‚å¤±æ•—: /fapi/v1/klines - ç†”æ–·å™¨é˜»æ–·(å¤±æ•—7æ¬¡)ï¼Œè«‹60ç§’å¾Œé‡è©¦
2025-10-28T12:23:54.055013480Z [inf]  2025-10-28 12:23:53,932 - src.services.data_service - ERROR - ç²å– Kç·šæ•¸æ“šå¤±æ•— TREEUSDT 5m: ç†”æ–·å™¨é˜»æ–·(å¤±æ•—7æ¬¡)ï¼Œè«‹60ç§’å¾Œé‡è©¦
2025-10-28T12:23:54.055022464Z [inf]  2025-10-28 12:23:53,933 - src.core.circuit_breaker - ERROR - ğŸ”´ ç†”æ–·å™¨é˜»æ–·(å¤±æ•—7æ¬¡)ï¼Œè«‹60ç§’å¾Œé‡è©¦ | æ“ä½œ: generic | å„ªå…ˆç´š: NORMAL
2025-10-28T12:23:54.055030261Z [inf]  2025-10-28 12:23:53,933 - src.clients.binance_client - ERROR - API è«‹æ±‚å¤±æ•—: /fapi/v1/klines - ç†”æ–·å™¨é˜»æ–·(å¤±æ•—7æ¬¡)ï¼Œè«‹60ç§’å¾Œé‡è©¦
2025-10-28T12:23:54.055039011Z [inf]  2025-10-28 12:23:53,933 - src.services.data_service - ERROR - ç²å– Kç·šæ•¸æ“šå¤±æ•— A2ZUSDT 1h: ç†”æ–·å™¨é˜»æ–·(å¤±æ•—7æ¬¡)ï¼Œè«‹60ç§’å¾Œé‡è©¦
2025-10-28T12:23:54.055047129Z [inf]  2025-10-28 12:23:53,933 - src.core.circuit_breaker - ERROR - ğŸ”´ ç†”æ–·å™¨é˜»æ–·(å¤±æ•—7æ¬¡)ï¼Œè«‹60ç§’å¾Œé‡è©¦ | æ“ä½œ: generic | å„ªå…ˆç´š: NORMAL
2025-10-28T12:23:54.055054673Z [inf]  2025-10-28 12:23:53,933 - src.clients.binance_client - ERROR - API è«‹æ±‚å¤±æ•—: /fapi/v1/klines - ç†”æ–·å™¨é˜»æ–·(å¤±æ•—7æ¬¡)ï¼Œè«‹60ç§’å¾Œé‡è©¦
2025-10-28T12:23:54.057416772Z [inf]  2025-10-28 12:23:53,933 - src.services.data_service - ERROR - ç²å– Kç·šæ•¸æ“šå¤±æ•— A2ZUSDT 15m: ç†”æ–·å™¨é˜»æ–·(å¤±æ•—7æ¬¡)ï¼Œè«‹60ç§’å¾Œé‡è©¦
2025-10-28T12:23:54.057422250Z [inf]  2025-10-28 12:23:53,933 - src.core.circuit_breaker - ERROR - ğŸ”´ ç†”æ–·å™¨é˜»æ–·(å¤±æ•—7æ¬¡)ï¼Œè«‹60ç§’å¾Œé‡è©¦ | æ“ä½œ: generic | å„ªå…ˆç´š: NORMAL
2025-10-28T12:23:54.057427030Z [inf]  2025-10-28 12:23:53,933 - src.clients.binance_client - ERROR - API è«‹æ±‚å¤±æ•—: /fapi/v1/klines - ç†”æ–·å™¨é˜»æ–·(å¤±æ•—7æ¬¡)ï¼Œè«‹60ç§’å¾Œé‡è©¦
2025-10-28T12:23:54.057431951Z [inf]  2025-10-28 12:23:53,933 - src.services.data_service - ERROR - ç²å– Kç·šæ•¸æ“šå¤±æ•— A2ZUSDT 5m: ç†”æ–·å™¨é˜»æ–·(å¤±æ•—7æ¬¡)ï¼Œè«‹60ç§’å¾Œé‡è©¦
2025-10-28T12:23:54.057437428Z [inf]  2025-10-28 12:23:53,933 - src.core.circuit_breaker - ERROR - ğŸ”´ ç†”æ–·å™¨é˜»æ–·(å¤±æ•—7æ¬¡)ï¼Œè«‹60ç§’å¾Œé‡è©¦ | æ“ä½œ: generic | å„ªå…ˆç´š: NORMAL
2025-10-28T12:23:54.057442746Z [inf]  2025-10-28 12:23:53,933 - src.clients.binance_client - ERROR - API è«‹æ±‚å¤±æ•—: /fapi/v1/klines - ç†”æ–·å™¨é˜»æ–·(å¤±æ•—7æ¬¡)ï¼Œè«‹60ç§’å¾Œé‡è©¦
2025-10-28T12:23:54.057448574Z [inf]  2025-10-28 12:23:53,933 - src.services.data_service - ERROR - ç²å– Kç·šæ•¸æ“šå¤±æ•— PLAYUSDT 1h: ç†”æ–·å™¨é˜»æ–·(å¤±æ•—7æ¬¡)ï¼Œè«‹60ç§’å¾Œé‡è©¦
2025-10-28T12:23:54.057453411Z [inf]  2025-10-28 12:23:53,934 - src.core.circuit_breaker - ERROR - ğŸ”´ ç†”æ–·å™¨é˜»æ–·(å¤±æ•—7æ¬¡)ï¼Œè«‹60ç§’å¾Œé‡è©¦ | æ“ä½œ: generic | å„ªå…ˆç´š: NORMAL
2025-10-28T12:23:54.057458936Z [inf]  2025-10-28 12:23:53,934 - src.clients.binance_client - ERROR - API è«‹æ±‚å¤±æ•—: /fapi/v1/klines - ç†”æ–·å™¨é˜»æ–·(å¤±æ•—7æ¬¡)ï¼Œè«‹60ç§’å¾Œé‡è©¦
2025-10-28T12:23:54.057464146Z [inf]  2025-10-28 12:23:53,934 - src.services.data_service - ERROR - ç²å– Kç·šæ•¸æ“šå¤±æ•— PLAYUSDT 15m: ç†”æ–·å™¨é˜»æ–·(å¤±æ•—7æ¬¡)ï¼Œè«‹60ç§’å¾Œé‡è©¦
2025-10-28T12:23:54.057468351Z [inf]  2025-10-28 12:23:53,934 - src.core.circuit_breaker - ERROR - ğŸ”´ ç†”æ–·å™¨é˜»æ–·(å¤±æ•—7æ¬¡)ï¼Œè«‹60ç§’å¾Œé‡è©¦ | æ“ä½œ: generic | å„ªå…ˆç´š: NORMAL
2025-10-28T12:23:54.059165422Z [inf]  2025-10-28 12:23:53,934 - src.clients.binance_client - ERROR - API è«‹æ±‚å¤±æ•—: /fapi/v1/klines - ç†”æ–·å™¨é˜»æ–·(å¤±æ•—7æ¬¡)ï¼Œè«‹60ç§’å¾Œé‡è©¦
2025-10-28T12:23:54.059172031Z [inf]  2025-10-28 12:23:53,934 - src.services.data_service - ERROR - ç²å– Kç·šæ•¸æ“šå¤±æ•— PLAYUSDT 5m: ç†”æ–·å™¨é˜»æ–·(å¤±æ•—7æ¬¡)ï¼Œè«‹60ç§’å¾Œé‡è©¦
2025-10-28T12:23:54.059177451Z [inf]  2025-10-28 12:23:53,934 - src.core.circuit_breaker - ERROR - ğŸ”´ ç†”æ–·å™¨é˜»æ–·(å¤±æ•—7æ¬¡)ï¼Œè«‹60ç§’å¾Œé‡è©¦ | æ“ä½œ: generic | å„ªå…ˆç´š: NORMAL
2025-10-28T12:23:54.059181946Z [inf]  2025-10-28 12:23:53,934 - src.clients.binance_client - ERROR - API è«‹æ±‚å¤±æ•—: /fapi/v1/klines - ç†”æ–·å™¨é˜»æ–·(å¤±æ•—7æ¬¡)ï¼Œè«‹60ç§’å¾Œé‡è©¦
2025-10-28T12:23:54.059186679Z [inf]  2025-10-28 12:23:53,934 - src.services.data_service - ERROR - ç²å– Kç·šæ•¸æ“šå¤±æ•— NAORISUSDT 1h: ç†”æ–·å™¨é˜»æ–·(å¤±æ•—7æ¬¡)ï¼Œè«‹60ç§’å¾Œé‡è©¦
2025-10-28T12:23:54.059190857Z [inf]  2025-10-28 12:23:53,934 - src.core.circuit_breaker - ERROR - ğŸ”´ ç†”æ–·å™¨é˜»æ–·(å¤±æ•—7æ¬¡)ï¼Œè«‹60ç§’å¾Œé‡è©¦ | æ“ä½œ: generic | å„ªå…ˆç´š: NORMAL
2025-10-28T12:23:54.059196277Z [inf]  2025-10-28 12:23:53,934 - src.clients.binance_client - ERROR - API è«‹æ±‚å¤±æ•—: /fapi/v1/klines - ç†”æ–·å™¨é˜»æ–·(å¤±æ•—7æ¬¡)ï¼Œè«‹60ç§’å¾Œé‡è©¦
2025-10-28T12:23:54.059201137Z [inf]  2025-10-28 12:23:53,934 - src.services.data_service - ERROR - ç²å– Kç·šæ•¸æ“šå¤±æ•— NAORISUSDT 15m: ç†”æ–·å™¨é˜»æ–·(å¤±æ•—7æ¬¡)ï¼Œè«‹60ç§’å¾Œé‡è©¦
2025-10-28T12:23:54.059205222Z [inf]  2025-10-28 12:23:53,935 - src.core.circuit_breaker - ERROR - ğŸ”´ ç†”æ–·å™¨é˜»æ–·(å¤±æ•—7æ¬¡)ï¼Œè«‹60ç§’å¾Œé‡è©¦ | æ“ä½œ: generic | å„ªå…ˆç´š: NORMAL
2025-10-28T12:23:54.059209033Z [inf]  2025-10-28 12:23:53,935 - src.clients.binance_client - ERROR - API è«‹æ±‚å¤±æ•—: /fapi/v1/klines - ç†”æ–·å™¨é˜»æ–·(å¤±æ•—7æ¬¡)ï¼Œè«‹60ç§’å¾Œé‡è©¦
2025-10-28T12:23:54.059212673Z [inf]  2025-10-28 12:23:53,935 - src.services.data_service - ERROR - ç²å– Kç·šæ•¸æ“šå¤±æ•— NAORISUSDT 5m: ç†”æ–·å™¨é˜»æ–·(å¤±æ•—7æ¬¡)ï¼Œè«‹60ç§’å¾Œé‡è©¦
2025-10-28T12:23:54.061390781Z [inf]  2025-10-28 12:23:53,935 - src.core.circuit_breaker - ERROR - ğŸ”´ ç†”æ–·å™¨é˜»æ–·(å¤±æ•—7æ¬¡)ï¼Œè«‹60ç§’å¾Œé‡è©¦ | æ“ä½œ: generic | å„ªå…ˆç´š: NORMAL
2025-10-28T12:23:54.061400482Z [inf]  2025-10-28 12:23:53,935 - src.clients.binance_client - ERROR - API è«‹æ±‚å¤±æ•—: /fapi/v1/klines - ç†”æ–·å™¨é˜»æ–·(å¤±æ•—7æ¬¡)ï¼Œè«‹60ç§’å¾Œé‡è©¦
2025-10-28T12:23:54.061407127Z [inf]  2025-10-28 12:23:53,935 - src.services.data_service - ERROR - ç²å– Kç·šæ•¸æ“šå¤±æ•— TOWNSUSDT 1h: ç†”æ–·å™¨é˜»æ–·(å¤±æ•—7æ¬¡)ï¼Œè«‹60ç§’å¾Œé‡è©¦
2025-10-28T12:23:54.061621213Z [inf]  2025-10-28 12:23:53,935 - src.core.circuit_breaker - ERROR - ğŸ”´ ç†”æ–·å™¨é˜»æ–·(å¤±æ•—7æ¬¡)ï¼Œè«‹60ç§’å¾Œé‡è©¦ | æ“ä½œ: generic | å„ªå…ˆç´š: NORMAL
2025-10-28T12:23:54.061641740Z [inf]  2025-10-28 12:23:53,935 - src.clients.binance_client - ERROR - API è«‹æ±‚å¤±æ•—: /fapi/v1/klines - ç†”æ–·å™¨é˜»æ–·(å¤±æ•—7æ¬¡)ï¼Œè«‹60ç§’å¾Œé‡è©¦
2025-10-28T12:23:54.061659545Z [inf]  2025-10-28 12:23:53,935 - src.services.data_service - ERROR - ç²å– Kç·šæ•¸æ“šå¤±æ•— TOWNSUSDT 15m: ç†”æ–·å™¨é˜»æ–·(å¤±æ•—7æ¬¡)ï¼Œè«‹60ç§’å¾Œé‡è©¦
2025-10-28T12:23:54.061670666Z [inf]  2025-10-28 12:23:53,935 - src.core.circuit_breaker - ERROR - ğŸ”´ ç†”æ–·å™¨é˜»æ–·(å¤±æ•—7æ¬¡)ï¼Œè«‹60ç§’å¾Œé‡è©¦ | æ“ä½œ: generic | å„ªå…ˆç´š: NORMAL
2025-10-28T12:23:54.061735588Z [inf]  2025-10-28 12:23:53,935 - src.clients.binance_client - ERROR - API è«‹æ±‚å¤±æ•—: /fapi/v1/klines - ç†”æ–·å™¨é˜»æ–·(å¤±æ•—7æ¬¡)ï¼Œè«‹60ç§’å¾Œé‡è©¦
2025-10-28T12:23:54.061773888Z [inf]  2025-10-28 12:23:53,935 - src.services.data_service - ERROR - ç²å– Kç·šæ•¸æ“šå¤±æ•— TOWNSUSDT 5m: ç†”æ–·å™¨é˜»æ–·(å¤±æ•—7æ¬¡)ï¼Œè«‹60ç§’å¾Œé‡è©¦
2025-10-28T12:23:54.061781900Z [inf]  2025-10-28 12:23:53,936 - src.core.circuit_breaker - ERROR - ğŸ”´ ç†”æ–·å™¨é˜»æ–·(å¤±æ•—7æ¬¡)ï¼Œè«‹60ç§’å¾Œé‡è©¦ | æ“ä½œ: generic | å„ªå…ˆç´š: NORMAL
2025-10-28T12:23:54.061787594Z [inf]  2025-10-28 12:23:53,936 - src.clients.binance_client - ERROR - API è«‹æ±‚å¤±æ•—: /fapi/v1/klines - ç†”æ–·å™¨é˜»æ–·(å¤±æ•—7æ¬¡)ï¼Œè«‹60ç§’å¾Œé‡è©¦
2025-10-28T12:23:54.063061713Z [inf]  2025-10-28 12:23:53,936 - src.services.data_service - ERROR - ç²å– Kç·šæ•¸æ“šå¤±æ•— PROVEUSDT 1h: ç†”æ–·å™¨é˜»æ–·(å¤±æ•—7æ¬¡)ï¼Œè«‹60ç§’å¾Œé‡è©¦
2025-10-28T12:23:54.063072586Z [inf]  2025-10-28 12:23:53,936 - src.core.circuit_breaker - ERROR - ğŸ”´ ç†”æ–·å™¨é˜»æ–·(å¤±æ•—7æ¬¡)ï¼Œè«‹60ç§’å¾Œé‡è©¦ | æ“ä½œ: generic | å„ªå…ˆç´š: NORMAL
2025-10-28T12:23:54.063080062Z [inf]  2025-10-28 12:23:53,936 - src.clients.binance_client - ERROR - API è«‹æ±‚å¤±æ•—: /fapi/v1/klines - ç†”æ–·å™¨é˜»æ–·(å¤±æ•—7æ¬¡)ï¼Œè«‹60ç§’å¾Œé‡è©¦
2025-10-28T12:23:54.063086593Z [inf]  2025-10-28 12:23:53,936 - src.services.data_service - ERROR - ç²å– Kç·šæ•¸æ“šå¤±æ•— PROVEUSDT 15m: ç†”æ–·å™¨é˜»æ–·(å¤±æ•—7æ¬¡)ï¼Œè«‹60ç§’å¾Œé‡è©¦
2025-10-28T12:23:54.063093604Z [inf]  2025-10-28 12:23:53,936 - src.core.circuit_breaker - ERROR - ğŸ”´ ç†”æ–·å™¨é˜»æ–·(å¤±æ•—7æ¬¡)ï¼Œè«‹60ç§’å¾Œé‡è©¦ | æ“ä½œ: generic | å„ªå…ˆç´š: NORMAL
2025-10-28T12:23:54.063100774Z [inf]  2025-10-28 12:23:53,936 - src.clients.binance_client - ERROR - API è«‹æ±‚å¤±æ•—: /fapi/v1/klines - ç†”æ–·å™¨é˜»æ–·(å¤±æ•—7æ¬¡)ï¼Œè«‹60ç§’å¾Œé‡è©¦
2025-10-28T12:23:54.063106224Z [inf]  2025-10-28 12:23:53,936 - src.services.data_service - ERROR - ç²å– Kç·šæ•¸æ“šå¤±æ•— PROVEUSDT 5m: ç†”æ–·å™¨é˜»æ–·(å¤±æ•—7æ¬¡)ï¼Œè«‹60ç§’å¾Œé‡è©¦
2025-10-28T12:23:54.063111578Z [inf]  2025-10-28 12:23:53,937 - src.core.circuit_breaker - ERROR - ğŸ”´ ç†”æ–·å™¨é˜»æ–·(å¤±æ•—7æ¬¡)ï¼Œè«‹60ç§’å¾Œé‡è©¦ | æ“ä½œ: generic | å„ªå…ˆç´š: NORMAL
2025-10-28T12:23:54.063117016Z [inf]  2025-10-28 12:23:53,937 - src.clients.binance_client - ERROR - API è«‹æ±‚å¤±æ•—: /fapi/v1/klines - ç†”æ–·å™¨é˜»æ–·(å¤±æ•—7æ¬¡)ï¼Œè«‹60ç§’å¾Œé‡è©¦
2025-10-28T12:23:54.063125428Z [inf]  2025-10-28 12:23:53,937 - src.services.data_service - ERROR - ç²å– Kç·šæ•¸æ“šå¤±æ•— ALLUSDT 1h: ç†”æ–·å™¨é˜»æ–·(å¤±æ•—7æ¬¡)ï¼Œè«‹60ç§’å¾Œé‡è©¦
2025-10-28T12:23:54.063133669Z [inf]  2025-10-28 12:23:53,937 - src.core.circuit_breaker - ERROR - ğŸ”´ ç†”æ–·å™¨é˜»æ–·(å¤±æ•—7æ¬¡)ï¼Œè«‹60ç§’å¾Œé‡è©¦ | æ“ä½œ: generic | å„ªå…ˆç´š: NORMAL
2025-10-28T12:23:54.065216887Z [inf]  2025-10-28 12:23:53,937 - src.clients.binance_client - ERROR - API è«‹æ±‚å¤±æ•—: /fapi/v1/klines - ç†”æ–·å™¨é˜»æ–·(å¤±æ•—7æ¬¡)ï¼Œè«‹60ç§’å¾Œé‡è©¦
2025-10-28T12:23:54.065227546Z [inf]  2025-10-28 12:23:53,937 - src.services.data_service - ERROR - ç²å– Kç·šæ•¸æ“šå¤±æ•— ALLUSDT 15m: ç†”æ–·å™¨é˜»æ–·(å¤±æ•—7æ¬¡)ï¼Œè«‹60ç§’å¾Œé‡è©¦
2025-10-28T12:23:54.065234393Z [inf]  2025-10-28 12:23:53,937 - src.core.circuit_breaker - ERROR - ğŸ”´ ç†”æ–·å™¨é˜»æ–·(å¤±æ•—7æ¬¡)ï¼Œè«‹60ç§’å¾Œé‡è©¦ | æ“ä½œ: generic | å„ªå…ˆç´š: NORMAL
2025-10-28T12:23:54.065239806Z [inf]  2025-10-28 12:23:53,937 - src.clients.binance_client - ERROR - API è«‹æ±‚å¤±æ•—: /fapi/v1/klines - ç†”æ–·å™¨é˜»æ–·(å¤±æ•—7æ¬¡)ï¼Œè«‹60ç§’å¾Œé‡è©¦
2025-10-28T12:23:54.065245195Z [inf]  2025-10-28 12:23:53,937 - src.services.data_service - ERROR - ç²å– Kç·šæ•¸æ“šå¤±æ•— ALLUSDT 5m: ç†”æ–·å™¨é˜»æ–·(å¤±æ•—7æ¬¡)ï¼Œè«‹60ç§’å¾Œé‡è©¦
2025-10-28T12:23:54.065253330Z [inf]  2025-10-28 12:23:53,938 - src.core.circuit_breaker - ERROR - ğŸ”´ ç†”æ–·å™¨é˜»æ–·(å¤±æ•—7æ¬¡)ï¼Œè«‹60ç§’å¾Œé‡è©¦ | æ“ä½œ: generic | å„ªå…ˆç´š: NORMAL
2025-10-28T12:23:54.065259511Z [inf]  2025-10-28 12:23:53,938 - src.clients.binance_client - ERROR - API è«‹æ±‚å¤±æ•—: /fapi/v1/klines - ç†”æ–·å™¨é˜»æ–·(å¤±æ•—7æ¬¡)ï¼Œè«‹60ç§’å¾Œé‡è©¦
2025-10-28T12:23:54.065268091Z [inf]  2025-10-28 12:23:53,938 - src.services.data_service - ERROR - ç²å– Kç·šæ•¸æ“šå¤±æ•— INUSDT 1h: ç†”æ–·å™¨é˜»æ–·(å¤±æ•—7æ¬¡)ï¼Œè«‹60ç§’å¾Œé‡è©¦
2025-10-28T12:23:54.065274607Z [inf]  2025-10-28 12:23:53,938 - src.core.circuit_breaker - ERROR - ğŸ”´ ç†”æ–·å™¨é˜»æ–·(å¤±æ•—7æ¬¡)ï¼Œè«‹60ç§’å¾Œé‡è©¦ | æ“ä½œ: generic | å„ªå…ˆç´š: NORMAL
2025-10-28T12:23:54.065280979Z [inf]  2025-10-28 12:23:53,938 - src.clients.binance_client - ERROR - API è«‹æ±‚å¤±æ•—: /fapi/v1/klines - ç†”æ–·å™¨é˜»æ–·(å¤±æ•—7æ¬¡)ï¼Œè«‹60ç§’å¾Œé‡è©¦
2025-10-28T12:23:54.065286785Z [inf]  2025-10-28 12:23:53,938 - src.services.data_service - ERROR - ç²å– Kç·šæ•¸æ“šå¤±æ•— INUSDT 15m: ç†”æ–·å™¨é˜»æ–·(å¤±æ•—7æ¬¡)ï¼Œè«‹60ç§’å¾Œé‡è©¦
2025-10-28T12:23:54.067257208Z [inf]  2025-10-28 12:23:53,938 - src.core.circuit_breaker - ERROR - ğŸ”´ ç†”æ–·å™¨é˜»æ–·(å¤±æ•—7æ¬¡)ï¼Œè«‹60ç§’å¾Œé‡è©¦ | æ“ä½œ: generic | å„ªå…ˆç´š: NORMAL
2025-10-28T12:23:54.067276445Z [inf]  2025-10-28 12:23:53,938 - src.clients.binance_client - ERROR - API è«‹æ±‚å¤±æ•—: /fapi/v1/klines - ç†”æ–·å™¨é˜»æ–·(å¤±æ•—7æ¬¡)ï¼Œè«‹60ç§’å¾Œé‡è©¦
2025-10-28T12:23:54.067285994Z [inf]  2025-10-28 12:23:53,938 - src.services.data_service - ERROR - ç²å– Kç·šæ•¸æ“šå¤±æ•— INUSDT 5m: ç†”æ–·å™¨é˜»æ–·(å¤±æ•—7æ¬¡)ï¼Œè«‹60ç§’å¾Œé‡è©¦
2025-10-28T12:23:54.067295335Z [inf]  2025-10-28 12:23:53,938 - src.core.circuit_breaker - ERROR - ğŸ”´ ç†”æ–·å™¨é˜»æ–·(å¤±æ•—7æ¬¡)ï¼Œè«‹60ç§’å¾Œé‡è©¦ | æ“ä½œ: generic | å„ªå…ˆç´š: NORMAL
2025-10-28T12:23:54.067306241Z [inf]  2025-10-28 12:23:53,939 - src.clients.binance_client - ERROR - API è«‹æ±‚å¤±æ•—: /fapi/v1/klines - ç†”æ–·å™¨é˜»æ–·(å¤±æ•—7æ¬¡)ï¼Œè«‹60ç§’å¾Œé‡è©¦
2025-10-28T12:23:54.067315567Z [inf]  2025-10-28 12:23:53,939 - src.services.data_service - ERROR - ç²å– Kç·šæ•¸æ“šå¤±æ•— YALAUSDT 1h: ç†”æ–·å™¨é˜»æ–·(å¤±æ•—7æ¬¡)ï¼Œè«‹60ç§’å¾Œé‡è©¦
2025-10-28T12:23:54.067324516Z [inf]  2025-10-28 12:23:53,939 - src.core.circuit_breaker - ERROR - ğŸ”´ ç†”æ–·å™¨é˜»æ–·(å¤±æ•—7æ¬¡)ï¼Œè«‹60ç§’å¾Œé‡è©¦ | æ“ä½œ: generic | å„ªå…ˆç´š: NORMAL
2025-10-28T12:23:54.067334742Z [inf]  2025-10-28 12:23:53,939 - src.clients.binance_client - ERROR - API è«‹æ±‚å¤±æ•—: /fapi/v1/klines - ç†”æ–·å™¨é˜»æ–·(å¤±æ•—7æ¬¡)ï¼Œè«‹60ç§’å¾Œé‡è©¦
2025-10-28T12:23:54.067342776Z [inf]  2025-10-28 12:23:53,939 - src.services.data_service - ERROR - ç²å– Kç·šæ•¸æ“šå¤±æ•— YALAUSDT 15m: ç†”æ–·å™¨é˜»æ–·(å¤±æ•—7æ¬¡)ï¼Œè«‹60ç§’å¾Œé‡è©¦
2025-10-28T12:23:54.067350480Z [inf]  2025-10-28 12:23:53,939 - src.core.circuit_breaker - ERROR - ğŸ”´ ç†”æ–·å™¨é˜»æ–·(å¤±æ•—7æ¬¡)ï¼Œè«‹60ç§’å¾Œé‡è©¦ | æ“ä½œ: generic | å„ªå…ˆç´š: NORMAL
2025-10-28T12:23:54.067358477Z [inf]  2025-10-28 12:23:53,939 - src.clients.binance_client - ERROR - API è«‹æ±‚å¤±æ•—: /fapi/v1/klines - ç†”æ–·å™¨é˜»æ–·(å¤±æ•—7æ¬¡)ï¼Œè«‹60ç§’å¾Œé‡è©¦
2025-10-28T12:23:54.069283021Z [inf]  2025-10-28 12:23:53,939 - src.services.data_service - ERROR - ç²å– Kç·šæ•¸æ“šå¤±æ•— YALAUSDT 5m: ç†”æ–·å™¨é˜»æ–·(å¤±æ•—7æ¬¡)ï¼Œè«‹60ç§’å¾Œé‡è©¦
2025-10-28T12:23:54.069294833Z [inf]  2025-10-28 12:23:53,939 - src.core.circuit_breaker - ERROR - ğŸ”´ ç†”æ–·å™¨é˜»æ–·(å¤±æ•—7æ¬¡)ï¼Œè«‹60ç§’å¾Œé‡è©¦ | æ“ä½œ: generic | å„ªå…ˆç´š: NORMAL
2025-10-28T12:23:54.069302188Z [inf]  2025-10-28 12:23:53,939 - src.clients.binance_client - ERROR - API è«‹æ±‚å¤±æ•—: /fapi/v1/klines - ç†”æ–·å™¨é˜»æ–·(å¤±æ•—7æ¬¡)ï¼Œè«‹60ç§’å¾Œé‡è©¦
2025-10-28T12:23:54.069308799Z [inf]  2025-10-28 12:23:53,939 - src.services.data_service - ERROR - ç²å– Kç·šæ•¸æ“šå¤±æ•— CARVUSDT 1h: ç†”æ–·å™¨é˜»æ–·(å¤±æ•—7æ¬¡)ï¼Œè«‹60ç§’å¾Œé‡è©¦
2025-10-28T12:23:54.069317557Z [inf]  2025-10-28 12:23:53,939 - src.core.circuit_breaker - ERROR - ğŸ”´ ç†”æ–·å™¨é˜»æ–·(å¤±æ•—7æ¬¡)ï¼Œè«‹60ç§’å¾Œé‡è©¦ | æ“ä½œ: generic | å„ªå…ˆç´š: NORMAL
2025-10-28T12:23:54.069323792Z [inf]  2025-10-28 12:23:53,939 - src.clients.binance_client - ERROR - API è«‹æ±‚å¤±æ•—: /fapi/v1/klines - ç†”æ–·å™¨é˜»æ–·(å¤±æ•—7æ¬¡)ï¼Œè«‹60ç§’å¾Œé‡è©¦
2025-10-28T12:23:54.069330877Z [inf]  2025-10-28 12:23:53,939 - src.services.data_service - ERROR - ç²å– Kç·šæ•¸æ“šå¤±æ•— CARVUSDT 15m: ç†”æ–·å™¨é˜»æ–·(å¤±æ•—7æ¬¡)ï¼Œè«‹60ç§’å¾Œé‡è©¦
2025-10-28T12:23:54.069336077Z [inf]  2025-10-28 12:23:53,940 - src.core.circuit_breaker - ERROR - ğŸ”´ ç†”æ–·å™¨é˜»æ–·(å¤±æ•—7æ¬¡)ï¼Œè«‹60ç§’å¾Œé‡è©¦ | æ“ä½œ: generic | å„ªå…ˆç´š: NORMAL
2025-10-28T12:23:54.069341706Z [inf]  2025-10-28 12:23:53,940 - src.clients.binance_client - ERROR - API è«‹æ±‚å¤±æ•—: /fapi/v1/klines - ç†”æ–·å™¨é˜»æ–·(å¤±æ•—7æ¬¡)ï¼Œè«‹60ç§’å¾Œé‡è©¦
2025-10-28T12:23:54.069348867Z [inf]  2025-10-28 12:23:53,940 - src.services.data_service - ERROR - ç²å– Kç·šæ•¸æ“šå¤±æ•— CARVUSDT 5m: ç†”æ–·å™¨é˜»æ–·(å¤±æ•—7æ¬¡)ï¼Œè«‹60ç§’å¾Œé‡è©¦
2025-10-28T12:23:54.069354371Z [inf]  2025-10-28 12:23:53,940 - src.core.circuit_breaker - ERROR - ğŸ”´ ç†”æ–·å™¨é˜»æ–·(å¤±æ•—7æ¬¡)ï¼Œè«‹60ç§’å¾Œé‡è©¦ | æ“ä½œ: generic | å„ªå…ˆç´š: NORMAL
2025-10-28T12:23:54.071662410Z [inf]  2025-10-28 12:23:53,940 - src.clients.binance_client - ERROR - API è«‹æ±‚å¤±æ•—: /fapi/v1/klines - ç†”æ–·å™¨é˜»æ–·(å¤±æ•—7æ¬¡)ï¼Œè«‹60ç§’å¾Œé‡è©¦
2025-10-28T12:23:54.071672432Z [inf]  2025-10-28 12:23:53,940 - src.services.data_service - ERROR - ç²å– Kç·šæ•¸æ“šå¤±æ•— AIOUSDT 1h: ç†”æ–·å™¨é˜»æ–·(å¤±æ•—7æ¬¡)ï¼Œè«‹60ç§’å¾Œé‡è©¦
2025-10-28T12:23:54.071679116Z [inf]  2025-10-28 12:23:53,941 - src.core.circuit_breaker - ERROR - ğŸ”´ ç†”æ–·å™¨é˜»æ–·(å¤±æ•—7æ¬¡)ï¼Œè«‹60ç§’å¾Œé‡è©¦ | æ“ä½œ: generic | å„ªå…ˆç´š: NORMAL
2025-10-28T12:23:54.071690821Z [inf]  2025-10-28 12:23:53,941 - src.clients.binance_client - ERROR - API è«‹æ±‚å¤±æ•—: /fapi/v1/klines - ç†”æ–·å™¨é˜»æ–·(å¤±æ•—7æ¬¡)ï¼Œè«‹60ç§’å¾Œé‡è©¦
2025-10-28T12:23:54.071696810Z [inf]  2025-10-28 12:23:53,941 - src.services.data_service - ERROR - ç²å– Kç·šæ•¸æ“šå¤±æ•— AIOUSDT 15m: ç†”æ–·å™¨é˜»æ–·(å¤±æ•—7æ¬¡)ï¼Œè«‹60ç§’å¾Œé‡è©¦
2025-10-28T12:23:54.071701697Z [inf]  2025-10-28 12:23:53,941 - src.core.circuit_breaker - ERROR - ğŸ”´ ç†”æ–·å™¨é˜»æ–·(å¤±æ•—7æ¬¡)ï¼Œè«‹60ç§’å¾Œé‡è©¦ | æ“ä½œ: generic | å„ªå…ˆç´š: NORMAL
2025-10-28T12:23:54.071705924Z [inf]  2025-10-28 12:23:53,941 - src.clients.binance_client - ERROR - API è«‹æ±‚å¤±æ•—: /fapi/v1/klines - ç†”æ–·å™¨é˜»æ–·(å¤±æ•—7æ¬¡)ï¼Œè«‹60ç§’å¾Œé‡è©¦
2025-10-28T12:23:54.071709859Z [inf]  2025-10-28 12:23:53,941 - src.services.data_service - ERROR - ç²å– Kç·šæ•¸æ“šå¤±æ•— AIOUSDT 5m: ç†”æ–·å™¨é˜»æ–·(å¤±æ•—7æ¬¡)ï¼Œè«‹60ç§’å¾Œé‡è©¦
2025-10-28T12:23:54.071714195Z [inf]  2025-10-28 12:23:53,941 - src.core.circuit_breaker - ERROR - ğŸ”´ ç†”æ–·å™¨é˜»æ–·(å¤±æ•—7æ¬¡)ï¼Œè«‹60ç§’å¾Œé‡è©¦ | æ“ä½œ: generic | å„ªå…ˆç´š: NORMAL
2025-10-28T12:23:54.071718938Z [inf]  2025-10-28 12:23:53,941 - src.clients.binance_client - ERROR - API è«‹æ±‚å¤±æ•—: /fapi/v1/klines - ç†”æ–·å™¨é˜»æ–·(å¤±æ•—7æ¬¡)ï¼Œè«‹60ç§’å¾Œé‡è©¦
2025-10-28T12:23:54.071723165Z [inf]  2025-10-28 12:23:53,941 - src.services.data_service - ERROR - ç²å– Kç·šæ•¸æ“šå¤±æ•— XNYUSDT 1h: ç†”æ–·å™¨é˜»æ–·(å¤±æ•—7æ¬¡)ï¼Œè«‹60ç§’å¾Œé‡è©¦
2025-10-28T12:23:54.073469771Z [inf]  2025-10-28 12:23:53,941 - src.core.circuit_breaker - ERROR - ğŸ”´ ç†”æ–·å™¨é˜»æ–·(å¤±æ•—7æ¬¡)ï¼Œè«‹60ç§’å¾Œé‡è©¦ | æ“ä½œ: generic | å„ªå…ˆç´š: NORMAL
2025-10-28T12:23:54.073481534Z [inf]  2025-10-28 12:23:53,941 - src.clients.binance_client - ERROR - API è«‹æ±‚å¤±æ•—: /fapi/v1/klines - ç†”æ–·å™¨é˜»æ–·(å¤±æ•—7æ¬¡)ï¼Œè«‹60ç§’å¾Œé‡è©¦
2025-10-28T12:23:54.073491234Z [inf]  2025-10-28 12:23:53,941 - src.services.data_service - ERROR - ç²å– Kç·šæ•¸æ“šå¤±æ•— XNYUSDT 15m: ç†”æ–·å™¨é˜»æ–·(å¤±æ•—7æ¬¡)ï¼Œè«‹60ç§’å¾Œé‡è©¦
2025-10-28T12:23:54.073503319Z [inf]  2025-10-28 12:23:53,942 - src.core.circuit_breaker - ERROR - ğŸ”´ ç†”æ–·å™¨é˜»æ–·(å¤±æ•—7æ¬¡)ï¼Œè«‹60ç§’å¾Œé‡è©¦ | æ“ä½œ: generic | å„ªå…ˆç´š: NORMAL
2025-10-28T12:23:54.073511167Z [inf]  2025-10-28 12:23:53,942 - src.clients.binance_client - ERROR - API è«‹æ±‚å¤±æ•—: /fapi/v1/klines - ç†”æ–·å™¨é˜»æ–·(å¤±æ•—7æ¬¡)ï¼Œè«‹60ç§’å¾Œé‡è©¦
2025-10-28T12:23:54.073519544Z [inf]  2025-10-28 12:23:53,942 - src.services.data_service - ERROR - ç²å– Kç·šæ•¸æ“šå¤±æ•— XNYUSDT 5m: ç†”æ–·å™¨é˜»æ–·(å¤±æ•—7æ¬¡)ï¼Œè«‹60ç§’å¾Œé‡è©¦
2025-10-28T12:23:54.073527450Z [inf]  2025-10-28 12:23:53,942 - src.core.circuit_breaker - ERROR - ğŸ”´ ç†”æ–·å™¨é˜»æ–·(å¤±æ•—7æ¬¡)ï¼Œè«‹60ç§’å¾Œé‡è©¦ | æ“ä½œ: generic | å„ªå…ˆç´š: NORMAL
2025-10-28T12:23:54.073534698Z [inf]  2025-10-28 12:23:53,942 - src.clients.binance_client - ERROR - API è«‹æ±‚å¤±æ•—: /fapi/v1/klines - ç†”æ–·å™¨é˜»æ–·(å¤±æ•—7æ¬¡)ï¼Œè«‹60ç§’å¾Œé‡è©¦
2025-10-28T12:23:54.073542721Z [inf]  2025-10-28 12:23:53,942 - src.services.data_service - ERROR - ç²å– Kç·šæ•¸æ“šå¤±æ•— USELESSUSDT 1h: ç†”æ–·å™¨é˜»æ–·(å¤±æ•—7æ¬¡)ï¼Œè«‹60ç§’å¾Œé‡è©¦
2025-10-28T12:23:54.073550256Z [inf]  2025-10-28 12:23:53,942 - src.core.circuit_breaker - ERROR - ğŸ”´ ç†”æ–·å™¨é˜»æ–·(å¤±æ•—7æ¬¡)ï¼Œè«‹60ç§’å¾Œé‡è©¦ | æ“ä½œ: generic | å„ªå…ˆç´š: NORMAL
2025-10-28T12:23:54.073557652Z [inf]  2025-10-28 12:23:53,942 - src.clients.binance_client - ERROR - API è«‹æ±‚å¤±æ•—: /fapi/v1/klines - ç†”æ–·å™¨é˜»æ–·(å¤±æ•—7æ¬¡)ï¼Œè«‹60ç§’å¾Œé‡è©¦
2025-10-28T12:23:54.075501100Z [inf]  2025-10-28 12:23:53,943 - src.core.circuit_breaker - ERROR - ğŸ”´ ç†”æ–·å™¨é˜»æ–·(å¤±æ•—7æ¬¡)ï¼Œè«‹60ç§’å¾Œé‡è©¦ | æ“ä½œ: generic | å„ªå…ˆç´š: NORMAL
2025-10-28T12:23:54.075506145Z [inf]  2025-10-28 12:23:53,942 - src.services.data_service - ERROR - ç²å– Kç·šæ•¸æ“šå¤±æ•— USELESSUSDT 15m: ç†”æ–·å™¨é˜»æ–·(å¤±æ•—7æ¬¡)ï¼Œè«‹60ç§’å¾Œé‡è©¦
2025-10-28T12:23:54.075511634Z [inf]  2025-10-28 12:23:53,943 - src.clients.binance_client - ERROR - API è«‹æ±‚å¤±æ•—: /fapi/v1/klines - ç†”æ–·å™¨é˜»æ–·(å¤±æ•—7æ¬¡)ï¼Œè«‹60ç§’å¾Œé‡è©¦
2025-10-28T12:23:54.075514944Z [inf]  2025-10-28 12:23:53,942 - src.core.circuit_breaker - ERROR - ğŸ”´ ç†”æ–·å™¨é˜»æ–·(å¤±æ•—7æ¬¡)ï¼Œè«‹60ç§’å¾Œé‡è©¦ | æ“ä½œ: generic | å„ªå…ˆç´š: NORMAL
2025-10-28T12:23:54.075520061Z [inf]  2025-10-28 12:23:53,943 - src.services.data_service - ERROR - ç²å– Kç·šæ•¸æ“šå¤±æ•— DAMUSDT 15m: ç†”æ–·å™¨é˜»æ–·(å¤±æ•—7æ¬¡)ï¼Œè«‹60ç§’å¾Œé‡è©¦
2025-10-28T12:23:54.075522637Z [inf]  2025-10-28 12:23:53,942 - src.clients.binance_client - ERROR - API è«‹æ±‚å¤±æ•—: /fapi/v1/klines - ç†”æ–·å™¨é˜»æ–·(å¤±æ•—7æ¬¡)ï¼Œè«‹60ç§’å¾Œé‡è©¦
2025-10-28T12:23:54.075526983Z [inf]  2025-10-28 12:23:53,943 - src.core.circuit_breaker - ERROR - ğŸ”´ ç†”æ–·å™¨é˜»æ–·(å¤±æ•—7æ¬¡)ï¼Œè«‹60ç§’å¾Œé‡è©¦ | æ“ä½œ: generic | å„ªå…ˆç´š: NORMAL
2025-10-28T12:23:54.075530777Z [inf]  2025-10-28 12:23:53,942 - src.services.data_service - ERROR - ç²å– Kç·šæ•¸æ“šå¤±æ•— USELESSUSDT 5m: ç†”æ–·å™¨é˜»æ–·(å¤±æ•—7æ¬¡)ï¼Œè«‹60ç§’å¾Œé‡è©¦
2025-10-28T12:23:54.075536638Z [inf]  2025-10-28 12:23:53,943 - src.core.circuit_breaker - ERROR - ğŸ”´ ç†”æ–·å™¨é˜»æ–·(å¤±æ•—7æ¬¡)ï¼Œè«‹60ç§’å¾Œé‡è©¦ | æ“ä½œ: generic | å„ªå…ˆç´š: NORMAL
2025-10-28T12:23:54.075542188Z [inf]  2025-10-28 12:23:53,943 - src.clients.binance_client - ERROR - API è«‹æ±‚å¤±æ•—: /fapi/v1/klines - ç†”æ–·å™¨é˜»æ–·(å¤±æ•—7æ¬¡)ï¼Œè«‹60ç§’å¾Œé‡è©¦
2025-10-28T12:23:54.075547926Z [inf]  2025-10-28 12:23:53,943 - src.services.data_service - ERROR - ç²å– Kç·šæ•¸æ“šå¤±æ•— DAMUSDT 1h: ç†”æ–·å™¨é˜»æ–·(å¤±æ•—7æ¬¡)ï¼Œè«‹60ç§’å¾Œé‡è©¦
2025-10-28T12:23:54.077112056Z [inf]  2025-10-28 12:23:53,944 - src.services.data_service - ERROR - ç²å– Kç·šæ•¸æ“šå¤±æ•— CUDISUSDT 15m: ç†”æ–·å™¨é˜»æ–·(å¤±æ•—7æ¬¡)ï¼Œè«‹60ç§’å¾Œé‡è©¦
2025-10-28T12:23:54.077118311Z [inf]  2025-10-28 12:23:53,943 - src.clients.binance_client - ERROR - API è«‹æ±‚å¤±æ•—: /fapi/v1/klines - ç†”æ–·å™¨é˜»æ–·(å¤±æ•—7æ¬¡)ï¼Œè«‹60ç§’å¾Œé‡è©¦
2025-10-28T12:23:54.077124536Z [inf]  2025-10-28 12:23:53,944 - src.core.circuit_breaker - ERROR - ğŸ”´ ç†”æ–·å™¨é˜»æ–·(å¤±æ•—7æ¬¡)ï¼Œè«‹60ç§’å¾Œé‡è©¦ | æ“ä½œ: generic | å„ªå…ˆç´š: NORMAL
2025-10-28T12:23:54.077133171Z [inf]  2025-10-28 12:23:53,943 - src.services.data_service - ERROR - ç²å– Kç·šæ•¸æ“šå¤±æ•— DAMUSDT 5m: ç†”æ–·å™¨é˜»æ–·(å¤±æ•—7æ¬¡)ï¼Œè«‹60ç§’å¾Œé‡è©¦
2025-10-28T12:23:54.077134459Z [inf]  2025-10-28 12:23:53,944 - src.clients.binance_client - ERROR - API è«‹æ±‚å¤±æ•—: /fapi/v1/klines - ç†”æ–·å™¨é˜»æ–·(å¤±æ•—7æ¬¡)ï¼Œè«‹60ç§’å¾Œé‡è©¦
2025-10-28T12:23:54.077143828Z [inf]  2025-10-28 12:23:53,944 - src.core.circuit_breaker - ERROR - ğŸ”´ ç†”æ–·å™¨é˜»æ–·(å¤±æ•—7æ¬¡)ï¼Œè«‹60ç§’å¾Œé‡è©¦ | æ“ä½œ: generic | å„ªå…ˆç´š: NORMAL
2025-10-28T12:23:54.077145067Z [inf]  2025-10-28 12:23:53,944 - src.services.data_service - ERROR - ç²å– Kç·šæ•¸æ“šå¤±æ•— CUDISUSDT 5m: ç†”æ–·å™¨é˜»æ–·(å¤±æ•—7æ¬¡)ï¼Œè«‹60ç§’å¾Œé‡è©¦
2025-10-28T12:23:54.077149468Z [inf]  2025-10-28 12:23:53,944 - src.clients.binance_client - ERROR - API è«‹æ±‚å¤±æ•—: /fapi/v1/klines - ç†”æ–·å™¨é˜»æ–·(å¤±æ•—7æ¬¡)ï¼Œè«‹60ç§’å¾Œé‡è©¦
2025-10-28T12:23:54.077155513Z [inf]  2025-10-28 12:23:53,944 - src.services.data_service - ERROR - ç²å– Kç·šæ•¸æ“šå¤±æ•— CUDISUSDT 1h: ç†”æ–·å™¨é˜»æ–·(å¤±æ•—7æ¬¡)ï¼Œè«‹60ç§’å¾Œé‡è©¦
2025-10-28T12:23:54.077160577Z [inf]  2025-10-28 12:23:53,944 - src.core.circuit_breaker - ERROR - ğŸ”´ ç†”æ–·å™¨é˜»æ–·(å¤±æ•—7æ¬¡)ï¼Œè«‹60ç§’å¾Œé‡è©¦ | æ“ä½œ: generic | å„ªå…ˆç´š: NORMAL
2025-10-28T12:23:54.077167390Z [inf]  2025-10-28 12:23:53,944 - src.clients.binance_client - ERROR - API è«‹æ±‚å¤±æ•—: /fapi/v1/klines - ç†”æ–·å™¨é˜»æ–·(å¤±æ•—7æ¬¡)ï¼Œè«‹60ç§’å¾Œé‡è©¦
2025-10-28T12:23:54.078832398Z [inf]  2025-10-28 12:23:53,944 - src.core.circuit_breaker - ERROR - ğŸ”´ ç†”æ–·å™¨é˜»æ–·(å¤±æ•—7æ¬¡)ï¼Œè«‹60ç§’å¾Œé‡è©¦ | æ“ä½œ: generic | å„ªå…ˆç´š: NORMAL
2025-10-28T12:23:54.078837474Z [inf]  2025-10-28 12:23:53,944 - src.clients.binance_client - ERROR - API è«‹æ±‚å¤±æ•—: /fapi/v1/klines - ç†”æ–·å™¨é˜»æ–·(å¤±æ•—7æ¬¡)ï¼Œè«‹60ç§’å¾Œé‡è©¦
2025-10-28T12:23:54.078842861Z [inf]  2025-10-28 12:23:53,945 - src.services.data_service - ERROR - ç²å– Kç·šæ•¸æ“šå¤±æ•— SAPIENUSDT 1h: ç†”æ–·å™¨é˜»æ–·(å¤±æ•—7æ¬¡)ï¼Œè«‹60ç§’å¾Œé‡è©¦
2025-10-28T12:23:54.078847209Z [inf]  2025-10-28 12:23:53,945 - src.core.circuit_breaker - ERROR - ğŸ”´ ç†”æ–·å™¨é˜»æ–·(å¤±æ•—7æ¬¡)ï¼Œè«‹60ç§’å¾Œé‡è©¦ | æ“ä½œ: generic | å„ªå…ˆç´š: NORMAL
2025-10-28T12:23:54.078853744Z [inf]  2025-10-28 12:23:53,945 - src.clients.binance_client - ERROR - API è«‹æ±‚å¤±æ•—: /fapi/v1/klines - ç†”æ–·å™¨é˜»æ–·(å¤±æ•—7æ¬¡)ï¼Œè«‹60ç§’å¾Œé‡è©¦
2025-10-28T12:23:54.078859378Z [inf]  2025-10-28 12:23:53,945 - src.services.data_service - ERROR - ç²å– Kç·šæ•¸æ“šå¤±æ•— SAPIENUSDT 15m: ç†”æ–·å™¨é˜»æ–·(å¤±æ•—7æ¬¡)ï¼Œè«‹60ç§’å¾Œé‡è©¦
2025-10-28T12:23:54.078863652Z [inf]  2025-10-28 12:23:53,945 - src.core.circuit_breaker - ERROR - ğŸ”´ ç†”æ–·å™¨é˜»æ–·(å¤±æ•—7æ¬¡)ï¼Œè«‹60ç§’å¾Œé‡è©¦ | æ“ä½œ: generic | å„ªå…ˆç´š: NORMAL
2025-10-28T12:23:54.078868307Z [inf]  2025-10-28 12:23:53,945 - src.clients.binance_client - ERROR - API è«‹æ±‚å¤±æ•—: /fapi/v1/klines - ç†”æ–·å™¨é˜»æ–·(å¤±æ•—7æ¬¡)ï¼Œè«‹60ç§’å¾Œé‡è©¦
2025-10-28T12:23:54.078872931Z [inf]  2025-10-28 12:23:53,945 - src.services.data_service - ERROR - ç²å– Kç·šæ•¸æ“šå¤±æ•— SAPIENUSDT 5m: ç†”æ–·å™¨é˜»æ–·(å¤±æ•—7æ¬¡)ï¼Œè«‹60ç§’å¾Œé‡è©¦
2025-10-28T12:23:54.078878553Z [inf]  2025-10-28 12:23:53,945 - src.core.circuit_breaker - ERROR - ğŸ”´ ç†”æ–·å™¨é˜»æ–·(å¤±æ•—7æ¬¡)ï¼Œè«‹60ç§’å¾Œé‡è©¦ | æ“ä½œ: generic | å„ªå…ˆç´š: NORMAL
2025-10-28T12:23:54.078885218Z [inf]  2025-10-28 12:23:53,945 - src.clients.binance_client - ERROR - API è«‹æ±‚å¤±æ•—: /fapi/v1/klines - ç†”æ–·å™¨é˜»æ–·(å¤±æ•—7æ¬¡)ï¼Œè«‹60ç§’å¾Œé‡è©¦
2025-10-28T12:23:54.080516205Z [inf]  2025-10-28 12:23:53,945 - src.services.data_service - ERROR - ç²å– Kç·šæ•¸æ“šå¤±æ•— XPLUSDT 1h: ç†”æ–·å™¨é˜»æ–·(å¤±æ•—7æ¬¡)ï¼Œè«‹60ç§’å¾Œé‡è©¦
2025-10-28T12:23:54.080522895Z [inf]  2025-10-28 12:23:53,945 - src.core.circuit_breaker - ERROR - ğŸ”´ ç†”æ–·å™¨é˜»æ–·(å¤±æ•—7æ¬¡)ï¼Œè«‹60ç§’å¾Œé‡è©¦ | æ“ä½œ: generic | å„ªå…ˆç´š: NORMAL
2025-10-28T12:23:54.080529017Z [inf]  2025-10-28 12:23:53,945 - src.clients.binance_client - ERROR - API è«‹æ±‚å¤±æ•—: /fapi/v1/klines - ç†”æ–·å™¨é˜»æ–·(å¤±æ•—7æ¬¡)ï¼Œè«‹60ç§’å¾Œé‡è©¦
2025-10-28T12:23:54.080533788Z [inf]  2025-10-28 12:23:53,945 - src.services.data_service - ERROR - ç²å– Kç·šæ•¸æ“šå¤±æ•— XPLUSDT 15m: ç†”æ–·å™¨é˜»æ–·(å¤±æ•—7æ¬¡)ï¼Œè«‹60ç§’å¾Œé‡è©¦
2025-10-28T12:23:54.080537798Z [inf]  2025-10-28 12:23:53,946 - src.core.circuit_breaker - ERROR - ğŸ”´ ç†”æ–·å™¨é˜»æ–·(å¤±æ•—7æ¬¡)ï¼Œè«‹60ç§’å¾Œé‡è©¦ | æ“ä½œ: generic | å„ªå…ˆç´š: NORMAL
2025-10-28T12:23:54.080542196Z [inf]  2025-10-28 12:23:53,946 - src.clients.binance_client - ERROR - API è«‹æ±‚å¤±æ•—: /fapi/v1/klines - ç†”æ–·å™¨é˜»æ–·(å¤±æ•—7æ¬¡)ï¼Œè«‹60ç§’å¾Œé‡è©¦
2025-10-28T12:23:54.080546830Z [inf]  2025-10-28 12:23:53,946 - src.services.data_service - ERROR - ç²å– Kç·šæ•¸æ“šå¤±æ•— XPLUSDT 5m: ç†”æ–·å™¨é˜»æ–·(å¤±æ•—7æ¬¡)ï¼Œè«‹60ç§’å¾Œé‡è©¦
2025-10-28T12:23:54.080551305Z [inf]  2025-10-28 12:23:53,946 - src.core.circuit_breaker - ERROR - ğŸ”´ ç†”æ–·å™¨é˜»æ–·(å¤±æ•—7æ¬¡)ï¼Œè«‹60ç§’å¾Œé‡è©¦ | æ“ä½œ: generic | å„ªå…ˆç´š: NORMAL
2025-10-28T12:23:54.080556294Z [inf]  2025-10-28 12:23:53,946 - src.clients.binance_client - ERROR - API è«‹æ±‚å¤±æ•—: /fapi/v1/klines - ç†”æ–·å™¨é˜»æ–·(å¤±æ•—7æ¬¡)ï¼Œè«‹60ç§’å¾Œé‡è©¦
2025-10-28T12:23:54.080560925Z [inf]  2025-10-28 12:23:53,946 - src.services.data_service - ERROR - ç²å– Kç·šæ•¸æ“šå¤±æ•— WLFIUSDT 1h: ç†”æ–·å™¨é˜»æ–·(å¤±æ•—7æ¬¡)ï¼Œè«‹60ç§’å¾Œé‡è©¦
2025-10-28T12:23:54.080564860Z [inf]  2025-10-28 12:23:53,946 - src.core.circuit_breaker - ERROR - ğŸ”´ ç†”æ–·å™¨é˜»æ–·(å¤±æ•—7æ¬¡)ï¼Œè«‹60ç§’å¾Œé‡è©¦ | æ“ä½œ: generic | å„ªå…ˆç´š: NORMAL
2025-10-28T12:23:54.082073683Z [inf]  2025-10-28 12:23:53,946 - src.clients.binance_client - ERROR - API è«‹æ±‚å¤±æ•—: /fapi/v1/klines - ç†”æ–·å™¨é˜»æ–·(å¤±æ•—7æ¬¡)ï¼Œè«‹60ç§’å¾Œé‡è©¦
2025-10-28T12:23:54.082087246Z [inf]  2025-10-28 12:23:53,946 - src.services.data_service - ERROR - ç²å– Kç·šæ•¸æ“šå¤±æ•— WLFIUSDT 15m: ç†”æ–·å™¨é˜»æ–·(å¤±æ•—7æ¬¡)ï¼Œè«‹60ç§’å¾Œé‡è©¦
2025-10-28T12:23:54.082094514Z [inf]  2025-10-28 12:23:53,946 - src.core.circuit_breaker - ERROR - ğŸ”´ ç†”æ–·å™¨é˜»æ–·(å¤±æ•—7æ¬¡)ï¼Œè«‹60ç§’å¾Œé‡è©¦ | æ“ä½œ: generic | å„ªå…ˆç´š: NORMAL
2025-10-28T12:23:54.082101828Z [inf]  2025-10-28 12:23:53,946 - src.clients.binance_client - ERROR - API è«‹æ±‚å¤±æ•—: /fapi/v1/klines - ç†”æ–·å™¨é˜»æ–·(å¤±æ•—7æ¬¡)ï¼Œè«‹60ç§’å¾Œé‡è©¦
2025-10-28T12:23:54.082108437Z [inf]  2025-10-28 12:23:53,946 - src.services.data_service - ERROR - ç²å– Kç·šæ•¸æ“šå¤±æ•— WLFIUSDT 5m: ç†”æ–·å™¨é˜»æ–·(å¤±æ•—7æ¬¡)ï¼Œè«‹60ç§’å¾Œé‡è©¦
2025-10-28T12:23:54.082115409Z [inf]  2025-10-28 12:23:53,947 - src.core.circuit_breaker - ERROR - ğŸ”´ ç†”æ–·å™¨é˜»æ–·(å¤±æ•—7æ¬¡)ï¼Œè«‹60ç§’å¾Œé‡è©¦ | æ“ä½œ: generic | å„ªå…ˆç´š: NORMAL
2025-10-28T12:23:54.082121150Z [inf]  2025-10-28 12:23:53,947 - src.clients.binance_client - ERROR - API è«‹æ±‚å¤±æ•—: /fapi/v1/klines - ç†”æ–·å™¨é˜»æ–·(å¤±æ•—7æ¬¡)ï¼Œè«‹60ç§’å¾Œé‡è©¦
2025-10-28T12:23:54.082127582Z [inf]  2025-10-28 12:23:53,947 - src.services.data_service - ERROR - ç²å– Kç·šæ•¸æ“šå¤±æ•— SOMIUSDT 1h: ç†”æ–·å™¨é˜»æ–·(å¤±æ•—7æ¬¡)ï¼Œè«‹60ç§’å¾Œé‡è©¦
2025-10-28T12:23:54.082132780Z [inf]  2025-10-28 12:23:53,947 - src.core.circuit_breaker - ERROR - ğŸ”´ ç†”æ–·å™¨é˜»æ–·(å¤±æ•—7æ¬¡)ï¼Œè«‹60ç§’å¾Œé‡è©¦ | æ“ä½œ: generic | å„ªå…ˆç´š: NORMAL
2025-10-28T12:23:54.082140244Z [inf]  2025-10-28 12:23:53,947 - src.clients.binance_client - ERROR - API è«‹æ±‚å¤±æ•—: /fapi/v1/klines - ç†”æ–·å™¨é˜»æ–·(å¤±æ•—7æ¬¡)ï¼Œè«‹60ç§’å¾Œé‡è©¦
2025-10-28T12:23:54.082146487Z [inf]  2025-10-28 12:23:53,947 - src.services.data_service - ERROR - ç²å– Kç·šæ•¸æ“šå¤±æ•— SOMIUSDT 15m: ç†”æ–·å™¨é˜»æ–·(å¤±æ•—7æ¬¡)ï¼Œè«‹60ç§’å¾Œé‡è©¦
2025-10-28T12:23:54.083343665Z [inf]  2025-10-28 12:23:53,947 - src.core.circuit_breaker - ERROR - ğŸ”´ ç†”æ–·å™¨é˜»æ–·(å¤±æ•—7æ¬¡)ï¼Œè«‹60ç§’å¾Œé‡è©¦ | æ“ä½œ: generic | å„ªå…ˆç´š: NORMAL
2025-10-28T12:23:54.083351703Z [inf]  2025-10-28 12:23:53,947 - src.clients.binance_client - ERROR - API è«‹æ±‚å¤±æ•—: /fapi/v1/klines - ç†”æ–·å™¨é˜»æ–·(å¤±æ•—7æ¬¡)ï¼Œè«‹60ç§’å¾Œé‡è©¦
2025-10-28T12:23:54.083367874Z [inf]  2025-10-28 12:23:53,947 - src.services.data_service - ERROR - ç²å– Kç·šæ•¸æ“šå¤±æ•— SOMIUSDT 5m: ç†”æ–·å™¨é˜»æ–·(å¤±æ•—7æ¬¡)ï¼Œè«‹60ç§’å¾Œé‡è©¦
2025-10-28T12:23:54.083376013Z [inf]  2025-10-28 12:23:53,947 - src.core.circuit_breaker - ERROR - ğŸ”´ ç†”æ–·å™¨é˜»æ–·(å¤±æ•—7æ¬¡)ï¼Œè«‹60ç§’å¾Œé‡è©¦ | æ“ä½œ: generic | å„ªå…ˆç´š: NORMAL
2025-10-28T12:23:54.083383010Z [inf]  2025-10-28 12:23:53,947 - src.clients.binance_client - ERROR - API è«‹æ±‚å¤±æ•—: /fapi/v1/klines - ç†”æ–·å™¨é˜»æ–·(å¤±æ•—7æ¬¡)ï¼Œè«‹60ç§’å¾Œé‡è©¦
2025-10-28T12:23:54.083390245Z [inf]  2025-10-28 12:23:53,947 - src.services.data_service - ERROR - ç²å– Kç·šæ•¸æ“šå¤±æ•— BASUSDT 1h: ç†”æ–·å™¨é˜»æ–·(å¤±æ•—7æ¬¡)ï¼Œè«‹60ç§’å¾Œé‡è©¦
2025-10-28T12:23:54.083396679Z [inf]  2025-10-28 12:23:53,947 - src.core.circuit_breaker - ERROR - ğŸ”´ ç†”æ–·å™¨é˜»æ–·(å¤±æ•—7æ¬¡)ï¼Œè«‹60ç§’å¾Œé‡è©¦ | æ“ä½œ: generic | å„ªå…ˆç´š: NORMAL
2025-10-28T12:23:54.083408107Z [inf]  2025-10-28 12:23:53,948 - src.clients.binance_client - ERROR - API è«‹æ±‚å¤±æ•—: /fapi/v1/klines - ç†”æ–·å™¨é˜»æ–·(å¤±æ•—7æ¬¡)ï¼Œè«‹60ç§’å¾Œé‡è©¦
2025-10-28T12:23:54.083413914Z [inf]  2025-10-28 12:23:53,948 - src.services.data_service - ERROR - ç²å– Kç·šæ•¸æ“šå¤±æ•— BASUSDT 15m: ç†”æ–·å™¨é˜»æ–·(å¤±æ•—7æ¬¡)ï¼Œè«‹60ç§’å¾Œé‡è©¦
2025-10-28T12:23:54.083421895Z [inf]  2025-10-28 12:23:53,948 - src.core.circuit_breaker - ERROR - ğŸ”´ ç†”æ–·å™¨é˜»æ–·(å¤±æ•—7æ¬¡)ï¼Œè«‹60ç§’å¾Œé‡è©¦ | æ“ä½œ: generic | å„ªå…ˆç´š: NORMAL
2025-10-28T12:23:54.083426948Z [inf]  2025-10-28 12:23:53,948 - src.clients.binance_client - ERROR - API è«‹æ±‚å¤±æ•—: /fapi/v1/klines - ç†”æ–·å™¨é˜»æ–·(å¤±æ•—7æ¬¡)ï¼Œè«‹60ç§’å¾Œé‡è©¦
2025-10-28T12:23:54.085481971Z [inf]  2025-10-28 12:23:53,948 - src.services.data_service - ERROR - ç²å– Kç·šæ•¸æ“šå¤±æ•— BASUSDT 5m: ç†”æ–·å™¨é˜»æ–·(å¤±æ•—7æ¬¡)ï¼Œè«‹60ç§’å¾Œé‡è©¦
2025-10-28T12:23:54.085495429Z [inf]  2025-10-28 12:23:53,949 - src.core.circuit_breaker - ERROR - ğŸ”´ ç†”æ–·å™¨é˜»æ–·(å¤±æ•—7æ¬¡)ï¼Œè«‹60ç§’å¾Œé‡è©¦ | æ“ä½œ: generic | å„ªå…ˆç´š: NORMAL
2025-10-28T12:23:54.085503796Z [inf]  2025-10-28 12:23:53,949 - src.clients.binance_client - ERROR - API è«‹æ±‚å¤±æ•—: /fapi/v1/klines - ç†”æ–·å™¨é˜»æ–·(å¤±æ•—7æ¬¡)ï¼Œè«‹60ç§’å¾Œé‡è©¦
2025-10-28T12:23:54.085511529Z [inf]  2025-10-28 12:23:53,949 - src.services.data_service - ERROR - ç²å– Kç·šæ•¸æ“šå¤±æ•— BTRUSDT 1h: ç†”æ–·å™¨é˜»æ–·(å¤±æ•—7æ¬¡)ï¼Œè«‹60ç§’å¾Œé‡è©¦
2025-10-28T12:23:54.085519822Z [inf]  2025-10-28 12:23:53,949 - src.core.circuit_breaker - ERROR - ğŸ”´ ç†”æ–·å™¨é˜»æ–·(å¤±æ•—7æ¬¡)ï¼Œè«‹60ç§’å¾Œé‡è©¦ | æ“ä½œ: generic | å„ªå…ˆç´š: NORMAL
2025-10-28T12:23:54.085528192Z [inf]  2025-10-28 12:23:53,949 - src.clients.binance_client - ERROR - API è«‹æ±‚å¤±æ•—: /fapi/v1/klines - ç†”æ–·å™¨é˜»æ–·(å¤±æ•—7æ¬¡)ï¼Œè«‹60ç§’å¾Œé‡è©¦
2025-10-28T12:23:54.085536385Z [inf]  2025-10-28 12:23:53,949 - src.services.data_service - ERROR - ç²å– Kç·šæ•¸æ“šå¤±æ•— BTRUSDT 15m: ç†”æ–·å™¨é˜»æ–·(å¤±æ•—7æ¬¡)ï¼Œè«‹60ç§’å¾Œé‡è©¦
2025-10-28T12:23:54.085544483Z [inf]  2025-10-28 12:23:53,949 - src.core.circuit_breaker - ERROR - ğŸ”´ ç†”æ–·å™¨é˜»æ–·(å¤±æ•—7æ¬¡)ï¼Œè«‹60ç§’å¾Œé‡è©¦ | æ“ä½œ: generic | å„ªå…ˆç´š: NORMAL
2025-10-28T12:23:54.085552952Z [inf]  2025-10-28 12:23:53,949 - src.clients.binance_client - ERROR - API è«‹æ±‚å¤±æ•—: /fapi/v1/klines - ç†”æ–·å™¨é˜»æ–·(å¤±æ•—7æ¬¡)ï¼Œè«‹60ç§’å¾Œé‡è©¦
2025-10-28T12:23:54.085561134Z [inf]  2025-10-28 12:23:53,949 - src.services.data_service - ERROR - ç²å– Kç·šæ•¸æ“šå¤±æ•— BTRUSDT 5m: ç†”æ–·å™¨é˜»æ–·(å¤±æ•—7æ¬¡)ï¼Œè«‹60ç§’å¾Œé‡è©¦
2025-10-28T12:23:54.085570538Z [inf]  2025-10-28 12:23:53,949 - src.core.circuit_breaker - ERROR - ğŸ”´ ç†”æ–·å™¨é˜»æ–·(å¤±æ•—7æ¬¡)ï¼Œè«‹60ç§’å¾Œé‡è©¦ | æ“ä½œ: generic | å„ªå…ˆç´š: NORMAL
2025-10-28T12:23:54.087715402Z [inf]  2025-10-28 12:23:53,950 - src.clients.binance_client - ERROR - API è«‹æ±‚å¤±æ•—: /fapi/v1/klines - ç†”æ–·å™¨é˜»æ–·(å¤±æ•—7æ¬¡)ï¼Œè«‹60ç§’å¾Œé‡è©¦
2025-10-28T12:23:54.087723801Z [inf]  2025-10-28 12:23:53,950 - src.services.data_service - ERROR - ç²å– Kç·šæ•¸æ“šå¤±æ•— MITOUSDT 1h: ç†”æ–·å™¨é˜»æ–·(å¤±æ•—7æ¬¡)ï¼Œè«‹60ç§’å¾Œé‡è©¦
2025-10-28T12:23:54.087730371Z [inf]  2025-10-28 12:23:53,950 - src.core.circuit_breaker - ERROR - ğŸ”´ ç†”æ–·å™¨é˜»æ–·(å¤±æ•—7æ¬¡)ï¼Œè«‹60ç§’å¾Œé‡è©¦ | æ“ä½œ: generic | å„ªå…ˆç´š: NORMAL
2025-10-28T12:23:54.087740220Z [inf]  2025-10-28 12:23:53,950 - src.clients.binance_client - ERROR - API è«‹æ±‚å¤±æ•—: /fapi/v1/klines - ç†”æ–·å™¨é˜»æ–·(å¤±æ•—7æ¬¡)ï¼Œè«‹60ç§’å¾Œé‡è©¦
2025-10-28T12:23:54.087748724Z [inf]  2025-10-28 12:23:53,950 - src.services.data_service - ERROR - ç²å– Kç·šæ•¸æ“šå¤±æ•— MITOUSDT 15m: ç†”æ–·å™¨é˜»æ–·(å¤±æ•—7æ¬¡)ï¼Œè«‹60ç§’å¾Œé‡è©¦
2025-10-28T12:23:54.087756660Z [inf]  2025-10-28 12:23:53,950 - src.core.circuit_breaker - ERROR - ğŸ”´ ç†”æ–·å™¨é˜»æ–·(å¤±æ•—7æ¬¡)ï¼Œè«‹60ç§’å¾Œé‡è©¦ | æ“ä½œ: generic | å„ªå…ˆç´š: NORMAL
2025-10-28T12:23:54.087764625Z [inf]  2025-10-28 12:23:53,950 - src.clients.binance_client - ERROR - API è«‹æ±‚å¤±æ•—: /fapi/v1/klines - ç†”æ–·å™¨é˜»æ–·(å¤±æ•—7æ¬¡)ï¼Œè«‹60ç§’å¾Œé‡è©¦
2025-10-28T12:23:54.087772814Z [inf]  2025-10-28 12:23:53,950 - src.services.data_service - ERROR - ç²å– Kç·šæ•¸æ“šå¤±æ•— MITOUSDT 5m: ç†”æ–·å™¨é˜»æ–·(å¤±æ•—7æ¬¡)ï¼Œè«‹60ç§’å¾Œé‡è©¦
2025-10-28T12:23:54.087780221Z [inf]  2025-10-28 12:23:53,950 - src.core.circuit_breaker - ERROR - ğŸ”´ ç†”æ–·å™¨é˜»æ–·(å¤±æ•—7æ¬¡)ï¼Œè«‹60ç§’å¾Œé‡è©¦ | æ“ä½œ: generic | å„ªå…ˆç´š: NORMAL
2025-10-28T12:23:54.087787220Z [inf]  2025-10-28 12:23:53,950 - src.clients.binance_client - ERROR - API è«‹æ±‚å¤±æ•—: /fapi/v1/klines - ç†”æ–·å™¨é˜»æ–·(å¤±æ•—7æ¬¡)ï¼Œè«‹60ç§’å¾Œé‡è©¦
2025-10-28T12:23:54.087794476Z [inf]  2025-10-28 12:23:53,950 - src.services.data_service - ERROR - ç²å– Kç·šæ•¸æ“šå¤±æ•— HEMIUSDT 1h: ç†”æ–·å™¨é˜»æ–·(å¤±æ•—7æ¬¡)ï¼Œè«‹60ç§’å¾Œé‡è©¦
2025-10-28T12:23:54.089274670Z [inf]  2025-10-28 12:23:53,951 - src.core.circuit_breaker - ERROR - ğŸ”´ ç†”æ–·å™¨é˜»æ–·(å¤±æ•—7æ¬¡)ï¼Œè«‹60ç§’å¾Œé‡è©¦ | æ“ä½œ: generic | å„ªå…ˆç´š: NORMAL
2025-10-28T12:23:54.089282187Z [inf]  2025-10-28 12:23:53,951 - src.clients.binance_client - ERROR - API è«‹æ±‚å¤±æ•—: /fapi/v1/klines - ç†”æ–·å™¨é˜»æ–·(å¤±æ•—7æ¬¡)ï¼Œè«‹60ç§’å¾Œé‡è©¦
2025-10-28T12:23:54.089289635Z [inf]  2025-10-28 12:23:53,951 - src.services.data_service - ERROR - ç²å– Kç·šæ•¸æ“šå¤±æ•— HEMIUSDT 15m: ç†”æ–·å™¨é˜»æ–·(å¤±æ•—7æ¬¡)ï¼Œè«‹60ç§’å¾Œé‡è©¦
2025-10-28T12:23:54.089295060Z [inf]  2025-10-28 12:23:53,951 - src.core.circuit_breaker - ERROR - ğŸ”´ ç†”æ–·å™¨é˜»æ–·(å¤±æ•—7æ¬¡)ï¼Œè«‹60ç§’å¾Œé‡è©¦ | æ“ä½œ: generic | å„ªå…ˆç´š: NORMAL
2025-10-28T12:23:54.089301307Z [inf]  2025-10-28 12:23:53,951 - src.clients.binance_client - ERROR - API è«‹æ±‚å¤±æ•—: /fapi/v1/klines - ç†”æ–·å™¨é˜»æ–·(å¤±æ•—7æ¬¡)ï¼Œè«‹60ç§’å¾Œé‡è©¦
2025-10-28T12:23:54.089311734Z [inf]  2025-10-28 12:23:53,951 - src.services.data_service - ERROR - ç²å– Kç·šæ•¸æ“šå¤±æ•— HEMIUSDT 5m: ç†”æ–·å™¨é˜»æ–·(å¤±æ•—7æ¬¡)ï¼Œè«‹60ç§’å¾Œé‡è©¦
2025-10-28T12:23:54.089316444Z [inf]  2025-10-28 12:23:53,951 - src.core.circuit_breaker - ERROR - ğŸ”´ ç†”æ–·å™¨é˜»æ–·(å¤±æ•—7æ¬¡)ï¼Œè«‹60ç§’å¾Œé‡è©¦ | æ“ä½œ: generic | å„ªå…ˆç´š: NORMAL
2025-10-28T12:23:54.089323873Z [inf]  2025-10-28 12:23:53,951 - src.clients.binance_client - ERROR - API è«‹æ±‚å¤±æ•—: /fapi/v1/klines - ç†”æ–·å™¨é˜»æ–·(å¤±æ•—7æ¬¡)ï¼Œè«‹60ç§’å¾Œé‡è©¦
2025-10-28T12:23:54.089331299Z [inf]  2025-10-28 12:23:53,951 - src.services.data_service - ERROR - ç²å– Kç·šæ•¸æ“šå¤±æ•— LINEAUSDT 1h: ç†”æ–·å™¨é˜»æ–·(å¤±æ•—7æ¬¡)ï¼Œè«‹60ç§’å¾Œé‡è©¦
2025-10-28T12:23:54.089335955Z [inf]  2025-10-28 12:23:53,951 - src.core.circuit_breaker - ERROR - ğŸ”´ ç†”æ–·å™¨é˜»æ–·(å¤±æ•—7æ¬¡)ï¼Œè«‹60ç§’å¾Œé‡è©¦ | æ“ä½œ: generic | å„ªå…ˆç´š: NORMAL
2025-10-28T12:23:54.089341717Z [inf]  2025-10-28 12:23:53,951 - src.clients.binance_client - ERROR - API è«‹æ±‚å¤±æ•—: /fapi/v1/klines - ç†”æ–·å™¨é˜»æ–·(å¤±æ•—7æ¬¡)ï¼Œè«‹60ç§’å¾Œé‡è©¦
2025-10-28T12:23:54.091316308Z [inf]  2025-10-28 12:23:53,951 - src.services.data_service - ERROR - ç²å– Kç·šæ•¸æ“šå¤±æ•— LINEAUSDT 15m: ç†”æ–·å™¨é˜»æ–·(å¤±æ•—7æ¬¡)ï¼Œè«‹60ç§’å¾Œé‡è©¦
2025-10-28T12:23:54.091329909Z [inf]  2025-10-28 12:23:53,952 - src.core.circuit_breaker - ERROR - ğŸ”´ ç†”æ–·å™¨é˜»æ–·(å¤±æ•—7æ¬¡)ï¼Œè«‹60ç§’å¾Œé‡è©¦ | æ“ä½œ: generic | å„ªå…ˆç´š: NORMAL
2025-10-28T12:23:54.091358832Z [inf]  2025-10-28 12:23:53,952 - src.clients.binance_client - ERROR - API è«‹æ±‚å¤±æ•—: /fapi/v1/klines - ç†”æ–·å™¨é˜»æ–·(å¤±æ•—7æ¬¡)ï¼Œè«‹60ç§’å¾Œé‡è©¦
2025-10-28T12:23:54.091367258Z [inf]  2025-10-28 12:23:53,952 - src.services.data_service - ERROR - ç²å– Kç·šæ•¸æ“šå¤±æ•— LINEAUSDT 5m: ç†”æ–·å™¨é˜»æ–·(å¤±æ•—7æ¬¡)ï¼Œè«‹60ç§’å¾Œé‡è©¦
2025-10-28T12:23:54.091375020Z [inf]  2025-10-28 12:23:53,952 - src.core.circuit_breaker - ERROR - ğŸ”´ ç†”æ–·å™¨é˜»æ–·(å¤±æ•—7æ¬¡)ï¼Œè«‹60ç§’å¾Œé‡è©¦ | æ“ä½œ: generic | å„ªå…ˆç´š: NORMAL
2025-10-28T12:23:54.091383595Z [inf]  2025-10-28 12:23:53,952 - src.clients.binance_client - ERROR - API è«‹æ±‚å¤±æ•—: /fapi/v1/klines - ç†”æ–·å™¨é˜»æ–·(å¤±æ•—7æ¬¡)ï¼Œè«‹60ç§’å¾Œé‡è©¦
2025-10-28T12:23:54.091391538Z [inf]  2025-10-28 12:23:53,952 - src.services.data_service - ERROR - ç²å– Kç·šæ•¸æ“šå¤±æ•— QUSDT 1h: ç†”æ–·å™¨é˜»æ–·(å¤±æ•—7æ¬¡)ï¼Œè«‹60ç§’å¾Œé‡è©¦
2025-10-28T12:23:54.091402409Z [inf]  2025-10-28 12:23:53,952 - src.core.circuit_breaker - ERROR - ğŸ”´ ç†”æ–·å™¨é˜»æ–·(å¤±æ•—7æ¬¡)ï¼Œè«‹60ç§’å¾Œé‡è©¦ | æ“ä½œ: generic | å„ªå…ˆç´š: NORMAL
2025-10-28T12:23:54.093245958Z [inf]  2025-10-28 12:23:53,952 - src.clients.binance_client - ERROR - API è«‹æ±‚å¤±æ•—: /fapi/v1/klines - ç†”æ–·å™¨é˜»æ–·(å¤±æ•—7æ¬¡)ï¼Œè«‹60ç§’å¾Œé‡è©¦
2025-10-28T12:23:54.094785991Z [inf]  2025-10-28 12:23:53,953 - src.core.circuit_breaker - ERROR - ğŸ”´ ç†”æ–·å™¨é˜»æ–·(å¤±æ•—7æ¬¡)ï¼Œè«‹60ç§’å¾Œé‡è©¦ | æ“ä½œ: generic | å„ªå…ˆç´š: NORMAL
2025-10-28T12:23:54.097198365Z [inf]  2025-10-28 12:23:53,954 - src.services.data_service - ERROR - ç²å– Kç·šæ•¸æ“šå¤±æ•— PTBUSDT 1h: ç†”æ–·å™¨é˜»æ–·(å¤±æ•—7æ¬¡)ï¼Œè«‹60ç§’å¾Œé‡è©¦
2025-10-28T12:23:54.098820073Z [inf]  2025-10-28 12:23:53,955 - src.clients.binance_client - ERROR - API è«‹æ±‚å¤±æ•—: /fapi/v1/klines - ç†”æ–·å™¨é˜»æ–·(å¤±æ•—7æ¬¡)ï¼Œè«‹60ç§’å¾Œé‡è©¦
2025-10-28T12:23:54.100368465Z [inf]  2025-10-28 12:23:53,956 - src.core.circuit_breaker - ERROR - ğŸ”´ ç†”æ–·å™¨é˜»æ–·(å¤±æ•—7æ¬¡)ï¼Œè«‹60ç§’å¾Œé‡è©¦ | æ“ä½œ: generic | å„ªå…ˆç´š: NORMAL
2025-10-28T12:23:54.103178374Z [inf]  2025-10-28 12:23:53,957 - src.clients.binance_client - ERROR - API è«‹æ±‚å¤±æ•—: /fapi/v1/klines - ç†”æ–·å™¨é˜»æ–·(å¤±æ•—7æ¬¡)ï¼Œè«‹60ç§’å¾Œé‡è©¦
2025-10-28T12:23:54.105972354Z [inf]  2025-10-28 12:23:53,958 - src.core.circuit_breaker - ERROR - ğŸ”´ ç†”æ–·å™¨é˜»æ–·(å¤±æ•—7æ¬¡)ï¼Œè«‹60ç§’å¾Œé‡è©¦ | æ“ä½œ: generic | å„ªå…ˆç´š: NORMAL
2025-10-28T12:23:54.106597360Z [inf]  2025-10-28 12:23:53,959 - src.services.data_service - ERROR - ç²å– Kç·šæ•¸æ“šå¤±æ•— UBUSDT 15m: ç†”æ–·å™¨é˜»æ–·(å¤±æ•—7æ¬¡)ï¼Œè«‹60ç§’å¾Œé‡è©¦
2025-10-28T12:23:54.107777228Z [inf]  2025-10-28 12:23:53,959 - src.clients.binance_client - ERROR - API è«‹æ±‚å¤±æ•—: /fapi/v1/klines - ç†”æ–·å™¨é˜»æ–·(å¤±æ•—7æ¬¡)ï¼Œè«‹60ç§’å¾Œé‡è©¦
2025-10-28T12:23:54.110726502Z [inf]  2025-10-28 12:23:53,961 - src.services.data_service - ERROR - ç²å– Kç·šæ•¸æ“šå¤±æ•— 0GUSDT 1h: ç†”æ–·å™¨é˜»æ–·(å¤±æ•—7æ¬¡)ï¼Œè«‹60ç§’å¾Œé‡è©¦
2025-10-28T12:23:54.112308507Z [inf]  2025-10-28 12:23:53,962 - src.clients.binance_client - ERROR - API è«‹æ±‚å¤±æ•—: /fapi/v1/klines - ç†”æ–·å™¨é˜»æ–·(å¤±æ•—7æ¬¡)ï¼Œè«‹60ç§’å¾Œé‡è©¦
2025-10-28T12:23:54.113911679Z [inf]  2025-10-28 12:23:53,963 - src.core.circuit_breaker - ERROR - ğŸ”´ ç†”æ–·å™¨é˜»æ–·(å¤±æ•—7æ¬¡)ï¼Œè«‹60ç§’å¾Œé‡è©¦ | æ“ä½œ: generic | å„ªå…ˆç´š: NORMAL
2025-10-28T12:23:54.117403427Z [inf]  2025-10-28 12:23:53,964 - src.clients.binance_client - ERROR - API è«‹æ±‚å¤±æ•—: /fapi/v1/klines - ç†”æ–·å™¨é˜»æ–·(å¤±æ•—7æ¬¡)ï¼Œè«‹60ç§’å¾Œé‡è©¦
2025-10-28T12:23:54.119095746Z [inf]  2025-10-28 12:23:53,965 - src.core.circuit_breaker - ERROR - ğŸ”´ ç†”æ–·å™¨é˜»æ–·(å¤±æ•—7æ¬¡)ï¼Œè«‹60ç§’å¾Œé‡è©¦ | æ“ä½œ: generic | å„ªå…ˆç´š: NORMAL
2025-10-28T12:23:54.120683035Z [inf]  2025-10-28 12:23:53,965 - src.services.data_service - ERROR - ç²å– Kç·šæ•¸æ“šå¤±æ•— COAIUSDT 15m: ç†”æ–·å™¨é˜»æ–·(å¤±æ•—7æ¬¡)ï¼Œè«‹60ç§’å¾Œé‡è©¦
2025-10-28T12:23:54.122250377Z [inf]  2025-10-28 12:23:53,966 - src.clients.binance_client - ERROR - API è«‹æ±‚å¤±æ•—: /fapi/v1/klines - ç†”æ–·å™¨é˜»æ–·(å¤±æ•—7æ¬¡)ï¼Œè«‹60ç§’å¾Œé‡è©¦
2025-10-28T12:23:54.125037393Z [inf]  2025-10-28 12:23:53,968 - src.services.data_service - ERROR - ç²å– Kç·šæ•¸æ“šå¤±æ•— ORDERUSDT 1h: ç†”æ–·å™¨é˜»æ–·(å¤±æ•—7æ¬¡)ï¼Œè«‹60ç§’å¾Œé‡è©¦
2025-10-28T12:23:54.126371172Z [inf]  2025-10-28 12:23:53,969 - src.clients.binance_client - ERROR - API è«‹æ±‚å¤±æ•—: /fapi/v1/klines - ç†”æ–·å™¨é˜»æ–·(å¤±æ•—7æ¬¡)ï¼Œè«‹60ç§’å¾Œé‡è©¦
2025-10-28T12:23:54.128163066Z [inf]  2025-10-28 12:23:53,970 - src.core.circuit_breaker - ERROR - ğŸ”´ ç†”æ–·å™¨é˜»æ–·(å¤±æ•—7æ¬¡)ï¼Œè«‹60ç§’å¾Œé‡è©¦ | æ“ä½œ: generic | å„ªå…ˆç´š: NORMAL
2025-10-28T12:23:54.129809024Z [inf]  2025-10-28 12:23:53,970 - src.services.data_service - ERROR - ç²å– Kç·šæ•¸æ“šå¤±æ•— FFUSDT 5m: ç†”æ–·å™¨é˜»æ–·(å¤±æ•—7æ¬¡)ï¼Œè«‹60ç§’å¾Œé‡è©¦
2025-10-28T12:23:54.132625982Z [inf]  2025-10-28 12:23:53,972 - src.core.circuit_breaker - ERROR - ğŸ”´ ç†”æ–·å™¨é˜»æ–·(å¤±æ•—7æ¬¡)ï¼Œè«‹60ç§’å¾Œé‡è©¦ | æ“ä½œ: generic | å„ªå…ˆç´š: NORMAL
2025-10-28T12:23:54.134028715Z [inf]  2025-10-28 12:23:53,973 - src.services.data_service - ERROR - ç²å– Kç·šæ•¸æ“šå¤±æ•— TRUTHUSDT 15m: ç†”æ–·å™¨é˜»æ–·(å¤±æ•—7æ¬¡)ï¼Œè«‹60ç§’å¾Œé‡è©¦
2025-10-28T12:23:54.141556018Z [inf]  2025-10-28 12:23:53,975 - src.core.circuit_breaker - ERROR - ğŸ”´ ç†”æ–·å™¨é˜»æ–·(å¤±æ•—7æ¬¡)ï¼Œè«‹60ç§’å¾Œé‡è©¦ | æ“ä½œ: generic | å„ªå…ˆç´š: NORMAL
2025-10-28T12:23:54.141573157Z [inf]  2025-10-28 12:23:53,975 - src.clients.binance_client - ERROR - API è«‹æ±‚å¤±æ•—: /fapi/v1/klines - ç†”æ–·å™¨é˜»æ–·(å¤±æ•—7æ¬¡)ï¼Œè«‹60ç§’å¾Œé‡è©¦
2025-10-28T12:23:54.141582817Z [inf]  2025-10-28 12:23:53,975 - src.services.data_service - ERROR - ç²å– Kç·šæ•¸æ“šå¤±æ•— LYNUSDT 1h: ç†”æ–·å™¨é˜»æ–·(å¤±æ•—7æ¬¡)ï¼Œè«‹60ç§’å¾Œé‡è©¦
2025-10-28T12:23:54.143266513Z [inf]  2025-10-28 12:23:53,976 - src.services.data_service - ERROR - ç²å– Kç·šæ•¸æ“šå¤±æ•— KGENUSDT 1h: ç†”æ–·å™¨é˜»æ–·(å¤±æ•—7æ¬¡)ï¼Œè«‹60ç§’å¾Œé‡è©¦
2025-10-28T12:23:54.144898105Z [inf]  2025-10-28 12:23:53,977 - src.clients.binance_client - ERROR - API è«‹æ±‚å¤±æ•—: /fapi/v1/klines - ç†”æ–·å™¨é˜»æ–·(å¤±æ•—7æ¬¡)ï¼Œè«‹60ç§’å¾Œé‡è©¦
2025-10-28T12:23:54.146891196Z [inf]  2025-10-28 12:23:53,978 - src.core.circuit_breaker - ERROR - ğŸ”´ ç†”æ–·å™¨é˜»æ–·(å¤±æ•—7æ¬¡)ï¼Œè«‹60ç§’å¾Œé‡è©¦ | æ“ä½œ: generic | å„ªå…ˆç´š: NORMAL
2025-10-28T12:23:54.148283751Z [inf]  2025-10-28 12:23:53,978 - src.services.data_service - ERROR - ç²å– Kç·šæ•¸æ“šå¤±æ•— MONUSDT 5m: ç†”æ–·å™¨é˜»æ–·(å¤±æ•—7æ¬¡)ï¼Œè«‹60ç§’å¾Œé‡è©¦
2025-10-28T12:23:54.149987845Z [inf]  2025-10-28 12:23:53,979 - src.clients.binance_client - ERROR - API è«‹æ±‚å¤±æ•—: /fapi/v1/klines - ç†”æ–·å™¨é˜»æ–·(å¤±æ•—7æ¬¡)ï¼Œè«‹60ç§’å¾Œé‡è©¦
2025-10-28T12:23:54.151859623Z [inf]  2025-10-28 12:23:53,980 - src.core.circuit_breaker - ERROR - ğŸ”´ ç†”æ–·å™¨é˜»æ–·(å¤±æ•—7æ¬¡)ï¼Œè«‹60ç§’å¾Œé‡è©¦ | æ“ä½œ: generic | å„ªå…ˆç´š: NORMAL
2025-10-28T12:23:54.153971891Z [inf]  2025-10-28 12:23:53,980 - src.services.data_service - ERROR - ç²å– Kç·šæ•¸æ“šå¤±æ•— ENSOUSDT 15m: ç†”æ–·å™¨é˜»æ–·(å¤±æ•—7æ¬¡)ï¼Œè«‹60ç§’å¾Œé‡è©¦
2025-10-28T12:23:54.156812966Z [inf]  2025-10-28 12:23:53,982 - src.core.circuit_breaker - ERROR - ğŸ”´ ç†”æ–·å™¨é˜»æ–·(å¤±æ•—7æ¬¡)ï¼Œè«‹60ç§’å¾Œé‡è©¦ | æ“ä½œ: generic | å„ªå…ˆç´š: NORMAL
2025-10-28T12:23:54.158789887Z [inf]  2025-10-28 12:23:53,983 - src.services.data_service - ERROR - ç²å– Kç·šæ•¸æ“šå¤±æ•— LABUSDT 1h: ç†”æ–·å™¨é˜»æ–·(å¤±æ•—7æ¬¡)ï¼Œè«‹60ç§’å¾Œé‡è©¦
2025-10-28T12:23:54.160575498Z [inf]  2025-10-28 12:23:53,984 - src.clients.binance_client - ERROR - API è«‹æ±‚å¤±æ•—: /fapi/v1/klines - ç†”æ–·å™¨é˜»æ–·(å¤±æ•—7æ¬¡)ï¼Œè«‹60ç§’å¾Œé‡è©¦
2025-10-28T12:23:54.162812217Z [inf]  2025-10-28 12:23:53,985 - src.core.circuit_breaker - ERROR - ğŸ”´ ç†”æ–·å™¨é˜»æ–·(å¤±æ•—7æ¬¡)ï¼Œè«‹60ç§’å¾Œé‡è©¦ | æ“ä½œ: generic | å„ªå…ˆç´š: NORMAL
2025-10-28T12:23:54.164483136Z [inf]  2025-10-28 12:23:53,985 - src.services.data_service - ERROR - ç²å– Kç·šæ•¸æ“šå¤±æ•— å¸å®‰äººç”ŸUSDT 5m: ç†”æ–·å™¨é˜»æ–·(å¤±æ•—7æ¬¡)ï¼Œè«‹60ç§’å¾Œé‡è©¦
2025-10-28T12:23:54.165765614Z [inf]  2025-10-28 12:23:53,986 - src.services.data_service - ERROR - ç²å– Kç·šæ•¸æ“šå¤±æ•— TURTLEUSDT 1h: ç†”æ–·å™¨é˜»æ–·(å¤±æ•—7æ¬¡)ï¼Œè«‹60ç§’å¾Œé‡è©¦
2025-10-28T12:23:54.169096537Z [inf]  2025-10-28 12:23:53,987 - src.services.data_service - ERROR - ç²å– Kç·šæ•¸æ“šå¤±æ•— ONUSDT 15m: ç†”æ–·å™¨é˜»æ–·(å¤±æ•—7æ¬¡)ï¼Œè«‹60ç§’å¾Œé‡è©¦
2025-10-28T12:23:54.170844673Z [inf]  2025-10-28 12:23:53,988 - src.clients.binance_client - ERROR - API è«‹æ±‚å¤±æ•—: /fapi/v1/klines - ç†”æ–·å™¨é˜»æ–·(å¤±æ•—7æ¬¡)ï¼Œè«‹60ç§’å¾Œé‡è©¦
2025-10-28T12:23:54.172793341Z [inf]  2025-10-28 12:23:53,989 - src.core.unified_scheduler - INFO - âœ… ç™¼ç¾ 35 å€‹äº¤æ˜“ä¿¡è™Ÿ
2025-10-28T12:23:54.174662808Z [inf]    File "/app/src/core/circuit_breaker.py", line 327, in call_async
2025-10-28T12:23:54.176583114Z [inf]  2025-10-28 12:23:53,991 - src.core.circuit_breaker - ERROR - ğŸ”´ ç†”æ–·å™¨é˜»æ–·(å¤±æ•—7æ¬¡)ï¼Œè«‹60ç§’å¾Œé‡è©¦ | æ“ä½œ: generic | å„ªå…ˆç´š: NORMAL
2025-10-28T12:23:54.178399710Z [inf]  
2025-10-28T12:23:54.179704091Z [inf]      order_result = await self.binance_client.place_order(
2025-10-28T12:23:54.183221931Z [inf]  2025-10-28 12:23:53,993 - src.core.circuit_breaker - ERROR - ğŸ”´ ç†”æ–·å™¨é˜»æ–·(å¤±æ•—7æ¬¡)ï¼Œè«‹60ç§’å¾Œé‡è©¦ | æ“ä½œ: generic | å„ªå…ˆç´š: NORMAL
2025-10-28T12:23:54.184980063Z [inf]             ^^^^^^^^^^^^^^^^^^^^^^^^^^^^^^^^^^^^^^^^^^^^^^^^^^^^^^^^^^^^^^^^^^^^^^^^^^^^^^^^^^^^^^^^
2025-10-28T12:23:54.187318184Z [inf]  2025-10-28 12:23:53,993 - src.core.unified_scheduler - ERROR -    âŒ åŸ·è¡Œä¿¡è™Ÿå¤±æ•—: ç†”æ–·å™¨é˜»æ–·(å¤±æ•—7æ¬¡)ï¼Œè«‹60ç§’å¾Œé‡è©¦
2025-10-28T12:23:54.189389621Z [inf]             ^^^^^^^^^^^^^^^^^^^^^^^^^^^^^^^^^^^^^^^^^^^^^^^^^^^^^^^^^^^^^^^^^^^^^^^^^
2025-10-28T12:23:54.191044981Z [inf]    File "/app/src/clients/binance_client.py", line 203, in _request
2025-10-28T12:23:54.192434368Z [inf]      raise BinanceRequestError(
2025-10-28T12:23:54.193852039Z [inf]    File "/app/src/core/circuit_breaker.py", line 327, in call_async
2025-10-28T12:23:54.196870981Z [inf]  
2025-10-28T12:23:54.198514457Z [inf]  2025-10-28 12:23:53,995 - src.core.unified_scheduler - WARNING -    âš ï¸ è¨­ç½®æ§“æ¡¿å¤±æ•— (TLMUSDT 12x): ç†”æ–·å™¨é˜»æ–·(å¤±æ•—7æ¬¡)ï¼Œè«‹60ç§’å¾Œé‡è©¦
2025-10-28T12:23:54.200810945Z [inf]                     ^^^^^^^^^^^^^^^^^^^^^^^^^^^^^^^^^^^^^^
2025-10-28T12:23:54.202960719Z [inf]  2025-10-28 12:23:53,996 - src.core.circuit_breaker - ERROR - ğŸ”´ ç†”æ–·å™¨é˜»æ–·(å¤±æ•—7æ¬¡)ï¼Œè«‹60ç§’å¾Œé‡è©¦ | æ“ä½œ: generic | å„ªå…ˆç´š: NORMAL
2025-10-28T12:23:54.206060514Z [inf]             ^^^^^^^^^^^^^^^^^^^^^^^^^^^^^^^^^^^^^^^^^^^^^^^^^^^^^^^^^^^^^^^^^^^^^^^^^^^^^^^^^^^^^^^^
2025-10-28T12:23:54.206078111Z [inf]    File "/app/src/clients/binance_client.py", line 568, in create_order
2025-10-28T12:23:54.207731084Z [inf]                     ^^^^^^^^^^^^^^^^^^^^^^^^^^^^^^^^^^^^^^
2025-10-28T12:23:54.211149150Z [inf]    File "/app/src/clients/binance_client.py", line 203, in _request
2025-10-28T12:23:54.213196939Z [inf]      raise BinanceRequestError(
2025-10-28T12:23:54.215152842Z [inf]               ^^^^^^^^^^^^^^^^^^^^^^^^^^^^^^^^^^^^^^^^^^^^^^^^^^
2025-10-28T12:23:54.217118878Z [inf]  2025-10-28 12:23:53,998 - src.strategies.self_learning_trader - INFO -    ğŸ’° å€‰ä½è¨ˆç®—: æ¬Šç›Š=$21.51 | æ§“æ¡¿=12.7x | åç¾©åƒ¹å€¼=$219.37 | æ•¸é‡=6675.810787 | å¯¦éš›åƒ¹å€¼=$219.37
2025-10-28T12:23:54.218595065Z [inf]      raise Exception(reason)
2025-10-28T12:23:54.220253092Z [inf]  2025-10-28 12:23:53,999 - src.core.circuit_breaker - ERROR - ğŸ”´ ç†”æ–·å™¨é˜»æ–·(å¤±æ•—7æ¬¡)ï¼Œè«‹60ç§’å¾Œé‡è©¦ | æ“ä½œ: generic | å„ªå…ˆç´š: NORMAL
2025-10-28T12:23:54.222004725Z [inf]  
2025-10-28T12:23:54.223790475Z [inf]  2025-10-28 12:23:54,000 - src.core.unified_scheduler - WARNING -    âš ï¸ è¨­ç½®æ§“æ¡¿å¤±æ•— (OMUSDT 11x): ç†”æ–·å™¨é˜»æ–·(å¤±æ•—7æ¬¡)ï¼Œè«‹60ç§’å¾Œé‡è©¦
2025-10-28T12:23:54.227297107Z [inf]  2025-10-28 12:23:54,001 - src.core.circuit_breaker - ERROR - ğŸ”´ ç†”æ–·å™¨é˜»æ–·(å¤±æ•—7æ¬¡)ï¼Œè«‹60ç§’å¾Œé‡è©¦ | æ“ä½œ: generic | å„ªå…ˆç´š: NORMAL
2025-10-28T12:23:54.229262895Z [inf]             ^^^^^^^^^^^^^^^^^^^^^^^^^^^^^^^^^^^^^^^^^^^^^^^^^^^^^^^^^^^^^^^^^^^^^^^^^^^^^^^^^^^^^^^^
2025-10-28T12:23:54.232072661Z [inf]  2025-10-28 12:23:54,002 - src.core.unified_scheduler - ERROR -    âŒ åŸ·è¡Œä¿¡è™Ÿå¤±æ•—: ç†”æ–·å™¨é˜»æ–·(å¤±æ•—7æ¬¡)ï¼Œè«‹60ç§’å¾Œé‡è©¦
2025-10-28T12:23:54.232079421Z [inf]  Traceback (most recent call last):
2025-10-28T12:23:54.234823197Z [inf]             ^^^^^^^^^^^^^^^^^^^^^^^^^^^^^^^^^^^^^^^^^^^^^^^^^^^^^^^^^^^^^^^^^^^^^^^^^
2025-10-28T12:23:54.237284341Z [inf]    File "/app/src/clients/binance_client.py", line 203, in _request
2025-10-28T12:23:54.238841847Z [inf]      raise BinanceRequestError(
2025-10-28T12:23:54.242323360Z [inf]    File "/app/src/core/circuit_breaker.py", line 327, in call_async
2025-10-28T12:23:54.242352278Z [inf]      raise Exception(reason)
2025-10-28T12:23:54.244610985Z [inf]  2025-10-28 12:23:54,003 - src.core.circuit_breaker - ERROR - ğŸ”´ ç†”æ–·å™¨é˜»æ–·(å¤±æ•—7æ¬¡)ï¼Œè«‹60ç§’å¾Œé‡è©¦ | æ“ä½œ: generic | å„ªå…ˆç´š: NORMAL
2025-10-28T12:23:54.246807241Z [inf]  
2025-10-28T12:23:54.251176848Z [inf]  2025-10-28 12:23:54,004 - src.core.unified_scheduler - WARNING -    âš ï¸ è¨­ç½®æ§“æ¡¿å¤±æ•— (FLUXUSDT 12x): ç†”æ–·å™¨é˜»æ–·(å¤±æ•—7æ¬¡)ï¼Œè«‹60ç§’å¾Œé‡è©¦
2025-10-28T12:23:54.251195709Z [inf]  2025-10-28 12:23:54,004 - src.clients.binance_client - INFO - å‰µå»ºè¨‚å–®: FLUXUSDT SELL MARKET 1818.0
2025-10-28T12:23:54.253650768Z [inf]                     ^^^^^^^^^^^^^^^^^^^^^^^^^^^^^^^^^^^^^^
2025-10-28T12:23:54.256414616Z [inf]  2025-10-28 12:23:54,005 - src.core.circuit_breaker - ERROR - ğŸ”´ ç†”æ–·å™¨é˜»æ–·(å¤±æ•—7æ¬¡)ï¼Œè«‹60ç§’å¾Œé‡è©¦ | æ“ä½œ: generic | å„ªå…ˆç´š: NORMAL
2025-10-28T12:23:54.256430157Z [inf]  2025-10-28 12:23:54,005 - src.clients.binance_client - ERROR - API è«‹æ±‚å¤±æ•—: /fapi/v1/order - ç†”æ–·å™¨é˜»æ–·(å¤±æ•—7æ¬¡)ï¼Œè«‹60ç§’å¾Œé‡è©¦
2025-10-28T12:23:54.258864188Z [inf]             ^^^^^^^^^^^^^^^^^^^^^^^^^^^^^^^^^^^^^^^^^^^^^^^^^^^^^^^^^^^^^^^^^^^^^^^^^^^^^^^^^^^^^^^^
2025-10-28T12:23:54.260701131Z [inf]  2025-10-28 12:23:54,006 - src.core.unified_scheduler - ERROR -    âŒ åŸ·è¡Œä¿¡è™Ÿå¤±æ•—: ç†”æ–·å™¨é˜»æ–·(å¤±æ•—7æ¬¡)ï¼Œè«‹60ç§’å¾Œé‡è©¦
2025-10-28T12:23:54.262362606Z [inf]             ^^^^^^^^^^^^^^^^^^^^^^^^^^^^^^^^^^^^^^^^^^^^^^^^^^^^^^^^^^^^^^^^^^^^^^^^^
2025-10-28T12:23:54.264308130Z [inf]    File "/app/src/clients/binance_client.py", line 203, in _request
2025-10-28T12:23:54.266520093Z [inf]      raise BinanceRequestError(
2025-10-28T12:23:54.268701360Z [inf]               ^^^^^^^^^^^^^^^^^^^^^^^^^^^^^^^^^^^^^^^^^^^^^^^^^^
2025-10-28T12:23:54.271468025Z [inf]  2025-10-28 12:23:54,007 - src.strategies.self_learning_trader - INFO -    ğŸ’° å€‰ä½è¨ˆç®—: æ¬Šç›Š=$21.51 | æ§“æ¡¿=12.6x | åç¾©åƒ¹å€¼=$216.63 | æ•¸é‡=2751.143678 | å¯¦éš›åƒ¹å€¼=$216.63
2025-10-28T12:23:54.273908530Z [inf]      raise Exception(reason)
2025-10-28T12:23:54.273918063Z [inf]  Exception: ç†”æ–·å™¨é˜»æ–·(å¤±æ•—7æ¬¡)ï¼Œè«‹60ç§’å¾Œé‡è©¦
2025-10-28T12:23:54.277271685Z [inf]  
2025-10-28T12:23:54.279321047Z [inf]  2025-10-28 12:23:54,008 - src.core.unified_scheduler - WARNING -    âš ï¸ è¨­ç½®æ§“æ¡¿å¤±æ•— (SHELLUSDT 11x): ç†”æ–·å™¨é˜»æ–·(å¤±æ•—7æ¬¡)ï¼Œè«‹60ç§’å¾Œé‡è©¦
2025-10-28T12:23:54.280436522Z [inf]                     ^^^^^^^^^^^^^^^^^^^^^^^^^^^^^^^^^^^^^^
2025-10-28T12:23:54.282208362Z [inf]  2025-10-28 12:23:54,009 - src.core.circuit_breaker - ERROR - ğŸ”´ ç†”æ–·å™¨é˜»æ–·(å¤±æ•—7æ¬¡)ï¼Œè«‹60ç§’å¾Œé‡è©¦ | æ“ä½œ: generic | å„ªå…ˆç´š: NORMAL
2025-10-28T12:23:54.284519132Z [inf]             ^^^^^^^^^^^^^^^^^^^^^^^^^^^^^^^^^^^^^^^^^^^^^^^^^^^^^^^^^^^^^^^^^^^^^^^^^^^^^^^^^^^^^^^^
2025-10-28T12:23:54.286028722Z [inf]  2025-10-28 12:23:54,010 - src.core.unified_scheduler - ERROR -    âŒ åŸ·è¡Œä¿¡è™Ÿå¤±æ•—: ç†”æ–·å™¨é˜»æ–·(å¤±æ•—7æ¬¡)ï¼Œè«‹60ç§’å¾Œé‡è©¦
2025-10-28T12:23:54.287844147Z [inf]             ^^^^^^^^^^^^^^^^^^^^^^^^^^^^^^^^^^^^^^^^^^^^^^^^^^^^^^^^^^^^^^^^^^^^^^^^^
2025-10-28T12:23:54.289942319Z [inf]    File "/app/src/clients/binance_client.py", line 203, in _request
2025-10-28T12:23:54.293533484Z [inf]               ^^^^^^^^^^^^^^^^^^^^^^^^^^^^^^^^^^^^^^^^^^^^^^^^^^
2025-10-28T12:23:54.294923726Z [inf]  2025-10-28 12:23:54,011 - src.strategies.self_learning_trader - INFO -    ğŸ’° å€‰ä½è¨ˆç®—: æ¬Šç›Š=$21.51 | æ§“æ¡¿=11.8x | åç¾©åƒ¹å€¼=$202.91 | æ•¸é‡=15.400319 | å¯¦éš›åƒ¹å€¼=$202.91
2025-10-28T12:23:54.296946208Z [inf]      raise Exception(reason)
2025-10-28T12:23:54.298673514Z [inf]  2025-10-28 12:23:54,012 - src.core.circuit_breaker - ERROR - ğŸ”´ ç†”æ–·å™¨é˜»æ–·(å¤±æ•—7æ¬¡)ï¼Œè«‹60ç§’å¾Œé‡è©¦ | æ“ä½œ: generic | å„ªå…ˆç´š: NORMAL
2025-10-28T12:23:54.300500246Z [inf]  
2025-10-28T12:24:00.128148211Z [inf]      account_info = await self.get_account_info()
2025-10-28T12:24:00.128205096Z [inf]  During handling of the above exception, another exception occurred:
2025-10-28T12:24:00.128211386Z [inf]  
2025-10-28T12:24:00.128217551Z [inf]  Traceback (most recent call last):
2025-10-28T12:24:00.128225980Z [inf]    File "/app/src/core/position_controller.py", line 135, in _fetch_all_positions
2025-10-28T12:24:00.128232775Z [inf]      raw_positions = await self.binance_client.get_position_info_async()
2025-10-28T12:24:00.128236668Z [inf]  2025-10-28 12:24:00,105 - src.core.circuit_breaker - ERROR - ğŸ”´ ç†”æ–·å™¨é˜»æ–·(å¤±æ•—7æ¬¡)ï¼Œè«‹54ç§’å¾Œé‡è©¦ | æ“ä½œ: generic | å„ªå…ˆç´š: NORMAL
2025-10-28T12:24:00.128239128Z [inf]  2025-10-28 12:24:00,105 - src.core.position_controller - ERROR - âŒ ç²å–æŒå€‰å¤±æ•—: ç†”æ–·å™¨é˜»æ–·(å¤±æ•—7æ¬¡)ï¼Œè«‹54ç§’å¾Œé‡è©¦
2025-10-28T12:24:00.128243103Z [inf]                      ^^^^^^^^^^^^^^^^^^^^^^^^^^^^^^^^^^^^^^^^^^^^^^^^^^^
2025-10-28T12:24:00.128246677Z [inf]  2025-10-28 12:24:00,105 - src.clients.binance_client - ERROR - API è«‹æ±‚å¤±æ•—: /fapi/v2/account - ç†”æ–·å™¨é˜»æ–·(å¤±æ•—7æ¬¡)ï¼Œè«‹54ç§’å¾Œé‡è©¦
2025-10-28T12:24:00.128251644Z [inf]    File "/app/src/clients/binance_client.py", line 475, in get_position_info_async
2025-10-28T12:24:00.128262944Z [inf]  Traceback (most recent call last):
2025-10-28T12:24:00.128275087Z [inf]    File "/app/src/clients/binance_client.py", line 203, in _request
2025-10-28T12:24:00.128290480Z [inf]      result = await self.circuit_breaker.call_async(_do_request)
2025-10-28T12:24:00.128300439Z [inf]               ^^^^^^^^^^^^^^^^^^^^^^^^^^^^^^^^^^^^^^^^^^^^^^^^^^
2025-10-28T12:24:00.128312400Z [inf]    File "/app/src/core/circuit_breaker.py", line 327, in call_async
2025-10-28T12:24:00.128323101Z [inf]      raise Exception(reason)
2025-10-28T12:24:00.128332904Z [inf]  Exception: ç†”æ–·å™¨é˜»æ–·(å¤±æ•—7æ¬¡)ï¼Œè«‹54ç§’å¾Œé‡è©¦
2025-10-28T12:24:00.128341966Z [inf]  
2025-10-28T12:24:00.132235456Z [inf]                     ^^^^^^^^^^^^^^^^^^^^^^^^^^^^^
2025-10-28T12:24:00.132243805Z [inf]    File "/app/src/clients/binance_client.py", line 455, in get_account_info
2025-10-28T12:24:00.132251905Z [inf]      result = await self._request("GET", "/fapi/v2/account", signed=True)
2025-10-28T12:24:00.132259410Z [inf]               ^^^^^^^^^^^^^^^^^^^^^^^^^^^^^^^^^^^^^^^^^^^^^^^^^^^^^^^^^^^
2025-10-28T12:24:00.132267714Z [inf]    File "/app/src/clients/binance_client.py", line 219, in _request
2025-10-28T12:24:00.132278024Z [inf]      raise BinanceRequestError(
2025-10-28T12:24:00.132285297Z [inf]  src.clients.binance_errors.BinanceRequestError: ç†”æ–·å™¨é˜»æ–·(å¤±æ•—7æ¬¡)ï¼Œè«‹54ç§’å¾Œé‡è©¦
2025-10-28T12:24:02.111057148Z [inf]                      ^^^^^^^^^^^^^^^^^^^^^^^^^^^^^^^^^^^^^^^^^^^^^^^^^^^
2025-10-28T12:24:02.111065333Z [inf]    File "/app/src/clients/binance_client.py", line 475, in get_position_info_async
2025-10-28T12:24:02.111071869Z [inf]      account_info = await self.get_account_info()
2025-10-28T12:24:02.111078554Z [inf]  Exception: ç†”æ–·å™¨é˜»æ–·(å¤±æ•—7æ¬¡)ï¼Œè«‹52ç§’å¾Œé‡è©¦
2025-10-28T12:24:02.111093699Z [inf]  
2025-10-28T12:24:02.111104761Z [inf]  During handling of the above exception, another exception occurred:
2025-10-28T12:24:02.111118077Z [inf]  
2025-10-28T12:24:02.111127508Z [inf]  Traceback (most recent call last):
2025-10-28T12:24:02.111133347Z [inf]  2025-10-28 12:24:02,107 - src.core.circuit_breaker - ERROR - ğŸ”´ ç†”æ–·å™¨é˜»æ–·(å¤±æ•—7æ¬¡)ï¼Œè«‹52ç§’å¾Œé‡è©¦ | æ“ä½œ: generic | å„ªå…ˆç´š: NORMAL
2025-10-28T12:24:02.111140188Z [inf]    File "/app/src/core/position_controller.py", line 135, in _fetch_all_positions
2025-10-28T12:24:02.111145794Z [inf]  2025-10-28 12:24:02,107 - src.clients.binance_client - ERROR - API è«‹æ±‚å¤±æ•—: /fapi/v2/account - ç†”æ–·å™¨é˜»æ–·(å¤±æ•—7æ¬¡)ï¼Œè«‹52ç§’å¾Œé‡è©¦
2025-10-28T12:24:02.111153621Z [inf]      raw_positions = await self.binance_client.get_position_info_async()
2025-10-28T12:24:02.111158632Z [inf]  2025-10-28 12:24:02,107 - src.core.position_controller - ERROR - âŒ ç²å–æŒå€‰å¤±æ•—: ç†”æ–·å™¨é˜»æ–·(å¤±æ•—7æ¬¡)ï¼Œè«‹52ç§’å¾Œé‡è©¦
2025-10-28T12:24:02.111167967Z [inf]  Traceback (most recent call last):
2025-10-28T12:24:02.111177969Z [inf]    File "/app/src/clients/binance_client.py", line 203, in _request
2025-10-28T12:24:02.111186760Z [inf]      result = await self.circuit_breaker.call_async(_do_request)
2025-10-28T12:24:02.111197137Z [inf]               ^^^^^^^^^^^^^^^^^^^^^^^^^^^^^^^^^^^^^^^^^^^^^^^^^^
2025-10-28T12:24:02.111205947Z [inf]    File "/app/src/core/circuit_breaker.py", line 327, in call_async
2025-10-28T12:24:02.111213223Z [inf]      raise Exception(reason)
2025-10-28T12:24:02.111898705Z [inf]                     ^^^^^^^^^^^^^^^^^^^^^^^^^^^^^
2025-10-28T12:24:02.111904032Z [inf]    File "/app/src/clients/binance_client.py", line 455, in get_account_info
2025-10-28T12:24:02.111910765Z [inf]      result = await self._request("GET", "/fapi/v2/account", signed=True)
2025-10-28T12:24:02.111915484Z [inf]               ^^^^^^^^^^^^^^^^^^^^^^^^^^^^^^^^^^^^^^^^^^^^^^^^^^^^^^^^^^^
2025-10-28T12:24:02.111919781Z [inf]    File "/app/src/clients/binance_client.py", line 219, in _request
2025-10-28T12:24:02.111924259Z [inf]      raise BinanceRequestError(
2025-10-28T12:24:02.111928771Z [inf]  src.clients.binance_errors.BinanceRequestError: ç†”æ–·å™¨é˜»æ–·(å¤±æ•—7æ¬¡)ï¼Œè«‹52ç§’å¾Œé‡è©¦
2025-10-28T12:24:04.112927393Z [inf]      account_info = await self.get_account_info()
2025-10-28T12:24:04.112931731Z [inf]  2025-10-28 12:24:04,110 - src.core.circuit_breaker - ERROR - ğŸ”´ ç†”æ–·å™¨é˜»æ–·(å¤±æ•—7æ¬¡)ï¼Œè«‹50ç§’å¾Œé‡è©¦ | æ“ä½œ: generic | å„ªå…ˆç´š: NORMAL
2025-10-28T12:24:04.112936595Z [inf]  2025-10-28 12:24:04,110 - src.clients.binance_client - ERROR - API è«‹æ±‚å¤±æ•—: /fapi/v2/account - ç†”æ–·å™¨é˜»æ–·(å¤±æ•—7æ¬¡)ï¼Œè«‹50ç§’å¾Œé‡è©¦
2025-10-28T12:24:04.112957432Z [inf]  2025-10-28 12:24:04,110 - src.core.position_controller - ERROR - âŒ ç²å–æŒå€‰å¤±æ•—: ç†”æ–·å™¨é˜»æ–·(å¤±æ•—7æ¬¡)ï¼Œè«‹50ç§’å¾Œé‡è©¦
2025-10-28T12:24:04.112962727Z [inf]  Traceback (most recent call last):
2025-10-28T12:24:04.112968385Z [inf]    File "/app/src/clients/binance_client.py", line 203, in _request
2025-10-28T12:24:04.112973220Z [inf]      result = await self.circuit_breaker.call_async(_do_request)
2025-10-28T12:24:04.112978309Z [inf]               ^^^^^^^^^^^^^^^^^^^^^^^^^^^^^^^^^^^^^^^^^^^^^^^^^^
2025-10-28T12:24:04.112983841Z [inf]    File "/app/src/core/circuit_breaker.py", line 327, in call_async
2025-10-28T12:24:04.112990435Z [inf]      raise Exception(reason)
2025-10-28T12:24:04.112995554Z [inf]  Exception: ç†”æ–·å™¨é˜»æ–·(å¤±æ•—7æ¬¡)ï¼Œè«‹50ç§’å¾Œé‡è©¦
2025-10-28T12:24:04.112999600Z [inf]  
2025-10-28T12:24:04.113003704Z [inf]  During handling of the above exception, another exception occurred:
2025-10-28T12:24:04.113008855Z [inf]  
2025-10-28T12:24:04.113014200Z [inf]  Traceback (most recent call last):
2025-10-28T12:24:04.113019025Z [inf]    File "/app/src/core/position_controller.py", line 135, in _fetch_all_positions
2025-10-28T12:24:04.113023529Z [inf]      raw_positions = await self.binance_client.get_position_info_async()
2025-10-28T12:24:04.113032722Z [inf]                      ^^^^^^^^^^^^^^^^^^^^^^^^^^^^^^^^^^^^^^^^^^^^^^^^^^^
2025-10-28T12:24:04.113037027Z [inf]    File "/app/src/clients/binance_client.py", line 475, in get_position_info_async
2025-10-28T12:24:04.115037603Z [inf]                     ^^^^^^^^^^^^^^^^^^^^^^^^^^^^^
2025-10-28T12:24:04.115049400Z [inf]    File "/app/src/clients/binance_client.py", line 455, in get_account_info
2025-10-28T12:24:04.115056574Z [inf]      result = await self._request("GET", "/fapi/v2/account", signed=True)
2025-10-28T12:24:04.115065113Z [inf]               ^^^^^^^^^^^^^^^^^^^^^^^^^^^^^^^^^^^^^^^^^^^^^^^^^^^^^^^^^^^
2025-10-28T12:24:04.115071462Z [inf]    File "/app/src/clients/binance_client.py", line 219, in _request
2025-10-28T12:24:04.115077706Z [inf]      raise BinanceRequestError(
2025-10-28T12:24:04.115083806Z [inf]  src.clients.binance_errors.BinanceRequestError: ç†”æ–·å™¨é˜»æ–·(å¤±æ•—7æ¬¡)ï¼Œè«‹50ç§’å¾Œé‡è©¦
2025-10-28T12:24:04.708680451Z [err]  Railway rate limit of 500 logs/sec reached for replica, update your application to reduce the logging rate. Messages dropped: 1492
2025-10-28T12:24:06.116630985Z [inf]  2025-10-28 12:24:06,112 - src.core.circuit_breaker - ERROR - ğŸ”´ ç†”æ–·å™¨é˜»æ–·(å¤±æ•—7æ¬¡)ï¼Œè«‹48ç§’å¾Œé‡è©¦ | æ“ä½œ: generic | å„ªå…ˆç´š: NORMAL
2025-10-28T12:24:06.116637233Z [inf]  2025-10-28 12:24:06,112 - src.clients.binance_client - ERROR - API è«‹æ±‚å¤±æ•—: /fapi/v2/account - ç†”æ–·å™¨é˜»æ–·(å¤±æ•—7æ¬¡)ï¼Œè«‹48ç§’å¾Œé‡è©¦
2025-10-28T12:24:06.116643082Z [inf]  2025-10-28 12:24:06,112 - src.core.position_controller - ERROR - âŒ ç²å–æŒå€‰å¤±æ•—: ç†”æ–·å™¨é˜»æ–·(å¤±æ•—7æ¬¡)ï¼Œè«‹48ç§’å¾Œé‡è©¦
2025-10-28T12:24:06.116648809Z [inf]  Traceback (most recent call last):
2025-10-28T12:24:06.116653822Z [inf]    File "/app/src/clients/binance_client.py", line 203, in _request
2025-10-28T12:24:06.116662584Z [inf]      result = await self.circuit_breaker.call_async(_do_request)
2025-10-28T12:24:06.116670261Z [inf]               ^^^^^^^^^^^^^^^^^^^^^^^^^^^^^^^^^^^^^^^^^^^^^^^^^^
2025-10-28T12:24:06.116680000Z [inf]    File "/app/src/core/circuit_breaker.py", line 327, in call_async
2025-10-28T12:24:06.116685041Z [inf]      raise Exception(reason)
2025-10-28T12:24:06.116689492Z [inf]  Exception: ç†”æ–·å™¨é˜»æ–·(å¤±æ•—7æ¬¡)ï¼Œè«‹48ç§’å¾Œé‡è©¦
2025-10-28T12:24:06.116694331Z [inf]  
2025-10-28T12:24:06.116698531Z [inf]  During handling of the above exception, another exception occurred:
2025-10-28T12:24:06.116705876Z [inf]  
2025-10-28T12:24:06.116709999Z [inf]  Traceback (most recent call last):
2025-10-28T12:24:06.116714782Z [inf]    File "/app/src/core/position_controller.py", line 135, in _fetch_all_positions
2025-10-28T12:24:06.116719575Z [inf]      raw_positions = await self.binance_client.get_position_info_async()
2025-10-28T12:24:06.116727429Z [inf]                      ^^^^^^^^^^^^^^^^^^^^^^^^^^^^^^^^^^^^^^^^^^^^^^^^^^^
2025-10-28T12:24:06.116732190Z [inf]    File "/app/src/clients/binance_client.py", line 475, in get_position_info_async
2025-10-28T12:24:06.116737073Z [inf]      account_info = await self.get_account_info()
2025-10-28T12:24:06.118232196Z [inf]                     ^^^^^^^^^^^^^^^^^^^^^^^^^^^^^
2025-10-28T12:24:06.118243173Z [inf]    File "/app/src/clients/binance_client.py", line 455, in get_account_info
2025-10-28T12:24:06.118251457Z [inf]      result = await self._request("GET", "/fapi/v2/account", signed=True)
2025-10-28T12:24:06.118258450Z [inf]               ^^^^^^^^^^^^^^^^^^^^^^^^^^^^^^^^^^^^^^^^^^^^^^^^^^^^^^^^^^^
2025-10-28T12:24:06.118264996Z [inf]    File "/app/src/clients/binance_client.py", line 219, in _request
2025-10-28T12:24:06.118272815Z [inf]      raise BinanceRequestError(
2025-10-28T12:24:06.118282031Z [inf]  src.clients.binance_errors.BinanceRequestError: ç†”æ–·å™¨é˜»æ–·(å¤±æ•—7æ¬¡)ï¼Œè«‹48ç§’å¾Œé‡è©¦
2025-10-28T12:24:08.139094765Z [inf]  Exception: ç†”æ–·å™¨é˜»æ–·(å¤±æ•—7æ¬¡)ï¼Œè«‹46ç§’å¾Œé‡è©¦
2025-10-28T12:24:08.139111451Z [inf]  
2025-10-28T12:24:08.139124304Z [inf]  During handling of the above exception, another exception occurred:
2025-10-28T12:24:08.139132009Z [inf]  
2025-10-28T12:24:08.139138561Z [inf]  Traceback (most recent call last):
2025-10-28T12:24:08.139145943Z [inf]    File "/app/src/core/position_controller.py", line 135, in _fetch_all_positions
2025-10-28T12:24:08.139152623Z [inf]      raw_positions = await self.binance_client.get_position_info_async()
2025-10-28T12:24:08.139159266Z [inf]                      ^^^^^^^^^^^^^^^^^^^^^^^^^^^^^^^^^^^^^^^^^^^^^^^^^^^
2025-10-28T12:24:08.139166769Z [inf]    File "/app/src/clients/binance_client.py", line 475, in get_position_info_async
2025-10-28T12:24:08.139174421Z [inf]      account_info = await self.get_account_info()
2025-10-28T12:24:08.139671105Z [inf]  2025-10-28 12:24:08,116 - src.core.circuit_breaker - ERROR - ğŸ”´ ç†”æ–·å™¨é˜»æ–·(å¤±æ•—7æ¬¡)ï¼Œè«‹46ç§’å¾Œé‡è©¦ | æ“ä½œ: generic | å„ªå…ˆç´š: NORMAL
2025-10-28T12:24:08.139677984Z [inf]  2025-10-28 12:24:08,116 - src.clients.binance_client - ERROR - API è«‹æ±‚å¤±æ•—: /fapi/v2/account - ç†”æ–·å™¨é˜»æ–·(å¤±æ•—7æ¬¡)ï¼Œè«‹46ç§’å¾Œé‡è©¦
2025-10-28T12:24:08.139684717Z [inf]  2025-10-28 12:24:08,116 - src.core.position_controller - ERROR - âŒ ç²å–æŒå€‰å¤±æ•—: ç†”æ–·å™¨é˜»æ–·(å¤±æ•—7æ¬¡)ï¼Œè«‹46ç§’å¾Œé‡è©¦
2025-10-28T12:24:08.139692066Z [inf]  Traceback (most recent call last):
2025-10-28T12:24:08.139699166Z [inf]    File "/app/src/clients/binance_client.py", line 203, in _request
2025-10-28T12:24:08.139705704Z [inf]      result = await self.circuit_breaker.call_async(_do_request)
2025-10-28T12:24:08.139713108Z [inf]               ^^^^^^^^^^^^^^^^^^^^^^^^^^^^^^^^^^^^^^^^^^^^^^^^^^
2025-10-28T12:24:08.139719916Z [inf]    File "/app/src/core/circuit_breaker.py", line 327, in call_async
2025-10-28T12:24:08.139727222Z [inf]      raise Exception(reason)
2025-10-28T12:24:08.140454651Z [inf]                     ^^^^^^^^^^^^^^^^^^^^^^^^^^^^^
2025-10-28T12:24:08.140459602Z [inf]    File "/app/src/clients/binance_client.py", line 455, in get_account_info
2025-10-28T12:24:08.140466711Z [inf]      result = await self._request("GET", "/fapi/v2/account", signed=True)
2025-10-28T12:24:08.140472888Z [inf]               ^^^^^^^^^^^^^^^^^^^^^^^^^^^^^^^^^^^^^^^^^^^^^^^^^^^^^^^^^^^
2025-10-28T12:24:08.140479965Z [inf]    File "/app/src/clients/binance_client.py", line 219, in _request
2025-10-28T12:24:08.140488808Z [inf]      raise BinanceRequestError(
2025-10-28T12:24:08.140493344Z [inf]  src.clients.binance_errors.BinanceRequestError: ç†”æ–·å™¨é˜»æ–·(å¤±æ•—7æ¬¡)ï¼Œè«‹46ç§’å¾Œé‡è©¦
2025-10-28T12:24:10.131849282Z [inf]  Exception: ç†”æ–·å™¨é˜»æ–·(å¤±æ•—7æ¬¡)ï¼Œè«‹44ç§’å¾Œé‡è©¦
2025-10-28T12:24:10.131862127Z [inf]  
2025-10-28T12:24:10.131869223Z [inf]  During handling of the above exception, another exception occurred:
2025-10-28T12:24:10.131875894Z [inf]  
2025-10-28T12:24:10.131881352Z [inf]  Traceback (most recent call last):
2025-10-28T12:24:10.131887115Z [inf]    File "/app/src/core/position_controller.py", line 135, in _fetch_all_positions
2025-10-28T12:24:10.131893995Z [inf]      raw_positions = await self.binance_client.get_position_info_async()
2025-10-28T12:24:10.131900076Z [inf]                      ^^^^^^^^^^^^^^^^^^^^^^^^^^^^^^^^^^^^^^^^^^^^^^^^^^^
2025-10-28T12:24:10.131905926Z [inf]    File "/app/src/clients/binance_client.py", line 475, in get_position_info_async
2025-10-28T12:24:10.131917203Z [inf]      account_info = await self.get_account_info()
2025-10-28T12:24:10.132044936Z [inf]  2025-10-28 12:24:10,119 - src.core.circuit_breaker - ERROR - ğŸ”´ ç†”æ–·å™¨é˜»æ–·(å¤±æ•—7æ¬¡)ï¼Œè«‹44ç§’å¾Œé‡è©¦ | æ“ä½œ: generic | å„ªå…ˆç´š: NORMAL
2025-10-28T12:24:10.132049612Z [inf]  2025-10-28 12:24:10,119 - src.clients.binance_client - ERROR - API è«‹æ±‚å¤±æ•—: /fapi/v2/account - ç†”æ–·å™¨é˜»æ–·(å¤±æ•—7æ¬¡)ï¼Œè«‹44ç§’å¾Œé‡è©¦
2025-10-28T12:24:10.132053717Z [inf]  2025-10-28 12:24:10,119 - src.core.position_controller - ERROR - âŒ ç²å–æŒå€‰å¤±æ•—: ç†”æ–·å™¨é˜»æ–·(å¤±æ•—7æ¬¡)ï¼Œè«‹44ç§’å¾Œé‡è©¦
2025-10-28T12:24:10.132058822Z [inf]  Traceback (most recent call last):
2025-10-28T12:24:10.132062769Z [inf]    File "/app/src/clients/binance_client.py", line 203, in _request
2025-10-28T12:24:10.132066647Z [inf]      result = await self.circuit_breaker.call_async(_do_request)
2025-10-28T12:24:10.132071609Z [inf]               ^^^^^^^^^^^^^^^^^^^^^^^^^^^^^^^^^^^^^^^^^^^^^^^^^^
2025-10-28T12:24:10.132075423Z [inf]    File "/app/src/core/circuit_breaker.py", line 327, in call_async
2025-10-28T12:24:10.132078994Z [inf]      raise Exception(reason)
2025-10-28T12:24:10.136728821Z [inf]                     ^^^^^^^^^^^^^^^^^^^^^^^^^^^^^
2025-10-28T12:24:10.136737078Z [inf]    File "/app/src/clients/binance_client.py", line 455, in get_account_info
2025-10-28T12:24:10.136742868Z [inf]      result = await self._request("GET", "/fapi/v2/account", signed=True)
2025-10-28T12:24:10.136748103Z [inf]               ^^^^^^^^^^^^^^^^^^^^^^^^^^^^^^^^^^^^^^^^^^^^^^^^^^^^^^^^^^^
2025-10-28T12:24:10.136752214Z [inf]    File "/app/src/clients/binance_client.py", line 219, in _request
2025-10-28T12:24:10.136757766Z [inf]      raise BinanceRequestError(
2025-10-28T12:24:10.136763682Z [inf]  src.clients.binance_errors.BinanceRequestError: ç†”æ–·å™¨é˜»æ–·(å¤±æ•—7æ¬¡)ï¼Œè«‹44ç§’å¾Œé‡è©¦
2025-10-28T12:24:12.127141901Z [inf]  2025-10-28 12:24:12,121 - src.core.circuit_breaker - ERROR - ğŸ”´ ç†”æ–·å™¨é˜»æ–·(å¤±æ•—7æ¬¡)ï¼Œè«‹42ç§’å¾Œé‡è©¦ | æ“ä½œ: generic | å„ªå…ˆç´š: NORMAL
2025-10-28T12:24:12.127158543Z [inf]  2025-10-28 12:24:12,121 - src.clients.binance_client - ERROR - API è«‹æ±‚å¤±æ•—: /fapi/v2/account - ç†”æ–·å™¨é˜»æ–·(å¤±æ•—7æ¬¡)ï¼Œè«‹42ç§’å¾Œé‡è©¦
2025-10-28T12:24:12.127166432Z [inf]  2025-10-28 12:24:12,122 - src.core.position_controller - ERROR - âŒ ç²å–æŒå€‰å¤±æ•—: ç†”æ–·å™¨é˜»æ–·(å¤±æ•—7æ¬¡)ï¼Œè«‹42ç§’å¾Œé‡è©¦
2025-10-28T12:24:12.127173435Z [inf]  Traceback (most recent call last):
2025-10-28T12:24:12.127180427Z [inf]    File "/app/src/clients/binance_client.py", line 203, in _request
2025-10-28T12:24:12.127187072Z [inf]      result = await self.circuit_breaker.call_async(_do_request)
2025-10-28T12:24:12.127194279Z [inf]               ^^^^^^^^^^^^^^^^^^^^^^^^^^^^^^^^^^^^^^^^^^^^^^^^^^
2025-10-28T12:24:12.127200691Z [inf]    File "/app/src/core/circuit_breaker.py", line 327, in call_async
2025-10-28T12:24:12.127208070Z [inf]      raise Exception(reason)
2025-10-28T12:24:12.127214941Z [inf]  Exception: ç†”æ–·å™¨é˜»æ–·(å¤±æ•—7æ¬¡)ï¼Œè«‹42ç§’å¾Œé‡è©¦
2025-10-28T12:24:12.127221251Z [inf]  
2025-10-28T12:24:12.127227618Z [inf]  During handling of the above exception, another exception occurred:
2025-10-28T12:24:12.127234638Z [inf]  
2025-10-28T12:24:12.127242117Z [inf]  Traceback (most recent call last):
2025-10-28T12:24:12.127249207Z [inf]    File "/app/src/core/position_controller.py", line 135, in _fetch_all_positions
2025-10-28T12:24:12.127259318Z [inf]      raw_positions = await self.binance_client.get_position_info_async()
2025-10-28T12:24:12.127266350Z [inf]                      ^^^^^^^^^^^^^^^^^^^^^^^^^^^^^^^^^^^^^^^^^^^^^^^^^^^
2025-10-28T12:24:12.127272589Z [inf]    File "/app/src/clients/binance_client.py", line 475, in get_position_info_async
2025-10-28T12:24:12.127278822Z [inf]      account_info = await self.get_account_info()
2025-10-28T12:24:12.129448994Z [inf]                     ^^^^^^^^^^^^^^^^^^^^^^^^^^^^^
2025-10-28T12:24:12.129458938Z [inf]    File "/app/src/clients/binance_client.py", line 455, in get_account_info
2025-10-28T12:24:12.129465874Z [inf]      result = await self._request("GET", "/fapi/v2/account", signed=True)
2025-10-28T12:24:12.129473723Z [inf]               ^^^^^^^^^^^^^^^^^^^^^^^^^^^^^^^^^^^^^^^^^^^^^^^^^^^^^^^^^^^
2025-10-28T12:24:12.129479616Z [inf]    File "/app/src/clients/binance_client.py", line 219, in _request
2025-10-28T12:24:12.129488380Z [inf]      raise BinanceRequestError(
2025-10-28T12:24:12.129494295Z [inf]  src.clients.binance_errors.BinanceRequestError: ç†”æ–·å™¨é˜»æ–·(å¤±æ•—7æ¬¡)ï¼Œè«‹42ç§’å¾Œé‡è©¦
2025-10-28T12:24:14.160020862Z [inf]  Traceback (most recent call last):
2025-10-28T12:24:14.160031590Z [inf]    File "/app/src/core/position_controller.py", line 135, in _fetch_all_positions
2025-10-28T12:24:14.160031810Z [inf]  2025-10-28 12:24:14,125 - src.core.circuit_breaker - ERROR - ğŸ”´ ç†”æ–·å™¨é˜»æ–·(å¤±æ•—7æ¬¡)ï¼Œè«‹40ç§’å¾Œé‡è©¦ | æ“ä½œ: generic | å„ªå…ˆç´š: NORMAL
2025-10-28T12:24:14.160036891Z [inf]  2025-10-28 12:24:14,125 - src.clients.binance_client - ERROR - API è«‹æ±‚å¤±æ•—: /fapi/v2/account - ç†”æ–·å™¨é˜»æ–·(å¤±æ•—7æ¬¡)ï¼Œè«‹40ç§’å¾Œé‡è©¦
2025-10-28T12:24:14.160039557Z [inf]      raw_positions = await self.binance_client.get_position_info_async()
2025-10-28T12:24:14.160042151Z [inf]  2025-10-28 12:24:14,125 - src.core.position_controller - ERROR - âŒ ç²å–æŒå€‰å¤±æ•—: ç†”æ–·å™¨é˜»æ–·(å¤±æ•—7æ¬¡)ï¼Œè«‹40ç§’å¾Œé‡è©¦
2025-10-28T12:24:14.160045720Z [inf]                      ^^^^^^^^^^^^^^^^^^^^^^^^^^^^^^^^^^^^^^^^^^^^^^^^^^^
2025-10-28T12:24:14.160048149Z [inf]  Traceback (most recent call last):
2025-10-28T12:24:14.160051419Z [inf]    File "/app/src/clients/binance_client.py", line 475, in get_position_info_async
2025-10-28T12:24:14.160054274Z [inf]    File "/app/src/clients/binance_client.py", line 203, in _request
2025-10-28T12:24:14.160057017Z [inf]      account_info = await self.get_account_info()
2025-10-28T12:24:14.160059824Z [inf]      result = await self.circuit_breaker.call_async(_do_request)
2025-10-28T12:24:14.160064424Z [inf]               ^^^^^^^^^^^^^^^^^^^^^^^^^^^^^^^^^^^^^^^^^^^^^^^^^^
2025-10-28T12:24:14.160069159Z [inf]    File "/app/src/core/circuit_breaker.py", line 327, in call_async
2025-10-28T12:24:14.160074467Z [inf]      raise Exception(reason)
2025-10-28T12:24:14.160079262Z [inf]  Exception: ç†”æ–·å™¨é˜»æ–·(å¤±æ•—7æ¬¡)ï¼Œè«‹40ç§’å¾Œé‡è©¦
2025-10-28T12:24:14.160083743Z [inf]  
2025-10-28T12:24:14.160088527Z [inf]  During handling of the above exception, another exception occurred:
2025-10-28T12:24:14.160093859Z [inf]  
2025-10-28T12:24:14.162853657Z [inf]                     ^^^^^^^^^^^^^^^^^^^^^^^^^^^^^
2025-10-28T12:24:14.162860697Z [inf]    File "/app/src/clients/binance_client.py", line 455, in get_account_info
2025-10-28T12:24:14.162866513Z [inf]      result = await self._request("GET", "/fapi/v2/account", signed=True)
2025-10-28T12:24:14.162871695Z [inf]               ^^^^^^^^^^^^^^^^^^^^^^^^^^^^^^^^^^^^^^^^^^^^^^^^^^^^^^^^^^^
2025-10-28T12:24:14.162876368Z [inf]    File "/app/src/clients/binance_client.py", line 219, in _request
2025-10-28T12:24:14.162880886Z [inf]      raise BinanceRequestError(
2025-10-28T12:24:14.162885595Z [inf]  src.clients.binance_errors.BinanceRequestError: ç†”æ–·å™¨é˜»æ–·(å¤±æ•—7æ¬¡)ï¼Œè«‹40ç§’å¾Œé‡è©¦
2025-10-28T12:24:16.167069689Z [inf]  
2025-10-28T12:24:16.167080677Z [inf]  During handling of the above exception, another exception occurred:
2025-10-28T12:24:16.167086840Z [inf]  
2025-10-28T12:24:16.167091954Z [inf]  Traceback (most recent call last):
2025-10-28T12:24:16.167097489Z [inf]    File "/app/src/core/position_controller.py", line 135, in _fetch_all_positions
2025-10-28T12:24:16.167105232Z [inf]      raw_positions = await self.binance_client.get_position_info_async()
2025-10-28T12:24:16.167112875Z [inf]                      ^^^^^^^^^^^^^^^^^^^^^^^^^^^^^^^^^^^^^^^^^^^^^^^^^^^
2025-10-28T12:24:16.167119272Z [inf]    File "/app/src/clients/binance_client.py", line 475, in get_position_info_async
2025-10-28T12:24:16.167124978Z [inf]      account_info = await self.get_account_info()
2025-10-28T12:24:16.167323225Z [inf]  2025-10-28 12:24:16,127 - src.core.circuit_breaker - ERROR - ğŸ”´ ç†”æ–·å™¨é˜»æ–·(å¤±æ•—7æ¬¡)ï¼Œè«‹38ç§’å¾Œé‡è©¦ | æ“ä½œ: generic | å„ªå…ˆç´š: NORMAL
2025-10-28T12:24:16.167327175Z [inf]  2025-10-28 12:24:16,128 - src.clients.binance_client - ERROR - API è«‹æ±‚å¤±æ•—: /fapi/v2/account - ç†”æ–·å™¨é˜»æ–·(å¤±æ•—7æ¬¡)ï¼Œè«‹38ç§’å¾Œé‡è©¦
2025-10-28T12:24:16.167331870Z [inf]  2025-10-28 12:24:16,128 - src.core.position_controller - ERROR - âŒ ç²å–æŒå€‰å¤±æ•—: ç†”æ–·å™¨é˜»æ–·(å¤±æ•—7æ¬¡)ï¼Œè«‹38ç§’å¾Œé‡è©¦
2025-10-28T12:24:16.167336769Z [inf]  Traceback (most recent call last):
2025-10-28T12:24:16.167342128Z [inf]    File "/app/src/clients/binance_client.py", line 203, in _request
2025-10-28T12:24:16.167346796Z [inf]      result = await self.circuit_breaker.call_async(_do_request)
2025-10-28T12:24:16.167350879Z [inf]               ^^^^^^^^^^^^^^^^^^^^^^^^^^^^^^^^^^^^^^^^^^^^^^^^^^
2025-10-28T12:24:16.167357322Z [inf]    File "/app/src/core/circuit_breaker.py", line 327, in call_async
2025-10-28T12:24:16.167363772Z [inf]      raise Exception(reason)
2025-10-28T12:24:16.167368818Z [inf]  Exception: ç†”æ–·å™¨é˜»æ–·(å¤±æ•—7æ¬¡)ï¼Œè«‹38ç§’å¾Œé‡è©¦
2025-10-28T12:24:16.170418882Z [inf]                     ^^^^^^^^^^^^^^^^^^^^^^^^^^^^^
2025-10-28T12:24:16.170425314Z [inf]    File "/app/src/clients/binance_client.py", line 455, in get_account_info
2025-10-28T12:24:16.170431947Z [inf]      result = await self._request("GET", "/fapi/v2/account", signed=True)
2025-10-28T12:24:16.170438829Z [inf]               ^^^^^^^^^^^^^^^^^^^^^^^^^^^^^^^^^^^^^^^^^^^^^^^^^^^^^^^^^^^
2025-10-28T12:24:16.170444445Z [inf]    File "/app/src/clients/binance_client.py", line 219, in _request
2025-10-28T12:24:16.170452670Z [inf]      raise BinanceRequestError(
2025-10-28T12:24:16.170464117Z [inf]  src.clients.binance_errors.BinanceRequestError: ç†”æ–·å™¨é˜»æ–·(å¤±æ•—7æ¬¡)ï¼Œè«‹38ç§’å¾Œé‡è©¦
2025-10-28T12:24:18.180693429Z [inf]    File "/app/src/core/position_controller.py", line 135, in _fetch_all_positions
2025-10-28T12:24:18.180696073Z [inf]  Exception: ç†”æ–·å™¨é˜»æ–·(å¤±æ•—7æ¬¡)ï¼Œè«‹36ç§’å¾Œé‡è©¦
2025-10-28T12:24:18.180709991Z [inf]  
2025-10-28T12:24:18.180710693Z [inf]      raw_positions = await self.binance_client.get_position_info_async()
2025-10-28T12:24:18.180721592Z [inf]  During handling of the above exception, another exception occurred:
2025-10-28T12:24:18.180724370Z [inf]                      ^^^^^^^^^^^^^^^^^^^^^^^^^^^^^^^^^^^^^^^^^^^^^^^^^^^
2025-10-28T12:24:18.180733881Z [inf]  2025-10-28 12:24:18,131 - src.clients.binance_client - ERROR - API è«‹æ±‚å¤±æ•—: /fapi/v2/account - ç†”æ–·å™¨é˜»æ–·(å¤±æ•—7æ¬¡)ï¼Œè«‹36ç§’å¾Œé‡è©¦
2025-10-28T12:24:18.180734432Z [inf]    File "/app/src/clients/binance_client.py", line 475, in get_position_info_async
2025-10-28T12:24:18.180740964Z [inf]  
2025-10-28T12:24:18.180745742Z [inf]      account_info = await self.get_account_info()
2025-10-28T12:24:18.180749420Z [inf]  2025-10-28 12:24:18,131 - src.core.position_controller - ERROR - âŒ ç²å–æŒå€‰å¤±æ•—: ç†”æ–·å™¨é˜»æ–·(å¤±æ•—7æ¬¡)ï¼Œè«‹36ç§’å¾Œé‡è©¦
2025-10-28T12:24:18.180753713Z [inf]  Traceback (most recent call last):
2025-10-28T12:24:18.180760871Z [inf]  Traceback (most recent call last):
2025-10-28T12:24:18.180767953Z [inf]    File "/app/src/clients/binance_client.py", line 203, in _request
2025-10-28T12:24:18.180774196Z [inf]      result = await self.circuit_breaker.call_async(_do_request)
2025-10-28T12:24:18.180780828Z [inf]               ^^^^^^^^^^^^^^^^^^^^^^^^^^^^^^^^^^^^^^^^^^^^^^^^^^
2025-10-28T12:24:18.180788352Z [inf]    File "/app/src/core/circuit_breaker.py", line 327, in call_async
2025-10-28T12:24:18.180796016Z [inf]      raise Exception(reason)
2025-10-28T12:24:18.180814290Z [inf]  2025-10-28 12:24:18,131 - src.core.circuit_breaker - ERROR - ğŸ”´ ç†”æ–·å™¨é˜»æ–·(å¤±æ•—7æ¬¡)ï¼Œè«‹36ç§’å¾Œé‡è©¦ | æ“ä½œ: generic | å„ªå…ˆç´š: NORMAL
2025-10-28T12:24:18.182011587Z [inf]      raise BinanceRequestError(
2025-10-28T12:24:18.182022201Z [inf]  src.clients.binance_errors.BinanceRequestError: ç†”æ–·å™¨é˜»æ–·(å¤±æ•—7æ¬¡)ï¼Œè«‹36ç§’å¾Œé‡è©¦
2025-10-28T12:24:18.182115056Z [inf]                     ^^^^^^^^^^^^^^^^^^^^^^^^^^^^^
2025-10-28T12:24:18.182121117Z [inf]    File "/app/src/clients/binance_client.py", line 455, in get_account_info
2025-10-28T12:24:18.182128506Z [inf]      result = await self._request("GET", "/fapi/v2/account", signed=True)
2025-10-28T12:24:18.182136813Z [inf]               ^^^^^^^^^^^^^^^^^^^^^^^^^^^^^^^^^^^^^^^^^^^^^^^^^^^^^^^^^^^
2025-10-28T12:24:18.182142832Z [inf]    File "/app/src/clients/binance_client.py", line 219, in _request
2025-10-28T12:24:20.243506020Z [inf]      raw_positions = await self.binance_client.get_position_info_async()
2025-10-28T12:24:20.243518362Z [inf]                      ^^^^^^^^^^^^^^^^^^^^^^^^^^^^^^^^^^^^^^^^^^^^^^^^^^^
2025-10-28T12:24:20.243527591Z [inf]    File "/app/src/clients/binance_client.py", line 475, in get_position_info_async
2025-10-28T12:24:20.243535734Z [inf]      account_info = await self.get_account_info()
2025-10-28T12:24:20.243561443Z [inf]  2025-10-28 12:24:20,133 - src.core.circuit_breaker - ERROR - ğŸ”´ ç†”æ–·å™¨é˜»æ–·(å¤±æ•—7æ¬¡)ï¼Œè«‹34ç§’å¾Œé‡è©¦ | æ“ä½œ: generic | å„ªå…ˆç´š: NORMAL
2025-10-28T12:24:20.243569205Z [inf]  2025-10-28 12:24:20,134 - src.clients.binance_client - ERROR - API è«‹æ±‚å¤±æ•—: /fapi/v2/account - ç†”æ–·å™¨é˜»æ–·(å¤±æ•—7æ¬¡)ï¼Œè«‹34ç§’å¾Œé‡è©¦
2025-10-28T12:24:20.243577458Z [inf]  2025-10-28 12:24:20,134 - src.core.position_controller - ERROR - âŒ ç²å–æŒå€‰å¤±æ•—: ç†”æ–·å™¨é˜»æ–·(å¤±æ•—7æ¬¡)ï¼Œè«‹34ç§’å¾Œé‡è©¦
2025-10-28T12:24:20.243589705Z [inf]  Traceback (most recent call last):
2025-10-28T12:24:20.243598230Z [inf]    File "/app/src/clients/binance_client.py", line 203, in _request
2025-10-28T12:24:20.243606192Z [inf]      result = await self.circuit_breaker.call_async(_do_request)
2025-10-28T12:24:20.243615317Z [inf]               ^^^^^^^^^^^^^^^^^^^^^^^^^^^^^^^^^^^^^^^^^^^^^^^^^^
2025-10-28T12:24:20.243623698Z [inf]    File "/app/src/core/circuit_breaker.py", line 327, in call_async
2025-10-28T12:24:20.243633596Z [inf]      raise Exception(reason)
2025-10-28T12:24:20.243641520Z [inf]  Exception: ç†”æ–·å™¨é˜»æ–·(å¤±æ•—7æ¬¡)ï¼Œè«‹34ç§’å¾Œé‡è©¦
2025-10-28T12:24:20.243649768Z [inf]  
2025-10-28T12:24:20.243660015Z [inf]  During handling of the above exception, another exception occurred:
2025-10-28T12:24:20.243667424Z [inf]  
2025-10-28T12:24:20.243675170Z [inf]  Traceback (most recent call last):
2025-10-28T12:24:20.243682530Z [inf]    File "/app/src/core/position_controller.py", line 135, in _fetch_all_positions
2025-10-28T12:24:20.249274128Z [inf]                     ^^^^^^^^^^^^^^^^^^^^^^^^^^^^^
2025-10-28T12:24:20.249282412Z [inf]    File "/app/src/clients/binance_client.py", line 455, in get_account_info
2025-10-28T12:24:20.249287508Z [inf]      result = await self._request("GET", "/fapi/v2/account", signed=True)
2025-10-28T12:24:20.249293054Z [inf]               ^^^^^^^^^^^^^^^^^^^^^^^^^^^^^^^^^^^^^^^^^^^^^^^^^^^^^^^^^^^
2025-10-28T12:24:20.249301606Z [inf]    File "/app/src/clients/binance_client.py", line 219, in _request
2025-10-28T12:24:20.249307537Z [inf]      raise BinanceRequestError(
2025-10-28T12:24:20.249315697Z [inf]  src.clients.binance_errors.BinanceRequestError: ç†”æ–·å™¨é˜»æ–·(å¤±æ•—7æ¬¡)ï¼Œè«‹34ç§’å¾Œé‡è©¦
2025-10-28T12:24:22.231706990Z [inf]      account_info = await self.get_account_info()
2025-10-28T12:24:22.231764330Z [inf]  During handling of the above exception, another exception occurred:
2025-10-28T12:24:22.231768006Z [inf]  Traceback (most recent call last):
2025-10-28T12:24:22.231768889Z [inf]               ^^^^^^^^^^^^^^^^^^^^^^^^^^^^^^^^^^^^^^^^^^^^^^^^^^
2025-10-28T12:24:22.231770508Z [inf]  2025-10-28 12:24:22,136 - src.core.circuit_breaker - ERROR - ğŸ”´ ç†”æ–·å™¨é˜»æ–·(å¤±æ•—7æ¬¡)ï¼Œè«‹32ç§’å¾Œé‡è©¦ | æ“ä½œ: generic | å„ªå…ˆç´š: NORMAL
2025-10-28T12:24:22.231771215Z [inf]      raw_positions = await self.binance_client.get_position_info_async()
2025-10-28T12:24:22.231779469Z [inf]  
2025-10-28T12:24:22.231781861Z [inf]    File "/app/src/clients/binance_client.py", line 203, in _request
2025-10-28T12:24:22.231784108Z [inf]  2025-10-28 12:24:22,137 - src.clients.binance_client - ERROR - API è«‹æ±‚å¤±æ•—: /fapi/v2/account - ç†”æ–·å™¨é˜»æ–·(å¤±æ•—7æ¬¡)ï¼Œè«‹32ç§’å¾Œé‡è©¦
2025-10-28T12:24:22.231786537Z [inf]                      ^^^^^^^^^^^^^^^^^^^^^^^^^^^^^^^^^^^^^^^^^^^^^^^^^^^
2025-10-28T12:24:22.231787304Z [inf]    File "/app/src/core/circuit_breaker.py", line 327, in call_async
2025-10-28T12:24:22.231791884Z [inf]  Traceback (most recent call last):
2025-10-28T12:24:22.231794473Z [inf]      result = await self.circuit_breaker.call_async(_do_request)
2025-10-28T12:24:22.231794538Z [inf]  2025-10-28 12:24:22,137 - src.core.position_controller - ERROR - âŒ ç²å–æŒå€‰å¤±æ•—: ç†”æ–·å™¨é˜»æ–·(å¤±æ•—7æ¬¡)ï¼Œè«‹32ç§’å¾Œé‡è©¦
2025-10-28T12:24:22.231801733Z [inf]    File "/app/src/clients/binance_client.py", line 475, in get_position_info_async
2025-10-28T12:24:22.231804777Z [inf]      raise Exception(reason)
2025-10-28T12:24:22.231806223Z [inf]    File "/app/src/core/position_controller.py", line 135, in _fetch_all_positions
2025-10-28T12:24:22.231816358Z [inf]  Exception: ç†”æ–·å™¨é˜»æ–·(å¤±æ•—7æ¬¡)ï¼Œè«‹32ç§’å¾Œé‡è©¦
2025-10-28T12:24:22.231823945Z [inf]  
2025-10-28T12:24:22.237294130Z [inf]                     ^^^^^^^^^^^^^^^^^^^^^^^^^^^^^
2025-10-28T12:24:22.237301824Z [inf]    File "/app/src/clients/binance_client.py", line 455, in get_account_info
2025-10-28T12:24:22.237308685Z [inf]      result = await self._request("GET", "/fapi/v2/account", signed=True)
2025-10-28T12:24:22.237316106Z [inf]               ^^^^^^^^^^^^^^^^^^^^^^^^^^^^^^^^^^^^^^^^^^^^^^^^^^^^^^^^^^^
2025-10-28T12:24:22.237323612Z [inf]    File "/app/src/clients/binance_client.py", line 219, in _request
2025-10-28T12:24:22.237330927Z [inf]      raise BinanceRequestError(
2025-10-28T12:24:22.237339368Z [inf]  src.clients.binance_errors.BinanceRequestError: ç†”æ–·å™¨é˜»æ–·(å¤±æ•—7æ¬¡)ï¼Œè«‹32ç§’å¾Œé‡è©¦
2025-10-28T12:24:24.141448859Z [inf]  2025-10-28 12:24:24,140 - src.core.circuit_breaker - ERROR - ğŸ”´ ç†”æ–·å™¨é˜»æ–·(å¤±æ•—7æ¬¡)ï¼Œè«‹30ç§’å¾Œé‡è©¦ | æ“ä½œ: generic | å„ªå…ˆç´š: NORMAL
2025-10-28T12:24:24.141453671Z [inf]  2025-10-28 12:24:24,140 - src.clients.binance_client - ERROR - API è«‹æ±‚å¤±æ•—: /fapi/v2/account - ç†”æ–·å™¨é˜»æ–·(å¤±æ•—7æ¬¡)ï¼Œè«‹30ç§’å¾Œé‡è©¦
2025-10-28T12:24:24.143642664Z [inf]  2025-10-28 12:24:24,140 - src.core.position_controller - ERROR - âŒ ç²å–æŒå€‰å¤±æ•—: ç†”æ–·å™¨é˜»æ–·(å¤±æ•—7æ¬¡)ï¼Œè«‹30ç§’å¾Œé‡è©¦
2025-10-28T12:24:24.143655899Z [inf]  
2025-10-28T12:24:24.143657185Z [inf]  Traceback (most recent call last):
2025-10-28T12:24:24.143668810Z [inf]    File "/app/src/clients/binance_client.py", line 203, in _request
2025-10-28T12:24:24.143670294Z [inf]  During handling of the above exception, another exception occurred:
2025-10-28T12:24:24.143686691Z [inf]  
2025-10-28T12:24:24.143694264Z [inf]      result = await self.circuit_breaker.call_async(_do_request)
2025-10-28T12:24:24.143695914Z [inf]  Traceback (most recent call last):
2025-10-28T12:24:24.143708681Z [inf]               ^^^^^^^^^^^^^^^^^^^^^^^^^^^^^^^^^^^^^^^^^^^^^^^^^^
2025-10-28T12:24:24.143713210Z [inf]    File "/app/src/core/position_controller.py", line 135, in _fetch_all_positions
2025-10-28T12:24:24.143720763Z [inf]      account_info = await self.get_account_info()
2025-10-28T12:24:24.143723970Z [inf]      raw_positions = await self.binance_client.get_position_info_async()
2025-10-28T12:24:24.143725746Z [inf]    File "/app/src/core/circuit_breaker.py", line 327, in call_async
2025-10-28T12:24:24.143737636Z [inf]      raise Exception(reason)
2025-10-28T12:24:24.143737904Z [inf]                      ^^^^^^^^^^^^^^^^^^^^^^^^^^^^^^^^^^^^^^^^^^^^^^^^^^^
2025-10-28T12:24:24.143742755Z [inf]                     ^^^^^^^^^^^^^^^^^^^^^^^^^^^^^
2025-10-28T12:24:24.143752577Z [inf]  Exception: ç†”æ–·å™¨é˜»æ–·(å¤±æ•—7æ¬¡)ï¼Œè«‹30ç§’å¾Œé‡è©¦
2025-10-28T12:24:24.143752905Z [inf]    File "/app/src/clients/binance_client.py", line 455, in get_account_info
2025-10-28T12:24:24.143753436Z [inf]    File "/app/src/clients/binance_client.py", line 475, in get_position_info_async
2025-10-28T12:24:24.143762186Z [inf]      result = await self._request("GET", "/fapi/v2/account", signed=True)
2025-10-28T12:24:24.145170596Z [inf]               ^^^^^^^^^^^^^^^^^^^^^^^^^^^^^^^^^^^^^^^^^^^^^^^^^^^^^^^^^^^
2025-10-28T12:24:24.145179925Z [inf]    File "/app/src/clients/binance_client.py", line 219, in _request
2025-10-28T12:24:24.145186359Z [inf]      raise BinanceRequestError(
2025-10-28T12:24:24.145196139Z [inf]  src.clients.binance_errors.BinanceRequestError: ç†”æ–·å™¨é˜»æ–·(å¤±æ•—7æ¬¡)ï¼Œè«‹30ç§’å¾Œé‡è©¦
2025-10-28T12:24:26.158315136Z [inf]  
2025-10-28T12:24:26.158323624Z [inf]  Traceback (most recent call last):
2025-10-28T12:24:26.158324323Z [inf]  2025-10-28 12:24:26,143 - src.core.circuit_breaker - ERROR - ğŸ”´ ç†”æ–·å™¨é˜»æ–·(å¤±æ•—7æ¬¡)ï¼Œè«‹28ç§’å¾Œé‡è©¦ | æ“ä½œ: generic | å„ªå…ˆç´š: NORMAL
2025-10-28T12:24:26.158329437Z [inf]    File "/app/src/core/position_controller.py", line 135, in _fetch_all_positions
2025-10-28T12:24:26.158334399Z [inf]  2025-10-28 12:24:26,143 - src.clients.binance_client - ERROR - API è«‹æ±‚å¤±æ•—: /fapi/v2/account - ç†”æ–·å™¨é˜»æ–·(å¤±æ•—7æ¬¡)ï¼Œè«‹28ç§’å¾Œé‡è©¦
2025-10-28T12:24:26.158336234Z [inf]      raw_positions = await self.binance_client.get_position_info_async()
2025-10-28T12:24:26.158340921Z [inf]  2025-10-28 12:24:26,143 - src.core.position_controller - ERROR - âŒ ç²å–æŒå€‰å¤±æ•—: ç†”æ–·å™¨é˜»æ–·(å¤±æ•—7æ¬¡)ï¼Œè«‹28ç§’å¾Œé‡è©¦
2025-10-28T12:24:26.158342432Z [inf]                      ^^^^^^^^^^^^^^^^^^^^^^^^^^^^^^^^^^^^^^^^^^^^^^^^^^^
2025-10-28T12:24:26.158347048Z [inf]  Traceback (most recent call last):
2025-10-28T12:24:26.158348607Z [inf]    File "/app/src/clients/binance_client.py", line 475, in get_position_info_async
2025-10-28T12:24:26.158354554Z [inf]    File "/app/src/clients/binance_client.py", line 203, in _request
2025-10-28T12:24:26.158354738Z [inf]      account_info = await self.get_account_info()
2025-10-28T12:24:26.158360360Z [inf]      result = await self.circuit_breaker.call_async(_do_request)
2025-10-28T12:24:26.158364859Z [inf]               ^^^^^^^^^^^^^^^^^^^^^^^^^^^^^^^^^^^^^^^^^^^^^^^^^^
2025-10-28T12:24:26.158370147Z [inf]    File "/app/src/core/circuit_breaker.py", line 327, in call_async
2025-10-28T12:24:26.158374182Z [inf]      raise Exception(reason)
2025-10-28T12:24:26.158378451Z [inf]  Exception: ç†”æ–·å™¨é˜»æ–·(å¤±æ•—7æ¬¡)ï¼Œè«‹28ç§’å¾Œé‡è©¦
2025-10-28T12:24:26.158383664Z [inf]  
2025-10-28T12:24:26.158387873Z [inf]  During handling of the above exception, another exception occurred:
2025-10-28T12:24:26.164118110Z [inf]                     ^^^^^^^^^^^^^^^^^^^^^^^^^^^^^
2025-10-28T12:24:26.164127064Z [inf]    File "/app/src/clients/binance_client.py", line 455, in get_account_info
2025-10-28T12:24:26.164132634Z [inf]      result = await self._request("GET", "/fapi/v2/account", signed=True)
2025-10-28T12:24:26.164137085Z [inf]               ^^^^^^^^^^^^^^^^^^^^^^^^^^^^^^^^^^^^^^^^^^^^^^^^^^^^^^^^^^^
2025-10-28T12:24:26.164141729Z [inf]    File "/app/src/clients/binance_client.py", line 219, in _request
2025-10-28T12:24:26.164150840Z [inf]      raise BinanceRequestError(
2025-10-28T12:24:26.164156320Z [inf]  src.clients.binance_errors.BinanceRequestError: ç†”æ–·å™¨é˜»æ–·(å¤±æ•—7æ¬¡)ï¼Œè«‹28ç§’å¾Œé‡è©¦
2025-10-28T12:24:28.151316202Z [inf]  2025-10-28 12:24:28,146 - src.core.circuit_breaker - ERROR - ğŸ”´ ç†”æ–·å™¨é˜»æ–·(å¤±æ•—7æ¬¡)ï¼Œè«‹26ç§’å¾Œé‡è©¦ | æ“ä½œ: generic | å„ªå…ˆç´š: NORMAL
2025-10-28T12:24:28.151326181Z [inf]  2025-10-28 12:24:28,146 - src.clients.binance_client - ERROR - API è«‹æ±‚å¤±æ•—: /fapi/v2/account - ç†”æ–·å™¨é˜»æ–·(å¤±æ•—7æ¬¡)ï¼Œè«‹26ç§’å¾Œé‡è©¦
2025-10-28T12:24:28.151334271Z [inf]  2025-10-28 12:24:28,146 - src.core.position_controller - ERROR - âŒ ç²å–æŒå€‰å¤±æ•—: ç†”æ–·å™¨é˜»æ–·(å¤±æ•—7æ¬¡)ï¼Œè«‹26ç§’å¾Œé‡è©¦
2025-10-28T12:24:28.151340044Z [inf]  Traceback (most recent call last):
2025-10-28T12:24:28.151345229Z [inf]    File "/app/src/clients/binance_client.py", line 203, in _request
2025-10-28T12:24:28.151350255Z [inf]      result = await self.circuit_breaker.call_async(_do_request)
2025-10-28T12:24:28.151355464Z [inf]               ^^^^^^^^^^^^^^^^^^^^^^^^^^^^^^^^^^^^^^^^^^^^^^^^^^
2025-10-28T12:24:28.151359873Z [inf]    File "/app/src/core/circuit_breaker.py", line 327, in call_async
2025-10-28T12:24:28.151366003Z [inf]      raise Exception(reason)
2025-10-28T12:24:28.151370882Z [inf]  Exception: ç†”æ–·å™¨é˜»æ–·(å¤±æ•—7æ¬¡)ï¼Œè«‹26ç§’å¾Œé‡è©¦
2025-10-28T12:24:28.151375619Z [inf]  
2025-10-28T12:24:28.151379992Z [inf]  During handling of the above exception, another exception occurred:
2025-10-28T12:24:28.151385002Z [inf]  
2025-10-28T12:24:28.151388946Z [inf]  Traceback (most recent call last):
2025-10-28T12:24:28.151393416Z [inf]    File "/app/src/core/position_controller.py", line 135, in _fetch_all_positions
2025-10-28T12:24:28.151398584Z [inf]      raw_positions = await self.binance_client.get_position_info_async()
2025-10-28T12:24:28.151402940Z [inf]                      ^^^^^^^^^^^^^^^^^^^^^^^^^^^^^^^^^^^^^^^^^^^^^^^^^^^
2025-10-28T12:24:28.151407240Z [inf]    File "/app/src/clients/binance_client.py", line 475, in get_position_info_async
2025-10-28T12:24:28.151411185Z [inf]      account_info = await self.get_account_info()
2025-10-28T12:24:28.152440408Z [inf]                     ^^^^^^^^^^^^^^^^^^^^^^^^^^^^^
2025-10-28T12:24:28.152454724Z [inf]    File "/app/src/clients/binance_client.py", line 455, in get_account_info
2025-10-28T12:24:28.152463227Z [inf]      result = await self._request("GET", "/fapi/v2/account", signed=True)
2025-10-28T12:24:28.152469630Z [inf]               ^^^^^^^^^^^^^^^^^^^^^^^^^^^^^^^^^^^^^^^^^^^^^^^^^^^^^^^^^^^
2025-10-28T12:24:28.152474562Z [inf]    File "/app/src/clients/binance_client.py", line 219, in _request
2025-10-28T12:24:28.152481156Z [inf]      raise BinanceRequestError(
2025-10-28T12:24:28.152487054Z [inf]  src.clients.binance_errors.BinanceRequestError: ç†”æ–·å™¨é˜»æ–·(å¤±æ•—7æ¬¡)ï¼Œè«‹26ç§’å¾Œé‡è©¦
2025-10-28T12:24:30.176321255Z [inf]  2025-10-28 12:24:30,150 - src.core.circuit_breaker - ERROR - ğŸ”´ ç†”æ–·å™¨é˜»æ–·(å¤±æ•—7æ¬¡)ï¼Œè«‹24ç§’å¾Œé‡è©¦ | æ“ä½œ: generic | å„ªå…ˆç´š: NORMAL
2025-10-28T12:24:30.176333102Z [inf]  2025-10-28 12:24:30,150 - src.clients.binance_client - ERROR - API è«‹æ±‚å¤±æ•—: /fapi/v2/account - ç†”æ–·å™¨é˜»æ–·(å¤±æ•—7æ¬¡)ï¼Œè«‹24ç§’å¾Œé‡è©¦
2025-10-28T12:24:30.176369353Z [inf]  Exception: ç†”æ–·å™¨é˜»æ–·(å¤±æ•—7æ¬¡)ï¼Œè«‹24ç§’å¾Œé‡è©¦
2025-10-28T12:24:30.176392336Z [inf]  2025-10-28 12:24:30,150 - src.core.position_controller - ERROR - âŒ ç²å–æŒå€‰å¤±æ•—: ç†”æ–·å™¨é˜»æ–·(å¤±æ•—7æ¬¡)ï¼Œè«‹24ç§’å¾Œé‡è©¦
2025-10-28T12:24:30.176400702Z [inf]      result = await self.circuit_breaker.call_async(_do_request)
2025-10-28T12:24:30.176406005Z [inf]  
2025-10-28T12:24:30.176407028Z [inf]  Traceback (most recent call last):
2025-10-28T12:24:30.176413277Z [inf]               ^^^^^^^^^^^^^^^^^^^^^^^^^^^^^^^^^^^^^^^^^^^^^^^^^^
2025-10-28T12:24:30.176413368Z [inf]  During handling of the above exception, another exception occurred:
2025-10-28T12:24:30.176418840Z [inf]  
2025-10-28T12:24:30.176426259Z [inf]  Traceback (most recent call last):
2025-10-28T12:24:30.176433384Z [inf]    File "/app/src/core/position_controller.py", line 135, in _fetch_all_positions
2025-10-28T12:24:30.176435390Z [inf]    File "/app/src/clients/binance_client.py", line 203, in _request
2025-10-28T12:24:30.176440750Z [inf]      raw_positions = await self.binance_client.get_position_info_async()
2025-10-28T12:24:30.176447410Z [inf]                      ^^^^^^^^^^^^^^^^^^^^^^^^^^^^^^^^^^^^^^^^^^^^^^^^^^^
2025-10-28T12:24:30.176452835Z [inf]    File "/app/src/core/circuit_breaker.py", line 327, in call_async
2025-10-28T12:24:30.176454664Z [inf]    File "/app/src/clients/binance_client.py", line 475, in get_position_info_async
2025-10-28T12:24:30.176460873Z [inf]      account_info = await self.get_account_info()
2025-10-28T12:24:30.176468129Z [inf]      raise Exception(reason)
2025-10-28T12:24:30.178223960Z [inf]                     ^^^^^^^^^^^^^^^^^^^^^^^^^^^^^
2025-10-28T12:24:30.178232351Z [inf]    File "/app/src/clients/binance_client.py", line 455, in get_account_info
2025-10-28T12:24:30.178241795Z [inf]      result = await self._request("GET", "/fapi/v2/account", signed=True)
2025-10-28T12:24:30.178252118Z [inf]               ^^^^^^^^^^^^^^^^^^^^^^^^^^^^^^^^^^^^^^^^^^^^^^^^^^^^^^^^^^^
2025-10-28T12:24:30.178260893Z [inf]    File "/app/src/clients/binance_client.py", line 219, in _request
2025-10-28T12:24:30.178269339Z [inf]      raise BinanceRequestError(
2025-10-28T12:24:30.178279183Z [inf]  src.clients.binance_errors.BinanceRequestError: ç†”æ–·å™¨é˜»æ–·(å¤±æ•—7æ¬¡)ï¼Œè«‹24ç§’å¾Œé‡è©¦
2025-10-28T12:24:32.235481829Z [inf]      raw_positions = await self.binance_client.get_position_info_async()
2025-10-28T12:24:32.235499659Z [inf]                      ^^^^^^^^^^^^^^^^^^^^^^^^^^^^^^^^^^^^^^^^^^^^^^^^^^^
2025-10-28T12:24:32.235506369Z [inf]  2025-10-28 12:24:32,153 - src.clients.binance_client - ERROR - API è«‹æ±‚å¤±æ•—: /fapi/v2/account - ç†”æ–·å™¨é˜»æ–·(å¤±æ•—7æ¬¡)ï¼Œè«‹22ç§’å¾Œé‡è©¦
2025-10-28T12:24:32.235509841Z [inf]    File "/app/src/clients/binance_client.py", line 475, in get_position_info_async
2025-10-28T12:24:32.235520813Z [inf]      account_info = await self.get_account_info()
2025-10-28T12:24:32.235522619Z [inf]  2025-10-28 12:24:32,154 - src.core.position_controller - ERROR - âŒ ç²å–æŒå€‰å¤±æ•—: ç†”æ–·å™¨é˜»æ–·(å¤±æ•—7æ¬¡)ï¼Œè«‹22ç§’å¾Œé‡è©¦
2025-10-28T12:24:32.235533784Z [inf]  Traceback (most recent call last):
2025-10-28T12:24:32.235540123Z [inf]    File "/app/src/clients/binance_client.py", line 203, in _request
2025-10-28T12:24:32.235550765Z [inf]      result = await self.circuit_breaker.call_async(_do_request)
2025-10-28T12:24:32.235557096Z [inf]               ^^^^^^^^^^^^^^^^^^^^^^^^^^^^^^^^^^^^^^^^^^^^^^^^^^
2025-10-28T12:24:32.235562638Z [inf]    File "/app/src/core/circuit_breaker.py", line 327, in call_async
2025-10-28T12:24:32.235568459Z [inf]      raise Exception(reason)
2025-10-28T12:24:32.235574684Z [inf]  Exception: ç†”æ–·å™¨é˜»æ–·(å¤±æ•—7æ¬¡)ï¼Œè«‹22ç§’å¾Œé‡è©¦
2025-10-28T12:24:32.235582059Z [inf]  
2025-10-28T12:24:32.235590017Z [inf]  During handling of the above exception, another exception occurred:
2025-10-28T12:24:32.235598259Z [inf]  
2025-10-28T12:24:32.235605591Z [inf]  Traceback (most recent call last):
2025-10-28T12:24:32.235612874Z [inf]    File "/app/src/core/position_controller.py", line 135, in _fetch_all_positions
2025-10-28T12:24:32.235645492Z [inf]  2025-10-28 12:24:32,153 - src.core.circuit_breaker - ERROR - ğŸ”´ ç†”æ–·å™¨é˜»æ–·(å¤±æ•—7æ¬¡)ï¼Œè«‹22ç§’å¾Œé‡è©¦ | æ“ä½œ: generic | å„ªå…ˆç´š: NORMAL
2025-10-28T12:24:32.241227479Z [inf]                     ^^^^^^^^^^^^^^^^^^^^^^^^^^^^^
2025-10-28T12:24:32.241233729Z [inf]    File "/app/src/clients/binance_client.py", line 455, in get_account_info
2025-10-28T12:24:32.241240647Z [inf]      result = await self._request("GET", "/fapi/v2/account", signed=True)
2025-10-28T12:24:32.241248189Z [inf]               ^^^^^^^^^^^^^^^^^^^^^^^^^^^^^^^^^^^^^^^^^^^^^^^^^^^^^^^^^^^
2025-10-28T12:24:32.241255224Z [inf]    File "/app/src/clients/binance_client.py", line 219, in _request
2025-10-28T12:24:32.241262529Z [inf]      raise BinanceRequestError(
2025-10-28T12:24:32.241272556Z [inf]  src.clients.binance_errors.BinanceRequestError: ç†”æ–·å™¨é˜»æ–·(å¤±æ•—7æ¬¡)ï¼Œè«‹22ç§’å¾Œé‡è©¦
2025-10-28T12:24:34.165776932Z [inf]  2025-10-28 12:24:34,156 - src.core.circuit_breaker - ERROR - ğŸ”´ ç†”æ–·å™¨é˜»æ–·(å¤±æ•—7æ¬¡)ï¼Œè«‹20ç§’å¾Œé‡è©¦ | æ“ä½œ: generic | å„ªå…ˆç´š: NORMAL
2025-10-28T12:24:34.165784075Z [inf]  2025-10-28 12:24:34,157 - src.clients.binance_client - ERROR - API è«‹æ±‚å¤±æ•—: /fapi/v2/account - ç†”æ–·å™¨é˜»æ–·(å¤±æ•—7æ¬¡)ï¼Œè«‹20ç§’å¾Œé‡è©¦
2025-10-28T12:24:34.165790636Z [inf]  2025-10-28 12:24:34,157 - src.core.position_controller - ERROR - âŒ ç²å–æŒå€‰å¤±æ•—: ç†”æ–·å™¨é˜»æ–·(å¤±æ•—7æ¬¡)ï¼Œè«‹20ç§’å¾Œé‡è©¦
2025-10-28T12:24:34.165797245Z [inf]  Traceback (most recent call last):
2025-10-28T12:24:34.165803305Z [inf]    File "/app/src/clients/binance_client.py", line 203, in _request
2025-10-28T12:24:34.165809550Z [inf]      result = await self.circuit_breaker.call_async(_do_request)
2025-10-28T12:24:34.165815444Z [inf]               ^^^^^^^^^^^^^^^^^^^^^^^^^^^^^^^^^^^^^^^^^^^^^^^^^^
2025-10-28T12:24:34.165820964Z [inf]    File "/app/src/core/circuit_breaker.py", line 327, in call_async
2025-10-28T12:24:34.165826869Z [inf]      raise Exception(reason)
2025-10-28T12:24:34.165833531Z [inf]  Exception: ç†”æ–·å™¨é˜»æ–·(å¤±æ•—7æ¬¡)ï¼Œè«‹20ç§’å¾Œé‡è©¦
2025-10-28T12:24:34.165841154Z [inf]  
2025-10-28T12:24:34.165852605Z [inf]  During handling of the above exception, another exception occurred:
2025-10-28T12:24:34.165864098Z [inf]  
2025-10-28T12:24:34.165871864Z [inf]  Traceback (most recent call last):
2025-10-28T12:24:34.165879404Z [inf]    File "/app/src/core/position_controller.py", line 135, in _fetch_all_positions
2025-10-28T12:24:34.165887090Z [inf]      raw_positions = await self.binance_client.get_position_info_async()
2025-10-28T12:24:34.165893858Z [inf]                      ^^^^^^^^^^^^^^^^^^^^^^^^^^^^^^^^^^^^^^^^^^^^^^^^^^^
2025-10-28T12:24:34.165900936Z [inf]    File "/app/src/clients/binance_client.py", line 475, in get_position_info_async
2025-10-28T12:24:34.165908335Z [inf]      account_info = await self.get_account_info()
2025-10-28T12:24:34.167492454Z [inf]                     ^^^^^^^^^^^^^^^^^^^^^^^^^^^^^
2025-10-28T12:24:34.167500417Z [inf]    File "/app/src/clients/binance_client.py", line 455, in get_account_info
2025-10-28T12:24:34.167507063Z [inf]      result = await self._request("GET", "/fapi/v2/account", signed=True)
2025-10-28T12:24:34.167512387Z [inf]               ^^^^^^^^^^^^^^^^^^^^^^^^^^^^^^^^^^^^^^^^^^^^^^^^^^^^^^^^^^^
2025-10-28T12:24:34.167519769Z [inf]    File "/app/src/clients/binance_client.py", line 219, in _request
2025-10-28T12:24:34.167525118Z [inf]      raise BinanceRequestError(
2025-10-28T12:24:34.167532005Z [inf]  src.clients.binance_errors.BinanceRequestError: ç†”æ–·å™¨é˜»æ–·(å¤±æ•—7æ¬¡)ï¼Œè«‹20ç§’å¾Œé‡è©¦