2025-11-11T16:26:46.119697644Z [inf]  2025-11-11 16:26:46,096 - src.core.elite.unified_data_pipeline - WARNING - âš ï¸  UAIUSDT 1h æ•°æ®è·å–å¤±è´¥ï¼ˆæ‰€æœ‰å±‚çº§å¤±è´¥ï¼‰
2025-11-11T16:26:46.119701647Z [inf]  2025-11-11 16:26:46,096 - src.core.elite.unified_data_pipeline - WARNING - âš ï¸  UAIUSDT 15m æ•°æ®è·å–å¤±è´¥ï¼ˆæ‰€æœ‰å±‚çº§å¤±è´¥ï¼‰
2025-11-11T16:26:46.119705627Z [inf]  2025-11-11 16:26:46,097 - src.core.elite.unified_data_pipeline - WARNING - âš ï¸  UAIUSDT 5m æ•°æ®è·å–å¤±è´¥ï¼ˆæ‰€æœ‰å±‚çº§å¤±è´¥ï¼‰
2025-11-11T16:26:46.119710291Z [inf]  2025-11-11 16:26:46,097 - src.core.circuit_breaker - ERROR - ğŸ”´ ç†”æ–·å™¨é˜»æ–·(å¤±æ•—92æ¬¡)ï¼Œè«‹59ç§’å¾Œé‡è©¦ | æ“ä½œ: generic | å„ªå…ˆç´š: NORMAL
2025-11-11T16:26:46.119714477Z [inf]  2025-11-11 16:26:46,097 - src.clients.binance_client - ERROR - API è«‹æ±‚å¤±æ•—: /fapi/v1/klines - ç†”æ–·å™¨é˜»æ–·(å¤±æ•—92æ¬¡)ï¼Œè«‹59ç§’å¾Œé‡è©¦
2025-11-11T16:26:46.119719417Z [inf]  2025-11-11 16:26:46,097 - src.core.circuit_breaker - ERROR - ğŸ”´ ç†”æ–·å™¨é˜»æ–·(å¤±æ•—92æ¬¡)ï¼Œè«‹59ç§’å¾Œé‡è©¦ | æ“ä½œ: generic | å„ªå…ˆç´š: NORMAL
2025-11-11T16:26:46.121430928Z [inf]  2025-11-11 16:26:46,097 - src.clients.binance_client - ERROR - API è«‹æ±‚å¤±æ•—: /fapi/v1/klines - ç†”æ–·å™¨é˜»æ–·(å¤±æ•—92æ¬¡)ï¼Œè«‹59ç§’å¾Œé‡è©¦
2025-11-11T16:26:46.121442788Z [inf]  2025-11-11 16:26:46,097 - src.core.circuit_breaker - ERROR - ğŸ”´ ç†”æ–·å™¨é˜»æ–·(å¤±æ•—92æ¬¡)ï¼Œè«‹59ç§’å¾Œé‡è©¦ | æ“ä½œ: generic | å„ªå…ˆç´š: NORMAL
2025-11-11T16:26:46.121450384Z [inf]  2025-11-11 16:26:46,097 - src.clients.binance_client - ERROR - API è«‹æ±‚å¤±æ•—: /fapi/v1/klines - ç†”æ–·å™¨é˜»æ–·(å¤±æ•—92æ¬¡)ï¼Œè«‹59ç§’å¾Œé‡è©¦
2025-11-11T16:26:46.121458901Z [inf]  2025-11-11 16:26:46,097 - src.core.elite.unified_data_pipeline - WARNING - âš ï¸  FOLKSUSDT 1h æ•°æ®è·å–å¤±è´¥ï¼ˆæ‰€æœ‰å±‚çº§å¤±è´¥ï¼‰
2025-11-11T16:26:46.121466241Z [inf]  2025-11-11 16:26:46,097 - src.core.elite.unified_data_pipeline - WARNING - âš ï¸  FOLKSUSDT 15m æ•°æ®è·å–å¤±è´¥ï¼ˆæ‰€æœ‰å±‚çº§å¤±è´¥ï¼‰
2025-11-11T16:26:46.121472498Z [inf]  2025-11-11 16:26:46,098 - src.core.elite.unified_data_pipeline - WARNING - âš ï¸  FOLKSUSDT 5m æ•°æ®è·å–å¤±è´¥ï¼ˆæ‰€æœ‰å±‚çº§å¤±è´¥ï¼‰
2025-11-11T16:26:46.121478810Z [inf]  2025-11-11 16:26:46,098 - src.core.circuit_breaker - ERROR - ğŸ”´ ç†”æ–·å™¨é˜»æ–·(å¤±æ•—92æ¬¡)ï¼Œè«‹59ç§’å¾Œé‡è©¦ | æ“ä½œ: generic | å„ªå…ˆç´š: NORMAL
2025-11-11T16:26:46.121485605Z [inf]  2025-11-11 16:26:46,098 - src.clients.binance_client - ERROR - API è«‹æ±‚å¤±æ•—: /fapi/v1/klines - ç†”æ–·å™¨é˜»æ–·(å¤±æ•—92æ¬¡)ï¼Œè«‹59ç§’å¾Œé‡è©¦
2025-11-11T16:26:46.121491508Z [inf]  2025-11-11 16:26:46,098 - src.core.circuit_breaker - ERROR - ğŸ”´ ç†”æ–·å™¨é˜»æ–·(å¤±æ•—92æ¬¡)ï¼Œè«‹59ç§’å¾Œé‡è©¦ | æ“ä½œ: generic | å„ªå…ˆç´š: NORMAL
2025-11-11T16:26:46.121498267Z [inf]  2025-11-11 16:26:46,098 - src.clients.binance_client - ERROR - API è«‹æ±‚å¤±æ•—: /fapi/v1/klines - ç†”æ–·å™¨é˜»æ–·(å¤±æ•—92æ¬¡)ï¼Œè«‹59ç§’å¾Œé‡è©¦
2025-11-11T16:26:46.121511134Z [inf]  2025-11-11 16:26:46,098 - src.core.circuit_breaker - ERROR - ğŸ”´ ç†”æ–·å™¨é˜»æ–·(å¤±æ•—92æ¬¡)ï¼Œè«‹59ç§’å¾Œé‡è©¦ | æ“ä½œ: generic | å„ªå…ˆç´š: NORMAL
2025-11-11T16:26:46.132114533Z [inf]  2025-11-11 16:26:46,100 - src.clients.binance_client - ERROR - API è«‹æ±‚å¤±æ•—: /fapi/v1/klines - ç†”æ–·å™¨é˜»æ–·(å¤±æ•—92æ¬¡)ï¼Œè«‹59ç§’å¾Œé‡è©¦
2025-11-11T16:26:46.132123076Z [inf]  2025-11-11 16:26:46,100 - src.core.elite.unified_data_pipeline - WARNING - âš ï¸  JCTUSDT 1h æ•°æ®è·å–å¤±è´¥ï¼ˆæ‰€æœ‰å±‚çº§å¤±è´¥ï¼‰
2025-11-11T16:26:46.132130230Z [inf]  2025-11-11 16:26:46,098 - src.clients.binance_client - ERROR - API è«‹æ±‚å¤±æ•—: /fapi/v1/klines - ç†”æ–·å™¨é˜»æ–·(å¤±æ•—92æ¬¡)ï¼Œè«‹59ç§’å¾Œé‡è©¦
2025-11-11T16:26:46.132139746Z [inf]  2025-11-11 16:26:46,098 - src.core.elite.unified_data_pipeline - WARNING - âš ï¸  STABLEUSDT 1h æ•°æ®è·å–å¤±è´¥ï¼ˆæ‰€æœ‰å±‚çº§å¤±è´¥ï¼‰
2025-11-11T16:26:46.132146626Z [inf]  2025-11-11 16:26:46,098 - src.core.elite.unified_data_pipeline - WARNING - âš ï¸  STABLEUSDT 15m æ•°æ®è·å–å¤±è´¥ï¼ˆæ‰€æœ‰å±‚çº§å¤±è´¥ï¼‰
2025-11-11T16:26:46.132151848Z [inf]  2025-11-11 16:26:46,098 - src.core.elite.unified_data_pipeline - WARNING - âš ï¸  STABLEUSDT 5m æ•°æ®è·å–å¤±è´¥ï¼ˆæ‰€æœ‰å±‚çº§å¤±è´¥ï¼‰
2025-11-11T16:26:46.132157847Z [inf]  2025-11-11 16:26:46,099 - src.core.circuit_breaker - ERROR - ğŸ”´ ç†”æ–·å™¨é˜»æ–·(å¤±æ•—92æ¬¡)ï¼Œè«‹59ç§’å¾Œé‡è©¦ | æ“ä½œ: generic | å„ªå…ˆç´š: NORMAL
2025-11-11T16:26:46.132163454Z [inf]  2025-11-11 16:26:46,099 - src.clients.binance_client - ERROR - API è«‹æ±‚å¤±æ•—: /fapi/v1/klines - ç†”æ–·å™¨é˜»æ–·(å¤±æ•—92æ¬¡)ï¼Œè«‹59ç§’å¾Œé‡è©¦
2025-11-11T16:26:46.132168944Z [inf]  2025-11-11 16:26:46,099 - src.core.circuit_breaker - ERROR - ğŸ”´ ç†”æ–·å™¨é˜»æ–·(å¤±æ•—92æ¬¡)ï¼Œè«‹59ç§’å¾Œé‡è©¦ | æ“ä½œ: generic | å„ªå…ˆç´š: NORMAL
2025-11-11T16:26:46.132174128Z [inf]  2025-11-11 16:26:46,099 - src.clients.binance_client - ERROR - API è«‹æ±‚å¤±æ•—: /fapi/v1/klines - ç†”æ–·å™¨é˜»æ–·(å¤±æ•—92æ¬¡)ï¼Œè«‹59ç§’å¾Œé‡è©¦
2025-11-11T16:26:46.132180087Z [inf]  2025-11-11 16:26:46,100 - src.core.circuit_breaker - ERROR - ğŸ”´ ç†”æ–·å™¨é˜»æ–·(å¤±æ•—92æ¬¡)ï¼Œè«‹59ç§’å¾Œé‡è©¦ | æ“ä½œ: generic | å„ªå…ˆç´š: NORMAL
2025-11-11T16:26:46.133906776Z [inf]  2025-11-11 16:26:46,101 - src.clients.binance_client - ERROR - API è«‹æ±‚å¤±æ•—: /fapi/v1/klines - ç†”æ–·å™¨é˜»æ–·(å¤±æ•—92æ¬¡)ï¼Œè«‹59ç§’å¾Œé‡è©¦
2025-11-11T16:26:46.133916711Z [inf]  2025-11-11 16:26:46,101 - src.core.circuit_breaker - ERROR - ğŸ”´ ç†”æ–·å™¨é˜»æ–·(å¤±æ•—92æ¬¡)ï¼Œè«‹59ç§’å¾Œé‡è©¦ | æ“ä½œ: generic | å„ªå…ˆç´š: NORMAL
2025-11-11T16:26:46.133917585Z [inf]  2025-11-11 16:26:46,100 - src.core.elite.unified_data_pipeline - WARNING - âš ï¸  JCTUSDT 15m æ•°æ®è·å–å¤±è´¥ï¼ˆæ‰€æœ‰å±‚çº§å¤±è´¥ï¼‰
2025-11-11T16:26:46.133924486Z [inf]  2025-11-11 16:26:46,101 - src.clients.binance_client - ERROR - API è«‹æ±‚å¤±æ•—: /fapi/v1/klines - ç†”æ–·å™¨é˜»æ–·(å¤±æ•—92æ¬¡)ï¼Œè«‹59ç§’å¾Œé‡è©¦
2025-11-11T16:26:46.133929914Z [inf]  2025-11-11 16:26:46,100 - src.core.elite.unified_data_pipeline - WARNING - âš ï¸  JCTUSDT 5m æ•°æ®è·å–å¤±è´¥ï¼ˆæ‰€æœ‰å±‚çº§å¤±è´¥ï¼‰
2025-11-11T16:26:46.133932607Z [inf]  2025-11-11 16:26:46,101 - src.core.elite.unified_data_pipeline - WARNING - âš ï¸  ALLOUSDT 1h æ•°æ®è·å–å¤±è´¥ï¼ˆæ‰€æœ‰å±‚çº§å¤±è´¥ï¼‰
2025-11-11T16:26:46.133938254Z [inf]  2025-11-11 16:26:46,101 - src.core.circuit_breaker - ERROR - ğŸ”´ ç†”æ–·å™¨é˜»æ–·(å¤±æ•—92æ¬¡)ï¼Œè«‹59ç§’å¾Œé‡è©¦ | æ“ä½œ: generic | å„ªå…ˆç´š: NORMAL
2025-11-11T16:26:46.133940226Z [inf]  2025-11-11 16:26:46,101 - src.core.elite.unified_data_pipeline - WARNING - âš ï¸  ALLOUSDT 15m æ•°æ®è·å–å¤±è´¥ï¼ˆæ‰€æœ‰å±‚çº§å¤±è´¥ï¼‰
2025-11-11T16:26:46.133946328Z [inf]  2025-11-11 16:26:46,101 - src.clients.binance_client - ERROR - API è«‹æ±‚å¤±æ•—: /fapi/v1/klines - ç†”æ–·å™¨é˜»æ–·(å¤±æ•—92æ¬¡)ï¼Œè«‹59ç§’å¾Œé‡è©¦
2025-11-11T16:26:46.133948983Z [inf]  2025-11-11 16:26:46,102 - src.core.elite.unified_data_pipeline - WARNING - âš ï¸  ALLOUSDT 5m æ•°æ®è·å–å¤±è´¥ï¼ˆæ‰€æœ‰å±‚çº§å¤±è´¥ï¼‰
2025-11-11T16:26:46.133953314Z [inf]  2025-11-11 16:26:46,101 - src.core.circuit_breaker - ERROR - ğŸ”´ ç†”æ–·å™¨é˜»æ–·(å¤±æ•—92æ¬¡)ï¼Œè«‹59ç§’å¾Œé‡è©¦ | æ“ä½œ: generic | å„ªå…ˆç´š: NORMAL
2025-11-11T16:26:46.135057516Z [inf]  2025-11-11 16:26:46,105 - src.core.unified_scheduler - WARNING - âš ï¸  è­¦å‘Š: å¹³å‡åˆ†ææ™‚é–“20.8msï¼Œå¯èƒ½åˆ†ææ·±åº¦ä¸è¶³
2025-11-11T16:26:46.135064396Z [inf]  2025-11-11 16:26:46,104 - src.core.elite.unified_data_pipeline - INFO - âœ… æ‰¹é‡æ•°æ®è·å–å®Œæˆ: 23ä¸ªsymbols | æˆåŠŸ23 | å¤±è´¥0 | è€—æ—¶0.07ç§’ | å¹³å‡2.8ms/symbol
2025-11-11T16:26:46.135066245Z [inf]  2025-11-11 16:26:46,105 - src.core.unified_scheduler - INFO - ğŸ“Š æƒæçµ±è¨ˆ: ç¸½æ•¸=535 | æ•¸æ“šå¯ç”¨=535 | æ•¸æ“šç¼ºå¤±=0
2025-11-11T16:26:46.135073305Z [inf]  2025-11-11 16:26:46,105 - src.core.unified_scheduler - INFO - ğŸ“Š ä¿¡è™Ÿåˆ†æè¨ºæ–·ï¼ˆä¿¡å¿ƒå€¼Top 10ï¼‰
2025-11-11T16:26:46.135075492Z [inf]  2025-11-11 16:26:46,105 - src.core.unified_scheduler - INFO - ================================================================================
2025-11-11T16:26:46.135080759Z [inf]  2025-11-11 16:26:46,105 - src.core.unified_scheduler - INFO -  1. TRXUSDT      | ä¿¡å¿ƒ= 61.5 | å‹ç‡= 50.4% | âœ… ä¿¡è™Ÿ
2025-11-11T16:26:46.135083414Z [inf]  2025-11-11 16:26:46,105 - src.core.unified_scheduler - INFO - â±ï¸  ===== æƒææ™‚é–“åˆ†æå ±å‘Š =====
2025-11-11T16:26:46.135088942Z [inf]  2025-11-11 16:26:46,105 - src.core.unified_scheduler - INFO - ğŸ“Š åˆ†æäº¤æ˜“å°: 535/535
2025-11-11T16:26:46.135095723Z [inf]  2025-11-11 16:26:46,105 - src.core.unified_scheduler - INFO - ğŸ“­ æ•¸æ“šç¼ºå¤±: 0
2025-11-11T16:26:46.135110715Z [inf]  2025-11-11 16:26:46,105 - src.core.unified_scheduler - INFO - â±ï¸  ç¸½æƒææ™‚é–“: 18.4s
2025-11-11T16:26:46.135124474Z [inf]  2025-11-11 16:26:46,105 - src.core.unified_scheduler - INFO - ğŸ“ˆ å¹³å‡åˆ†ææ™‚é–“: 20.8ms
2025-11-11T16:26:46.135136140Z [inf]  2025-11-11 16:26:46,105 - src.core.unified_scheduler - INFO - ğŸš€ æœ€å¿«åˆ†æ: 0.0ms
2025-11-11T16:26:46.135150636Z [inf]  2025-11-11 16:26:46,105 - src.core.unified_scheduler - INFO - ğŸŒ æœ€æ…¢åˆ†æ: 485.4ms
2025-11-11T16:26:46.135159952Z [inf]  2025-11-11 16:26:46,105 - src.core.unified_scheduler - INFO - ğŸ’¾ å¹³å‡æ•¸æ“šç²å–: 0.0ms
2025-11-11T16:26:46.136361822Z [inf]  2025-11-11 16:26:46,105 - src.core.unified_scheduler - INFO -  2. ARIAUSDT     | ä¿¡å¿ƒ= 59.6 | å‹ç‡= 52.9% | âœ… ä¿¡è™Ÿ
2025-11-11T16:26:46.136370195Z [inf]  2025-11-11 16:26:46,105 - src.core.unified_scheduler - INFO -  3. DEGOUSDT     | ä¿¡å¿ƒ= 59.6 | å‹ç‡= 49.9% | âœ… ä¿¡è™Ÿ
2025-11-11T16:26:46.136375620Z [inf]  2025-11-11 16:26:46,105 - src.core.unified_scheduler - INFO -  4. WLDUSDT      | ä¿¡å¿ƒ= 59.4 | å‹ç‡= 59.8% | âœ… ä¿¡è™Ÿ
2025-11-11T16:26:46.136380956Z [inf]  2025-11-11 16:26:46,106 - src.core.unified_scheduler - INFO -  5. XMRUSDT      | ä¿¡å¿ƒ= 58.8 | å‹ç‡= 49.6% | âœ… ä¿¡è™Ÿ
2025-11-11T16:26:46.136386239Z [inf]  2025-11-11 16:26:46,106 - src.core.unified_scheduler - INFO -  6. ENJUSDT      | ä¿¡å¿ƒ= 58.2 | å‹ç‡= 59.5% | âœ… ä¿¡è™Ÿ
2025-11-11T16:26:46.136392701Z [inf]  2025-11-11 16:26:46,106 - src.core.unified_scheduler - INFO -  7. MITOUSDT     | ä¿¡å¿ƒ= 58.2 | å‹ç‡= 59.4% | âœ… ä¿¡è™Ÿ
2025-11-11T16:26:46.136398978Z [inf]  2025-11-11 16:26:46,106 - src.core.unified_scheduler - INFO -  8. DOLOUSDT     | ä¿¡å¿ƒ= 57.6 | å‹ç‡= 62.3% | âœ… ä¿¡è™Ÿ
2025-11-11T16:26:46.136404298Z [inf]  2025-11-11 16:26:46,106 - src.core.unified_scheduler - INFO -  9. XVGUSDT      | ä¿¡å¿ƒ= 57.1 | å‹ç‡= 59.1% | âœ… ä¿¡è™Ÿ
2025-11-11T16:26:46.136409650Z [inf]  2025-11-11 16:26:46,106 - src.core.unified_scheduler - INFO - 10. RUNEUSDT     | ä¿¡å¿ƒ= 57.0 | å‹ç‡= 62.1% | âœ… ä¿¡è™Ÿ
2025-11-11T16:26:46.136414660Z [inf]  2025-11-11 16:26:46,106 - src.core.unified_scheduler - INFO - âœ… ç™¼ç¾ 245 å€‹äº¤æ˜“ä¿¡è™Ÿ
2025-11-11T16:26:46.136419812Z [inf]  2025-11-11 16:26:46,106 - src.core.unified_scheduler - INFO - ğŸ“Š ä¿¡è™ŸåŸ·è¡Œ | å¯ç”¨ä¿è­‰é‡‘: $100.10 | å·²æœ‰å€‰ä½: 0 | æ–°ä¿¡è™Ÿæ•¸: 245
2025-11-11T16:26:46.136425603Z [inf]  2025-11-11 16:26:46,107 - src.core.circuit_breaker - ERROR - ğŸ”´ ç†”æ–·å™¨é˜»æ–·(å¤±æ•—92æ¬¡)ï¼Œè«‹59ç§’å¾Œé‡è©¦ | æ“ä½œ: generic | å„ªå…ˆç´š: NORMAL
2025-11-11T16:26:46.136431913Z [inf]  2025-11-11 16:26:46,107 - src.clients.binance_client - ERROR - API è«‹æ±‚å¤±æ•—: /fapi/v2/account - ç†”æ–·å™¨é˜»æ–·(å¤±æ•—92æ¬¡)ï¼Œè«‹59ç§’å¾Œé‡è©¦
2025-11-11T16:26:46.137382237Z [inf]  2025-11-11 16:26:46,107 - src.strategies.self_learning_trader - ERROR - âŒ ç²å–å¸³æˆ¶ä¿¡æ¯å¤±æ•—: ç†”æ–·å™¨é˜»æ–·(å¤±æ•—92æ¬¡)ï¼Œè«‹59ç§’å¾Œé‡è©¦
2025-11-11T16:26:46.137390063Z [inf]  2025-11-11 16:26:46,107 - src.core.unified_scheduler - INFO - âœ… é€±æœŸå®Œæˆ | è€—æ™‚: 18.6s | æ–°æˆäº¤: 0
2025-11-11T16:27:05.553085489Z [inf]  2025-11-11 16:26:56,773 - src.core.websocket.price_feed - ERROR - âŒ PriceFeed-Shard0 æ¥æ”¶å¤±æ•—: no close frame received or sent
2025-11-11T16:27:10.382597017Z [inf]  2025-11-11 16:27:10,006 - src.core.websocket.optimized_base_feed - WARNING - ğŸ¥ KlineFeed-Shard8: å¥åº·æ£€æŸ¥å¤±è´¥ - not_connected
2025-11-11T16:27:10.382621398Z [inf]  2025-11-11 16:27:09,982 - src.monitoring.health_check - CRITICAL - ğŸš¨ å‘Šè­¦è§¦å‘: websocket - critical - WebSocketæœªè¿æ¥
2025-11-11T16:27:10.382630308Z [inf]  2025-11-11 16:27:09,982 - src.monitoring.health_check - CRITICAL - ğŸš¨ å‘Šè­¦è§¦å‘: api - critical - APIè¿æ¥å¤±è´¥
2025-11-11T16:27:10.382637257Z [inf]  2025-11-11 16:27:09,982 - src.monitoring.health_check - INFO - ğŸ¥ å¥åº·æ£€æŸ¥å®Œæˆ: critical (1.00ç§’)
2025-11-11T16:27:10.382656625Z [inf]  2025-11-11 16:27:10,005 - src.core.websocket.optimized_base_feed - WARNING - ğŸ¥ KlineFeed-Shard0: å¥åº·æ£€æŸ¥å¤±è´¥ - not_connected
2025-11-11T16:27:10.382662613Z [inf]  2025-11-11 16:27:10,006 - src.core.websocket.optimized_base_feed - WARNING - ğŸ¥ KlineFeed-Shard1: å¥åº·æ£€æŸ¥å¤±è´¥ - not_connected
2025-11-11T16:27:10.382669599Z [inf]  2025-11-11 16:27:10,006 - src.core.websocket.optimized_base_feed - WARNING - ğŸ¥ KlineFeed-Shard2: å¥åº·æ£€æŸ¥å¤±è´¥ - not_connected
2025-11-11T16:27:10.382678612Z [inf]  2025-11-11 16:27:10,006 - src.core.websocket.optimized_base_feed - WARNING - ğŸ¥ KlineFeed-Shard3: å¥åº·æ£€æŸ¥å¤±è´¥ - not_connected
2025-11-11T16:27:10.382686022Z [inf]  2025-11-11 16:27:10,006 - src.core.websocket.optimized_base_feed - WARNING - ğŸ¥ KlineFeed-Shard4: å¥åº·æ£€æŸ¥å¤±è´¥ - not_connected
2025-11-11T16:27:10.382692443Z [inf]  2025-11-11 16:27:10,006 - src.core.websocket.optimized_base_feed - WARNING - ğŸ¥ KlineFeed-Shard5: å¥åº·æ£€æŸ¥å¤±è´¥ - not_connected
2025-11-11T16:27:10.382698081Z [inf]  2025-11-11 16:27:10,006 - src.core.websocket.optimized_base_feed - WARNING - ğŸ¥ KlineFeed-Shard6: å¥åº·æ£€æŸ¥å¤±è´¥ - not_connected
2025-11-11T16:27:10.382703820Z [inf]  2025-11-11 16:27:10,006 - src.core.websocket.optimized_base_feed - WARNING - ğŸ¥ KlineFeed-Shard7: å¥åº·æ£€æŸ¥å¤±è´¥ - not_connected
2025-11-11T16:27:10.385118736Z [inf]  2025-11-11 16:27:10,006 - src.core.websocket.optimized_base_feed - WARNING - ğŸ¥ KlineFeed-Shard9: å¥åº·æ£€æŸ¥å¤±è´¥ - not_connected
2025-11-11T16:27:10.385124969Z [inf]  2025-11-11 16:27:10,006 - src.core.websocket.optimized_base_feed - WARNING - ğŸ¥ KlineFeed-Shard10: å¥åº·æ£€æŸ¥å¤±è´¥ - not_connected
2025-11-11T16:27:13.711795767Z [inf]  2025-11-11 16:27:13,708 - src.core.position_controller - INFO - ğŸ“¡ WebSocketç„¡å€‰ä½æ•¸æ“šï¼Œä½¿ç”¨REST APIå‚™æ´
2025-11-11T16:27:13.711802311Z [inf]  2025-11-11 16:27:13,708 - src.core.circuit_breaker - ERROR - ğŸ”´ ç†”æ–·å™¨é˜»æ–·(å¤±æ•—92æ¬¡)ï¼Œè«‹31ç§’å¾Œé‡è©¦ | æ“ä½œ: generic | å„ªå…ˆç´š: NORMAL
2025-11-11T16:27:13.711807020Z [inf]  2025-11-11 16:27:13,708 - src.clients.binance_client - ERROR - API è«‹æ±‚å¤±æ•—: /fapi/v2/account - ç†”æ–·å™¨é˜»æ–·(å¤±æ•—92æ¬¡)ï¼Œè«‹31ç§’å¾Œé‡è©¦
2025-11-11T16:27:13.711811368Z [inf]  2025-11-11 16:27:13,708 - src.core.position_controller - ERROR - âŒ ç²å–æŒå€‰å¤±æ•—: ç†”æ–·å™¨é˜»æ–·(å¤±æ•—92æ¬¡)ï¼Œè«‹31ç§’å¾Œé‡è©¦
2025-11-11T16:27:13.711815256Z [inf]  Traceback (most recent call last):
2025-11-11T16:27:13.711819308Z [inf]    File "/app/src/clients/binance_client.py", line 234, in _request
2025-11-11T16:27:13.711823405Z [inf]      result = await self.circuit_breaker.call_async(
2025-11-11T16:27:13.711827911Z [inf]               ^^^^^^^^^^^^^^^^^^^^^^^^^^^^^^^^^^^^^^
2025-11-11T16:27:13.711832425Z [inf]    File "/app/src/core/circuit_breaker.py", line 327, in call_async
2025-11-11T16:27:13.711837632Z [inf]      raise Exception(reason)
2025-11-11T16:27:13.711841794Z [inf]  Exception: ç†”æ–·å™¨é˜»æ–·(å¤±æ•—92æ¬¡)ï¼Œè«‹31ç§’å¾Œé‡è©¦
2025-11-11T16:27:13.711845960Z [inf]  
2025-11-11T16:27:13.711851111Z [inf]  During handling of the above exception, another exception occurred:
2025-11-11T16:27:13.711855557Z [inf]  
2025-11-11T16:27:13.711859853Z [inf]  Traceback (most recent call last):
2025-11-11T16:27:13.711864052Z [inf]    File "/app/src/core/position_controller.py", line 232, in _fetch_all_positions
2025-11-11T16:27:13.711868577Z [inf]      raw_positions = await self.binance_client.get_position_info_async()
2025-11-11T16:27:13.711872866Z [inf]                      ^^^^^^^^^^^^^^^^^^^^^^^^^^^^^^^^^^^^^^^^^^^^^^^^^^^
2025-11-11T16:27:13.711878110Z [inf]    File "/app/src/clients/binance_client.py", line 563, in get_position_info_async
2025-11-11T16:27:13.718087846Z [inf]  src.clients.binance_errors.BinanceRequestError: ç†”æ–·å™¨é˜»æ–·(å¤±æ•—92æ¬¡)ï¼Œè«‹31ç§’å¾Œé‡è©¦
2025-11-11T16:27:13.718099639Z [inf]      account_info = await self.get_account_info()
2025-11-11T16:27:13.718101670Z [inf]  2025-11-11 16:27:13,709 - src.core.position_controller - INFO -    ğŸ“­ ç•¶å‰ç„¡æŒå€‰
2025-11-11T16:27:13.718105353Z [inf]                     ^^^^^^^^^^^^^^^^^^^^^^^^^^^^^
2025-11-11T16:27:13.718109398Z [inf]    File "/app/src/clients/binance_client.py", line 543, in get_account_info
2025-11-11T16:27:13.718115440Z [inf]      result = await self._request("GET", "/fapi/v2/account", signed=True)
2025-11-11T16:27:13.718120148Z [inf]               ^^^^^^^^^^^^^^^^^^^^^^^^^^^^^^^^^^^^^^^^^^^^^^^^^^^^^^^^^^^
2025-11-11T16:27:13.718123942Z [inf]    File "/app/src/clients/binance_client.py", line 256, in _request
2025-11-11T16:27:13.718127727Z [inf]      raise BinanceRequestError(
2025-11-11T16:27:54.331815100Z [inf]  2025-11-11 16:27:46,118 - src.core.model_initializer - ERROR - è¨ˆç®—æ–°æ¨£æœ¬æ•¸å¤±æ•—: Expecting value: line 1 column 1 (char 0)
2025-11-11T16:27:54.331825069Z [inf]  2025-11-11 16:27:46,305 - src.strategies.rule_based_signal_generator - INFO -    5mæ•¸æ“š: 50è¡Œ, æœ€æ–°æ”¶ç›¤=512.21
2025-11-11T16:27:54.331833061Z [inf]  2025-11-11 16:27:46,119 - src.core.circuit_breaker - INFO - âœ… ç†”æ–·å™¨è¶…æ™‚æ¢å¾©: blocked â†’ NORMAL (è¶…æ™‚60ç§’)
2025-11-11T16:27:54.331834005Z [inf]  2025-11-11 16:27:46,305 - src.strategies.rule_based_signal_generator - WARNING -    âš ï¸ æŠ€è¡“æŒ‡æ¨™è¨ºæ–·å¤±æ•—: 'EliteTechnicalEngine' object has no attribute 'calculate_all_indicators'
2025-11-11T16:27:54.331841424Z [inf]  2025-11-11 16:27:46,335 - src.strategies.self_learning_trader - INFO - ğŸ“ BCHUSDT è±å…æœŸ(phase_1): å·²å®Œæˆ 0/50 ç­† | é–€æª» å‹ç‡â‰¥35% ä¿¡å¿ƒâ‰¥30% | æ§“æ¡¿é™åˆ¶: 1-2x
2025-11-11T16:27:54.331842967Z [inf]  2025-11-11 16:27:46,237 - src.core.unified_scheduler - ERROR - âŒ é¡¯ç¤ºæ­·å²çµ±è¨ˆå¤±æ•—: 'UnifiedTradeRecorder' object has no attribute 'get_trades'
2025-11-11T16:27:54.331849430Z [inf]  2025-11-11 16:27:46,238 - src.core.unified_scheduler - INFO - ğŸ“¦ ç•¶å‰æŒå€‰: ç„¡
2025-11-11T16:27:54.331856193Z [inf]  2025-11-11 16:27:46,305 - src.strategies.rule_based_signal_generator - INFO - ğŸ“ˆ ETHUSDT: ICTä¿¡å¿ƒå€¼=36.2, å­åˆ†æ•¸={'market_structure_ict': 10.584165480454901, 'order_block_ict': 19.0, 'liquidity_ict': 0.0, 'institutional_ict': 0.0, 'timeframe_ict': 6.585786437626904}
2025-11-11T16:27:54.331857508Z [inf]  2025-11-11 16:27:46,238 - src.core.unified_scheduler - INFO - ğŸ’° è³¬æˆ¶é¤˜é¡: ç¸½é¡=$100.10 | å¯ç”¨=$100.10 | ä¿è­‰é‡‘=$0.00 | æœªå¯¦ç¾ç›ˆè™§=$+0.05
2025-11-11T16:27:54.331864072Z [inf]  2025-11-11 16:27:46,305 - src.strategies.self_learning_trader - INFO - ğŸ“ ETHUSDT è±å…æœŸ(phase_1): å·²å®Œæˆ 0/50 ç­† | é–€æª» å‹ç‡â‰¥35% ä¿¡å¿ƒâ‰¥30% | æ§“æ¡¿é™åˆ¶: 1-2x
2025-11-11T16:27:54.331866296Z [inf]  2025-11-11 16:27:46,238 - src.core.unified_scheduler - INFO - âœ… ä½¿ç”¨DataServiceå·²åŠ è¼‰çš„ 535 å€‹äº¤æ˜“å°ï¼ˆæ‰€æœ‰å¯äº¤æ˜“USDTæ°¸çºŒåˆç´„ï¼‰
2025-11-11T16:27:54.331871905Z [inf]  2025-11-11 16:27:46,305 - src.strategies.rule_based_signal_generator - INFO - âœ… BCHUSDT æ•¸æ“šé©—è­‰é€šé (#3)
2025-11-11T16:27:54.331878125Z [inf]  2025-11-11 16:27:46,238 - src.core.unified_scheduler - INFO - âœ… Pipelineçµ±è¨ˆè¨ˆæ•¸å™¨å·²å®Œæ•´é‡ç½®ï¼ˆåŒ…å«æ‰€æœ‰ADXåˆ†å¸ƒéµï¼‰
2025-11-11T16:27:54.331878849Z [inf]  2025-11-11 16:27:46,358 - src.strategies.self_learning_trader - INFO - ğŸ“ XRPUSDT è±å…æœŸ(phase_1): å·²å®Œæˆ 0/50 ç­† | é–€æª» å‹ç‡â‰¥35% ä¿¡å¿ƒâ‰¥30% | æ§“æ¡¿é™åˆ¶: 1-2x
2025-11-11T16:27:54.331880241Z [inf]  2025-11-11 16:27:46,305 - src.strategies.rule_based_signal_generator - INFO -    1hæ•¸æ“š: 50è¡Œ, æœ€æ–°æ”¶ç›¤=512.21
2025-11-11T16:27:54.331887273Z [inf]  2025-11-11 16:27:46,250 - src.core.elite.unified_data_pipeline - INFO - âœ… æ‰¹é‡æ•°æ®è·å–å®Œæˆ: 64ä¸ªsymbols | æˆåŠŸ64 | å¤±è´¥0 | è€—æ—¶0.01ç§’ | å¹³å‡0.2ms/symbol
2025-11-11T16:27:54.331888261Z [inf]  2025-11-11 16:27:46,305 - src.strategies.rule_based_signal_generator - INFO -    15mæ•¸æ“š: 50è¡Œ, æœ€æ–°æ”¶ç›¤=512.24
2025-11-11T16:27:54.331896749Z [inf]  2025-11-11 16:27:46,250 - src.strategies.rule_based_signal_generator - INFO - âœ… BTCUSDT æ•¸æ“šé©—è­‰é€šé (#1)
2025-11-11T16:27:54.331904845Z [inf]  2025-11-11 16:27:47,853 - src.core.elite.unified_data_pipeline - INFO - âœ… æ‰¹é‡æ•°æ®è·å–å®Œæˆ: 64ä¸ªsymbols | æˆåŠŸ64 | å¤±è´¥0 | è€—æ—¶0.04ç§’ | å¹³å‡0.6ms/symbol
2025-11-11T16:27:54.331907852Z [inf]  2025-11-11 16:27:46,391 - src.strategies.self_learning_trader - INFO - ğŸ“ LTCUSDT è±å…æœŸ(phase_1): å·²å®Œæˆ 0/50 ç­† | é–€æª» å‹ç‡â‰¥35% ä¿¡å¿ƒâ‰¥30% | æ§“æ¡¿é™åˆ¶: 1-2x
2025-11-11T16:27:54.331908176Z [inf]  2025-11-11 16:27:46,471 - src.strategies.self_learning_trader - INFO - ğŸ“ LINKUSDT è±å…æœŸ(phase_1): å·²å®Œæˆ 0/50 ç­† | é–€æª» å‹ç‡â‰¥35% ä¿¡å¿ƒâ‰¥30% | æ§“æ¡¿é™åˆ¶: 1-2x
2025-11-11T16:27:54.331909337Z [inf]  2025-11-11 16:27:46,250 - src.strategies.rule_based_signal_generator - INFO -    1hæ•¸æ“š: 50è¡Œ, æœ€æ–°æ”¶ç›¤=103544.30
2025-11-11T16:27:54.331913259Z [inf]  2025-11-11 16:27:46,803 - src.strategies.self_learning_trader - INFO - ğŸ“ QTUMUSDT è±å…æœŸ(phase_1): å·²å®Œæˆ 0/50 ç­† | é–€æª» å‹ç‡â‰¥35% ä¿¡å¿ƒâ‰¥30% | æ§“æ¡¿é™åˆ¶: 1-2x
2025-11-11T16:27:54.331918142Z [inf]  2025-11-11 16:27:46,499 - src.strategies.self_learning_trader - INFO - ğŸ“ XLMUSDT è±å…æœŸ(phase_1): å·²å®Œæˆ 0/50 ç­† | é–€æª» å‹ç‡â‰¥35% ä¿¡å¿ƒâ‰¥30% | æ§“æ¡¿é™åˆ¶: 1-2x
2025-11-11T16:27:54.331919230Z [inf]  2025-11-11 16:27:46,251 - src.strategies.rule_based_signal_generator - INFO -    15mæ•¸æ“š: 50è¡Œ, æœ€æ–°æ”¶ç›¤=103544.20
2025-11-11T16:27:54.331924561Z [inf]  2025-11-11 16:27:46,832 - src.strategies.self_learning_trader - INFO - âŒ IOSTUSDT æ‹’çµ•é–‹å€‰: ä¿¡å¿ƒåº¦ä¸è¶³: 28.9% < 30.0% | å‹ç‡=45.0% ä¿¡å¿ƒ=28.9% R:R=1.50
2025-11-11T16:27:54.331925740Z [inf]  2025-11-11 16:27:46,525 - src.strategies.self_learning_trader - INFO - ğŸ“ ADAUSDT è±å…æœŸ(phase_1): å·²å®Œæˆ 0/50 ç­† | é–€æª» å‹ç‡â‰¥35% ä¿¡å¿ƒâ‰¥30% | æ§“æ¡¿é™åˆ¶: 1-2x
2025-11-11T16:27:54.331926149Z [inf]  2025-11-11 16:27:46,981 - src.strategies.self_learning_trader - INFO - ğŸ“ DOGEUSDT è±å…æœŸ(phase_1): å·²å®Œæˆ 0/50 ç­† | é–€æª» å‹ç‡â‰¥35% ä¿¡å¿ƒâ‰¥30% | æ§“æ¡¿é™åˆ¶: 1-2x
2025-11-11T16:27:54.331928582Z [inf]  2025-11-11 16:27:46,251 - src.strategies.rule_based_signal_generator - INFO -    5mæ•¸æ“š: 50è¡Œ, æœ€æ–°æ”¶ç›¤=103551.50
2025-11-11T16:27:54.331933009Z [inf]  2025-11-11 16:27:46,957 - src.strategies.self_learning_trader - INFO - ğŸ“ COMPUSDT è±å…æœŸ(phase_1): å·²å®Œæˆ 0/50 ç­† | é–€æª» å‹ç‡â‰¥35% ä¿¡å¿ƒâ‰¥30% | æ§“æ¡¿é™åˆ¶: 1-2x
2025-11-11T16:27:54.331935828Z [inf]  2025-11-11 16:27:47,048 - src.strategies.self_learning_trader - INFO - ğŸ“ KAVAUSDT è±å…æœŸ(phase_1): å·²å®Œæˆ 0/50 ç­† | é–€æª» å‹ç‡â‰¥35% ä¿¡å¿ƒâ‰¥30% | æ§“æ¡¿é™åˆ¶: 1-2x
2025-11-11T16:27:54.331943091Z [inf]  2025-11-11 16:27:47,107 - src.strategies.self_learning_trader - INFO - ğŸ“ SNXUSDT è±å…æœŸ(phase_1): å·²å®Œæˆ 0/50 ç­† | é–€æª» å‹ç‡â‰¥35% ä¿¡å¿ƒâ‰¥30% | æ§“æ¡¿é™åˆ¶: 1-2x
2025-11-11T16:27:54.331949066Z [inf]  2025-11-11 16:27:46,419 - src.strategies.self_learning_trader - INFO - ğŸ“ TRXUSDT è±å…æœŸ(phase_1): å·²å®Œæˆ 0/50 ç­† | é–€æª» å‹ç‡â‰¥35% ä¿¡å¿ƒâ‰¥30% | æ§“æ¡¿é™åˆ¶: 1-2x
2025-11-11T16:27:54.331952097Z [inf]  2025-11-11 16:27:46,662 - src.strategies.self_learning_trader - INFO - ğŸ“ ATOMUSDT è±å…æœŸ(phase_1): å·²å®Œæˆ 0/50 ç­† | é–€æª» å‹ç‡â‰¥35% ä¿¡å¿ƒâ‰¥30% | æ§“æ¡¿é™åˆ¶: 1-2x
2025-11-11T16:27:54.331952145Z [inf]  2025-11-11 16:27:46,551 - src.strategies.self_learning_trader - INFO - ğŸ“ XMRUSDT è±å…æœŸ(phase_1): å·²å®Œæˆ 0/50 ç­† | é–€æª» å‹ç‡â‰¥35% ä¿¡å¿ƒâ‰¥30% | æ§“æ¡¿é™åˆ¶: 1-2x
2025-11-11T16:27:54.331952688Z [inf]  2025-11-11 16:27:47,174 - src.strategies.self_learning_trader - INFO - ğŸ“ CRVUSDT è±å…æœŸ(phase_1): å·²å®Œæˆ 0/50 ç­† | é–€æª» å‹ç‡â‰¥35% ä¿¡å¿ƒâ‰¥30% | æ§“æ¡¿é™åˆ¶: 1-2x
2025-11-11T16:27:54.331958422Z [inf]  2025-11-11 16:27:46,449 - src.strategies.self_learning_trader - INFO - ğŸ“ ETCUSDT è±å…æœŸ(phase_1): å·²å®Œæˆ 0/50 ç­† | é–€æª» å‹ç‡â‰¥35% ä¿¡å¿ƒâ‰¥30% | æ§“æ¡¿é™åˆ¶: 1-2x
2025-11-11T16:27:54.331959667Z [inf]  2025-11-11 16:27:46,573 - src.strategies.self_learning_trader - INFO - ğŸ“ DASHUSDT è±å…æœŸ(phase_1): å·²å®Œæˆ 0/50 ç­† | é–€æª» å‹ç‡â‰¥35% ä¿¡å¿ƒâ‰¥30% | æ§“æ¡¿é™åˆ¶: 1-2x
2025-11-11T16:27:54.331964659Z [inf]  2025-11-11 16:27:46,685 - src.strategies.self_learning_trader - INFO - ğŸ“ ONTUSDT è±å…æœŸ(phase_1): å·²å®Œæˆ 0/50 ç­† | é–€æª» å‹ç‡â‰¥35% ä¿¡å¿ƒâ‰¥30% | æ§“æ¡¿é™åˆ¶: 1-2x
2025-11-11T16:27:54.331966253Z [inf]  2025-11-11 16:27:46,637 - src.strategies.rule_based_signal_generator - INFO - ğŸ“Š BNBUSDT ICTç‰¹å¾µæ¨£æœ¬: market_structure=-1, order_blocks=5, structure_integrity=0.98
2025-11-11T16:27:54.331973226Z [inf]  2025-11-11 16:27:47,536 - src.strategies.self_learning_trader - INFO - ğŸ“ AAVEUSDT è±å…æœŸ(phase_1): å·²å®Œæˆ 0/50 ç­† | é–€æª» å‹ç‡â‰¥35% ä¿¡å¿ƒâ‰¥30% | æ§“æ¡¿é™åˆ¶: 1-2x
2025-11-11T16:27:54.331974354Z [inf]  2025-11-11 16:27:47,608 - src.strategies.self_learning_trader - INFO - âŒ LRCUSDT æ‹’çµ•é–‹å€‰: ä¿¡å¿ƒåº¦ä¸è¶³: 28.8% < 30.0% | å‹ç‡=53.6% ä¿¡å¿ƒ=28.8% R:R=1.50
2025-11-11T16:27:54.331975039Z [inf]  2025-11-11 16:27:46,732 - src.strategies.self_learning_trader - INFO - ğŸ“ BATUSDT è±å…æœŸ(phase_1): å·²å®Œæˆ 0/50 ç­† | é–€æª» å‹ç‡â‰¥35% ä¿¡å¿ƒâ‰¥30% | æ§“æ¡¿é™åˆ¶: 1-2x
2025-11-11T16:27:54.331978315Z [inf]  2025-11-11 16:27:46,638 - src.strategies.rule_based_signal_generator - INFO - ğŸ“ˆ BNBUSDT: ICTä¿¡å¿ƒå€¼=56.2, å­åˆ†æ•¸={'market_structure_ict': 29.586657652005464, 'order_block_ict': 22.0, 'liquidity_ict': 0.0, 'institutional_ict': 0.0, 'timeframe_ict': 4.585786437626904}
2025-11-11T16:27:54.331981144Z [inf]  2025-11-11 16:27:47,471 - src.strategies.self_learning_trader - INFO - âŒ FLMUSDT æ‹’çµ•é–‹å€‰: ä¿¡å¿ƒåº¦ä¸è¶³: 10.8% < 30.0% | å‹ç‡=45.0% ä¿¡å¿ƒ=10.8% R:R=1.50
2025-11-11T16:27:54.331985117Z [inf]  2025-11-11 16:27:47,559 - src.strategies.self_learning_trader - INFO - ğŸ“ FILUSDT è±å…æœŸ(phase_1): å·²å®Œæˆ 0/50 ç­† | é–€æª» å‹ç‡â‰¥35% ä¿¡å¿ƒâ‰¥30% | æ§“æ¡¿é™åˆ¶: 1-2x
2025-11-11T16:27:54.331988082Z [inf]  2025-11-11 16:27:47,702 - src.strategies.self_learning_trader - INFO - ğŸ“ SKLUSDT è±å…æœŸ(phase_1): å·²å®Œæˆ 0/50 ç­† | é–€æª» å‹ç‡â‰¥35% ä¿¡å¿ƒâ‰¥30% | æ§“æ¡¿é™åˆ¶: 1-2x
2025-11-11T16:27:54.331988768Z [inf]  2025-11-11 16:27:46,759 - src.strategies.self_learning_trader - INFO - ğŸ“ VETUSDT è±å…æœŸ(phase_1): å·²å®Œæˆ 0/50 ç­† | é–€æª» å‹ç‡â‰¥35% ä¿¡å¿ƒâ‰¥30% | æ§“æ¡¿é™åˆ¶: 1-2x
2025-11-11T16:27:54.331990392Z [inf]  2025-11-11 16:27:46,638 - src.strategies.self_learning_trader - INFO - ğŸ“ BNBUSDT è±å…æœŸ(phase_1): å·²å®Œæˆ 0/50 ç­† | é–€æª» å‹ç‡â‰¥35% ä¿¡å¿ƒâ‰¥30% | æ§“æ¡¿é™åˆ¶: 1-2x
2025-11-11T16:27:54.331997037Z [inf]  2025-11-11 16:27:47,585 - src.strategies.self_learning_trader - INFO - ğŸ“ RSRUSDT è±å…æœŸ(phase_1): å·²å®Œæˆ 0/50 ç­† | é–€æª» å‹ç‡â‰¥35% ä¿¡å¿ƒâ‰¥30% | æ§“æ¡¿é™åˆ¶: 1-2x
2025-11-11T16:27:54.331999838Z [inf]  2025-11-11 16:27:47,471 - src.strategies.rule_based_signal_generator - INFO - ğŸ“Š Pipelineé€²åº¦å¿«ç…§ï¼ˆå·²æƒæ50å€‹ï¼‰
2025-11-11T16:27:54.332002210Z [inf]  2025-11-11 16:27:47,789 - src.strategies.self_learning_trader - INFO - ğŸ“ SANDUSDT è±å…æœŸ(phase_1): å·²å®Œæˆ 0/50 ç­† | é–€æª» å‹ç‡â‰¥35% ä¿¡å¿ƒâ‰¥30% | æ§“æ¡¿é™åˆ¶: 1-2x
2025-11-11T16:27:54.332003299Z [inf]  2025-11-11 16:27:47,367 - src.strategies.self_learning_trader - INFO - ğŸ“ STORJUSDT è±å…æœŸ(phase_1): å·²å®Œæˆ 0/50 ç­† | é–€æª» å‹ç‡â‰¥35% ä¿¡å¿ƒâ‰¥30% | æ§“æ¡¿é™åˆ¶: 1-2x
2025-11-11T16:27:54.332015172Z [inf]  2025-11-11 16:27:47,471 - src.strategies.rule_based_signal_generator - INFO -    Stage1é©—è­‰: æœ‰æ•ˆ=49, æ‹’çµ•=0
2025-11-11T16:27:54.332016766Z [inf]  2025-11-11 16:27:47,396 - src.strategies.self_learning_trader - INFO - âŒ UNIUSDT æ‹’çµ•é–‹å€‰: ä¿¡å¿ƒåº¦ä¸è¶³: 27.7% < 30.0% | å‹ç‡=53.3% ä¿¡å¿ƒ=27.7% R:R=1.50
2025-11-11T16:27:54.332024554Z [inf]  2025-11-11 16:27:47,206 - src.strategies.self_learning_trader - INFO - ğŸ“ TRBUSDT è±å…æœŸ(phase_1): å·²å®Œæˆ 0/50 ç­† | é–€æª» å‹ç‡â‰¥35% ä¿¡å¿ƒâ‰¥30% | æ§“æ¡¿é™åˆ¶: 1-2x
2025-11-11T16:27:54.332025469Z [inf]  2025-11-11 16:27:47,419 - src.strategies.self_learning_trader - INFO - ğŸ“ AVAXUSDT è±å…æœŸ(phase_1): å·²å®Œæˆ 0/50 ç­† | é–€æª» å‹ç‡â‰¥35% ä¿¡å¿ƒâ‰¥30% | æ§“æ¡¿é™åˆ¶: 1-2x
2025-11-11T16:27:54.332030395Z [inf]  2025-11-11 16:27:47,471 - src.strategies.rule_based_signal_generator - INFO -    Stage3æ–¹å‘: æœ‰=33, ç„¡=16
2025-11-11T16:27:54.332038533Z [inf]  2025-11-11 16:27:47,442 - src.strategies.self_learning_trader - INFO - ğŸ“ ENJUSDT è±å…æœŸ(phase_1): å·²å®Œæˆ 0/50 ç­† | é–€æª» å‹ç‡â‰¥35% ä¿¡å¿ƒâ‰¥30% | æ§“æ¡¿é™åˆ¶: 1-2x
2025-11-11T16:27:54.332039246Z [inf]  2025-11-11 16:27:47,236 - src.strategies.self_learning_trader - INFO - ğŸ“ RUNEUSDT è±å…æœŸ(phase_1): å·²å®Œæˆ 0/50 ç­† | é–€æª» å‹ç‡â‰¥35% ä¿¡å¿ƒâ‰¥30% | æ§“æ¡¿é™åˆ¶: 1-2x
2025-11-11T16:27:54.332051507Z [inf]  2025-11-11 16:27:47,299 - src.strategies.self_learning_trader - INFO - ğŸ“ SOLUSDT è±å…æœŸ(phase_1): å·²å®Œæˆ 0/50 ç­† | é–€æª» å‹ç‡â‰¥35% ä¿¡å¿ƒâ‰¥30% | æ§“æ¡¿é™åˆ¶: 1-2x
2025-11-11T16:27:54.332059548Z [inf]  2025-11-11 16:27:47,328 - src.strategies.self_learning_trader - INFO - âŒ ICXUSDT æ‹’çµ•é–‹å€‰: ä¿¡å¿ƒåº¦ä¸è¶³: 27.7% < 30.0% | å‹ç‡=45.0% ä¿¡å¿ƒ=27.7% R:R=1.50
2025-11-11T16:27:54.332260470Z [inf]  2025-11-11 16:27:47,880 - src.strategies.rule_based_signal_generator - INFO - ğŸ” ä¿¡è™Ÿç”Ÿæˆçµ±è¨ˆï¼ˆå·²æƒæ1600å€‹ï¼Œ0ä¿¡è™Ÿï¼‰ï¼š
2025-11-11T16:27:54.332267172Z [inf]  2025-11-11 16:27:47,880 - src.strategies.rule_based_signal_generator - INFO -    H1è¶¨å‹¢: bullish=162, bearish=704, neutral=734
2025-11-11T16:27:54.332273423Z [inf]  2025-11-11 16:27:47,880 - src.strategies.rule_based_signal_generator - INFO -    M15è¶¨å‹¢: bullish=154, bearish=309, neutral=1137
2025-11-11T16:27:54.332281700Z [inf]  2025-11-11 16:27:47,880 - src.strategies.rule_based_signal_generator - INFO -    M5è¶¨å‹¢: bullish=742, bearish=160, neutral=698
2025-11-11T16:27:54.332283914Z [inf]  2025-11-11 16:27:46,251 - src.strategies.rule_based_signal_generator - WARNING -    âš ï¸ æŠ€è¡“æŒ‡æ¨™è¨ºæ–·å¤±æ•—: 'EliteTechnicalEngine' object has no attribute 'calculate_all_indicators'
2025-11-11T16:27:54.332290167Z [inf]  2025-11-11 16:27:47,880 - src.strategies.rule_based_signal_generator - INFO -    å¸‚å ´çµæ§‹: bullish=979, bearish=345, neutral=276
2025-11-11T16:27:54.332292224Z [inf]  2025-11-11 16:27:46,279 - src.strategies.rule_based_signal_generator - INFO - ğŸ“Š BTCUSDT ICTç‰¹å¾µæ¨£æœ¬: market_structure=0, order_blocks=5, structure_integrity=0.46
2025-11-11T16:27:54.332298048Z [inf]  2025-11-11 16:27:47,880 - src.strategies.rule_based_signal_generator - INFO -    âš ï¸ å»ºè­°å•Ÿç”¨RELAXED_SIGNAL_MODE=trueå¢åŠ ä¿¡è™Ÿæ•¸é‡
2025-11-11T16:27:54.332299574Z [inf]  2025-11-11 16:27:46,279 - src.strategies.rule_based_signal_generator - INFO - ğŸ“ˆ BTCUSDT: ICTä¿¡å¿ƒå€¼=37.2, å­åˆ†æ•¸={'market_structure_ict': 9.186657652005465, 'order_block_ict': 22.0, 'liquidity_ict': 0.0, 'institutional_ict': 0.0, 'timeframe_ict': 6.0}
2025-11-11T16:27:54.332305035Z [inf]  2025-11-11 16:27:47,919 - src.strategies.self_learning_trader - INFO - ğŸ“ COTIUSDT è±å…æœŸ(phase_1): å·²å®Œæˆ 0/50 ç­† | é–€æª» å‹ç‡â‰¥35% ä¿¡å¿ƒâ‰¥30% | æ§“æ¡¿é™åˆ¶: 1-2x
2025-11-11T16:27:54.332307048Z [inf]  2025-11-11 16:27:46,279 - src.strategies.self_learning_trader - INFO - ğŸ“ BTCUSDT è±å…æœŸ(phase_1): å·²å®Œæˆ 0/50 ç­† | é–€æª» å‹ç‡â‰¥35% ä¿¡å¿ƒâ‰¥30% | æ§“æ¡¿é™åˆ¶: 1-2x
2025-11-11T16:27:54.332312509Z [inf]  2025-11-11 16:27:47,981 - src.strategies.self_learning_trader - INFO - ğŸ“ ALICEUSDT è±å…æœŸ(phase_1): å·²å®Œæˆ 0/50 ç­† | é–€æª» å‹ç‡â‰¥35% ä¿¡å¿ƒâ‰¥30% | æ§“æ¡¿é™åˆ¶: 1-2x
2025-11-11T16:27:54.332314244Z [inf]  2025-11-11 16:27:46,279 - src.strategies.rule_based_signal_generator - INFO - âœ… ETHUSDT æ•¸æ“šé©—è­‰é€šé (#2)
2025-11-11T16:27:54.332320271Z [inf]  2025-11-11 16:27:48,006 - src.strategies.self_learning_trader - INFO - ğŸ“ HBARUSDT è±å…æœŸ(phase_1): å·²å®Œæˆ 0/50 ç­† | é–€æª» å‹ç‡â‰¥35% ä¿¡å¿ƒâ‰¥30% | æ§“æ¡¿é™åˆ¶: 1-2x
2025-11-11T16:27:54.332321750Z [inf]  2025-11-11 16:27:46,280 - src.strategies.rule_based_signal_generator - INFO -    1hæ•¸æ“š: 50è¡Œ, æœ€æ–°æ”¶ç›¤=3488.85
2025-11-11T16:27:54.332328156Z [inf]  2025-11-11 16:27:48,052 - src.strategies.self_learning_trader - INFO - ğŸ“ DENTUSDT è±å…æœŸ(phase_1): å·²å®Œæˆ 0/50 ç­† | é–€æª» å‹ç‡â‰¥35% ä¿¡å¿ƒâ‰¥30% | æ§“æ¡¿é™åˆ¶: 1-2x
2025-11-11T16:27:54.332329605Z [inf]  2025-11-11 16:27:46,280 - src.strategies.rule_based_signal_generator - INFO -    15mæ•¸æ“š: 50è¡Œ, æœ€æ–°æ”¶ç›¤=3488.85
2025-11-11T16:27:54.332336077Z [inf]  2025-11-11 16:27:46,280 - src.strategies.rule_based_signal_generator - INFO -    5mæ•¸æ“š: 50è¡Œ, æœ€æ–°æ”¶ç›¤=3488.47
2025-11-11T16:27:54.332338584Z [inf]  2025-11-11 16:27:48,097 - src.strategies.self_learning_trader - INFO - âŒ HOTUSDT æ‹’çµ•é–‹å€‰: ä¿¡å¿ƒåº¦ä¸è¶³: 25.5% < 30.0% | å‹ç‡=49.6% ä¿¡å¿ƒ=25.5% R:R=1.50
2025-11-11T16:27:54.332342573Z [inf]  2025-11-11 16:27:46,280 - src.strategies.rule_based_signal_generator - WARNING -    âš ï¸ æŠ€è¡“æŒ‡æ¨™è¨ºæ–·å¤±æ•—: 'EliteTechnicalEngine' object has no attribute 'calculate_all_indicators'
2025-11-11T16:27:54.332349053Z [inf]  2025-11-11 16:27:46,305 - src.strategies.rule_based_signal_generator - INFO - ğŸ“Š ETHUSDT ICTç‰¹å¾µæ¨£æœ¬: market_structure=0, order_blocks=6, structure_integrity=0.53
2025-11-11T16:27:54.333789570Z [inf]  2025-11-11 16:27:48,144 - src.strategies.self_learning_trader - INFO - âŒ OGNUSDT æ‹’çµ•é–‹å€‰: ä¿¡å¿ƒåº¦ä¸è¶³: 17.2% < 30.0% | å‹ç‡=50.2% ä¿¡å¿ƒ=17.2% R:R=1.50
2025-11-11T16:27:54.333795630Z [inf]  2025-11-11 16:27:48,171 - src.strategies.self_learning_trader - INFO - âŒ NKNUSDT æ‹’çµ•é–‹å€‰: ä¿¡å¿ƒåº¦ä¸è¶³: 29.2% < 30.0% | å‹ç‡=53.8% ä¿¡å¿ƒ=29.2% R:R=1.50
2025-11-11T16:27:54.333800905Z [inf]  2025-11-11 16:27:48,200 - src.strategies.self_learning_trader - INFO - ğŸ“ 1000SHIBUSDT è±å…æœŸ(phase_1): å·²å®Œæˆ 0/50 ç­† | é–€æª» å‹ç‡â‰¥35% ä¿¡å¿ƒâ‰¥30% | æ§“æ¡¿é™åˆ¶: 1-2x
2025-11-11T16:27:54.333805948Z [inf]  2025-11-11 16:27:48,235 - src.strategies.self_learning_trader - INFO - âŒ GTCUSDT æ‹’çµ•é–‹å€‰: ä¿¡å¿ƒåº¦ä¸è¶³: 22.0% < 30.0% | å‹ç‡=48.6% ä¿¡å¿ƒ=22.0% R:R=1.50
2025-11-11T16:27:54.333810662Z [inf]  2025-11-11 16:27:48,265 - src.strategies.self_learning_trader - INFO - ğŸ“ BTCDOMUSDT è±å…æœŸ(phase_1): å·²å®Œæˆ 0/50 ç­† | é–€æª» å‹ç‡â‰¥35% ä¿¡å¿ƒâ‰¥30% | æ§“æ¡¿é™åˆ¶: 1-2x
2025-11-11T16:27:54.333815325Z [inf]  2025-11-11 16:27:48,309 - src.strategies.self_learning_trader - INFO - ğŸ“ C98USDT è±å…æœŸ(phase_1): å·²å®Œæˆ 0/50 ç­† | é–€æª» å‹ç‡â‰¥35% ä¿¡å¿ƒâ‰¥30% | æ§“æ¡¿é™åˆ¶: 1-2x
2025-11-11T16:27:54.333819897Z [inf]  2025-11-11 16:27:48,337 - src.strategies.self_learning_trader - INFO - ğŸ“ MASKUSDT è±å…æœŸ(phase_1): å·²å®Œæˆ 0/50 ç­† | é–€æª» å‹ç‡â‰¥35% ä¿¡å¿ƒâ‰¥30% | æ§“æ¡¿é™åˆ¶: 1-2x
2025-11-11T16:27:54.333824459Z [inf]  2025-11-11 16:27:48,383 - src.strategies.self_learning_trader - INFO - ğŸ“ DYDXUSDT è±å…æœŸ(phase_1): å·²å®Œæˆ 0/50 ç­† | é–€æª» å‹ç‡â‰¥35% ä¿¡å¿ƒâ‰¥30% | æ§“æ¡¿é™åˆ¶: 1-2x
2025-11-11T16:27:54.333829099Z [inf]  2025-11-11 16:27:48,441 - src.strategies.self_learning_trader - INFO - ğŸ“ GALAUSDT è±å…æœŸ(phase_1): å·²å®Œæˆ 0/50 ç­† | é–€æª» å‹ç‡â‰¥35% ä¿¡å¿ƒâ‰¥30% | æ§“æ¡¿é™åˆ¶: 1-2x
2025-11-11T16:27:54.333833976Z [inf]  2025-11-11 16:27:48,488 - src.strategies.self_learning_trader - INFO - ğŸ“ ARUSDT è±å…æœŸ(phase_1): å·²å®Œæˆ 0/50 ç­† | é–€æª» å‹ç‡â‰¥35% ä¿¡å¿ƒâ‰¥30% | æ§“æ¡¿é™åˆ¶: 1-2x
2025-11-11T16:27:54.336636244Z [inf]  2025-11-11 16:27:48,533 - src.strategies.self_learning_trader - INFO - ğŸ“ CTSIUSDT è±å…æœŸ(phase_1): å·²å®Œæˆ 0/50 ç­† | é–€æª» å‹ç‡â‰¥35% ä¿¡å¿ƒâ‰¥30% | æ§“æ¡¿é™åˆ¶: 1-2x
2025-11-11T16:27:54.336646063Z [inf]  2025-11-11 16:27:48,557 - src.strategies.self_learning_trader - INFO - ğŸ“ LPTUSDT è±å…æœŸ(phase_1): å·²å®Œæˆ 0/50 ç­† | é–€æª» å‹ç‡â‰¥35% ä¿¡å¿ƒâ‰¥30% | æ§“æ¡¿é™åˆ¶: 1-2x
2025-11-11T16:27:54.336654263Z [inf]  2025-11-11 16:27:48,600 - src.strategies.self_learning_trader - INFO - ğŸ“ PEOPLEUSDT è±å…æœŸ(phase_1): å·²å®Œæˆ 0/50 ç­† | é–€æª» å‹ç‡â‰¥35% ä¿¡å¿ƒâ‰¥30% | æ§“æ¡¿é™åˆ¶: 1-2x
2025-11-11T16:27:54.336660886Z [inf]  2025-11-11 16:27:48,677 - src.strategies.self_learning_trader - INFO - âŒ FLOWUSDT æ‹’çµ•é–‹å€‰: ä¿¡å¿ƒåº¦ä¸è¶³: 29.5% < 30.0% | å‹ç‡=45.0% ä¿¡å¿ƒ=29.5% R:R=1.50
2025-11-11T16:27:54.336668875Z [inf]  2025-11-11 16:27:48,699 - src.strategies.rule_based_signal_generator - INFO - ğŸ“Š Pipelineé€²åº¦å¿«ç…§ï¼ˆå·²æƒæ100å€‹ï¼‰
2025-11-11T16:27:54.336677595Z [inf]  2025-11-11 16:27:48,699 - src.strategies.rule_based_signal_generator - INFO -    Stage1é©—è­‰: æœ‰æ•ˆ=99, æ‹’çµ•=0
2025-11-11T16:27:54.336683120Z [inf]  2025-11-11 16:27:48,699 - src.strategies.rule_based_signal_generator - INFO -    Stage3æ–¹å‘: æœ‰=58, ç„¡=41
2025-11-11T16:27:54.336690013Z [inf]  2025-11-11 16:27:49,000 - src.strategies.self_learning_trader - INFO - ğŸ“ APTUSDT è±å…æœŸ(phase_1): å·²å®Œæˆ 0/50 ç­† | é–€æª» å‹ç‡â‰¥35% ä¿¡å¿ƒâ‰¥30% | æ§“æ¡¿é™åˆ¶: 1-2x
2025-11-11T16:27:54.336696307Z [inf]  2025-11-11 16:27:49,027 - src.strategies.self_learning_trader - INFO - âŒ QNTUSDT æ‹’çµ•é–‹å€‰: ä¿¡å¿ƒåº¦ä¸è¶³: 28.6% < 30.0% | å‹ç‡=45.0% ä¿¡å¿ƒ=28.6% R:R=1.50
2025-11-11T16:27:54.336703408Z [inf]  2025-11-11 16:27:49,070 - src.strategies.self_learning_trader - INFO - ğŸ“ FXSUSDT è±å…æœŸ(phase_1): å·²å®Œæˆ 0/50 ç­† | é–€æª» å‹ç‡â‰¥35% ä¿¡å¿ƒâ‰¥30% | æ§“æ¡¿é™åˆ¶: 1-2x
2025-11-11T16:27:54.336710248Z [inf]  2025-11-11 16:27:49,186 - src.strategies.self_learning_trader - INFO - ğŸ“ MINAUSDT è±å…æœŸ(phase_1): å·²å®Œæˆ 0/50 ç­† | é–€æª» å‹ç‡â‰¥35% ä¿¡å¿ƒâ‰¥30% | æ§“æ¡¿é™åˆ¶: 1-2x
2025-11-11T16:27:54.337927263Z [inf]  2025-11-11 16:27:49,271 - src.strategies.self_learning_trader - INFO - ğŸ“ GMXUSDT è±å…æœŸ(phase_1): å·²å®Œæˆ 0/50 ç­† | é–€æª» å‹ç‡â‰¥35% ä¿¡å¿ƒâ‰¥30% | æ§“æ¡¿é™åˆ¶: 1-2x
2025-11-11T16:27:54.337933255Z [inf]  2025-11-11 16:27:49,301 - src.strategies.self_learning_trader - INFO - âŒ CFXUSDT æ‹’çµ•é–‹å€‰: ä¿¡å¿ƒåº¦ä¸è¶³: 29.0% < 30.0% | å‹ç‡=45.0% ä¿¡å¿ƒ=29.0% R:R=1.50
2025-11-11T16:27:54.337942038Z [inf]  2025-11-11 16:27:49,337 - src.strategies.self_learning_trader - INFO - âŒ STXUSDT æ‹’çµ•é–‹å€‰: ä¿¡å¿ƒåº¦ä¸è¶³: 28.9% < 30.0% | å‹ç‡=45.0% ä¿¡å¿ƒ=28.9% R:R=1.50
2025-11-11T16:27:54.337946528Z [inf]  2025-11-11 16:27:49,369 - src.strategies.self_learning_trader - INFO - ğŸ“ ACHUSDT è±å…æœŸ(phase_1): å·²å®Œæˆ 0/50 ç­† | é–€æª» å‹ç‡â‰¥35% ä¿¡å¿ƒâ‰¥30% | æ§“æ¡¿é™åˆ¶: 1-2x
2025-11-11T16:27:54.337950683Z [inf]  2025-11-11 16:27:49,395 - src.strategies.self_learning_trader - INFO - ğŸ“ SSVUSDT è±å…æœŸ(phase_1): å·²å®Œæˆ 0/50 ç­† | é–€æª» å‹ç‡â‰¥35% ä¿¡å¿ƒâ‰¥30% | æ§“æ¡¿é™åˆ¶: 1-2x
2025-11-11T16:27:54.337954718Z [inf]  2025-11-11 16:27:49,415 - src.core.elite.unified_data_pipeline - INFO - âœ… æ‰¹é‡æ•°æ®è·å–å®Œæˆ: 64ä¸ªsymbols | æˆåŠŸ64 | å¤±è´¥0 | è€—æ—¶0.02ç§’ | å¹³å‡0.3ms/symbol
2025-11-11T16:27:54.337958617Z [inf]  2025-11-11 16:27:49,466 - src.strategies.self_learning_trader - INFO - ğŸ“ PERPUSDT è±å…æœŸ(phase_1): å·²å®Œæˆ 0/50 ç­† | é–€æª» å‹ç‡â‰¥35% ä¿¡å¿ƒâ‰¥30% | æ§“æ¡¿é™åˆ¶: 1-2x
2025-11-11T16:27:54.337962431Z [inf]  2025-11-11 16:27:49,526 - src.strategies.self_learning_trader - INFO - âŒ USDCUSDT æ‹’çµ•é–‹å€‰: ä¿¡å¿ƒåº¦ä¸è¶³: 22.0% < 30.0% | å‹ç‡=48.6% ä¿¡å¿ƒ=22.0% R:R=1.50
2025-11-11T16:27:54.337966410Z [inf]  2025-11-11 16:27:49,550 - src.strategies.self_learning_trader - INFO - ğŸ“ IDUSDT è±å…æœŸ(phase_1): å·²å®Œæˆ 0/50 ç­† | é–€æª» å‹ç‡â‰¥35% ä¿¡å¿ƒâ‰¥30% | æ§“æ¡¿é™åˆ¶: 1-2x
2025-11-11T16:27:54.337972214Z [inf]  2025-11-11 16:27:49,573 - src.strategies.self_learning_trader - INFO - ğŸ“ ARBUSDT è±å…æœŸ(phase_1): å·²å®Œæˆ 0/50 ç­† | é–€æª» å‹ç‡â‰¥35% ä¿¡å¿ƒâ‰¥30% | æ§“æ¡¿é™åˆ¶: 1-2x
2025-11-11T16:27:54.339505418Z [inf]  2025-11-11 16:27:49,616 - src.strategies.self_learning_trader - INFO - ğŸ“ TLMUSDT è±å…æœŸ(phase_1): å·²å®Œæˆ 0/50 ç­† | é–€æª» å‹ç‡â‰¥35% ä¿¡å¿ƒâ‰¥30% | æ§“æ¡¿é™åˆ¶: 1-2x
2025-11-11T16:27:54.339514292Z [inf]  2025-11-11 16:27:49,641 - src.strategies.self_learning_trader - INFO - ğŸ“ RDNTUSDT è±å…æœŸ(phase_1): å·²å®Œæˆ 0/50 ç­† | é–€æª» å‹ç‡â‰¥35% ä¿¡å¿ƒâ‰¥30% | æ§“æ¡¿é™åˆ¶: 1-2x
2025-11-11T16:27:54.339521484Z [inf]  2025-11-11 16:27:49,687 - src.strategies.self_learning_trader - INFO - ğŸ“ XVSUSDT è±å…æœŸ(phase_1): å·²å®Œæˆ 0/50 ç­† | é–€æª» å‹ç‡â‰¥35% ä¿¡å¿ƒâ‰¥30% | æ§“æ¡¿é™åˆ¶: 1-2x
2025-11-11T16:27:54.339527249Z [inf]  2025-11-11 16:27:49,747 - src.strategies.self_learning_trader - INFO - ğŸ“ SUIUSDT è±å…æœŸ(phase_1): å·²å®Œæˆ 0/50 ç­† | é–€æª» å‹ç‡â‰¥35% ä¿¡å¿ƒâ‰¥30% | æ§“æ¡¿é™åˆ¶: 1-2x
2025-11-11T16:27:54.339533151Z [inf]  2025-11-11 16:27:49,769 - src.strategies.self_learning_trader - INFO - ğŸ“ 1000PEPEUSDT è±å…æœŸ(phase_1): å·²å®Œæˆ 0/50 ç­† | é–€æª» å‹ç‡â‰¥35% ä¿¡å¿ƒâ‰¥30% | æ§“æ¡¿é™åˆ¶: 1-2x
2025-11-11T16:27:54.339540723Z [inf]  2025-11-11 16:27:49,793 - src.strategies.self_learning_trader - INFO - ğŸ“ 1000FLOKIUSDT è±å…æœŸ(phase_1): å·²å®Œæˆ 0/50 ç­† | é–€æª» å‹ç‡â‰¥35% ä¿¡å¿ƒâ‰¥30% | æ§“æ¡¿é™åˆ¶: 1-2x
2025-11-11T16:27:54.339546410Z [inf]  2025-11-11 16:27:49,819 - src.strategies.self_learning_trader - INFO - ğŸ“ UMAUSDT è±å…æœŸ(phase_1): å·²å®Œæˆ 0/50 ç­† | é–€æª» å‹ç‡â‰¥35% ä¿¡å¿ƒâ‰¥30% | æ§“æ¡¿é™åˆ¶: 1-2x
2025-11-11T16:27:54.339551852Z [inf]  2025-11-11 16:27:49,846 - src.strategies.self_learning_trader - INFO - ğŸ“ NMRUSDT è±å…æœŸ(phase_1): å·²å®Œæˆ 0/50 ç­† | é–€æª» å‹ç‡â‰¥35% ä¿¡å¿ƒâ‰¥30% | æ§“æ¡¿é™åˆ¶: 1-2x
2025-11-11T16:27:54.339557609Z [inf]  2025-11-11 16:27:49,869 - src.strategies.self_learning_trader - INFO - ğŸ“ MAVUSDT è±å…æœŸ(phase_1): å·²å®Œæˆ 0/50 ç­† | é–€æª» å‹ç‡â‰¥35% ä¿¡å¿ƒâ‰¥30% | æ§“æ¡¿é™åˆ¶: 1-2x
2025-11-11T16:27:54.339563322Z [inf]  2025-11-11 16:27:49,892 - src.strategies.self_learning_trader - INFO - ğŸ“ XVGUSDT è±å…æœŸ(phase_1): å·²å®Œæˆ 0/50 ç­† | é–€æª» å‹ç‡â‰¥35% ä¿¡å¿ƒâ‰¥30% | æ§“æ¡¿é™åˆ¶: 1-2x
2025-11-11T16:27:54.341735615Z [inf]  2025-11-11 16:27:49,892 - src.strategies.rule_based_signal_generator - INFO - ğŸ“Š Pipelineé€²åº¦å¿«ç…§ï¼ˆå·²æƒæ150å€‹ï¼‰
2025-11-11T16:27:54.341747643Z [inf]  2025-11-11 16:27:49,892 - src.strategies.rule_based_signal_generator - INFO -    Stage1é©—è­‰: æœ‰æ•ˆ=149, æ‹’çµ•=0
2025-11-11T16:27:54.341754874Z [inf]  2025-11-11 16:27:49,892 - src.strategies.rule_based_signal_generator - INFO -    Stage3æ–¹å‘: æœ‰=81, ç„¡=68
2025-11-11T16:27:54.341760812Z [inf]  2025-11-11 16:27:49,914 - src.strategies.self_learning_trader - INFO - ğŸ“ WLDUSDT è±å…æœŸ(phase_1): å·²å®Œæˆ 0/50 ç­† | é–€æª» å‹ç‡â‰¥35% ä¿¡å¿ƒâ‰¥30% | æ§“æ¡¿é™åˆ¶: 1-2x
2025-11-11T16:27:54.341768822Z [inf]  2025-11-11 16:27:49,935 - src.strategies.self_learning_trader - INFO - ğŸ“ PENDLEUSDT è±å…æœŸ(phase_1): å·²å®Œæˆ 0/50 ç­† | é–€æª» å‹ç‡â‰¥35% ä¿¡å¿ƒâ‰¥30% | æ§“æ¡¿é™åˆ¶: 1-2x
2025-11-11T16:27:54.341774401Z [inf]  2025-11-11 16:27:49,984 - src.strategies.self_learning_trader - INFO - ğŸ“ AGLDUSDT è±å…æœŸ(phase_1): å·²å®Œæˆ 0/50 ç­† | é–€æª» å‹ç‡â‰¥35% ä¿¡å¿ƒâ‰¥30% | æ§“æ¡¿é™åˆ¶: 1-2x
2025-11-11T16:27:54.341783538Z [inf]  2025-11-11 16:27:50,005 - src.strategies.self_learning_trader - INFO - ğŸ“ YGGUSDT è±å…æœŸ(phase_1): å·²å®Œæˆ 0/50 ç­† | é–€æª» å‹ç‡â‰¥35% ä¿¡å¿ƒâ‰¥30% | æ§“æ¡¿é™åˆ¶: 1-2x
2025-11-11T16:27:54.341790793Z [inf]  2025-11-11 16:27:50,050 - src.strategies.self_learning_trader - INFO - ğŸ“ BNTUSDT è±å…æœŸ(phase_1): å·²å®Œæˆ 0/50 ç­† | é–€æª» å‹ç‡â‰¥35% ä¿¡å¿ƒâ‰¥30% | æ§“æ¡¿é™åˆ¶: 1-2x
2025-11-11T16:27:54.341797326Z [inf]  2025-11-11 16:27:50,088 - src.strategies.self_learning_trader - INFO - ğŸ“ SEIUSDT è±å…æœŸ(phase_1): å·²å®Œæˆ 0/50 ç­† | é–€æª» å‹ç‡â‰¥35% ä¿¡å¿ƒâ‰¥30% | æ§“æ¡¿é™åˆ¶: 1-2x
2025-11-11T16:27:54.341804596Z [inf]  2025-11-11 16:27:50,193 - src.strategies.rule_based_signal_generator - INFO - ğŸ” ä¿¡è™Ÿç”Ÿæˆçµ±è¨ˆï¼ˆå·²æƒæ1650å€‹ï¼Œ0ä¿¡è™Ÿï¼‰ï¼š
2025-11-11T16:27:54.341810149Z [inf]  2025-11-11 16:27:50,193 - src.strategies.rule_based_signal_generator - INFO -    H1è¶¨å‹¢: bullish=167, bearish=712, neutral=771
2025-11-11T16:27:54.343258838Z [inf]  2025-11-11 16:27:50,193 - src.strategies.rule_based_signal_generator - INFO -    M15è¶¨å‹¢: bullish=155, bearish=317, neutral=1178
2025-11-11T16:27:54.343263899Z [inf]  2025-11-11 16:27:50,193 - src.strategies.rule_based_signal_generator - INFO -    M5è¶¨å‹¢: bullish=779, bearish=160, neutral=711
2025-11-11T16:27:54.343268178Z [inf]  2025-11-11 16:27:50,193 - src.strategies.rule_based_signal_generator - INFO -    å¸‚å ´çµæ§‹: bullish=1001, bearish=357, neutral=292
2025-11-11T16:27:54.343271877Z [inf]  2025-11-11 16:27:50,193 - src.strategies.rule_based_signal_generator - INFO -    âš ï¸ å»ºè­°å•Ÿç”¨RELAXED_SIGNAL_MODE=trueå¢åŠ ä¿¡è™Ÿæ•¸é‡
2025-11-11T16:27:54.343275686Z [inf]  2025-11-11 16:27:50,277 - src.strategies.self_learning_trader - INFO - ğŸ“ GASUSDT è±å…æœŸ(phase_1): å·²å®Œæˆ 0/50 ç­† | é–€æª» å‹ç‡â‰¥35% ä¿¡å¿ƒâ‰¥30% | æ§“æ¡¿é™åˆ¶: 1-2x
2025-11-11T16:27:54.343279266Z [inf]  2025-11-11 16:27:50,410 - src.strategies.self_learning_trader - INFO - ğŸ“ TOKENUSDT è±å…æœŸ(phase_1): å·²å®Œæˆ 0/50 ç­† | é–€æª» å‹ç‡â‰¥35% ä¿¡å¿ƒâ‰¥30% | æ§“æ¡¿é™åˆ¶: 1-2x
2025-11-11T16:27:54.343283980Z [inf]  2025-11-11 16:27:50,501 - src.strategies.self_learning_trader - INFO - ğŸ“ ILVUSDT è±å…æœŸ(phase_1): å·²å®Œæˆ 0/50 ç­† | é–€æª» å‹ç‡â‰¥35% ä¿¡å¿ƒâ‰¥30% | æ§“æ¡¿é™åˆ¶: 1-2x
2025-11-11T16:27:54.343287706Z [inf]  2025-11-11 16:27:50,560 - src.strategies.self_learning_trader - INFO - ğŸ“ KASUSDT è±å…æœŸ(phase_1): å·²å®Œæˆ 0/50 ç­† | é–€æª» å‹ç‡â‰¥35% ä¿¡å¿ƒâ‰¥30% | æ§“æ¡¿é™åˆ¶: 1-2x
2025-11-11T16:27:54.343291720Z [inf]  2025-11-11 16:27:50,587 - src.strategies.self_learning_trader - INFO - ğŸ“ BEAMXUSDT è±å…æœŸ(phase_1): å·²å®Œæˆ 0/50 ç­† | é–€æª» å‹ç‡â‰¥35% ä¿¡å¿ƒâ‰¥30% | æ§“æ¡¿é™åˆ¶: 1-2x
2025-11-11T16:27:54.343295229Z [inf]  2025-11-11 16:27:50,614 - src.strategies.self_learning_trader - INFO - ğŸ“ 1000BONKUSDT è±å…æœŸ(phase_1): å·²å®Œæˆ 0/50 ç­† | é–€æª» å‹ç‡â‰¥35% ä¿¡å¿ƒâ‰¥30% | æ§“æ¡¿é™åˆ¶: 1-2x
2025-11-11T16:27:54.345807778Z [inf]  2025-11-11 16:27:50,640 - src.strategies.self_learning_trader - INFO - ğŸ“ PYTHUSDT è±å…æœŸ(phase_1): å·²å®Œæˆ 0/50 ç­† | é–€æª» å‹ç‡â‰¥35% ä¿¡å¿ƒâ‰¥30% | æ§“æ¡¿é™åˆ¶: 1-2x
2025-11-11T16:27:54.345819255Z [inf]  2025-11-11 16:27:50,690 - src.strategies.self_learning_trader - INFO - ğŸ“ USTCUSDT è±å…æœŸ(phase_1): å·²å®Œæˆ 0/50 ç­† | é–€æª» å‹ç‡â‰¥35% ä¿¡å¿ƒâ‰¥30% | æ§“æ¡¿é™åˆ¶: 1-2x
2025-11-11T16:27:54.345828519Z [inf]  2025-11-11 16:27:50,717 - src.strategies.self_learning_trader - INFO - ğŸ“ ONGUSDT è±å…æœŸ(phase_1): å·²å®Œæˆ 0/50 ç­† | é–€æª» å‹ç‡â‰¥35% ä¿¡å¿ƒâ‰¥30% | æ§“æ¡¿é™åˆ¶: 1-2x
2025-11-11T16:27:54.345837152Z [inf]  2025-11-11 16:27:50,743 - src.strategies.self_learning_trader - INFO - ğŸ“ ETHWUSDT è±å…æœŸ(phase_1): å·²å®Œæˆ 0/50 ç­† | é–€æª» å‹ç‡â‰¥35% ä¿¡å¿ƒâ‰¥30% | æ§“æ¡¿é™åˆ¶: 1-2x
2025-11-11T16:27:54.345849563Z [inf]  2025-11-11 16:27:50,768 - src.strategies.self_learning_trader - INFO - ğŸ“ JTOUSDT è±å…æœŸ(phase_1): å·²å®Œæˆ 0/50 ç­† | é–€æª» å‹ç‡â‰¥35% ä¿¡å¿ƒâ‰¥30% | æ§“æ¡¿é™åˆ¶: 1-2x
2025-11-11T16:27:54.345860475Z [inf]  2025-11-11 16:27:50,816 - src.strategies.self_learning_trader - INFO - ğŸ“ AUCTIONUSDT è±å…æœŸ(phase_1): å·²å®Œæˆ 0/50 ç­† | é–€æª» å‹ç‡â‰¥35% ä¿¡å¿ƒâ‰¥30% | æ§“æ¡¿é™åˆ¶: 1-2x
2025-11-11T16:27:54.345868857Z [inf]  2025-11-11 16:27:50,881 - src.strategies.self_learning_trader - INFO - ğŸ“ 1000RATSUSDT è±å…æœŸ(phase_1): å·²å®Œæˆ 0/50 ç­† | é–€æª» å‹ç‡â‰¥35% ä¿¡å¿ƒâ‰¥30% | æ§“æ¡¿é™åˆ¶: 1-2x
2025-11-11T16:27:54.345876794Z [inf]  2025-11-11 16:27:50,920 - src.strategies.self_learning_trader - INFO - ğŸ“ ACEUSDT è±å…æœŸ(phase_1): å·²å®Œæˆ 0/50 ç­† | é–€æª» å‹ç‡â‰¥35% ä¿¡å¿ƒâ‰¥30% | æ§“æ¡¿é™åˆ¶: 1-2x
2025-11-11T16:27:54.345885337Z [inf]  2025-11-11 16:27:50,949 - src.strategies.self_learning_trader - INFO - ğŸ“ MOVRUSDT è±å…æœŸ(phase_1): å·²å®Œæˆ 0/50 ç­† | é–€æª» å‹ç‡â‰¥35% ä¿¡å¿ƒâ‰¥30% | æ§“æ¡¿é™åˆ¶: 1-2x
2025-11-11T16:27:54.345892911Z [inf]  2025-11-11 16:27:50,987 - src.core.elite.unified_data_pipeline - INFO - âœ… æ‰¹é‡æ•°æ®è·å–å®Œæˆ: 64ä¸ªsymbols | æˆåŠŸ64 | å¤±è´¥0 | è€—æ—¶0.01ç§’ | å¹³å‡0.2ms/symbol
2025-11-11T16:27:54.347128541Z [inf]  2025-11-11 16:27:51,186 - src.strategies.rule_based_signal_generator - INFO - ================================================================================
2025-11-11T16:27:54.347136001Z [inf]  2025-11-11 16:27:51,009 - src.strategies.self_learning_trader - INFO - ğŸ“ AIUSDT è±å…æœŸ(phase_1): å·²å®Œæˆ 0/50 ç­† | é–€æª» å‹ç‡â‰¥35% ä¿¡å¿ƒâ‰¥30% | æ§“æ¡¿é™åˆ¶: 1-2x
2025-11-11T16:27:54.347145335Z [inf]  2025-11-11 16:27:51,032 - src.strategies.self_learning_trader - INFO - ğŸ“ XAIUSDT è±å…æœŸ(phase_1): å·²å®Œæˆ 0/50 ç­† | é–€æª» å‹ç‡â‰¥35% ä¿¡å¿ƒâ‰¥30% | æ§“æ¡¿é™åˆ¶: 1-2x
2025-11-11T16:27:54.347151901Z [inf]  2025-11-11 16:27:51,059 - src.strategies.self_learning_trader - INFO - ğŸ“ WIFUSDT è±å…æœŸ(phase_1): å·²å®Œæˆ 0/50 ç­† | é–€æª» å‹ç‡â‰¥35% ä¿¡å¿ƒâ‰¥30% | æ§“æ¡¿é™åˆ¶: 1-2x
2025-11-11T16:27:54.347158577Z [inf]  2025-11-11 16:27:51,084 - src.strategies.self_learning_trader - INFO - ğŸ“ MANTAUSDT è±å…æœŸ(phase_1): å·²å®Œæˆ 0/50 ç­† | é–€æª» å‹ç‡â‰¥35% ä¿¡å¿ƒâ‰¥30% | æ§“æ¡¿é™åˆ¶: 1-2x
2025-11-11T16:27:54.347164767Z [inf]  2025-11-11 16:27:51,107 - src.strategies.self_learning_trader - INFO - ğŸ“ ONDOUSDT è±å…æœŸ(phase_1): å·²å®Œæˆ 0/50 ç­† | é–€æª» å‹ç‡â‰¥35% ä¿¡å¿ƒâ‰¥30% | æ§“æ¡¿é™åˆ¶: 1-2x
2025-11-11T16:27:54.347170447Z [inf]  2025-11-11 16:27:51,137 - src.strategies.self_learning_trader - INFO - âŒ LSKUSDT æ‹’çµ•é–‹å€‰: ä¿¡å¿ƒåº¦ä¸è¶³: 28.6% < 30.0% | å‹ç‡=53.6% ä¿¡å¿ƒ=28.6% R:R=1.50
2025-11-11T16:27:54.347177372Z [inf]  2025-11-11 16:27:51,161 - src.strategies.self_learning_trader - INFO - ğŸ“ ALTUSDT è±å…æœŸ(phase_1): å·²å®Œæˆ 0/50 ç­† | é–€æª» å‹ç‡â‰¥35% ä¿¡å¿ƒâ‰¥30% | æ§“æ¡¿é™åˆ¶: 1-2x
2025-11-11T16:27:54.347184959Z [inf]  2025-11-11 16:27:51,161 - src.strategies.rule_based_signal_generator - INFO - ğŸ“Š Pipelineé€²åº¦å¿«ç…§ï¼ˆå·²æƒæ200å€‹ï¼‰
2025-11-11T16:27:54.347191151Z [inf]  2025-11-11 16:27:51,161 - src.strategies.rule_based_signal_generator - INFO -    Stage1é©—è­‰: æœ‰æ•ˆ=199, æ‹’çµ•=0
2025-11-11T16:27:54.347197484Z [inf]  2025-11-11 16:27:51,161 - src.strategies.rule_based_signal_generator - INFO -    Stage3æ–¹å‘: æœ‰=109, ç„¡=90
2025-11-11T16:27:54.348435150Z [inf]  2025-11-11 16:27:51,186 - src.strategies.rule_based_signal_generator - INFO - ğŸ“Š Pipelineè¨ºæ–·å ±å‘Šï¼ˆå·²æƒæ200å€‹äº¤æ˜“å°ï¼‰
2025-11-11T16:27:54.348443427Z [inf]  2025-11-11 16:27:51,186 - src.strategies.rule_based_signal_generator - INFO - ================================================================================
2025-11-11T16:27:54.348449871Z [inf]  2025-11-11 16:27:51,186 - src.strategies.rule_based_signal_generator - INFO - Stage0 - ç¸½æƒææ•¸: 200
2025-11-11T16:27:54.348457846Z [inf]  2025-11-11 16:27:51,186 - src.strategies.rule_based_signal_generator - INFO - Stage1 - æ•¸æ“šé©—è­‰: æœ‰æ•ˆ=200, æ‹’çµ•=0
2025-11-11T16:27:54.348464793Z [inf]  2025-11-11 16:27:51,186 - src.strategies.rule_based_signal_generator - INFO -          æ‹’çµ•ç‡: 0.0%
2025-11-11T16:27:54.348471781Z [inf]  2025-11-11 16:27:51,186 - src.strategies.rule_based_signal_generator - INFO - Stage2 - è¶¨å‹¢åˆ¤æ–·: æˆåŠŸ=200
2025-11-11T16:27:54.348477996Z [inf]  2025-11-11 16:27:51,186 - src.strategies.rule_based_signal_generator - INFO - Stage3 - ä¿¡è™Ÿæ–¹å‘:
2025-11-11T16:27:54.348483723Z [inf]  2025-11-11 16:27:51,186 - src.strategies.rule_based_signal_generator - INFO -          æœ‰æ–¹å‘=110, ç„¡æ–¹å‘=90
2025-11-11T16:27:54.348489955Z [inf]  2025-11-11 16:27:51,186 - src.strategies.rule_based_signal_generator - INFO -          å„ªå…ˆç´š1(å®Œç¾å°é½Š)=14
2025-11-11T16:27:54.348496199Z [inf]  2025-11-11 16:27:51,186 - src.strategies.rule_based_signal_generator - INFO -          å„ªå…ˆç´š2(H1+M15)=27
2025-11-11T16:27:54.348504195Z [inf]  2025-11-11 16:27:51,186 - src.strategies.rule_based_signal_generator - INFO -          å„ªå…ˆç´š3(è¶¨å‹¢åˆæœŸ)=5
2025-11-11T16:27:54.348514669Z [inf]  2025-11-11 16:27:51,186 - src.strategies.rule_based_signal_generator - INFO -          å„ªå…ˆç´š4(H1ä¸»å°-å¯¬é¬†)=49
2025-11-11T16:27:54.348521856Z [inf]  2025-11-11 16:27:51,186 - src.strategies.rule_based_signal_generator - INFO -          å„ªå…ˆç´š5(M15+M5-å¯¬é¬†)=15
2025-11-11T16:27:54.350283253Z [inf]  2025-11-11 16:27:51,186 - src.strategies.rule_based_signal_generator - INFO - Stage4 - ADXéæ¿¾ï¼ˆv3.18.10+ 3å±¤æ‡²ç½°æ©Ÿåˆ¶ï¼‰:
2025-11-11T16:27:54.350291650Z [inf]  2025-11-11 16:27:51,186 - src.strategies.rule_based_signal_generator - INFO -          ADX<10(ç¡¬æ‹’çµ•)=0
2025-11-11T16:27:54.350300019Z [inf]  2025-11-11 16:27:51,186 - src.strategies.rule_based_signal_generator - INFO -          ADX 10-15(å¼·æ‡²ç½°Ã—0.6)=0
2025-11-11T16:27:54.350307504Z [inf]  2025-11-11 16:27:51,186 - src.strategies.rule_based_signal_generator - INFO -          ADX 15-20(ä¸­æ‡²ç½°Ã—0.8)=0
2025-11-11T16:27:54.350315396Z [inf]  2025-11-11 16:27:51,186 - src.strategies.rule_based_signal_generator - INFO -          ADXâ‰¥20(é€šé)=110
2025-11-11T16:27:54.350322290Z [inf]  2025-11-11 16:27:51,186 - src.strategies.rule_based_signal_generator - INFO - ADXåˆ†å¸ƒ:
2025-11-11T16:27:54.350328844Z [inf]  2025-11-11 16:27:51,186 - src.strategies.rule_based_signal_generator - INFO -          <10: 0
2025-11-11T16:27:54.350334306Z [inf]  2025-11-11 16:27:51,186 - src.strategies.rule_based_signal_generator - INFO -          10-15: 0
2025-11-11T16:27:54.350340377Z [inf]  2025-11-11 16:27:51,186 - src.strategies.rule_based_signal_generator - INFO -          15-20: 0
2025-11-11T16:27:54.350348331Z [inf]  2025-11-11 16:27:51,186 - src.strategies.rule_based_signal_generator - INFO -          20-25: 0
2025-11-11T16:27:54.350354337Z [inf]  2025-11-11 16:27:51,186 - src.strategies.rule_based_signal_generator - INFO -          â‰¥25: 110
2025-11-11T16:27:54.350362561Z [inf]  2025-11-11 16:27:51,186 - src.strategies.rule_based_signal_generator - INFO -          ğŸ”¥ ADX<10å æ¯”: 0.0% â† ç¡¬æ‹’çµ•
2025-11-11T16:27:54.350371052Z [inf]  2025-11-11 16:27:51,186 - src.strategies.rule_based_signal_generator - INFO -          ğŸ”¥ ADX<15å æ¯”: 0.0% â† åŒ…å«å¼·æ‡²ç½°å€é–“
2025-11-11T16:27:54.350377339Z [inf]  2025-11-11 16:27:51,186 - src.strategies.rule_based_signal_generator - INFO - Stage5 - ä¿¡å¿ƒåº¦è¨ˆç®—: 110
2025-11-11T16:27:54.351721694Z [inf]  2025-11-11 16:27:51,186 - src.strategies.rule_based_signal_generator - INFO - Stage6 - å‹ç‡è¨ˆç®—: 110
2025-11-11T16:27:54.351731060Z [inf]  2025-11-11 16:27:51,187 - src.strategies.rule_based_signal_generator - INFO - 
2025-11-11T16:27:54.351735000Z [inf]  2025-11-11 16:27:51,186 - src.strategies.rule_based_signal_generator - INFO - Stage7 - é›™é–€æª»é©—è­‰:
2025-11-11T16:27:54.351743004Z [inf]  2025-11-11 16:27:51,187 - src.strategies.rule_based_signal_generator - INFO - ğŸ¯ Pipelineå®Œæ•´æ¼æ–—è½‰åŒ–ç‡: 0.00% (0/200)
2025-11-11T16:27:54.351746244Z [inf]  2025-11-11 16:27:51,186 - src.strategies.rule_based_signal_generator - INFO -          é€šé=0
2025-11-11T16:27:54.351753105Z [inf]  2025-11-11 16:27:51,186 - src.strategies.rule_based_signal_generator - INFO -          æ‹’çµ•(å‹ç‡ä¸è¶³)=0
2025-11-11T16:27:54.351758290Z [inf]  2025-11-11 16:27:51,186 - src.strategies.rule_based_signal_generator - INFO -          æ‹’çµ•(ä¿¡å¿ƒä¸è¶³)=0
2025-11-11T16:27:54.351764400Z [inf]  2025-11-11 16:27:51,187 - src.strategies.rule_based_signal_generator - INFO -          æ‹’çµ•(R:Rè¶…ç¯„åœ)=0
2025-11-11T16:27:54.351770176Z [inf]  2025-11-11 16:27:51,187 - src.strategies.rule_based_signal_generator - INFO - Stage8 - è³ªé‡è©•åˆ†:
2025-11-11T16:27:54.351775242Z [inf]  2025-11-11 16:27:51,187 - src.strategies.rule_based_signal_generator - INFO -          é€šé(qualityâ‰¥é–€æª»)=0
2025-11-11T16:27:54.351780340Z [inf]  2025-11-11 16:27:51,187 - src.strategies.rule_based_signal_generator - INFO -          æ‹’çµ•(quality<é–€æª»)=0
2025-11-11T16:27:54.351785189Z [inf]  2025-11-11 16:27:51,187 - src.strategies.rule_based_signal_generator - INFO - Stage9 - æ’åº&åŸ·è¡Œ:
2025-11-11T16:27:54.351790353Z [inf]  2025-11-11 16:27:51,187 - src.strategies.rule_based_signal_generator - INFO -          æ’åºå€™é¸=0
2025-11-11T16:27:54.351795133Z [inf]  2025-11-11 16:27:51,187 - src.strategies.rule_based_signal_generator - INFO -          æœ€çµ‚åŸ·è¡Œ=0
2025-11-11T16:27:54.354046575Z [inf]  2025-11-11 16:27:51,187 - src.strategies.rule_based_signal_generator - INFO - ================================================================================
2025-11-11T16:27:54.354051681Z [inf]  2025-11-11 16:27:51,187 - src.strategies.self_learning_trader - INFO - ğŸ“ JUPUSDT è±å…æœŸ(phase_1): å·²å®Œæˆ 0/50 ç­† | é–€æª» å‹ç‡â‰¥35% ä¿¡å¿ƒâ‰¥30% | æ§“æ¡¿é™åˆ¶: 1-2x
2025-11-11T16:27:54.354056550Z [inf]  2025-11-11 16:27:51,213 - src.strategies.self_learning_trader - INFO - ğŸ“ ZETAUSDT è±å…æœŸ(phase_1): å·²å®Œæˆ 0/50 ç­† | é–€æª» å‹ç‡â‰¥35% ä¿¡å¿ƒâ‰¥30% | æ§“æ¡¿é™åˆ¶: 1-2x
2025-11-11T16:27:54.354060432Z [inf]  2025-11-11 16:27:51,240 - src.strategies.self_learning_trader - INFO - ğŸ“ RONINUSDT è±å…æœŸ(phase_1): å·²å®Œæˆ 0/50 ç­† | é–€æª» å‹ç‡â‰¥35% ä¿¡å¿ƒâ‰¥30% | æ§“æ¡¿é™åˆ¶: 1-2x
2025-11-11T16:27:54.354064009Z [inf]  2025-11-11 16:27:51,380 - src.strategies.self_learning_trader - INFO - ğŸ“ PORTALUSDT è±å…æœŸ(phase_1): å·²å®Œæˆ 0/50 ç­† | é–€æª» å‹ç‡â‰¥35% ä¿¡å¿ƒâ‰¥30% | æ§“æ¡¿é™åˆ¶: 1-2x
2025-11-11T16:27:54.354067975Z [inf]  2025-11-11 16:27:51,405 - src.strategies.self_learning_trader - INFO - ğŸ“ TONUSDT è±å…æœŸ(phase_1): å·²å®Œæˆ 0/50 ç­† | é–€æª» å‹ç‡â‰¥35% ä¿¡å¿ƒâ‰¥30% | æ§“æ¡¿é™åˆ¶: 1-2x
2025-11-11T16:27:54.354071897Z [inf]  2025-11-11 16:27:51,450 - src.strategies.self_learning_trader - INFO - ğŸ“ MYROUSDT è±å…æœŸ(phase_1): å·²å®Œæˆ 0/50 ç­† | é–€æª» å‹ç‡â‰¥35% ä¿¡å¿ƒâ‰¥30% | æ§“æ¡¿é™åˆ¶: 1-2x
2025-11-11T16:27:54.354075363Z [inf]  2025-11-11 16:27:51,491 - src.strategies.self_learning_trader - INFO - ğŸ“ AEVOUSDT è±å…æœŸ(phase_1): å·²å®Œæˆ 0/50 ç­† | é–€æª» å‹ç‡â‰¥35% ä¿¡å¿ƒâ‰¥30% | æ§“æ¡¿é™åˆ¶: 1-2x
2025-11-11T16:27:54.354079163Z [inf]  2025-11-11 16:27:51,537 - src.strategies.self_learning_trader - INFO - ğŸ“ BOMEUSDT è±å…æœŸ(phase_1): å·²å®Œæˆ 0/50 ç­† | é–€æª» å‹ç‡â‰¥35% ä¿¡å¿ƒâ‰¥30% | æ§“æ¡¿é™åˆ¶: 1-2x
2025-11-11T16:27:54.354083114Z [inf]  2025-11-11 16:27:51,584 - src.strategies.self_learning_trader - INFO - ğŸ“ ENAUSDT è±å…æœŸ(phase_1): å·²å®Œæˆ 0/50 ç­† | é–€æª» å‹ç‡â‰¥35% ä¿¡å¿ƒâ‰¥30% | æ§“æ¡¿é™åˆ¶: 1-2x
2025-11-11T16:27:54.355837995Z [inf]  2025-11-11 16:27:51,607 - src.strategies.self_learning_trader - INFO - ğŸ“ WUSDT è±å…æœŸ(phase_1): å·²å®Œæˆ 0/50 ç­† | é–€æª» å‹ç‡â‰¥35% ä¿¡å¿ƒâ‰¥30% | æ§“æ¡¿é™åˆ¶: 1-2x
2025-11-11T16:27:54.355848011Z [inf]  2025-11-11 16:27:51,734 - src.strategies.self_learning_trader - INFO - ğŸ“ NOTUSDT è±å…æœŸ(phase_1): å·²å®Œæˆ 0/50 ç­† | é–€æª» å‹ç‡â‰¥35% ä¿¡å¿ƒâ‰¥30% | æ§“æ¡¿é™åˆ¶: 1-2x
2025-11-11T16:27:54.355859643Z [inf]  2025-11-11 16:27:51,758 - src.strategies.self_learning_trader - INFO - ğŸ“ TURBOUSDT è±å…æœŸ(phase_1): å·²å®Œæˆ 0/50 ç­† | é–€æª» å‹ç‡â‰¥35% ä¿¡å¿ƒâ‰¥30% | æ§“æ¡¿é™åˆ¶: 1-2x
2025-11-11T16:27:54.355871642Z [inf]  2025-11-11 16:27:51,784 - src.strategies.self_learning_trader - INFO - ğŸ“ IOUSDT è±å…æœŸ(phase_1): å·²å®Œæˆ 0/50 ç­† | é–€æª» å‹ç‡â‰¥35% ä¿¡å¿ƒâ‰¥30% | æ§“æ¡¿é™åˆ¶: 1-2x
2025-11-11T16:27:54.355878764Z [inf]  2025-11-11 16:27:51,811 - src.strategies.self_learning_trader - INFO - ğŸ“ ZKUSDT è±å…æœŸ(phase_1): å·²å®Œæˆ 0/50 ç­† | é–€æª» å‹ç‡â‰¥35% ä¿¡å¿ƒâ‰¥30% | æ§“æ¡¿é™åˆ¶: 1-2x
2025-11-11T16:27:54.355888674Z [inf]  2025-11-11 16:27:51,840 - src.strategies.self_learning_trader - INFO - ğŸ“ MEWUSDT è±å…æœŸ(phase_1): å·²å®Œæˆ 0/50 ç­† | é–€æª» å‹ç‡â‰¥35% ä¿¡å¿ƒâ‰¥30% | æ§“æ¡¿é™åˆ¶: 1-2x
2025-11-11T16:27:54.355895164Z [inf]  2025-11-11 16:27:51,904 - src.strategies.self_learning_trader - INFO - ğŸ“ RENDERUSDT è±å…æœŸ(phase_1): å·²å®Œæˆ 0/50 ç­† | é–€æª» å‹ç‡â‰¥35% ä¿¡å¿ƒâ‰¥30% | æ§“æ¡¿é™åˆ¶: 1-2x
2025-11-11T16:27:54.355902406Z [inf]  2025-11-11 16:27:51,929 - src.strategies.self_learning_trader - INFO - ğŸ“ BANANAUSDT è±å…æœŸ(phase_1): å·²å®Œæˆ 0/50 ç­† | é–€æª» å‹ç‡â‰¥35% ä¿¡å¿ƒâ‰¥30% | æ§“æ¡¿é™åˆ¶: 1-2x
2025-11-11T16:27:54.355909363Z [inf]  2025-11-11 16:27:51,956 - src.strategies.self_learning_trader - INFO - ğŸ“ RAREUSDT è±å…æœŸ(phase_1): å·²å®Œæˆ 0/50 ç­† | é–€æª» å‹ç‡â‰¥35% ä¿¡å¿ƒâ‰¥30% | æ§“æ¡¿é™åˆ¶: 1-2x
2025-11-11T16:27:54.355917320Z [inf]  2025-11-11 16:27:52,000 - src.strategies.self_learning_trader - INFO - ğŸ“ SYNUSDT è±å…æœŸ(phase_1): å·²å®Œæˆ 0/50 ç­† | é–€æª» å‹ç‡â‰¥35% ä¿¡å¿ƒâ‰¥30% | æ§“æ¡¿é™åˆ¶: 1-2x
2025-11-11T16:27:54.357432179Z [inf]  2025-11-11 16:27:52,310 - src.strategies.self_learning_trader - INFO - ğŸ“ NEIROUSDT è±å…æœŸ(phase_1): å·²å®Œæˆ 0/50 ç­† | é–€æª» å‹ç‡â‰¥35% ä¿¡å¿ƒâ‰¥30% | æ§“æ¡¿é™åˆ¶: 1-2x
2025-11-11T16:27:54.357441259Z [inf]  2025-11-11 16:27:52,045 - src.strategies.self_learning_trader - INFO - ğŸ“ VOXELUSDT è±å…æœŸ(phase_1): å·²å®Œæˆ 0/50 ç­† | é–€æª» å‹ç‡â‰¥35% ä¿¡å¿ƒâ‰¥30% | æ§“æ¡¿é™åˆ¶: 1-2x
2025-11-11T16:27:54.357451424Z [inf]  2025-11-11 16:27:52,072 - src.strategies.self_learning_trader - INFO - ğŸ“ BRETTUSDT è±å…æœŸ(phase_1): å·²å®Œæˆ 0/50 ç­† | é–€æª» å‹ç‡â‰¥35% ä¿¡å¿ƒâ‰¥30% | æ§“æ¡¿é™åˆ¶: 1-2x
2025-11-11T16:27:54.357458730Z [inf]  2025-11-11 16:27:52,114 - src.strategies.self_learning_trader - INFO - ğŸ“ SUNUSDT è±å…æœŸ(phase_1): å·²å®Œæˆ 0/50 ç­† | é–€æª» å‹ç‡â‰¥35% ä¿¡å¿ƒâ‰¥30% | æ§“æ¡¿é™åˆ¶: 1-2x
2025-11-11T16:27:54.357464526Z [inf]  2025-11-11 16:27:52,139 - src.strategies.self_learning_trader - INFO - ğŸ“ DOGSUSDT è±å…æœŸ(phase_1): å·²å®Œæˆ 0/50 ç­† | é–€æª» å‹ç‡â‰¥35% ä¿¡å¿ƒâ‰¥30% | æ§“æ¡¿é™åˆ¶: 1-2x
2025-11-11T16:27:54.357472373Z [inf]  2025-11-11 16:27:52,199 - src.strategies.self_learning_trader - INFO - ğŸ“ FLUXUSDT è±å…æœŸ(phase_1): å·²å®Œæˆ 0/50 ç­† | é–€æª» å‹ç‡â‰¥35% ä¿¡å¿ƒâ‰¥30% | æ§“æ¡¿é™åˆ¶: 1-2x
2025-11-11T16:27:54.357479865Z [inf]  2025-11-11 16:27:52,222 - src.strategies.self_learning_trader - INFO - ğŸ“ QUICKUSDT è±å…æœŸ(phase_1): å·²å®Œæˆ 0/50 ç­† | é–€æª» å‹ç‡â‰¥35% ä¿¡å¿ƒâ‰¥30% | æ§“æ¡¿é™åˆ¶: 1-2x
2025-11-11T16:27:54.357485448Z [inf]  2025-11-11 16:27:52,245 - src.strategies.self_learning_trader - INFO - ğŸ“ RPLUSDT è±å…æœŸ(phase_1): å·²å®Œæˆ 0/50 ç­† | é–€æª» å‹ç‡â‰¥35% ä¿¡å¿ƒâ‰¥30% | æ§“æ¡¿é™åˆ¶: 1-2x
2025-11-11T16:27:54.357491226Z [inf]  2025-11-11 16:27:52,267 - src.strategies.self_learning_trader - INFO - ğŸ“ POLUSDT è±å…æœŸ(phase_1): å·²å®Œæˆ 0/50 ç­† | é–€æª» å‹ç‡â‰¥35% ä¿¡å¿ƒâ‰¥30% | æ§“æ¡¿é™åˆ¶: 1-2x
2025-11-11T16:27:54.357498118Z [inf]  2025-11-11 16:27:52,289 - src.strategies.self_learning_trader - INFO - ğŸ“ 1MBABYDOGEUSDT è±å…æœŸ(phase_1): å·²å®Œæˆ 0/50 ç­† | é–€æª» å‹ç‡â‰¥35% ä¿¡å¿ƒâ‰¥30% | æ§“æ¡¿é™åˆ¶: 1-2x
2025-11-11T16:27:54.358669953Z [inf]  2025-11-11 16:27:52,593 - src.strategies.self_learning_trader - INFO - ğŸ“ GOATUSDT è±å…æœŸ(phase_1): å·²å®Œæˆ 0/50 ç­† | é–€æª» å‹ç‡â‰¥35% ä¿¡å¿ƒâ‰¥30% | æ§“æ¡¿é™åˆ¶: 1-2x
2025-11-11T16:27:54.358678374Z [inf]  2025-11-11 16:27:52,621 - src.strategies.self_learning_trader - INFO - ğŸ“ MOODENGUSDT è±å…æœŸ(phase_1): å·²å®Œæˆ 0/50 ç­† | é–€æª» å‹ç‡â‰¥35% ä¿¡å¿ƒâ‰¥30% | æ§“æ¡¿é™åˆ¶: 1-2x
2025-11-11T16:27:54.358688275Z [inf]  2025-11-11 16:27:52,698 - src.strategies.self_learning_trader - INFO - ğŸ“ PONKEUSDT è±å…æœŸ(phase_1): å·²å®Œæˆ 0/50 ç­† | é–€æª» å‹ç‡â‰¥35% ä¿¡å¿ƒâ‰¥30% | æ§“æ¡¿é™åˆ¶: 1-2x
2025-11-11T16:27:54.358688435Z [inf]  2025-11-11 16:27:52,310 - src.strategies.rule_based_signal_generator - INFO - ğŸ“Š Pipelineé€²åº¦å¿«ç…§ï¼ˆå·²æƒæ250å€‹ï¼‰
2025-11-11T16:27:54.358695407Z [inf]  2025-11-11 16:27:52,728 - src.strategies.self_learning_trader - INFO - âŒ COWUSDT æ‹’çµ•é–‹å€‰: ä¿¡å¿ƒåº¦ä¸è¶³: 24.9% < 30.0% | å‹ç‡=52.5% ä¿¡å¿ƒ=24.9% R:R=1.50
2025-11-11T16:27:54.358700662Z [inf]  2025-11-11 16:27:52,310 - src.strategies.rule_based_signal_generator - INFO -    Stage1é©—è­‰: æœ‰æ•ˆ=249, æ‹’çµ•=0
2025-11-11T16:27:54.358709861Z [inf]  2025-11-11 16:27:52,310 - src.strategies.rule_based_signal_generator - INFO -    Stage3æ–¹å‘: æœ‰=138, ç„¡=111
2025-11-11T16:27:54.358716020Z [inf]  2025-11-11 16:27:52,354 - src.strategies.self_learning_trader - INFO - ğŸ“ FIOUSDT è±å…æœŸ(phase_1): å·²å®Œæˆ 0/50 ç­† | é–€æª» å‹ç‡â‰¥35% ä¿¡å¿ƒâ‰¥30% | æ§“æ¡¿é™åˆ¶: 1-2x
2025-11-11T16:27:54.358723167Z [inf]  2025-11-11 16:27:52,459 - src.strategies.self_learning_trader - INFO - ğŸ“ COSUSDT è±å…æœŸ(phase_1): å·²å®Œæˆ 0/50 ç­† | é–€æª» å‹ç‡â‰¥35% ä¿¡å¿ƒâ‰¥30% | æ§“æ¡¿é™åˆ¶: 1-2x
2025-11-11T16:27:54.358730362Z [inf]  2025-11-11 16:27:52,482 - src.core.elite.unified_data_pipeline - INFO - âœ… æ‰¹é‡æ•°æ®è·å–å®Œæˆ: 64ä¸ªsymbols | æˆåŠŸ64 | å¤±è´¥0 | è€—æ—¶0.02ç§’ | å¹³å‡0.4ms/symbol
2025-11-11T16:27:54.358736575Z [inf]  2025-11-11 16:27:52,567 - src.strategies.self_learning_trader - INFO - ğŸ“ SCRUSDT è±å…æœŸ(phase_1): å·²å®Œæˆ 0/50 ç­† | é–€æª» å‹ç‡â‰¥35% ä¿¡å¿ƒâ‰¥30% | æ§“æ¡¿é™åˆ¶: 1-2x
2025-11-11T16:27:54.360485711Z [inf]  2025-11-11 16:27:52,821 - src.strategies.self_learning_trader - INFO - ğŸ“ DRIFTUSDT è±å…æœŸ(phase_1): å·²å®Œæˆ 0/50 ç­† | é–€æª» å‹ç‡â‰¥35% ä¿¡å¿ƒâ‰¥30% | æ§“æ¡¿é™åˆ¶: 1-2x
2025-11-11T16:27:54.360492242Z [inf]  2025-11-11 16:27:52,866 - src.strategies.self_learning_trader - INFO - ğŸ“ SWELLUSDT è±å…æœŸ(phase_1): å·²å®Œæˆ 0/50 ç­† | é–€æª» å‹ç‡â‰¥35% ä¿¡å¿ƒâ‰¥30% | æ§“æ¡¿é™åˆ¶: 1-2x
2025-11-11T16:27:54.360496971Z [inf]  2025-11-11 16:27:52,898 - src.strategies.self_learning_trader - INFO - ğŸ“ ACTUSDT è±å…æœŸ(phase_1): å·²å®Œæˆ 0/50 ç­† | é–€æª» å‹ç‡â‰¥35% ä¿¡å¿ƒâ‰¥30% | æ§“æ¡¿é™åˆ¶: 1-2x
2025-11-11T16:27:54.360501111Z [inf]  2025-11-11 16:27:52,925 - src.strategies.self_learning_trader - INFO - ğŸ“ PNUTUSDT è±å…æœŸ(phase_1): å·²å®Œæˆ 0/50 ç­† | é–€æª» å‹ç‡â‰¥35% ä¿¡å¿ƒâ‰¥30% | æ§“æ¡¿é™åˆ¶: 1-2x
2025-11-11T16:27:54.360505257Z [inf]  2025-11-11 16:27:52,952 - src.strategies.self_learning_trader - INFO - ğŸ“ HIPPOUSDT è±å…æœŸ(phase_1): å·²å®Œæˆ 0/50 ç­† | é–€æª» å‹ç‡â‰¥35% ä¿¡å¿ƒâ‰¥30% | æ§“æ¡¿é™åˆ¶: 1-2x
2025-11-11T16:27:54.360510038Z [inf]  2025-11-11 16:27:52,979 - src.strategies.self_learning_trader - INFO - ğŸ“ 1000XUSDT è±å…æœŸ(phase_1): å·²å®Œæˆ 0/50 ç­† | é–€æª» å‹ç‡â‰¥35% ä¿¡å¿ƒâ‰¥30% | æ§“æ¡¿é™åˆ¶: 1-2x
2025-11-11T16:27:54.360514270Z [inf]  2025-11-11 16:27:53,010 - src.strategies.self_learning_trader - INFO - ğŸ“ DEGENUSDT è±å…æœŸ(phase_1): å·²å®Œæˆ 0/50 ç­† | é–€æª» å‹ç‡â‰¥35% ä¿¡å¿ƒâ‰¥30% | æ§“æ¡¿é™åˆ¶: 1-2x
2025-11-11T16:27:54.360521382Z [inf]  2025-11-11 16:27:53,041 - src.strategies.self_learning_trader - INFO - ğŸ“ BANUSDT è±å…æœŸ(phase_1): å·²å®Œæˆ 0/50 ç­† | é–€æª» å‹ç‡â‰¥35% ä¿¡å¿ƒâ‰¥30% | æ§“æ¡¿é™åˆ¶: 1-2x
2025-11-11T16:27:54.360526629Z [inf]  2025-11-11 16:27:53,085 - src.strategies.self_learning_trader - INFO - ğŸ“ SCRTUSDT è±å…æœŸ(phase_1): å·²å®Œæˆ 0/50 ç­† | é–€æª» å‹ç‡â‰¥35% ä¿¡å¿ƒâ‰¥30% | æ§“æ¡¿é™åˆ¶: 1-2x
2025-11-11T16:27:54.360531009Z [inf]  2025-11-11 16:27:53,109 - src.strategies.self_learning_trader - INFO - ğŸ“ 1000CHEEMSUSDT è±å…æœŸ(phase_1): å·²å®Œæˆ 0/50 ç­† | é–€æª» å‹ç‡â‰¥35% ä¿¡å¿ƒâ‰¥30% | æ§“æ¡¿é™åˆ¶: 1-2x
2025-11-11T16:27:54.361851589Z [inf]  2025-11-11 16:27:53,137 - src.strategies.self_learning_trader - INFO - ğŸ“ 1000WHYUSDT è±å…æœŸ(phase_1): å·²å®Œæˆ 0/50 ç­† | é–€æª» å‹ç‡â‰¥35% ä¿¡å¿ƒâ‰¥30% | æ§“æ¡¿é™åˆ¶: 1-2x
2025-11-11T16:27:54.361864702Z [inf]  2025-11-11 16:27:53,165 - src.strategies.self_learning_trader - INFO - ğŸ“ THEUSDT è±å…æœŸ(phase_1): å·²å®Œæˆ 0/50 ç­† | é–€æª» å‹ç‡â‰¥35% ä¿¡å¿ƒâ‰¥30% | æ§“æ¡¿é™åˆ¶: 1-2x
2025-11-11T16:27:54.361872598Z [inf]  2025-11-11 16:27:53,187 - src.strategies.rule_based_signal_generator - INFO - ğŸ” ä¿¡è™Ÿç”Ÿæˆçµ±è¨ˆï¼ˆå·²æƒæ1700å€‹ï¼Œ0ä¿¡è™Ÿï¼‰ï¼š
2025-11-11T16:27:54.361879336Z [inf]  2025-11-11 16:27:53,187 - src.strategies.rule_based_signal_generator - INFO -    H1è¶¨å‹¢: bullish=173, bearish=727, neutral=800
2025-11-11T16:27:54.361889910Z [inf]  2025-11-11 16:27:53,187 - src.strategies.rule_based_signal_generator - INFO -    M15è¶¨å‹¢: bullish=158, bearish=321, neutral=1221
2025-11-11T16:27:54.361900428Z [inf]  2025-11-11 16:27:53,187 - src.strategies.rule_based_signal_generator - INFO -    M5è¶¨å‹¢: bullish=816, bearish=160, neutral=724
2025-11-11T16:27:54.361908058Z [inf]  2025-11-11 16:27:53,187 - src.strategies.rule_based_signal_generator - INFO -    å¸‚å ´çµæ§‹: bullish=1026, bearish=369, neutral=305
2025-11-11T16:27:54.361915310Z [inf]  2025-11-11 16:27:53,187 - src.strategies.rule_based_signal_generator - INFO -    âš ï¸ å»ºè­°å•Ÿç”¨RELAXED_SIGNAL_MODE=trueå¢åŠ ä¿¡è™Ÿæ•¸é‡
2025-11-11T16:27:54.361922266Z [inf]  2025-11-11 16:27:53,259 - src.strategies.self_learning_trader - INFO - âŒ AEROUSDT æ‹’çµ•é–‹å€‰: ä¿¡å¿ƒåº¦ä¸è¶³: 29.0% < 30.0% | å‹ç‡=53.7% ä¿¡å¿ƒ=29.0% R:R=1.50
2025-11-11T16:27:54.361930627Z [inf]  2025-11-11 16:27:53,292 - src.strategies.self_learning_trader - INFO - ğŸ“ ACXUSDT è±å…æœŸ(phase_1): å·²å®Œæˆ 0/50 ç­† | é–€æª» å‹ç‡â‰¥35% ä¿¡å¿ƒâ‰¥30% | æ§“æ¡¿é™åˆ¶: 1-2x
2025-11-11T16:27:54.361937612Z [inf]  2025-11-11 16:27:53,318 - src.strategies.self_learning_trader - INFO - ğŸ“ ORCAUSDT è±å…æœŸ(phase_1): å·²å®Œæˆ 0/50 ç­† | é–€æª» å‹ç‡â‰¥35% ä¿¡å¿ƒâ‰¥30% | æ§“æ¡¿é™åˆ¶: 1-2x
2025-11-11T16:27:54.363096637Z [inf]  2025-11-11 16:27:53,347 - src.strategies.self_learning_trader - INFO - ğŸ“ MOVEUSDT è±å…æœŸ(phase_1): å·²å®Œæˆ 0/50 ç­† | é–€æª» å‹ç‡â‰¥35% ä¿¡å¿ƒâ‰¥30% | æ§“æ¡¿é™åˆ¶: 1-2x
2025-11-11T16:27:54.363104959Z [inf]  2025-11-11 16:27:53,371 - src.strategies.self_learning_trader - INFO - ğŸ“ RAYSOLUSDT è±å…æœŸ(phase_1): å·²å®Œæˆ 0/50 ç­† | é–€æª» å‹ç‡â‰¥35% ä¿¡å¿ƒâ‰¥30% | æ§“æ¡¿é™åˆ¶: 1-2x
2025-11-11T16:27:54.363111565Z [inf]  2025-11-11 16:27:53,411 - src.strategies.self_learning_trader - INFO - ğŸ“ VIRTUALUSDT è±å…æœŸ(phase_1): å·²å®Œæˆ 0/50 ç­† | é–€æª» å‹ç‡â‰¥35% ä¿¡å¿ƒâ‰¥30% | æ§“æ¡¿é™åˆ¶: 1-2x
2025-11-11T16:27:54.363117691Z [inf]  2025-11-11 16:27:53,443 - src.strategies.self_learning_trader - INFO - ğŸ“ SPXUSDT è±å…æœŸ(phase_1): å·²å®Œæˆ 0/50 ç­† | é–€æª» å‹ç‡â‰¥35% ä¿¡å¿ƒâ‰¥30% | æ§“æ¡¿é™åˆ¶: 1-2x
2025-11-11T16:27:54.363122812Z [inf]  2025-11-11 16:27:53,499 - src.strategies.self_learning_trader - INFO - ğŸ“ DEGOUSDT è±å…æœŸ(phase_1): å·²å®Œæˆ 0/50 ç­† | é–€æª» å‹ç‡â‰¥35% ä¿¡å¿ƒâ‰¥30% | æ§“æ¡¿é™åˆ¶: 1-2x
2025-11-11T16:27:54.363128680Z [inf]  2025-11-11 16:27:53,525 - src.strategies.self_learning_trader - INFO - ğŸ“ VELODROMEUSDT è±å…æœŸ(phase_1): å·²å®Œæˆ 0/50 ç­† | é–€æª» å‹ç‡â‰¥35% ä¿¡å¿ƒâ‰¥30% | æ§“æ¡¿é™åˆ¶: 1-2x
2025-11-11T16:27:54.363133898Z [inf]  2025-11-11 16:27:53,572 - src.strategies.self_learning_trader - INFO - ğŸ“ VANAUSDT è±å…æœŸ(phase_1): å·²å®Œæˆ 0/50 ç­† | é–€æª» å‹ç‡â‰¥35% ä¿¡å¿ƒâ‰¥30% | æ§“æ¡¿é™åˆ¶: 1-2x
2025-11-11T16:27:54.363144503Z [inf]  2025-11-11 16:27:53,572 - src.strategies.rule_based_signal_generator - INFO - ğŸ“Š Pipelineé€²åº¦å¿«ç…§ï¼ˆå·²æƒæ300å€‹ï¼‰
2025-11-11T16:27:54.363149828Z [inf]  2025-11-11 16:27:53,572 - src.strategies.rule_based_signal_generator - INFO -    Stage1é©—è­‰: æœ‰æ•ˆ=299, æ‹’çµ•=0
2025-11-11T16:27:54.363154735Z [inf]  2025-11-11 16:27:53,572 - src.strategies.rule_based_signal_generator - INFO -    Stage3æ–¹å‘: æœ‰=167, ç„¡=132
2025-11-11T16:27:54.364851091Z [inf]  2025-11-11 16:27:53,595 - src.strategies.rule_based_signal_generator - INFO - ================================================================================
2025-11-11T16:27:54.364860856Z [inf]  2025-11-11 16:27:53,595 - src.strategies.rule_based_signal_generator - INFO - ğŸ“Š Pipelineè¨ºæ–·å ±å‘Šï¼ˆå·²æƒæ300å€‹äº¤æ˜“å°ï¼‰
2025-11-11T16:27:54.364867950Z [inf]  2025-11-11 16:27:53,595 - src.strategies.rule_based_signal_generator - INFO - ================================================================================
2025-11-11T16:27:54.364874971Z [inf]  2025-11-11 16:27:53,595 - src.strategies.rule_based_signal_generator - INFO - Stage0 - ç¸½æƒææ•¸: 300
2025-11-11T16:27:54.364881226Z [inf]  2025-11-11 16:27:53,595 - src.strategies.rule_based_signal_generator - INFO - Stage1 - æ•¸æ“šé©—è­‰: æœ‰æ•ˆ=300, æ‹’çµ•=0
2025-11-11T16:27:54.364887060Z [inf]  2025-11-11 16:27:53,595 - src.strategies.rule_based_signal_generator - INFO -          æ‹’çµ•ç‡: 0.0%
2025-11-11T16:27:54.364892976Z [inf]  2025-11-11 16:27:53,595 - src.strategies.rule_based_signal_generator - INFO - Stage2 - è¶¨å‹¢åˆ¤æ–·: æˆåŠŸ=300
2025-11-11T16:27:54.364899243Z [inf]  2025-11-11 16:27:53,595 - src.strategies.rule_based_signal_generator - INFO - Stage3 - ä¿¡è™Ÿæ–¹å‘:
2025-11-11T16:27:54.364905266Z [inf]  2025-11-11 16:27:53,595 - src.strategies.rule_based_signal_generator - INFO -          æœ‰æ–¹å‘=168, ç„¡æ–¹å‘=132
2025-11-11T16:27:54.364911010Z [inf]  2025-11-11 16:27:53,595 - src.strategies.rule_based_signal_generator - INFO -          å„ªå…ˆç´š1(å®Œç¾å°é½Š)=17
2025-11-11T16:27:54.364917299Z [inf]  2025-11-11 16:27:53,595 - src.strategies.rule_based_signal_generator - INFO -          å„ªå…ˆç´š2(H1+M15)=45
2025-11-11T16:27:54.364923910Z [inf]  2025-11-11 16:27:53,595 - src.strategies.rule_based_signal_generator - INFO -          å„ªå…ˆç´š3(è¶¨å‹¢åˆæœŸ)=7
2025-11-11T16:27:54.364928640Z [inf]  2025-11-11 16:27:53,595 - src.strategies.rule_based_signal_generator - INFO -          å„ªå…ˆç´š4(H1ä¸»å°-å¯¬é¬†)=79
2025-11-11T16:27:54.366692085Z [inf]  2025-11-11 16:27:53,595 - src.strategies.rule_based_signal_generator - INFO -          å„ªå…ˆç´š5(M15+M5-å¯¬é¬†)=20
2025-11-11T16:27:54.366699508Z [inf]  2025-11-11 16:27:53,595 - src.strategies.rule_based_signal_generator - INFO - Stage4 - ADXéæ¿¾ï¼ˆv3.18.10+ 3å±¤æ‡²ç½°æ©Ÿåˆ¶ï¼‰:
2025-11-11T16:27:54.366705142Z [inf]  2025-11-11 16:27:53,596 - src.strategies.rule_based_signal_generator - INFO -          ğŸ”¥ ADX<10å æ¯”: 0.0% â† ç¡¬æ‹’çµ•
2025-11-11T16:27:54.366708004Z [inf]  2025-11-11 16:27:53,595 - src.strategies.rule_based_signal_generator - INFO -          ADX<10(ç¡¬æ‹’çµ•)=0
2025-11-11T16:27:54.366713391Z [inf]  2025-11-11 16:27:53,595 - src.strategies.rule_based_signal_generator - INFO -          ADX 10-15(å¼·æ‡²ç½°Ã—0.6)=0
2025-11-11T16:27:54.366714785Z [inf]  2025-11-11 16:27:53,596 - src.strategies.rule_based_signal_generator - INFO -          ğŸ”¥ ADX<15å æ¯”: 0.0% â† åŒ…å«å¼·æ‡²ç½°å€é–“
2025-11-11T16:27:54.366718984Z [inf]  2025-11-11 16:27:53,596 - src.strategies.rule_based_signal_generator - INFO -          ADX 15-20(ä¸­æ‡²ç½°Ã—0.8)=0
2025-11-11T16:27:54.366723458Z [inf]  2025-11-11 16:27:53,596 - src.strategies.rule_based_signal_generator - INFO -          ADXâ‰¥20(é€šé)=168
2025-11-11T16:27:54.366727517Z [inf]  2025-11-11 16:27:53,596 - src.strategies.rule_based_signal_generator - INFO - ADXåˆ†å¸ƒ:
2025-11-11T16:27:54.366732042Z [inf]  2025-11-11 16:27:53,596 - src.strategies.rule_based_signal_generator - INFO -          <10: 0
2025-11-11T16:27:54.366736567Z [inf]  2025-11-11 16:27:53,596 - src.strategies.rule_based_signal_generator - INFO -          10-15: 0
2025-11-11T16:27:54.366742081Z [inf]  2025-11-11 16:27:53,596 - src.strategies.rule_based_signal_generator - INFO -          15-20: 0
2025-11-11T16:27:54.366746501Z [inf]  2025-11-11 16:27:53,596 - src.strategies.rule_based_signal_generator - INFO -          20-25: 0
2025-11-11T16:27:54.366750718Z [inf]  2025-11-11 16:27:53,596 - src.strategies.rule_based_signal_generator - INFO -          â‰¥25: 168
2025-11-11T16:27:54.367935791Z [inf]  2025-11-11 16:27:53,596 - src.strategies.rule_based_signal_generator - INFO - Stage5 - ä¿¡å¿ƒåº¦è¨ˆç®—: 168
2025-11-11T16:27:54.367944509Z [inf]  2025-11-11 16:27:53,596 - src.strategies.rule_based_signal_generator - INFO - Stage6 - å‹ç‡è¨ˆç®—: 168
2025-11-11T16:27:54.367950163Z [inf]  2025-11-11 16:27:53,596 - src.strategies.rule_based_signal_generator - INFO - Stage7 - é›™é–€æª»é©—è­‰:
2025-11-11T16:27:54.367956149Z [inf]  2025-11-11 16:27:53,596 - src.strategies.rule_based_signal_generator - INFO -          é€šé=0
2025-11-11T16:27:54.367961731Z [inf]  2025-11-11 16:27:53,596 - src.strategies.rule_based_signal_generator - INFO -          æ‹’çµ•(å‹ç‡ä¸è¶³)=0
2025-11-11T16:27:54.367966587Z [inf]  2025-11-11 16:27:53,596 - src.strategies.rule_based_signal_generator - INFO -          æ‹’çµ•(ä¿¡å¿ƒä¸è¶³)=0
2025-11-11T16:27:54.367971194Z [inf]  2025-11-11 16:27:53,596 - src.strategies.rule_based_signal_generator - INFO -          æ‹’çµ•(R:Rè¶…ç¯„åœ)=0
2025-11-11T16:27:54.367975997Z [inf]  2025-11-11 16:27:53,596 - src.strategies.rule_based_signal_generator - INFO - Stage8 - è³ªé‡è©•åˆ†:
2025-11-11T16:27:54.367981250Z [inf]  2025-11-11 16:27:53,596 - src.strategies.rule_based_signal_generator - INFO -          é€šé(qualityâ‰¥é–€æª»)=0
2025-11-11T16:27:54.367989079Z [inf]  2025-11-11 16:27:53,596 - src.strategies.rule_based_signal_generator - INFO -          æ‹’çµ•(quality<é–€æª»)=0
2025-11-11T16:27:54.367994322Z [inf]  2025-11-11 16:27:53,596 - src.strategies.rule_based_signal_generator - INFO - Stage9 - æ’åº&åŸ·è¡Œ:
2025-11-11T16:27:54.367999062Z [inf]  2025-11-11 16:27:53,596 - src.strategies.rule_based_signal_generator - INFO -          æ’åºå€™é¸=0
2025-11-11T16:27:54.368003365Z [inf]  2025-11-11 16:27:53,596 - src.strategies.rule_based_signal_generator - INFO -          æœ€çµ‚åŸ·è¡Œ=0
2025-11-11T16:27:54.368008357Z [inf]  2025-11-11 16:27:53,596 - src.strategies.rule_based_signal_generator - INFO - 
2025-11-11T16:27:54.369582010Z [inf]  2025-11-11 16:27:53,870 - src.strategies.self_learning_trader - INFO - ğŸ“ GRIFFAINUSDT è±å…æœŸ(phase_1): å·²å®Œæˆ 0/50 ç­† | é–€æª» å‹ç‡â‰¥35% ä¿¡å¿ƒâ‰¥30% | æ§“æ¡¿é™åˆ¶: 1-2x
2025-11-11T16:27:54.369590014Z [inf]  2025-11-11 16:27:53,896 - src.strategies.self_learning_trader - INFO - ğŸ“ ZEREBROUSDT è±å…æœŸ(phase_1): å·²å®Œæˆ 0/50 ç­† | é–€æª» å‹ç‡â‰¥35% ä¿¡å¿ƒâ‰¥30% | æ§“æ¡¿é™åˆ¶: 1-2x
2025-11-11T16:27:54.369599989Z [inf]  2025-11-11 16:27:53,596 - src.strategies.rule_based_signal_generator - INFO - ğŸ¯ Pipelineå®Œæ•´æ¼æ–—è½‰åŒ–ç‡: 0.00% (0/300)
2025-11-11T16:27:54.369607908Z [inf]  2025-11-11 16:27:53,596 - src.strategies.rule_based_signal_generator - INFO - ================================================================================
2025-11-11T16:27:54.369613424Z [inf]  2025-11-11 16:27:53,597 - src.strategies.self_learning_trader - INFO - ğŸ“ PENGUUSDT è±å…æœŸ(phase_1): å·²å®Œæˆ 0/50 ç­† | é–€æª» å‹ç‡â‰¥35% ä¿¡å¿ƒâ‰¥30% | æ§“æ¡¿é™åˆ¶: 1-2x
2025-11-11T16:27:54.369619413Z [inf]  2025-11-11 16:27:53,684 - src.strategies.self_learning_trader - INFO - ğŸ“ AIXBTUSDT è±å…æœŸ(phase_1): å·²å®Œæˆ 0/50 ç­† | é–€æª» å‹ç‡â‰¥35% ä¿¡å¿ƒâ‰¥30% | æ§“æ¡¿é™åˆ¶: 1-2x
2025-11-11T16:27:54.369625112Z [inf]  2025-11-11 16:27:53,706 - src.strategies.self_learning_trader - INFO - ğŸ“ FARTCOINUSDT è±å…æœŸ(phase_1): å·²å®Œæˆ 0/50 ç­† | é–€æª» å‹ç‡â‰¥35% ä¿¡å¿ƒâ‰¥30% | æ§“æ¡¿é™åˆ¶: 1-2x
2025-11-11T16:27:54.369632006Z [inf]  2025-11-11 16:27:53,728 - src.strategies.self_learning_trader - INFO - ğŸ“ KMNOUSDT è±å…æœŸ(phase_1): å·²å®Œæˆ 0/50 ç­† | é–€æª» å‹ç‡â‰¥35% ä¿¡å¿ƒâ‰¥30% | æ§“æ¡¿é™åˆ¶: 1-2x
2025-11-11T16:27:54.369637746Z [inf]  2025-11-11 16:27:53,772 - src.strategies.self_learning_trader - INFO - âŒ HIVEUSDT æ‹’çµ•é–‹å€‰: ä¿¡å¿ƒåº¦ä¸è¶³: 29.8% < 30.0% | å‹ç‡=53.9% ä¿¡å¿ƒ=29.8% R:R=1.50
2025-11-11T16:27:54.369644631Z [inf]  2025-11-11 16:27:53,819 - src.strategies.self_learning_trader - INFO - ğŸ“ PHAUSDT è±å…æœŸ(phase_1): å·²å®Œæˆ 0/50 ç­† | é–€æª» å‹ç‡â‰¥35% ä¿¡å¿ƒâ‰¥30% | æ§“æ¡¿é™åˆ¶: 1-2x
2025-11-11T16:27:54.371272902Z [inf]  2025-11-11 16:27:53,925 - src.strategies.self_learning_trader - INFO - ğŸ“ BIOUSDT è±å…æœŸ(phase_1): å·²å®Œæˆ 0/50 ç­† | é–€æª» å‹ç‡â‰¥35% ä¿¡å¿ƒâ‰¥30% | æ§“æ¡¿é™åˆ¶: 1-2x
2025-11-11T16:27:54.371284519Z [inf]  2025-11-11 16:27:53,951 - src.strategies.self_learning_trader - INFO - ğŸ“ COOKIEUSDT è±å…æœŸ(phase_1): å·²å®Œæˆ 0/50 ç­† | é–€æª» å‹ç‡â‰¥35% ä¿¡å¿ƒâ‰¥30% | æ§“æ¡¿é™åˆ¶: 1-2x
2025-11-11T16:27:54.371296660Z [inf]  2025-11-11 16:27:53,975 - src.strategies.self_learning_trader - INFO - ğŸ“ ALCHUSDT è±å…æœŸ(phase_1): å·²å®Œæˆ 0/50 ç­† | é–€æª» å‹ç‡â‰¥35% ä¿¡å¿ƒâ‰¥30% | æ§“æ¡¿é™åˆ¶: 1-2x
2025-11-11T16:27:54.371305177Z [inf]  2025-11-11 16:27:54,008 - src.strategies.self_learning_trader - INFO - ğŸ“ SWARMSUSDT è±å…æœŸ(phase_1): å·²å®Œæˆ 0/50 ç­† | é–€æª» å‹ç‡â‰¥35% ä¿¡å¿ƒâ‰¥30% | æ§“æ¡¿é™åˆ¶: 1-2x
2025-11-11T16:27:54.371313071Z [inf]  2025-11-11 16:27:54,053 - src.strategies.self_learning_trader - INFO - ğŸ“ SONICUSDT è±å…æœŸ(phase_1): å·²å®Œæˆ 0/50 ç­† | é–€æª» å‹ç‡â‰¥35% ä¿¡å¿ƒâ‰¥30% | æ§“æ¡¿é™åˆ¶: 1-2x
2025-11-11T16:27:54.371321420Z [inf]  2025-11-11 16:27:54,102 - src.strategies.self_learning_trader - INFO - ğŸ“ PROMUSDT è±å…æœŸ(phase_1): å·²å®Œæˆ 0/50 ç­† | é–€æª» å‹ç‡â‰¥35% ä¿¡å¿ƒâ‰¥30% | æ§“æ¡¿é™åˆ¶: 1-2x
2025-11-11T16:27:54.371329980Z [inf]  2025-11-11 16:27:54,138 - src.core.elite.unified_data_pipeline - INFO - âœ… æ‰¹é‡æ•°æ®è·å–å®Œæˆ: 64ä¸ªsymbols | æˆåŠŸ64 | å¤±è´¥0 | è€—æ—¶0.01ç§’ | å¹³å‡0.2ms/symbol
2025-11-11T16:27:54.371338789Z [inf]  2025-11-11 16:27:54,161 - src.strategies.self_learning_trader - INFO - ğŸ“ SOLVUSDT è±å…æœŸ(phase_1): å·²å®Œæˆ 0/50 ç­† | é–€æª» å‹ç‡â‰¥35% ä¿¡å¿ƒâ‰¥30% | æ§“æ¡¿é™åˆ¶: 1-2x
2025-11-11T16:27:54.371346878Z [inf]  2025-11-11 16:27:54,232 - src.strategies.self_learning_trader - INFO - âŒ TRUMPUSDT æ‹’çµ•é–‹å€‰: ä¿¡å¿ƒåº¦ä¸è¶³: 20.5% < 30.0% | å‹ç‡=51.2% ä¿¡å¿ƒ=20.5% R:R=1.50
2025-11-11T16:27:54.371354458Z [inf]  2025-11-11 16:27:54,255 - src.strategies.self_learning_trader - INFO - âŒ MELANIAUSDT æ‹’çµ•é–‹å€‰: ä¿¡å¿ƒåº¦ä¸è¶³: 26.1% < 30.0% | å‹ç‡=49.8% ä¿¡å¿ƒ=26.1% R:R=1.50
2025-11-11T16:27:54.372368323Z [inf]  2025-11-11 16:27:54,285 - src.strategies.self_learning_trader - INFO - ğŸ“ VTHOUSDT è±å…æœŸ(phase_1): å·²å®Œæˆ 0/50 ç­† | é–€æª» å‹ç‡â‰¥35% ä¿¡å¿ƒâ‰¥30% | æ§“æ¡¿é™åˆ¶: 1-2x
2025-11-11T16:27:54.372376150Z [inf]  2025-11-11 16:27:54,345 - src.strategies.self_learning_trader - INFO - ğŸ“ VINEUSDT è±å…æœŸ(phase_1): å·²å®Œæˆ 0/50 ç­† | é–€æª» å‹ç‡â‰¥35% ä¿¡å¿ƒâ‰¥30% | æ§“æ¡¿é™åˆ¶: 1-2x
2025-11-11T16:27:54.386123519Z [inf]  2025-11-11 16:27:54,382 - src.strategies.self_learning_trader - INFO - âŒ PIPPINUSDT æ‹’çµ•é–‹å€‰: ä¿¡å¿ƒåº¦ä¸è¶³: 25.5% < 30.0% | å‹ç‡=49.6% ä¿¡å¿ƒ=25.5% R:R=1.50
2025-11-11T16:27:54.418061778Z [inf]  2025-11-11 16:27:54,413 - src.strategies.self_learning_trader - INFO - ğŸ“ VVVUSDT è±å…æœŸ(phase_1): å·²å®Œæˆ 0/50 ç­† | é–€æª» å‹ç‡â‰¥35% ä¿¡å¿ƒâ‰¥30% | æ§“æ¡¿é™åˆ¶: 1-2x
2025-11-11T16:27:54.446436332Z [inf]  2025-11-11 16:27:54,445 - src.strategies.self_learning_trader - INFO - ğŸ“ BERAUSDT è±å…æœŸ(phase_1): å·²å®Œæˆ 0/50 ç­† | é–€æª» å‹ç‡â‰¥35% ä¿¡å¿ƒâ‰¥30% | æ§“æ¡¿é™åˆ¶: 1-2x
2025-11-11T16:27:54.497423022Z [inf]  2025-11-11 16:27:54,478 - src.strategies.self_learning_trader - INFO - ğŸ“ TSTUSDT è±å…æœŸ(phase_1): å·²å®Œæˆ 0/50 ç­† | é–€æª» å‹ç‡â‰¥35% ä¿¡å¿ƒâ‰¥30% | æ§“æ¡¿é™åˆ¶: 1-2x
2025-11-11T16:27:54.530347405Z [inf]  2025-11-11 16:27:54,515 - src.strategies.self_learning_trader - INFO - ğŸ“ LAYERUSDT è±å…æœŸ(phase_1): å·²å®Œæˆ 0/50 ç­† | é–€æª» å‹ç‡â‰¥35% ä¿¡å¿ƒâ‰¥30% | æ§“æ¡¿é™åˆ¶: 1-2x
2025-11-11T16:27:54.618429286Z [inf]  2025-11-11 16:27:54,580 - src.strategies.self_learning_trader - INFO - ğŸ“ B3USDT è±å…æœŸ(phase_1): å·²å®Œæˆ 0/50 ç­† | é–€æª» å‹ç‡â‰¥35% ä¿¡å¿ƒâ‰¥30% | æ§“æ¡¿é™åˆ¶: 1-2x
2025-11-11T16:27:54.648495774Z [inf]  2025-11-11 16:27:54,638 - src.strategies.self_learning_trader - INFO - ğŸ“ SHELLUSDT è±å…æœŸ(phase_1): å·²å®Œæˆ 0/50 ç­† | é–€æª» å‹ç‡â‰¥35% ä¿¡å¿ƒâ‰¥30% | æ§“æ¡¿é™åˆ¶: 1-2x
2025-11-11T16:27:54.663428684Z [inf]  2025-11-11 16:27:54,659 - src.strategies.self_learning_trader - INFO - ğŸ“ KAITOUSDT è±å…æœŸ(phase_1): å·²å®Œæˆ 0/50 ç­† | é–€æª» å‹ç‡â‰¥35% ä¿¡å¿ƒâ‰¥30% | æ§“æ¡¿é™åˆ¶: 1-2x
2025-11-11T16:27:54.689931320Z [inf]  2025-11-11 16:27:54,681 - src.strategies.self_learning_trader - INFO - ğŸ“ REDUSDT è±å…æœŸ(phase_1): å·²å®Œæˆ 0/50 ç­† | é–€æª» å‹ç‡â‰¥35% ä¿¡å¿ƒâ‰¥30% | æ§“æ¡¿é™åˆ¶: 1-2x
2025-11-11T16:27:54.728519865Z [inf]  2025-11-11 16:27:54,720 - src.strategies.self_learning_trader - INFO - ğŸ“ EPICUSDT è±å…æœŸ(phase_1): å·²å®Œæˆ 0/50 ç­† | é–€æª» å‹ç‡â‰¥35% ä¿¡å¿ƒâ‰¥30% | æ§“æ¡¿é™åˆ¶: 1-2x
2025-11-11T16:27:54.784110729Z [inf]  2025-11-11 16:27:54,779 - src.strategies.self_learning_trader - INFO - ğŸ“ FORMUSDT è±å…æœŸ(phase_1): å·²å®Œæˆ 0/50 ç­† | é–€æª» å‹ç‡â‰¥35% ä¿¡å¿ƒâ‰¥30% | æ§“æ¡¿é™åˆ¶: 1-2x
2025-11-11T16:27:55.337262694Z [inf]  2025-11-11 16:27:54,801 - src.strategies.self_learning_trader - INFO - ğŸ“ BIDUSDT è±å…æœŸ(phase_1): å·²å®Œæˆ 0/50 ç­† | é–€æª» å‹ç‡â‰¥35% ä¿¡å¿ƒâ‰¥30% | æ§“æ¡¿é™åˆ¶: 1-2x
2025-11-11T16:27:55.337270859Z [inf]  2025-11-11 16:27:54,845 - src.strategies.self_learning_trader - INFO - ğŸ“ BROCCOLI714USDT è±å…æœŸ(phase_1): å·²å®Œæˆ 0/50 ç­† | é–€æª» å‹ç‡â‰¥35% ä¿¡å¿ƒâ‰¥30% | æ§“æ¡¿é™åˆ¶: 1-2x
2025-11-11T16:27:55.337276197Z [inf]  2025-11-11 16:27:54,864 - src.strategies.rule_based_signal_generator - INFO - ğŸ“Š Pipelineé€²åº¦å¿«ç…§ï¼ˆå·²æƒæ350å€‹ï¼‰
2025-11-11T16:27:55.337283831Z [inf]  2025-11-11 16:27:54,864 - src.strategies.rule_based_signal_generator - INFO -    Stage1é©—è­‰: æœ‰æ•ˆ=349, æ‹’çµ•=0
2025-11-11T16:27:55.337288215Z [inf]  2025-11-11 16:27:54,864 - src.strategies.rule_based_signal_generator - INFO -    Stage3æ–¹å‘: æœ‰=199, ç„¡=150
2025-11-11T16:27:55.337293349Z [inf]  2025-11-11 16:27:54,886 - src.strategies.self_learning_trader - INFO - ğŸ“ SIRENUSDT è±å…æœŸ(phase_1): å·²å®Œæˆ 0/50 ç­† | é–€æª» å‹ç‡â‰¥35% ä¿¡å¿ƒâ‰¥30% | æ§“æ¡¿é™åˆ¶: 1-2x
2025-11-11T16:27:55.337298635Z [inf]  2025-11-11 16:27:54,930 - src.strategies.self_learning_trader - INFO - ğŸ“ BRUSDT è±å…æœŸ(phase_1): å·²å®Œæˆ 0/50 ç­† | é–€æª» å‹ç‡â‰¥35% ä¿¡å¿ƒâ‰¥30% | æ§“æ¡¿é™åˆ¶: 1-2x
2025-11-11T16:27:55.337303643Z [inf]  2025-11-11 16:27:54,957 - src.strategies.self_learning_trader - INFO - ğŸ“ PLUMEUSDT è±å…æœŸ(phase_1): å·²å®Œæˆ 0/50 ç­† | é–€æª» å‹ç‡â‰¥35% ä¿¡å¿ƒâ‰¥30% | æ§“æ¡¿é™åˆ¶: 1-2x
2025-11-11T16:27:55.337307560Z [inf]  2025-11-11 16:27:54,980 - src.strategies.self_learning_trader - INFO - ğŸ“ NILUSDT è±å…æœŸ(phase_1): å·²å®Œæˆ 0/50 ç­† | é–€æª» å‹ç‡â‰¥35% ä¿¡å¿ƒâ‰¥30% | æ§“æ¡¿é™åˆ¶: 1-2x
2025-11-11T16:27:55.337311757Z [inf]  2025-11-11 16:27:55,035 - src.strategies.self_learning_trader - INFO - âŒ JELLYJELLYUSDT æ‹’çµ•é–‹å€‰: ä¿¡å¿ƒåº¦ä¸è¶³: 27.8% < 30.0% | å‹ç‡=53.3% ä¿¡å¿ƒ=27.8% R:R=1.50
2025-11-11T16:27:55.340704407Z [inf]  2025-11-11 16:27:55,082 - src.strategies.self_learning_trader - INFO - ğŸ“ PAXGUSDT è±å…æœŸ(phase_1): å·²å®Œæˆ 0/50 ç­† | é–€æª» å‹ç‡â‰¥35% ä¿¡å¿ƒâ‰¥30% | æ§“æ¡¿é™åˆ¶: 1-2x
2025-11-11T16:27:55.340720850Z [inf]  2025-11-11 16:27:55,082 - src.strategies.self_learning_trader - WARNING - âš ï¸ PAXGUSDT SL/TP ç„¡æ•ˆ: æ­¢æè·é›¢éå°: 0.22% < 0.30%ï¼Œä½¿ç”¨å®‰å…¨å€¼
2025-11-11T16:27:55.340731344Z [inf]  2025-11-11 16:27:55,105 - src.strategies.self_learning_trader - INFO - ğŸ“ WALUSDT è±å…æœŸ(phase_1): å·²å®Œæˆ 0/50 ç­† | é–€æª» å‹ç‡â‰¥35% ä¿¡å¿ƒâ‰¥30% | æ§“æ¡¿é™åˆ¶: 1-2x
2025-11-11T16:27:55.340741026Z [inf]  2025-11-11 16:27:55,136 - src.strategies.self_learning_trader - INFO - ğŸ“ FUNUSDT è±å…æœŸ(phase_1): å·²å®Œæˆ 0/50 ç­† | é–€æª» å‹ç‡â‰¥35% ä¿¡å¿ƒâ‰¥30% | æ§“æ¡¿é™åˆ¶: 1-2x
2025-11-11T16:27:55.340755531Z [inf]  2025-11-11 16:27:55,198 - src.strategies.self_learning_trader - INFO - ğŸ“ GUNUSDT è±å…æœŸ(phase_1): å·²å®Œæˆ 0/50 ç­† | é–€æª» å‹ç‡â‰¥35% ä¿¡å¿ƒâ‰¥30% | æ§“æ¡¿é™åˆ¶: 1-2x
2025-11-11T16:27:55.340767957Z [inf]  2025-11-11 16:27:55,226 - src.strategies.self_learning_trader - INFO - ğŸ“ ATHUSDT è±å…æœŸ(phase_1): å·²å®Œæˆ 0/50 ç­† | é–€æª» å‹ç‡â‰¥35% ä¿¡å¿ƒâ‰¥30% | æ§“æ¡¿é™åˆ¶: 1-2x
2025-11-11T16:27:55.340775767Z [inf]  2025-11-11 16:27:55,252 - src.strategies.self_learning_trader - INFO - âŒ BABYUSDT æ‹’çµ•é–‹å€‰: ä¿¡å¿ƒåº¦ä¸è¶³: 23.7% < 30.0% | å‹ç‡=52.1% ä¿¡å¿ƒ=23.7% R:R=1.50
2025-11-11T16:27:55.340798341Z [inf]  2025-11-11 16:27:55,295 - src.strategies.self_learning_trader - INFO - ğŸ“ PROMPTUSDT è±å…æœŸ(phase_1): å·²å®Œæˆ 0/50 ç­† | é–€æª» å‹ç‡â‰¥35% ä¿¡å¿ƒâ‰¥30% | æ§“æ¡¿é™åˆ¶: 1-2x
2025-11-11T16:27:55.340807786Z [inf]  2025-11-11 16:27:55,330 - src.strategies.self_learning_trader - INFO - ğŸ“ XCNUSDT è±å…æœŸ(phase_1): å·²å®Œæˆ 0/50 ç­† | é–€æª» å‹ç‡â‰¥35% ä¿¡å¿ƒâ‰¥30% | æ§“æ¡¿é™åˆ¶: 1-2x
2025-11-11T16:27:55.381957136Z [inf]  2025-11-11 16:27:55,379 - src.strategies.self_learning_trader - INFO - ğŸ“ FHEUSDT è±å…æœŸ(phase_1): å·²å®Œæˆ 0/50 ç­† | é–€æª» å‹ç‡â‰¥35% ä¿¡å¿ƒâ‰¥30% | æ§“æ¡¿é™åˆ¶: 1-2x
2025-11-11T16:27:55.463162173Z [inf]  2025-11-11 16:27:55,442 - src.strategies.self_learning_trader - INFO - âŒ INITUSDT æ‹’çµ•é–‹å€‰: ä¿¡å¿ƒåº¦ä¸è¶³: 15.9% < 30.0% | å‹ç‡=49.8% ä¿¡å¿ƒ=15.9% R:R=1.50
2025-11-11T16:27:55.551348743Z [inf]  2025-11-11 16:27:55,540 - src.strategies.self_learning_trader - INFO - ğŸ“ HYPERUSDT è±å…æœŸ(phase_1): å·²å®Œæˆ 0/50 ç­† | é–€æª» å‹ç‡â‰¥35% ä¿¡å¿ƒâ‰¥30% | æ§“æ¡¿é™åˆ¶: 1-2x
2025-11-11T16:27:55.565193499Z [inf]  2025-11-11 16:27:55,563 - src.strategies.self_learning_trader - INFO - ğŸ“ FISUSDT è±å…æœŸ(phase_1): å·²å®Œæˆ 0/50 ç­† | é–€æª» å‹ç‡â‰¥35% ä¿¡å¿ƒâ‰¥30% | æ§“æ¡¿é™åˆ¶: 1-2x
2025-11-11T16:27:55.620794235Z [inf]  2025-11-11 16:27:55,603 - src.strategies.self_learning_trader - INFO - ğŸ“ SIGNUSDT è±å…æœŸ(phase_1): å·²å®Œæˆ 0/50 ç­† | é–€æª» å‹ç‡â‰¥35% ä¿¡å¿ƒâ‰¥30% | æ§“æ¡¿é™åˆ¶: 1-2x
2025-11-11T16:27:55.636624603Z [inf]  2025-11-11 16:27:55,632 - src.strategies.self_learning_trader - INFO - ğŸ“ PUNDIXUSDT è±å…æœŸ(phase_1): å·²å®Œæˆ 0/50 ç­† | é–€æª» å‹ç‡â‰¥35% ä¿¡å¿ƒâ‰¥30% | æ§“æ¡¿é™åˆ¶: 1-2x
2025-11-11T16:27:55.659366703Z [inf]  2025-11-11 16:27:55,655 - src.strategies.self_learning_trader - INFO - ğŸ“ CTKUSDT è±å…æœŸ(phase_1): å·²å®Œæˆ 0/50 ç­† | é–€æª» å‹ç‡â‰¥35% ä¿¡å¿ƒâ‰¥30% | æ§“æ¡¿é™åˆ¶: 1-2x
2025-11-11T16:27:55.686533075Z [inf]  2025-11-11 16:27:55,685 - src.strategies.self_learning_trader - INFO - ğŸ“ AIOTUSDT è±å…æœŸ(phase_1): å·²å®Œæˆ 0/50 ç­† | é–€æª» å‹ç‡â‰¥35% ä¿¡å¿ƒâ‰¥30% | æ§“æ¡¿é™åˆ¶: 1-2x
2025-11-11T16:27:55.731297179Z [inf]  2025-11-11 16:27:55,712 - src.strategies.self_learning_trader - INFO - ğŸ“ DOLOUSDT è±å…æœŸ(phase_1): å·²å®Œæˆ 0/50 ç­† | é–€æª» å‹ç‡â‰¥35% ä¿¡å¿ƒâ‰¥30% | æ§“æ¡¿é™åˆ¶: 1-2x
2025-11-11T16:27:55.731305474Z [inf]  2025-11-11 16:27:55,726 - src.core.elite.unified_data_pipeline - INFO - âœ… æ‰¹é‡æ•°æ®è·å–å®Œæˆ: 64ä¸ªsymbols | æˆåŠŸ64 | å¤±è´¥0 | è€—æ—¶0.01ç§’ | å¹³å‡0.2ms/symbol
2025-11-11T16:27:55.759333630Z [inf]  2025-11-11 16:27:55,755 - src.strategies.self_learning_trader - INFO - ğŸ“ HAEDALUSDT è±å…æœŸ(phase_1): å·²å®Œæˆ 0/50 ç­† | é–€æª» å‹ç‡â‰¥35% ä¿¡å¿ƒâ‰¥30% | æ§“æ¡¿é™åˆ¶: 1-2x
2025-11-11T16:27:55.785292446Z [inf]  2025-11-11 16:27:55,783 - src.strategies.self_learning_trader - INFO - âŒ SXTUSDT æ‹’çµ•é–‹å€‰: ä¿¡å¿ƒåº¦ä¸è¶³: 28.4% < 30.0% | å‹ç‡=53.5% ä¿¡å¿ƒ=28.4% R:R=1.50
2025-11-11T16:27:56.273848037Z [inf]  2025-11-11 16:27:55,808 - src.strategies.self_learning_trader - INFO - ğŸ“ ASRUSDT è±å…æœŸ(phase_1): å·²å®Œæˆ 0/50 ç­† | é–€æª» å‹ç‡â‰¥35% ä¿¡å¿ƒâ‰¥30% | æ§“æ¡¿é™åˆ¶: 1-2x
2025-11-11T16:27:56.273855951Z [inf]  2025-11-11 16:27:55,859 - src.strategies.self_learning_trader - INFO - ğŸ“ B2USDT è±å…æœŸ(phase_1): å·²å®Œæˆ 0/50 ç­† | é–€æª» å‹ç‡â‰¥35% ä¿¡å¿ƒâ‰¥30% | æ§“æ¡¿é™åˆ¶: 1-2x
2025-11-11T16:27:56.273864037Z [inf]  2025-11-11 16:27:55,888 - src.strategies.self_learning_trader - INFO - ğŸ“ MILKUSDT è±å…æœŸ(phase_1): å·²å®Œæˆ 0/50 ç­† | é–€æª» å‹ç‡â‰¥35% ä¿¡å¿ƒâ‰¥30% | æ§“æ¡¿é™åˆ¶: 1-2x
2025-11-11T16:27:56.273871230Z [inf]  2025-11-11 16:27:55,918 - src.strategies.self_learning_trader - INFO - ğŸ“ SYRUPUSDT è±å…æœŸ(phase_1): å·²å®Œæˆ 0/50 ç­† | é–€æª» å‹ç‡â‰¥35% ä¿¡å¿ƒâ‰¥30% | æ§“æ¡¿é™åˆ¶: 1-2x
2025-11-11T16:27:56.273877977Z [inf]  2025-11-11 16:27:55,946 - src.strategies.self_learning_trader - INFO - ğŸ“ OBOLUSDT è±å…æœŸ(phase_1): å·²å®Œæˆ 0/50 ç­† | é–€æª» å‹ç‡â‰¥35% ä¿¡å¿ƒâ‰¥30% | æ§“æ¡¿é™åˆ¶: 1-2x
2025-11-11T16:27:56.273884364Z [inf]  2025-11-11 16:27:55,975 - src.strategies.self_learning_trader - INFO - ğŸ“ DOODUSDT è±å…æœŸ(phase_1): å·²å®Œæˆ 0/50 ç­† | é–€æª» å‹ç‡â‰¥35% ä¿¡å¿ƒâ‰¥30% | æ§“æ¡¿é™åˆ¶: 1-2x
2025-11-11T16:27:56.273891487Z [inf]  2025-11-11 16:27:56,004 - src.strategies.self_learning_trader - INFO - ğŸ“ OGUSDT è±å…æœŸ(phase_1): å·²å®Œæˆ 0/50 ç­† | é–€æª» å‹ç‡â‰¥35% ä¿¡å¿ƒâ‰¥30% | æ§“æ¡¿é™åˆ¶: 1-2x
2025-11-11T16:27:56.273900916Z [inf]  2025-11-11 16:27:56,034 - src.strategies.self_learning_trader - INFO - ğŸ“ ZKJUSDT è±å…æœŸ(phase_1): å·²å®Œæˆ 0/50 ç­† | é–€æª» å‹ç‡â‰¥35% ä¿¡å¿ƒâ‰¥30% | æ§“æ¡¿é™åˆ¶: 1-2x
2025-11-11T16:27:56.273908743Z [inf]  2025-11-11 16:27:56,083 - src.strategies.self_learning_trader - INFO - âŒ NXPCUSDT æ‹’çµ•é–‹å€‰: ä¿¡å¿ƒåº¦ä¸è¶³: 29.9% < 30.0% | å‹ç‡=54.0% ä¿¡å¿ƒ=29.9% R:R=1.50
2025-11-11T16:27:56.273916564Z [inf]  2025-11-11 16:27:56,124 - src.strategies.self_learning_trader - INFO - ğŸ“ AGTUSDT è±å…æœŸ(phase_1): å·²å®Œæˆ 0/50 ç­† | é–€æª» å‹ç‡â‰¥35% ä¿¡å¿ƒâ‰¥30% | æ§“æ¡¿é™åˆ¶: 1-2x
2025-11-11T16:27:56.277722134Z [inf]  2025-11-11 16:27:56,147 - src.strategies.rule_based_signal_generator - INFO -          â‰¥25: 234
2025-11-11T16:27:56.277737338Z [inf]  2025-11-11 16:27:56,147 - src.strategies.rule_based_signal_generator - INFO -          ğŸ”¥ ADX<10å æ¯”: 0.0% â† ç¡¬æ‹’çµ•
2025-11-11T16:27:56.277745614Z [inf]  2025-11-11 16:27:56,147 - src.strategies.rule_based_signal_generator - INFO -          ğŸ”¥ ADX<15å æ¯”: 0.0% â† åŒ…å«å¼·æ‡²ç½°å€é–“
2025-11-11T16:27:56.277753408Z [inf]  2025-11-11 16:27:56,147 - src.strategies.rule_based_signal_generator - INFO - Stage5 - ä¿¡å¿ƒåº¦è¨ˆç®—: 234
2025-11-11T16:27:56.277756648Z [inf]  2025-11-11 16:27:56,124 - src.strategies.rule_based_signal_generator - INFO - ğŸ“Š Pipelineé€²åº¦å¿«ç…§ï¼ˆå·²æƒæ400å€‹ï¼‰
2025-11-11T16:27:56.277763211Z [inf]  2025-11-11 16:27:56,124 - src.strategies.rule_based_signal_generator - INFO -    Stage1é©—è­‰: æœ‰æ•ˆ=399, æ‹’çµ•=0
2025-11-11T16:27:56.277766055Z [inf]  2025-11-11 16:27:56,147 - src.strategies.rule_based_signal_generator - INFO - Stage6 - å‹ç‡è¨ˆç®—: 234
2025-11-11T16:27:56.277770036Z [inf]  2025-11-11 16:27:56,124 - src.strategies.rule_based_signal_generator - INFO -    Stage3æ–¹å‘: æœ‰=233, ç„¡=166
2025-11-11T16:27:56.277777270Z [inf]  2025-11-11 16:27:56,147 - src.strategies.rule_based_signal_generator - INFO - Stage7 - é›™é–€æª»é©—è­‰:
2025-11-11T16:27:56.277777589Z [inf]  2025-11-11 16:27:56,146 - src.strategies.rule_based_signal_generator - INFO - ================================================================================
2025-11-11T16:27:56.277785315Z [inf]  2025-11-11 16:27:56,147 - src.strategies.rule_based_signal_generator - INFO - ğŸ“Š Pipelineè¨ºæ–·å ±å‘Šï¼ˆå·²æƒæ400å€‹äº¤æ˜“å°ï¼‰
2025-11-11T16:27:56.277787066Z [inf]  2025-11-11 16:27:56,147 - src.strategies.rule_based_signal_generator - INFO -          é€šé=0
2025-11-11T16:27:56.277790980Z [inf]  2025-11-11 16:27:56,147 - src.strategies.rule_based_signal_generator - INFO - ================================================================================
2025-11-11T16:27:56.277796883Z [inf]  2025-11-11 16:27:56,147 - src.strategies.rule_based_signal_generator - INFO - Stage0 - ç¸½æƒææ•¸: 400
2025-11-11T16:27:56.277801761Z [inf]  2025-11-11 16:27:56,147 - src.strategies.rule_based_signal_generator - INFO -          æ‹’çµ•(å‹ç‡ä¸è¶³)=0
2025-11-11T16:27:56.277805098Z [inf]  2025-11-11 16:27:56,147 - src.strategies.rule_based_signal_generator - INFO - Stage1 - æ•¸æ“šé©—è­‰: æœ‰æ•ˆ=400, æ‹’çµ•=0
2025-11-11T16:27:56.277812834Z [inf]  2025-11-11 16:27:56,147 - src.strategies.rule_based_signal_generator - INFO -          æ‹’çµ•(ä¿¡å¿ƒä¸è¶³)=0
2025-11-11T16:27:56.277813736Z [inf]  2025-11-11 16:27:56,147 - src.strategies.rule_based_signal_generator - INFO -          æ‹’çµ•ç‡: 0.0%
2025-11-11T16:27:56.277822046Z [inf]  2025-11-11 16:27:56,147 - src.strategies.rule_based_signal_generator - INFO -          æ‹’çµ•(R:Rè¶…ç¯„åœ)=0
2025-11-11T16:27:56.277823192Z [inf]  2025-11-11 16:27:56,147 - src.strategies.rule_based_signal_generator - INFO - Stage2 - è¶¨å‹¢åˆ¤æ–·: æˆåŠŸ=400
2025-11-11T16:27:56.277832205Z [inf]  2025-11-11 16:27:56,147 - src.strategies.rule_based_signal_generator - INFO - Stage3 - ä¿¡è™Ÿæ–¹å‘:
2025-11-11T16:27:56.277832544Z [inf]  2025-11-11 16:27:56,147 - src.strategies.rule_based_signal_generator - INFO - Stage8 - è³ªé‡è©•åˆ†:
2025-11-11T16:27:56.277841939Z [inf]  2025-11-11 16:27:56,147 - src.strategies.rule_based_signal_generator - INFO -          æœ‰æ–¹å‘=234, ç„¡æ–¹å‘=166
2025-11-11T16:27:56.277842512Z [inf]  2025-11-11 16:27:56,147 - src.strategies.rule_based_signal_generator - INFO -          é€šé(qualityâ‰¥é–€æª»)=0
2025-11-11T16:27:56.277849899Z [inf]  2025-11-11 16:27:56,147 - src.strategies.rule_based_signal_generator - INFO -          å„ªå…ˆç´š1(å®Œç¾å°é½Š)=24
2025-11-11T16:27:56.277852723Z [inf]  2025-11-11 16:27:56,147 - src.strategies.rule_based_signal_generator - INFO -          æ‹’çµ•(quality<é–€æª»)=0
2025-11-11T16:27:56.277862092Z [inf]  2025-11-11 16:27:56,147 - src.strategies.rule_based_signal_generator - INFO - Stage9 - æ’åº&åŸ·è¡Œ:
2025-11-11T16:27:56.278033805Z [inf]  2025-11-11 16:27:56,147 - src.strategies.rule_based_signal_generator - INFO -          å„ªå…ˆç´š2(H1+M15)=63
2025-11-11T16:27:56.278039405Z [inf]  2025-11-11 16:27:56,147 - src.strategies.rule_based_signal_generator - INFO -          å„ªå…ˆç´š3(è¶¨å‹¢åˆæœŸ)=10
2025-11-11T16:27:56.278044959Z [inf]  2025-11-11 16:27:56,147 - src.strategies.rule_based_signal_generator - INFO -          å„ªå…ˆç´š4(H1ä¸»å°-å¯¬é¬†)=109
2025-11-11T16:27:56.278051017Z [inf]  2025-11-11 16:27:56,147 - src.strategies.rule_based_signal_generator - INFO -          å„ªå…ˆç´š5(M15+M5-å¯¬é¬†)=28
2025-11-11T16:27:56.278065806Z [inf]  2025-11-11 16:27:56,147 - src.strategies.rule_based_signal_generator - INFO - Stage4 - ADXéæ¿¾ï¼ˆv3.18.10+ 3å±¤æ‡²ç½°æ©Ÿåˆ¶ï¼‰:
2025-11-11T16:27:56.278073014Z [inf]  2025-11-11 16:27:56,147 - src.strategies.rule_based_signal_generator - INFO -          ADX<10(ç¡¬æ‹’çµ•)=0
2025-11-11T16:27:56.278077813Z [inf]  2025-11-11 16:27:56,147 - src.strategies.rule_based_signal_generator - INFO -          ADX 10-15(å¼·æ‡²ç½°Ã—0.6)=0
2025-11-11T16:27:56.278082659Z [inf]  2025-11-11 16:27:56,147 - src.strategies.rule_based_signal_generator - INFO -          ADX 15-20(ä¸­æ‡²ç½°Ã—0.8)=0
2025-11-11T16:27:56.278088448Z [inf]  2025-11-11 16:27:56,147 - src.strategies.rule_based_signal_generator - INFO -          ADXâ‰¥20(é€šé)=234
2025-11-11T16:27:56.278096688Z [inf]  2025-11-11 16:27:56,147 - src.strategies.rule_based_signal_generator - INFO - ADXåˆ†å¸ƒ:
2025-11-11T16:27:56.278102852Z [inf]  2025-11-11 16:27:56,147 - src.strategies.rule_based_signal_generator - INFO -          <10: 0
2025-11-11T16:27:56.278108585Z [inf]  2025-11-11 16:27:56,147 - src.strategies.rule_based_signal_generator - INFO -          10-15: 0
2025-11-11T16:27:56.278114036Z [inf]  2025-11-11 16:27:56,147 - src.strategies.rule_based_signal_generator - INFO -          15-20: 0
2025-11-11T16:27:56.278119118Z [inf]  2025-11-11 16:27:56,147 - src.strategies.rule_based_signal_generator - INFO -          20-25: 0
2025-11-11T16:27:56.279257084Z [inf]  2025-11-11 16:27:56,147 - src.strategies.rule_based_signal_generator - INFO - ğŸ¯ Pipelineå®Œæ•´æ¼æ–—è½‰åŒ–ç‡: 0.00% (0/400)
2025-11-11T16:27:56.279264646Z [inf]  2025-11-11 16:27:56,147 - src.strategies.rule_based_signal_generator - INFO - ================================================================================
2025-11-11T16:27:56.279272259Z [inf]  2025-11-11 16:27:56,147 - src.strategies.self_learning_trader - INFO - ğŸ“ AWEUSDT è±å…æœŸ(phase_1): å·²å®Œæˆ 0/50 ç­† | é–€æª» å‹ç‡â‰¥35% ä¿¡å¿ƒâ‰¥30% | æ§“æ¡¿é™åˆ¶: 1-2x
2025-11-11T16:27:56.279278889Z [inf]  2025-11-11 16:27:56,170 - src.strategies.self_learning_trader - INFO - ğŸ“ BUSDT è±å…æœŸ(phase_1): å·²å®Œæˆ 0/50 ç­† | é–€æª» å‹ç‡â‰¥35% ä¿¡å¿ƒâ‰¥30% | æ§“æ¡¿é™åˆ¶: 1-2x
2025-11-11T16:27:56.279285070Z [inf]  2025-11-11 16:27:56,193 - src.strategies.self_learning_trader - INFO - âŒ SOONUSDT æ‹’çµ•é–‹å€‰: ä¿¡å¿ƒåº¦ä¸è¶³: 17.7% < 30.0% | å‹ç‡=50.3% ä¿¡å¿ƒ=17.7% R:R=1.50
2025-11-11T16:27:56.279290992Z [inf]  2025-11-11 16:27:56,260 - src.strategies.self_learning_trader - INFO - âŒ SOPHUSDT æ‹’çµ•é–‹å€‰: ä¿¡å¿ƒåº¦ä¸è¶³: 24.3% < 30.0% | å‹ç‡=52.3% ä¿¡å¿ƒ=24.3% R:R=1.50
2025-11-11T16:27:56.279331397Z [inf]  2025-11-11 16:27:56,147 - src.strategies.rule_based_signal_generator - INFO -          æ’åºå€™é¸=0
2025-11-11T16:27:56.279336399Z [inf]  2025-11-11 16:27:56,147 - src.strategies.rule_based_signal_generator - INFO -          æœ€çµ‚åŸ·è¡Œ=0
2025-11-11T16:27:56.279340877Z [inf]  2025-11-11 16:27:56,147 - src.strategies.rule_based_signal_generator - INFO - 
2025-11-11T16:27:56.286928966Z [inf]  2025-11-11 16:27:56,284 - src.strategies.self_learning_trader - INFO - ğŸ“ MERLUSDT è±å…æœŸ(phase_1): å·²å®Œæˆ 0/50 ç­† | é–€æª» å‹ç‡â‰¥35% ä¿¡å¿ƒâ‰¥30% | æ§“æ¡¿é™åˆ¶: 1-2x
2025-11-11T16:27:56.307842643Z [inf]  2025-11-11 16:27:56,306 - src.strategies.self_learning_trader - INFO - ğŸ“ HYPEUSDT è±å…æœŸ(phase_1): å·²å®Œæˆ 0/50 ç­† | é–€æª» å‹ç‡â‰¥35% ä¿¡å¿ƒâ‰¥30% | æ§“æ¡¿é™åˆ¶: 1-2x
2025-11-11T16:27:56.389251717Z [inf]  2025-11-11 16:27:56,381 - src.strategies.self_learning_trader - INFO - ğŸ“ 1000000BOBUSDT è±å…æœŸ(phase_1): å·²å®Œæˆ 0/50 ç­† | é–€æª» å‹ç‡â‰¥35% ä¿¡å¿ƒâ‰¥30% | æ§“æ¡¿é™åˆ¶: 1-2x
2025-11-11T16:27:56.445464341Z [inf]  2025-11-11 16:27:56,429 - src.strategies.self_learning_trader - INFO - âŒ SKATEUSDT æ‹’çµ•é–‹å€‰: ä¿¡å¿ƒåº¦ä¸è¶³: 29.5% < 30.0% | å‹ç‡=50.8% ä¿¡å¿ƒ=29.5% R:R=1.50
2025-11-11T16:27:56.487843630Z [inf]  2025-11-11 16:27:56,482 - src.strategies.self_learning_trader - INFO - âŒ RESOLVUSDT æ‹’çµ•é–‹å€‰: ä¿¡å¿ƒåº¦ä¸è¶³: 23.7% < 30.0% | å‹ç‡=45.0% ä¿¡å¿ƒ=23.7% R:R=1.50
2025-11-11T16:27:56.543958725Z [inf]  2025-11-11 16:27:56,533 - src.strategies.self_learning_trader - INFO - ğŸ“ SQDUSDT è±å…æœŸ(phase_1): å·²å®Œæˆ 0/50 ç­† | é–€æª» å‹ç‡â‰¥35% ä¿¡å¿ƒâ‰¥30% | æ§“æ¡¿é™åˆ¶: 1-2x
2025-11-11T16:27:56.590380371Z [inf]  2025-11-11 16:27:56,580 - src.strategies.self_learning_trader - INFO - ğŸ“ SPKUSDT è±å…æœŸ(phase_1): å·²å®Œæˆ 0/50 ç­† | é–€æª» å‹ç‡â‰¥35% ä¿¡å¿ƒâ‰¥30% | æ§“æ¡¿é™åˆ¶: 1-2x
2025-11-11T16:27:56.605380993Z [inf]  2025-11-11 16:27:56,598 - src.strategies.rule_based_signal_generator - INFO - ğŸ” ä¿¡è™Ÿç”Ÿæˆçµ±è¨ˆï¼ˆå·²æƒæ1750å€‹ï¼Œ0ä¿¡è™Ÿï¼‰ï¼š
2025-11-11T16:27:56.605390397Z [inf]  2025-11-11 16:27:56,598 - src.strategies.rule_based_signal_generator - INFO -    H1è¶¨å‹¢: bullish=180, bearish=739, neutral=831
2025-11-11T16:27:56.605396285Z [inf]  2025-11-11 16:27:56,598 - src.strategies.rule_based_signal_generator - INFO -    M15è¶¨å‹¢: bullish=166, bearish=330, neutral=1254
2025-11-11T16:27:56.605401788Z [inf]  2025-11-11 16:27:56,598 - src.strategies.rule_based_signal_generator - INFO -    M5è¶¨å‹¢: bullish=846, bearish=162, neutral=742
2025-11-11T16:27:56.605407595Z [inf]  2025-11-11 16:27:56,598 - src.strategies.rule_based_signal_generator - INFO -    å¸‚å ´çµæ§‹: bullish=1051, bearish=386, neutral=313
2025-11-11T16:27:56.605412198Z [inf]  2025-11-11 16:27:56,598 - src.strategies.rule_based_signal_generator - INFO -    âš ï¸ å»ºè­°å•Ÿç”¨RELAXED_SIGNAL_MODE=trueå¢åŠ ä¿¡è™Ÿæ•¸é‡
2025-11-11T16:27:56.626149950Z [inf]  2025-11-11 16:27:56,622 - src.strategies.self_learning_trader - INFO - ğŸ“ FUSDT è±å…æœŸ(phase_1): å·²å®Œæˆ 0/50 ç­† | é–€æª» å‹ç‡â‰¥35% ä¿¡å¿ƒâ‰¥30% | æ§“æ¡¿é™åˆ¶: 1-2x
2025-11-11T16:27:56.654228685Z [inf]  2025-11-11 16:27:56,649 - src.strategies.self_learning_trader - INFO - ğŸ“ NEWTUSDT è±å…æœŸ(phase_1): å·²å®Œæˆ 0/50 ç­† | é–€æª» å‹ç‡â‰¥35% ä¿¡å¿ƒâ‰¥30% | æ§“æ¡¿é™åˆ¶: 1-2x
2025-11-11T16:27:56.679153539Z [inf]  2025-11-11 16:27:56,673 - src.strategies.self_learning_trader - INFO - âŒ DMCUSDT æ‹’çµ•é–‹å€‰: ä¿¡å¿ƒåº¦ä¸è¶³: 24.3% < 30.0% | å‹ç‡=52.3% ä¿¡å¿ƒ=24.3% R:R=1.50
2025-11-11T16:27:56.720328613Z [inf]  2025-11-11 16:27:56,712 - src.strategies.self_learning_trader - INFO - âŒ OLUSDT æ‹’çµ•é–‹å€‰: ä¿¡å¿ƒåº¦ä¸è¶³: 22.9% < 30.0% | å‹ç‡=45.0% ä¿¡å¿ƒ=22.9% R:R=1.50
2025-11-11T16:27:56.763649393Z [inf]  2025-11-11 16:27:56,754 - src.strategies.self_learning_trader - INFO - ğŸ“ ICNTUSDT è±å…æœŸ(phase_1): å·²å®Œæˆ 0/50 ç­† | é–€æª» å‹ç‡â‰¥35% ä¿¡å¿ƒâ‰¥30% | æ§“æ¡¿é™åˆ¶: 1-2x
2025-11-11T16:27:56.789576066Z [inf]  2025-11-11 16:27:56,778 - src.strategies.self_learning_trader - INFO - ğŸ“ BULLAUSDT è±å…æœŸ(phase_1): å·²å®Œæˆ 0/50 ç­† | é–€æª» å‹ç‡â‰¥35% ä¿¡å¿ƒâ‰¥30% | æ§“æ¡¿é™åˆ¶: 1-2x
2025-11-11T16:27:56.803037325Z [inf]  2025-11-11 16:27:56,801 - src.strategies.self_learning_trader - INFO - ğŸ“ IDOLUSDT è±å…æœŸ(phase_1): å·²å®Œæˆ 0/50 ç­† | é–€æª» å‹ç‡â‰¥35% ä¿¡å¿ƒâ‰¥30% | æ§“æ¡¿é™åˆ¶: 1-2x
2025-11-11T16:27:57.290492229Z [inf]  2025-11-11 16:27:56,866 - src.strategies.self_learning_trader - INFO - ğŸ“ PUMPUSDT è±å…æœŸ(phase_1): å·²å®Œæˆ 0/50 ç­† | é–€æª» å‹ç‡â‰¥35% ä¿¡å¿ƒâ‰¥30% | æ§“æ¡¿é™åˆ¶: 1-2x
2025-11-11T16:27:57.290505991Z [inf]  2025-11-11 16:27:56,961 - src.strategies.self_learning_trader - INFO - âŒ TACUSDT æ‹’çµ•é–‹å€‰: ä¿¡å¿ƒåº¦ä¸è¶³: 24.3% < 30.0% | å‹ç‡=52.3% ä¿¡å¿ƒ=24.3% R:R=1.50
2025-11-11T16:27:57.290513613Z [inf]  2025-11-11 16:27:56,985 - src.strategies.self_learning_trader - INFO - ğŸ“ ERAUSDT è±å…æœŸ(phase_1): å·²å®Œæˆ 0/50 ç­† | é–€æª» å‹ç‡â‰¥35% ä¿¡å¿ƒâ‰¥30% | æ§“æ¡¿é™åˆ¶: 1-2x
2025-11-11T16:27:57.290520557Z [inf]  2025-11-11 16:27:57,036 - src.strategies.self_learning_trader - INFO - âŒ CVXUSDT æ‹’çµ•é–‹å€‰: ä¿¡å¿ƒåº¦ä¸è¶³: 29.2% < 30.0% | å‹ç‡=53.8% ä¿¡å¿ƒ=29.2% R:R=1.50
2025-11-11T16:27:57.290528544Z [inf]  2025-11-11 16:27:57,083 - src.strategies.self_learning_trader - INFO - ğŸ“ ZORAUSDT è±å…æœŸ(phase_1): å·²å®Œæˆ 0/50 ç­† | é–€æª» å‹ç‡â‰¥35% ä¿¡å¿ƒâ‰¥30% | æ§“æ¡¿é™åˆ¶: 1-2x
2025-11-11T16:27:57.290535252Z [inf]  2025-11-11 16:27:57,118 - src.strategies.self_learning_trader - INFO - âŒ TAGUSDT æ‹’çµ•é–‹å€‰: ä¿¡å¿ƒåº¦ä¸è¶³: 21.7% < 30.0% | å‹ç‡=45.0% ä¿¡å¿ƒ=21.7% R:R=1.50
2025-11-11T16:27:57.290542703Z [inf]  2025-11-11 16:27:57,149 - src.strategies.self_learning_trader - INFO - ğŸ“ ZRCUSDT è±å…æœŸ(phase_1): å·²å®Œæˆ 0/50 ç­† | é–€æª» å‹ç‡â‰¥35% ä¿¡å¿ƒâ‰¥30% | æ§“æ¡¿é™åˆ¶: 1-2x
2025-11-11T16:27:57.290548635Z [inf]  2025-11-11 16:27:57,176 - src.strategies.self_learning_trader - INFO - ğŸ“ ESPORTSUSDT è±å…æœŸ(phase_1): å·²å®Œæˆ 0/50 ç­† | é–€æª» å‹ç‡â‰¥35% ä¿¡å¿ƒâ‰¥30% | æ§“æ¡¿é™åˆ¶: 1-2x
2025-11-11T16:27:57.290554743Z [inf]  2025-11-11 16:27:57,205 - src.strategies.self_learning_trader - INFO - ğŸ“ TREEUSDT è±å…æœŸ(phase_1): å·²å®Œæˆ 0/50 ç­† | é–€æª» å‹ç‡â‰¥35% ä¿¡å¿ƒâ‰¥30% | æ§“æ¡¿é™åˆ¶: 1-2x
2025-11-11T16:27:57.290562951Z [inf]  2025-11-11 16:27:57,265 - src.strategies.self_learning_trader - INFO - âŒ PLAYUSDT æ‹’çµ•é–‹å€‰: ä¿¡å¿ƒåº¦ä¸è¶³: 29.0% < 30.0% | å‹ç‡=45.0% ä¿¡å¿ƒ=29.0% R:R=1.50
2025-11-11T16:27:58.347656334Z [inf]  2025-11-11 16:27:58,289 - src.core.elite.unified_data_pipeline - INFO - âœ… æ‰¹é‡æ•°æ®è·å–å®Œæˆ: 64ä¸ªsymbols | æˆåŠŸ64 | å¤±è´¥0 | è€—æ—¶1.02ç§’ | å¹³å‡16.0ms/symbol
2025-11-11T16:27:58.347660636Z [inf]  2025-11-11 16:27:58,309 - src.strategies.rule_based_signal_generator - INFO - ğŸ“Š Pipelineé€²åº¦å¿«ç…§ï¼ˆå·²æƒæ450å€‹ï¼‰
2025-11-11T16:27:58.347665551Z [inf]  2025-11-11 16:27:58,309 - src.strategies.rule_based_signal_generator - INFO -    Stage1é©—è­‰: æœ‰æ•ˆ=449, æ‹’çµ•=0
2025-11-11T16:27:58.347671828Z [inf]  2025-11-11 16:27:58,309 - src.strategies.rule_based_signal_generator - INFO -    Stage3æ–¹å‘: æœ‰=261, ç„¡=188
2025-11-11T16:27:58.347677166Z [inf]  2025-11-11 16:27:58,338 - src.strategies.self_learning_trader - INFO - ğŸ“ TOWNSUSDT è±å…æœŸ(phase_1): å·²å®Œæˆ 0/50 ç­† | é–€æª» å‹ç‡â‰¥35% ä¿¡å¿ƒâ‰¥30% | æ§“æ¡¿é™åˆ¶: 1-2x
2025-11-11T16:27:58.389158471Z [inf]  2025-11-11 16:27:58,384 - src.strategies.self_learning_trader - INFO - ğŸ“ ALLUSDT è±å…æœŸ(phase_1): å·²å®Œæˆ 0/50 ç­† | é–€æª» å‹ç‡â‰¥35% ä¿¡å¿ƒâ‰¥30% | æ§“æ¡¿é™åˆ¶: 1-2x
2025-11-11T16:27:58.426716815Z [inf]  2025-11-11 16:27:58,412 - src.strategies.self_learning_trader - INFO - ğŸ“ INUSDT è±å…æœŸ(phase_1): å·²å®Œæˆ 0/50 ç­† | é–€æª» å‹ç‡â‰¥35% ä¿¡å¿ƒâ‰¥30% | æ§“æ¡¿é™åˆ¶: 1-2x
2025-11-11T16:27:58.442707958Z [inf]  2025-11-11 16:27:58,438 - src.strategies.self_learning_trader - INFO - ğŸ“ YALAUSDT è±å…æœŸ(phase_1): å·²å®Œæˆ 0/50 ç­† | é–€æª» å‹ç‡â‰¥35% ä¿¡å¿ƒâ‰¥30% | æ§“æ¡¿é™åˆ¶: 1-2x
2025-11-11T16:27:58.468510877Z [inf]  2025-11-11 16:27:58,463 - src.strategies.self_learning_trader - INFO - ğŸ“ CARVUSDT è±å…æœŸ(phase_1): å·²å®Œæˆ 0/50 ç­† | é–€æª» å‹ç‡â‰¥35% ä¿¡å¿ƒâ‰¥30% | æ§“æ¡¿é™åˆ¶: 1-2x
2025-11-11T16:27:58.532097276Z [inf]  2025-11-11 16:27:58,525 - src.strategies.self_learning_trader - INFO - ğŸ“ USELESSUSDT è±å…æœŸ(phase_1): å·²å®Œæˆ 0/50 ç­† | é–€æª» å‹ç‡â‰¥35% ä¿¡å¿ƒâ‰¥30% | æ§“æ¡¿é™åˆ¶: 1-2x
2025-11-11T16:27:58.558359234Z [inf]  2025-11-11 16:27:58,552 - src.strategies.self_learning_trader - INFO - ğŸ“ DAMUSDT è±å…æœŸ(phase_1): å·²å®Œæˆ 0/50 ç­† | é–€æª» å‹ç‡â‰¥35% ä¿¡å¿ƒâ‰¥30% | æ§“æ¡¿é™åˆ¶: 1-2x
2025-11-11T16:27:58.584867576Z [inf]  2025-11-11 16:27:58,579 - src.strategies.self_learning_trader - INFO - ğŸ“ CUDISUSDT è±å…æœŸ(phase_1): å·²å®Œæˆ 0/50 ç­† | é–€æª» å‹ç‡â‰¥35% ä¿¡å¿ƒâ‰¥30% | æ§“æ¡¿é™åˆ¶: 1-2x
2025-11-11T16:27:58.612046606Z [inf]  2025-11-11 16:27:58,604 - src.strategies.self_learning_trader - INFO - ğŸ“ SAPIENUSDT è±å…æœŸ(phase_1): å·²å®Œæˆ 0/50 ç­† | é–€æª» å‹ç‡â‰¥35% ä¿¡å¿ƒâ‰¥30% | æ§“æ¡¿é™åˆ¶: 1-2x
2025-11-11T16:27:58.672153552Z [inf]  2025-11-11 16:27:58,665 - src.strategies.self_learning_trader - INFO - ğŸ“ SOMIUSDT è±å…æœŸ(phase_1): å·²å®Œæˆ 0/50 ç­† | é–€æª» å‹ç‡â‰¥35% ä¿¡å¿ƒâ‰¥30% | æ§“æ¡¿é™åˆ¶: 1-2x
2025-11-11T16:27:58.698619125Z [inf]  2025-11-11 16:27:58,697 - src.strategies.self_learning_trader - INFO - ğŸ“ BASUSDT è±å…æœŸ(phase_1): å·²å®Œæˆ 0/50 ç­† | é–€æª» å‹ç‡â‰¥35% ä¿¡å¿ƒâ‰¥30% | æ§“æ¡¿é™åˆ¶: 1-2x
2025-11-11T16:27:58.752057946Z [inf]  2025-11-11 16:27:58,745 - src.strategies.self_learning_trader - INFO - ğŸ“ MITOUSDT è±å…æœŸ(phase_1): å·²å®Œæˆ 0/50 ç­† | é–€æª» å‹ç‡â‰¥35% ä¿¡å¿ƒâ‰¥30% | æ§“æ¡¿é™åˆ¶: 1-2x
2025-11-11T16:27:58.774058946Z [inf]  2025-11-11 16:27:58,772 - src.strategies.self_learning_trader - INFO - ğŸ“ HEMIUSDT è±å…æœŸ(phase_1): å·²å®Œæˆ 0/50 ç­† | é–€æª» å‹ç‡â‰¥35% ä¿¡å¿ƒâ‰¥30% | æ§“æ¡¿é™åˆ¶: 1-2x
2025-11-11T16:27:58.800813471Z [inf]  2025-11-11 16:27:58,799 - src.strategies.self_learning_trader - INFO - âŒ LINEAUSDT æ‹’çµ•é–‹å€‰: ä¿¡å¿ƒåº¦ä¸è¶³: 28.9% < 30.0% | å‹ç‡=53.7% ä¿¡å¿ƒ=28.9% R:R=1.50
2025-11-11T16:27:59.388711665Z [inf]  2025-11-11 16:27:58,875 - src.strategies.self_learning_trader - INFO - âŒ TAKEUSDT æ‹’çµ•é–‹å€‰: ä¿¡å¿ƒåº¦ä¸è¶³: 29.8% < 30.0% | å‹ç‡=45.0% ä¿¡å¿ƒ=29.8% R:R=1.50
2025-11-11T16:27:59.388724891Z [inf]  2025-11-11 16:27:58,900 - src.strategies.self_learning_trader - INFO - ğŸ“ PTBUSDT è±å…æœŸ(phase_1): å·²å®Œæˆ 0/50 ç­† | é–€æª» å‹ç‡â‰¥35% ä¿¡å¿ƒâ‰¥30% | æ§“æ¡¿é™åˆ¶: 1-2x
2025-11-11T16:27:59.388732641Z [inf]  2025-11-11 16:27:58,928 - src.strategies.self_learning_trader - INFO - ğŸ“ OPENUSDT è±å…æœŸ(phase_1): å·²å®Œæˆ 0/50 ç­† | é–€æª» å‹ç‡â‰¥35% ä¿¡å¿ƒâ‰¥30% | æ§“æ¡¿é™åˆ¶: 1-2x
2025-11-11T16:27:59.388740339Z [inf]  2025-11-11 16:27:58,975 - src.strategies.self_learning_trader - INFO - ğŸ“ SKYUSDT è±å…æœŸ(phase_1): å·²å®Œæˆ 0/50 ç­† | é–€æª» å‹ç‡â‰¥35% ä¿¡å¿ƒâ‰¥30% | æ§“æ¡¿é™åˆ¶: 1-2x
2025-11-11T16:27:59.388747294Z [inf]  2025-11-11 16:27:59,014 - src.strategies.self_learning_trader - INFO - ğŸ“ AVNTUSDT è±å…æœŸ(phase_1): å·²å®Œæˆ 0/50 ç­† | é–€æª» å‹ç‡â‰¥35% ä¿¡å¿ƒâ‰¥30% | æ§“æ¡¿é™åˆ¶: 1-2x
2025-11-11T16:27:59.388754688Z [inf]  2025-11-11 16:27:59,052 - src.strategies.self_learning_trader - INFO - ğŸ“ HOLOUSDT è±å…æœŸ(phase_1): å·²å®Œæˆ 0/50 ç­† | é–€æª» å‹ç‡â‰¥35% ä¿¡å¿ƒâ‰¥30% | æ§“æ¡¿é™åˆ¶: 1-2x
2025-11-11T16:27:59.388761145Z [inf]  2025-11-11 16:27:59,221 - src.strategies.self_learning_trader - INFO - ğŸ“ 0GUSDT è±å…æœŸ(phase_1): å·²å®Œæˆ 0/50 ç­† | é–€æª» å‹ç‡â‰¥35% ä¿¡å¿ƒâ‰¥30% | æ§“æ¡¿é™åˆ¶: 1-2x
2025-11-11T16:27:59.388767889Z [inf]  2025-11-11 16:27:59,246 - src.strategies.self_learning_trader - INFO - ğŸ“ AIAUSDT è±å…æœŸ(phase_1): å·²å®Œæˆ 0/50 ç­† | é–€æª» å‹ç‡â‰¥35% ä¿¡å¿ƒâ‰¥30% | æ§“æ¡¿é™åˆ¶: 1-2x
2025-11-11T16:27:59.388836047Z [inf]  2025-11-11 16:27:58,823 - src.strategies.self_learning_trader - INFO - ğŸ“ QUSDT è±å…æœŸ(phase_1): å·²å®Œæˆ 0/50 ç­† | é–€æª» å‹ç‡â‰¥35% ä¿¡å¿ƒâ‰¥30% | æ§“æ¡¿é™åˆ¶: 1-2x
2025-11-11T16:27:59.388841676Z [inf]  2025-11-11 16:27:58,850 - src.strategies.self_learning_trader - INFO - ğŸ“ ARIAUSDT è±å…æœŸ(phase_1): å·²å®Œæˆ 0/50 ç­† | é–€æª» å‹ç‡â‰¥35% ä¿¡å¿ƒâ‰¥30% | æ§“æ¡¿é™åˆ¶: 1-2x
2025-11-11T16:27:59.391981546Z [inf]  2025-11-11 16:27:59,271 - src.strategies.self_learning_trader - INFO - ğŸ“ BARDUSDT è±å…æœŸ(phase_1): å·²å®Œæˆ 0/50 ç­† | é–€æª» å‹ç‡â‰¥35% ä¿¡å¿ƒâ‰¥30% | æ§“æ¡¿é™åˆ¶: 1-2x
2025-11-11T16:27:59.391986486Z [inf]  2025-11-11 16:27:59,334 - src.strategies.self_learning_trader - INFO - ğŸ“ BLESSUSDT è±å…æœŸ(phase_1): å·²å®Œæˆ 0/50 ç­† | é–€æª» å‹ç‡â‰¥35% ä¿¡å¿ƒâ‰¥30% | æ§“æ¡¿é™åˆ¶: 1-2x
2025-11-11T16:27:59.391991826Z [inf]  2025-11-11 16:27:59,363 - src.strategies.self_learning_trader - INFO - ğŸ“ FLUIDUSDT è±å…æœŸ(phase_1): å·²å®Œæˆ 0/50 ç­† | é–€æª» å‹ç‡â‰¥35% ä¿¡å¿ƒâ‰¥30% | æ§“æ¡¿é™åˆ¶: 1-2x
2025-11-11T16:27:59.425899319Z [inf]  2025-11-11 16:27:59,406 - src.strategies.self_learning_trader - INFO - ğŸ“ HANAUSDT è±å…æœŸ(phase_1): å·²å®Œæˆ 0/50 ç­† | é–€æª» å‹ç‡â‰¥35% ä¿¡å¿ƒâ‰¥30% | æ§“æ¡¿é™åˆ¶: 1-2x
2025-11-11T16:27:59.435785721Z [inf]  2025-11-11 16:27:59,431 - src.strategies.self_learning_trader - INFO - ğŸ“ MIRAUSDT è±å…æœŸ(phase_1): å·²å®Œæˆ 0/50 ç­† | é–€æª» å‹ç‡â‰¥35% ä¿¡å¿ƒâ‰¥30% | æ§“æ¡¿é™åˆ¶: 1-2x
2025-11-11T16:27:59.465302518Z [inf]  2025-11-11 16:27:59,453 - src.strategies.self_learning_trader - INFO - âŒ AKEUSDT æ‹’çµ•é–‹å€‰: ä¿¡å¿ƒåº¦ä¸è¶³: 26.1% < 30.0% | å‹ç‡=45.0% ä¿¡å¿ƒ=26.1% R:R=1.50
2025-11-11T16:27:59.480727669Z [inf]  2025-11-11 16:27:59,477 - src.strategies.self_learning_trader - INFO - ğŸ“ ORDERUSDT è±å…æœŸ(phase_1): å·²å®Œæˆ 0/50 ç­† | é–€æª» å‹ç‡â‰¥35% ä¿¡å¿ƒâ‰¥30% | æ§“æ¡¿é™åˆ¶: 1-2x
2025-11-11T16:27:59.529305389Z [inf]  2025-11-11 16:27:59,522 - src.strategies.self_learning_trader - INFO - âŒ XANUSDT æ‹’çµ•é–‹å€‰: ä¿¡å¿ƒåº¦ä¸è¶³: 28.6% < 30.0% | å‹ç‡=45.0% ä¿¡å¿ƒ=28.6% R:R=1.50
2025-11-11T16:27:59.563619674Z [inf]  2025-11-11 16:27:59,560 - src.strategies.rule_based_signal_generator - INFO - ğŸ“Š Pipelineé€²åº¦å¿«ç…§ï¼ˆå·²æƒæ500å€‹ï¼‰
2025-11-11T16:27:59.563631937Z [inf]  2025-11-11 16:27:59,560 - src.strategies.rule_based_signal_generator - INFO -    Stage1é©—è­‰: æœ‰æ•ˆ=499, æ‹’çµ•=0
2025-11-11T16:27:59.563639190Z [inf]  2025-11-11 16:27:59,560 - src.strategies.rule_based_signal_generator - INFO -    Stage3æ–¹å‘: æœ‰=293, ç„¡=206
2025-11-11T16:27:59.586113971Z [inf]  2025-11-11 16:27:59,580 - src.strategies.rule_based_signal_generator - INFO - ================================================================================
2025-11-11T16:27:59.586121895Z [inf]  2025-11-11 16:27:59,580 - src.strategies.rule_based_signal_generator - INFO - ğŸ“Š Pipelineè¨ºæ–·å ±å‘Šï¼ˆå·²æƒæ500å€‹äº¤æ˜“å°ï¼‰
2025-11-11T16:27:59.586126889Z [inf]  2025-11-11 16:27:59,580 - src.strategies.rule_based_signal_generator - INFO - ================================================================================
2025-11-11T16:27:59.586131248Z [inf]  2025-11-11 16:27:59,580 - src.strategies.rule_based_signal_generator - INFO - Stage0 - ç¸½æƒææ•¸: 500
2025-11-11T16:27:59.586136083Z [inf]  2025-11-11 16:27:59,580 - src.strategies.rule_based_signal_generator - INFO - Stage1 - æ•¸æ“šé©—è­‰: æœ‰æ•ˆ=500, æ‹’çµ•=0
2025-11-11T16:27:59.586140907Z [inf]  2025-11-11 16:27:59,580 - src.strategies.rule_based_signal_generator - INFO -          æ‹’çµ•ç‡: 0.0%
2025-11-11T16:27:59.586147144Z [inf]  2025-11-11 16:27:59,580 - src.strategies.rule_based_signal_generator - INFO - Stage2 - è¶¨å‹¢åˆ¤æ–·: æˆåŠŸ=500
2025-11-11T16:27:59.586152260Z [inf]  2025-11-11 16:27:59,580 - src.strategies.rule_based_signal_generator - INFO - Stage3 - ä¿¡è™Ÿæ–¹å‘:
2025-11-11T16:27:59.586156803Z [inf]  2025-11-11 16:27:59,581 - src.strategies.rule_based_signal_generator - INFO -          æœ‰æ–¹å‘=294, ç„¡æ–¹å‘=206
2025-11-11T16:27:59.586161159Z [inf]  2025-11-11 16:27:59,581 - src.strategies.rule_based_signal_generator - INFO -          å„ªå…ˆç´š1(å®Œç¾å°é½Š)=36
2025-11-11T16:27:59.586165683Z [inf]  2025-11-11 16:27:59,581 - src.strategies.rule_based_signal_generator - INFO -          å„ªå…ˆç´š2(H1+M15)=91
2025-11-11T16:27:59.586170824Z [inf]  2025-11-11 16:27:59,581 - src.strategies.rule_based_signal_generator - INFO -          å„ªå…ˆç´š3(è¶¨å‹¢åˆæœŸ)=14
2025-11-11T16:27:59.586175856Z [inf]  2025-11-11 16:27:59,581 - src.strategies.rule_based_signal_generator - INFO -          å„ªå…ˆç´š4(H1ä¸»å°-å¯¬é¬†)=122
2025-11-11T16:27:59.588428153Z [inf]  2025-11-11 16:27:59,581 - src.strategies.rule_based_signal_generator - INFO -          å„ªå…ˆç´š5(M15+M5-å¯¬é¬†)=31
2025-11-11T16:27:59.588435937Z [inf]  2025-11-11 16:27:59,581 - src.strategies.rule_based_signal_generator - INFO - Stage4 - ADXéæ¿¾ï¼ˆv3.18.10+ 3å±¤æ‡²ç½°æ©Ÿåˆ¶ï¼‰:
2025-11-11T16:27:59.588441564Z [inf]  2025-11-11 16:27:59,581 - src.strategies.rule_based_signal_generator - INFO -          ADX<10(ç¡¬æ‹’çµ•)=0
2025-11-11T16:27:59.588446125Z [inf]  2025-11-11 16:27:59,581 - src.strategies.rule_based_signal_generator - INFO -          ADX 10-15(å¼·æ‡²ç½°Ã—0.6)=0
2025-11-11T16:27:59.588451511Z [inf]  2025-11-11 16:27:59,581 - src.strategies.rule_based_signal_generator - INFO -          ADX 15-20(ä¸­æ‡²ç½°Ã—0.8)=0
2025-11-11T16:27:59.588458191Z [inf]  2025-11-11 16:27:59,581 - src.strategies.rule_based_signal_generator - INFO -          ADXâ‰¥20(é€šé)=294
2025-11-11T16:27:59.588462904Z [inf]  2025-11-11 16:27:59,581 - src.strategies.rule_based_signal_generator - INFO - ADXåˆ†å¸ƒ:
2025-11-11T16:27:59.588467412Z [inf]  2025-11-11 16:27:59,581 - src.strategies.rule_based_signal_generator - INFO -          <10: 0
2025-11-11T16:27:59.588471722Z [inf]  2025-11-11 16:27:59,581 - src.strategies.rule_based_signal_generator - INFO -          10-15: 0
2025-11-11T16:27:59.588475906Z [inf]  2025-11-11 16:27:59,581 - src.strategies.rule_based_signal_generator - INFO -          15-20: 0
2025-11-11T16:27:59.588493331Z [inf]  2025-11-11 16:27:59,581 - src.strategies.rule_based_signal_generator - INFO -          20-25: 0
2025-11-11T16:27:59.588497682Z [inf]  2025-11-11 16:27:59,581 - src.strategies.rule_based_signal_generator - INFO -          â‰¥25: 294
2025-11-11T16:27:59.588502051Z [inf]  2025-11-11 16:27:59,581 - src.strategies.rule_based_signal_generator - INFO -          ğŸ”¥ ADX<10å æ¯”: 0.0% â† ç¡¬æ‹’çµ•
2025-11-11T16:27:59.588507467Z [inf]  2025-11-11 16:27:59,581 - src.strategies.rule_based_signal_generator - INFO -          ğŸ”¥ ADX<15å æ¯”: 0.0% â† åŒ…å«å¼·æ‡²ç½°å€é–“
2025-11-11T16:27:59.590408902Z [inf]  2025-11-11 16:27:59,581 - src.strategies.rule_based_signal_generator - INFO - Stage5 - ä¿¡å¿ƒåº¦è¨ˆç®—: 294
2025-11-11T16:27:59.590418792Z [inf]  2025-11-11 16:27:59,581 - src.strategies.rule_based_signal_generator - INFO - Stage6 - å‹ç‡è¨ˆç®—: 294
2025-11-11T16:27:59.590426134Z [inf]  2025-11-11 16:27:59,581 - src.strategies.rule_based_signal_generator - INFO - Stage7 - é›™é–€æª»é©—è­‰:
2025-11-11T16:27:59.590432748Z [inf]  2025-11-11 16:27:59,581 - src.strategies.rule_based_signal_generator - INFO -          é€šé=0
2025-11-11T16:27:59.590438048Z [inf]  2025-11-11 16:27:59,581 - src.strategies.rule_based_signal_generator - INFO -          æ‹’çµ•(å‹ç‡ä¸è¶³)=0
2025-11-11T16:27:59.590443647Z [inf]  2025-11-11 16:27:59,581 - src.strategies.rule_based_signal_generator - INFO -          æ‹’çµ•(ä¿¡å¿ƒä¸è¶³)=0
2025-11-11T16:27:59.590449787Z [inf]  2025-11-11 16:27:59,581 - src.strategies.rule_based_signal_generator - INFO -          æ‹’çµ•(R:Rè¶…ç¯„åœ)=0
2025-11-11T16:27:59.590455088Z [inf]  2025-11-11 16:27:59,581 - src.strategies.rule_based_signal_generator - INFO - Stage8 - è³ªé‡è©•åˆ†:
2025-11-11T16:27:59.590461872Z [inf]  2025-11-11 16:27:59,581 - src.strategies.rule_based_signal_generator - INFO -          é€šé(qualityâ‰¥é–€æª»)=0
2025-11-11T16:27:59.590467942Z [inf]  2025-11-11 16:27:59,581 - src.strategies.rule_based_signal_generator - INFO -          æ‹’çµ•(quality<é–€æª»)=0
2025-11-11T16:27:59.590474112Z [inf]  2025-11-11 16:27:59,581 - src.strategies.rule_based_signal_generator - INFO - Stage9 - æ’åº&åŸ·è¡Œ:
2025-11-11T16:27:59.590479552Z [inf]  2025-11-11 16:27:59,581 - src.strategies.rule_based_signal_generator - INFO -          æ’åºå€™é¸=0
2025-11-11T16:27:59.590484345Z [inf]  2025-11-11 16:27:59,581 - src.strategies.rule_based_signal_generator - INFO -          æœ€çµ‚åŸ·è¡Œ=0
2025-11-11T16:27:59.590489208Z [inf]  2025-11-11 16:27:59,581 - src.strategies.rule_based_signal_generator - INFO - 
2025-11-11T16:27:59.592680035Z [inf]  2025-11-11 16:27:59,581 - src.strategies.rule_based_signal_generator - INFO - ğŸ¯ Pipelineå®Œæ•´æ¼æ–—è½‰åŒ–ç‡: 0.00% (0/500)
2025-11-11T16:27:59.592687605Z [inf]  2025-11-11 16:27:59,581 - src.strategies.rule_based_signal_generator - INFO - ================================================================================
2025-11-11T16:27:59.592694331Z [inf]  2025-11-11 16:27:59,581 - src.strategies.self_learning_trader - INFO - ğŸ“ EDENUSDT è±å…æœŸ(phase_1): å·²å®Œæˆ 0/50 ç­† | é–€æª» å‹ç‡â‰¥35% ä¿¡å¿ƒâ‰¥30% | æ§“æ¡¿é™åˆ¶: 1-2x
2025-11-11T16:27:59.607958867Z [inf]  2025-11-11 16:27:59,603 - src.strategies.self_learning_trader - INFO - ğŸ“ NOMUSDT è±å…æœŸ(phase_1): å·²å®Œæˆ 0/50 ç­† | é–€æª» å‹ç‡â‰¥35% ä¿¡å¿ƒâ‰¥30% | æ§“æ¡¿é™åˆ¶: 1-2x
2025-11-11T16:27:59.634756461Z [inf]  2025-11-11 16:27:59,630 - src.strategies.self_learning_trader - INFO - ğŸ“ TRUTHUSDT è±å…æœŸ(phase_1): å·²å®Œæˆ 0/50 ç­† | é–€æª» å‹ç‡â‰¥35% ä¿¡å¿ƒâ‰¥30% | æ§“æ¡¿é™åˆ¶: 1-2x
2025-11-11T16:27:59.686693960Z [inf]  2025-11-11 16:27:59,671 - src.strategies.self_learning_trader - INFO - ğŸ“ EVAAUSDT è±å…æœŸ(phase_1): å·²å®Œæˆ 0/50 ç­† | é–€æª» å‹ç‡â‰¥35% ä¿¡å¿ƒâ‰¥30% | æ§“æ¡¿é™åˆ¶: 1-2x
2025-11-11T16:27:59.749848011Z [inf]  2025-11-11 16:27:59,731 - src.strategies.self_learning_trader - INFO - âŒ 4USDT æ‹’çµ•é–‹å€‰: ä¿¡å¿ƒåº¦ä¸è¶³: 29.8% < 30.0% | å‹ç‡=53.9% ä¿¡å¿ƒ=29.8% R:R=1.50
2025-11-11T16:27:59.768285166Z [inf]  2025-11-11 16:27:59,766 - src.strategies.self_learning_trader - INFO - ğŸ“ MONUSDT è±å…æœŸ(phase_1): å·²å®Œæˆ 0/50 ç­† | é–€æª» å‹ç‡â‰¥35% ä¿¡å¿ƒâ‰¥30% | æ§“æ¡¿é™åˆ¶: 1-2x
2025-11-11T16:27:59.798853055Z [inf]  2025-11-11 16:27:59,787 - src.strategies.self_learning_trader - INFO - ğŸ“ YBUSDT è±å…æœŸ(phase_1): å·²å®Œæˆ 0/50 ç­† | é–€æª» å‹ç‡â‰¥35% ä¿¡å¿ƒâ‰¥30% | æ§“æ¡¿é™åˆ¶: 1-2x
2025-11-11T16:27:59.832141274Z [inf]  2025-11-11 16:27:59,806 - src.strategies.self_learning_trader - INFO - ğŸ“ METUSDT è±å…æœŸ(phase_1): å·²å®Œæˆ 0/50 ç­† | é–€æª» å‹ç‡â‰¥35% ä¿¡å¿ƒâ‰¥30% | æ§“æ¡¿é™åˆ¶: 1-2x
2025-11-11T16:28:00.381959054Z [inf]  2025-11-11 16:27:59,830 - src.strategies.self_learning_trader - INFO - ğŸ“ EULUSDT è±å…æœŸ(phase_1): å·²å®Œæˆ 0/50 ç­† | é–€æª» å‹ç‡â‰¥35% ä¿¡å¿ƒâ‰¥30% | æ§“æ¡¿é™åˆ¶: 1-2x
2025-11-11T16:28:00.381963628Z [inf]  2025-11-11 16:28:00,158 - src.core.elite.unified_data_pipeline - INFO - âœ… æ‰¹é‡æ•°æ®è·å–å®Œæˆ: 23ä¸ªsymbols | æˆåŠŸ23 | å¤±è´¥0 | è€—æ—¶0.33ç§’ | å¹³å‡14.3ms/symbol
2025-11-11T16:28:00.381967695Z [inf]  2025-11-11 16:28:00,181 - src.strategies.self_learning_trader - INFO - ğŸ“ ENSOUSDT è±å…æœŸ(phase_1): å·²å®Œæˆ 0/50 ç­† | é–€æª» å‹ç‡â‰¥35% ä¿¡å¿ƒâ‰¥30% | æ§“æ¡¿é™åˆ¶: 1-2x
2025-11-11T16:28:00.381971535Z [inf]  2025-11-11 16:28:00,203 - src.strategies.self_learning_trader - INFO - âŒ CLOUSDT æ‹’çµ•é–‹å€‰: ä¿¡å¿ƒåº¦ä¸è¶³: 25.9% < 30.0% | å‹ç‡=49.8% ä¿¡å¿ƒ=25.9% R:R=1.50
2025-11-11T16:28:00.381976515Z [inf]  2025-11-11 16:28:00,245 - src.strategies.self_learning_trader - INFO - ğŸ“ ZBTUSDT è±å…æœŸ(phase_1): å·²å®Œæˆ 0/50 ç­† | é–€æª» å‹ç‡â‰¥35% ä¿¡å¿ƒâ‰¥30% | æ§“æ¡¿é™åˆ¶: 1-2x
2025-11-11T16:28:00.381981540Z [inf]  2025-11-11 16:28:00,268 - src.strategies.self_learning_trader - INFO - ğŸ“ LABUSDT è±å…æœŸ(phase_1): å·²å®Œæˆ 0/50 ç­† | é–€æª» å‹ç‡â‰¥35% ä¿¡å¿ƒâ‰¥30% | æ§“æ¡¿é™åˆ¶: 1-2x
2025-11-11T16:28:00.381985746Z [inf]  2025-11-11 16:28:00,301 - src.strategies.self_learning_trader - INFO - ğŸ“ RIVERUSDT è±å…æœŸ(phase_1): å·²å®Œæˆ 0/50 ç­† | é–€æª» å‹ç‡â‰¥35% ä¿¡å¿ƒâ‰¥30% | æ§“æ¡¿é™åˆ¶: 1-2x
2025-11-11T16:28:00.381989645Z [inf]  2025-11-11 16:28:00,321 - src.strategies.self_learning_trader - INFO - âŒ RVVUSDT æ‹’çµ•é–‹å€‰: ä¿¡å¿ƒåº¦ä¸è¶³: 23.5% < 30.0% | å‹ç‡=49.1% ä¿¡å¿ƒ=23.5% R:R=1.50
2025-11-11T16:28:00.381993676Z [inf]  2025-11-11 16:28:00,343 - src.strategies.self_learning_trader - INFO - ğŸ“ BLUAIUSDT è±å…æœŸ(phase_1): å·²å®Œæˆ 0/50 ç­† | é–€æª» å‹ç‡â‰¥35% ä¿¡å¿ƒâ‰¥30% | æ§“æ¡¿é™åˆ¶: 1-2x
2025-11-11T16:28:00.381997304Z [inf]  2025-11-11 16:28:00,367 - src.strategies.self_learning_trader - INFO - ğŸ“ TURTLEUSDT è±å…æœŸ(phase_1): å·²å®Œæˆ 0/50 ç­† | é–€æª» å‹ç‡â‰¥35% ä¿¡å¿ƒâ‰¥30% | æ§“æ¡¿é™åˆ¶: 1-2x
2025-11-11T16:28:00.432757445Z [inf]  2025-11-11 16:28:00,416 - src.strategies.self_learning_trader - INFO - ğŸ“ ONUSDT è±å…æœŸ(phase_1): å·²å®Œæˆ 0/50 ç­† | é–€æª» å‹ç‡â‰¥35% ä¿¡å¿ƒâ‰¥30% | æ§“æ¡¿é™åˆ¶: 1-2x
2025-11-11T16:28:00.445797346Z [inf]  2025-11-11 16:28:00,441 - src.strategies.self_learning_trader - INFO - ğŸ“ 42USDT è±å…æœŸ(phase_1): å·²å®Œæˆ 0/50 ç­† | é–€æª» å‹ç‡â‰¥35% ä¿¡å¿ƒâ‰¥30% | æ§“æ¡¿é™åˆ¶: 1-2x
2025-11-11T16:28:00.492792651Z [inf]  2025-11-11 16:28:00,483 - src.strategies.self_learning_trader - INFO - ğŸ“ KITEUSDT è±å…æœŸ(phase_1): å·²å®Œæˆ 0/50 ç­† | é–€æª» å‹ç‡â‰¥35% ä¿¡å¿ƒâ‰¥30% | æ§“æ¡¿é™åˆ¶: 1-2x
2025-11-11T16:28:00.507632300Z [inf]  2025-11-11 16:28:00,505 - src.strategies.self_learning_trader - INFO - ğŸ“ ATUSDT è±å…æœŸ(phase_1): å·²å®Œæˆ 0/50 ç­† | é–€æª» å‹ç‡â‰¥35% ä¿¡å¿ƒâ‰¥30% | æ§“æ¡¿é™åˆ¶: 1-2x
2025-11-11T16:28:00.540434510Z [inf]  2025-11-11 16:28:00,533 - src.strategies.self_learning_trader - INFO - âŒ CCUSDT æ‹’çµ•é–‹å€‰: ä¿¡å¿ƒåº¦ä¸è¶³: 26.2% < 30.0% | å‹ç‡=45.0% ä¿¡å¿ƒ=26.2% R:R=1.50
2025-11-11T16:28:00.566658159Z [inf]  2025-11-11 16:28:00,554 - src.strategies.self_learning_trader - INFO - âŒ MMTUSDT æ‹’çµ•é–‹å€‰: ä¿¡å¿ƒåº¦ä¸è¶³: 28.3% < 30.0% | å‹ç‡=45.0% ä¿¡å¿ƒ=28.3% R:R=1.50
2025-11-11T16:28:00.582716949Z [inf]  2025-11-11 16:28:00,579 - src.strategies.self_learning_trader - INFO - ğŸ“ TRUSTUSDT è±å…æœŸ(phase_1): å·²å®Œæˆ 0/50 ç­† | é–€æª» å‹ç‡â‰¥35% ä¿¡å¿ƒâ‰¥30% | æ§“æ¡¿é™åˆ¶: 1-2x
2025-11-11T16:28:00.612748027Z [inf]  2025-11-11 16:28:00,604 - src.strategies.self_learning_trader - INFO - âŒ UAIUSDT æ‹’çµ•é–‹å€‰: ä¿¡å¿ƒåº¦ä¸è¶³: 29.8% < 30.0% | å‹ç‡=53.9% ä¿¡å¿ƒ=29.8% R:R=1.50
2025-11-11T16:28:00.644071141Z [inf]  2025-11-11 16:28:00,635 - src.strategies.self_learning_trader - INFO - ğŸ“ FOLKSUSDT è±å…æœŸ(phase_1): å·²å®Œæˆ 0/50 ç­† | é–€æª» å‹ç‡â‰¥35% ä¿¡å¿ƒâ‰¥30% | æ§“æ¡¿é™åˆ¶: 1-2x
2025-11-11T16:28:00.672466875Z [inf]  2025-11-11 16:28:00,663 - src.strategies.self_learning_trader - INFO - ğŸ“ STABLEUSDT è±å…æœŸ(phase_1): å·²å®Œæˆ 0/50 ç­† | é–€æª» å‹ç‡â‰¥35% ä¿¡å¿ƒâ‰¥30% | æ§“æ¡¿é™åˆ¶: 1-2x
2025-11-11T16:28:00.697032772Z [inf]  2025-11-11 16:28:00,695 - src.strategies.self_learning_trader - INFO - ğŸ“ JCTUSDT è±å…æœŸ(phase_1): å·²å®Œæˆ 0/50 ç­† | é–€æª» å‹ç‡â‰¥35% ä¿¡å¿ƒâ‰¥30% | æ§“æ¡¿é™åˆ¶: 1-2x
2025-11-11T16:28:00.697046838Z [inf]  2025-11-11 16:28:00,695 - src.core.unified_scheduler - INFO - ================================================================================
2025-11-11T16:28:00.697055945Z [inf]  2025-11-11 16:28:00,695 - src.core.unified_scheduler - INFO - â±ï¸  ===== æƒææ™‚é–“åˆ†æå ±å‘Š =====
2025-11-11T16:28:00.697064170Z [inf]  2025-11-11 16:28:00,695 - src.core.unified_scheduler - INFO - ğŸ“Š åˆ†æäº¤æ˜“å°: 535/535
2025-11-11T16:28:00.697071021Z [inf]  2025-11-11 16:28:00,695 - src.core.unified_scheduler - INFO - ğŸ“­ æ•¸æ“šç¼ºå¤±: 0
2025-11-11T16:28:00.697078681Z [inf]  2025-11-11 16:28:00,695 - src.core.unified_scheduler - INFO - â±ï¸  ç¸½æƒææ™‚é–“: 14.5s
2025-11-11T16:28:00.697085331Z [inf]  2025-11-11 16:28:00,695 - src.core.unified_scheduler - INFO - ğŸ“ˆ å¹³å‡åˆ†ææ™‚é–“: 24.2ms
2025-11-11T16:28:00.697090885Z [inf]  2025-11-11 16:28:00,695 - src.core.unified_scheduler - INFO - ğŸš€ æœ€å¿«åˆ†æ: 0.0ms
2025-11-11T16:28:00.697097457Z [inf]  2025-11-11 16:28:00,695 - src.core.unified_scheduler - INFO - ğŸŒ æœ€æ…¢åˆ†æ: 65.1ms
2025-11-11T16:28:00.697104712Z [inf]  2025-11-11 16:28:00,695 - src.core.unified_scheduler - INFO - ğŸ’¾ å¹³å‡æ•¸æ“šç²å–: 0.0ms
2025-11-11T16:28:00.697135077Z [inf]  2025-11-11 16:28:00,695 - src.core.unified_scheduler - WARNING - âš ï¸  è­¦å‘Š: å¹³å‡åˆ†ææ™‚é–“24.2msï¼Œå¯èƒ½åˆ†ææ·±åº¦ä¸è¶³
2025-11-11T16:28:00.697141973Z [inf]  2025-11-11 16:28:00,695 - src.core.unified_scheduler - INFO - ğŸ“Š æƒæçµ±è¨ˆ: ç¸½æ•¸=535 | æ•¸æ“šå¯ç”¨=535 | æ•¸æ“šç¼ºå¤±=0
2025-11-11T16:28:00.699362965Z [inf]  2025-11-11 16:28:00,696 - src.core.unified_scheduler - INFO - ğŸ“Š ä¿¡è™Ÿåˆ†æè¨ºæ–·ï¼ˆä¿¡å¿ƒå€¼Top 10ï¼‰
2025-11-11T16:28:00.699370962Z [inf]  2025-11-11 16:28:00,696 - src.core.unified_scheduler - INFO -  1. TRXUSDT      | ä¿¡å¿ƒ= 61.5 | å‹ç‡= 50.4% | âœ… ä¿¡è™Ÿ
2025-11-11T16:28:00.699376979Z [inf]  2025-11-11 16:28:00,696 - src.core.unified_scheduler - INFO -  2. ARIAUSDT     | ä¿¡å¿ƒ= 59.6 | å‹ç‡= 52.9% | âœ… ä¿¡è™Ÿ
2025-11-11T16:28:00.699382820Z [inf]  2025-11-11 16:28:00,696 - src.core.unified_scheduler - INFO -  3. DEGOUSDT     | ä¿¡å¿ƒ= 59.6 | å‹ç‡= 49.9% | âœ… ä¿¡è™Ÿ
2025-11-11T16:28:00.699393235Z [inf]  2025-11-11 16:28:00,696 - src.core.unified_scheduler - INFO -  4. WLDUSDT      | ä¿¡å¿ƒ= 59.4 | å‹ç‡= 59.8% | âœ… ä¿¡è™Ÿ
2025-11-11T16:28:00.699420452Z [inf]  2025-11-11 16:28:00,696 - src.core.unified_scheduler - INFO -  5. XMRUSDT      | ä¿¡å¿ƒ= 58.8 | å‹ç‡= 49.6% | âœ… ä¿¡è™Ÿ
2025-11-11T16:28:00.699426280Z [inf]  2025-11-11 16:28:00,696 - src.core.unified_scheduler - INFO -  6. ENJUSDT      | ä¿¡å¿ƒ= 58.2 | å‹ç‡= 59.5% | âœ… ä¿¡è™Ÿ
2025-11-11T16:28:00.699432851Z [inf]  2025-11-11 16:28:00,696 - src.core.unified_scheduler - INFO -  7. MITOUSDT     | ä¿¡å¿ƒ= 58.2 | å‹ç‡= 59.4% | âœ… ä¿¡è™Ÿ
2025-11-11T16:28:00.699439382Z [inf]  2025-11-11 16:28:00,696 - src.core.unified_scheduler - INFO -  8. DOLOUSDT     | ä¿¡å¿ƒ= 57.6 | å‹ç‡= 62.3% | âœ… ä¿¡è™Ÿ
2025-11-11T16:28:00.699446383Z [inf]  2025-11-11 16:28:00,696 - src.core.unified_scheduler - INFO -  9. XVGUSDT      | ä¿¡å¿ƒ= 57.1 | å‹ç‡= 59.1% | âœ… ä¿¡è™Ÿ
2025-11-11T16:28:00.699452350Z [inf]  2025-11-11 16:28:00,696 - src.core.unified_scheduler - INFO - 10. RUNEUSDT     | ä¿¡å¿ƒ= 57.0 | å‹ç‡= 62.1% | âœ… ä¿¡è™Ÿ
2025-11-11T16:28:00.699458129Z [inf]  2025-11-11 16:28:00,696 - src.core.unified_scheduler - INFO - âœ… ç™¼ç¾ 275 å€‹äº¤æ˜“ä¿¡è™Ÿ
2025-11-11T16:28:00.699463142Z [inf]  2025-11-11 16:28:00,696 - src.core.unified_scheduler - INFO - ğŸ“Š ä¿¡è™ŸåŸ·è¡Œ | å¯ç”¨ä¿è­‰é‡‘: $100.10 | å·²æœ‰å€‰ä½: 0 | æ–°ä¿¡è™Ÿæ•¸: 275
2025-11-11T16:28:00.805092355Z [inf]  2025-11-11 16:28:00,798 - src.clients.binance_client - INFO - ğŸ’° è³¬æˆ¶é¤˜é¡: ç¸½é¡ 100.10 USDT, å¯ç”¨ 100.10 USDT, ä¿è­‰é‡‘ 0.00 USDT, æœªå¯¦ç¾ç›ˆè™§ +0.00 USDT
2025-11-11T16:28:00.805126884Z [inf]  2025-11-11 16:28:00,798 - src.strategies.self_learning_trader - INFO - ğŸ’° å¸³æˆ¶ç‹€æ…‹ | ç¸½æ¬Šç›Š: $100.10 | å¯ç”¨ä¿è­‰é‡‘: $100.10 | å·²ä½”ç”¨ä¿è­‰é‡‘: $0.00
2025-11-11T16:28:00.815237812Z [inf]  2025-11-11 16:28:00,808 - src.core.capital_allocator - INFO - ğŸ¯ è³ªé‡é–€æª»: 25.00% | æ¨¡å¼: è±å…æœŸæ¨¡å¼ï¼ˆäº¤æ˜“æ•¸:0/50ï¼‰ | é€²åº¦: 0.0%
2025-11-11T16:28:00.815251267Z [inf]  2025-11-11 16:28:00,808 - src.strategies.self_learning_trader - INFO - ğŸ“Š è±å…æœŸæª¢æŸ¥ | å·²å®Œæˆäº¤æ˜“: 0 ç­† | è±å…æœŸé–€æª»: 50 ç­† | ç‹€æ…‹: ğŸ“ è±å…æœŸ
2025-11-11T16:28:00.815251801Z [inf]  2025-11-11 16:28:00,809 - src.core.capital_allocator - INFO - ğŸ’° è³ªé‡æ’åå®Œæˆï¼š275/275 ä¿¡è™Ÿé€šéè³ªé‡é–€æª» | æœ€é«˜åˆ†: 0.720 | æœ€ä½åˆ†: 0.489
2025-11-11T16:28:00.815259818Z [inf]  2025-11-11 16:28:00,809 - src.core.capital_allocator - INFO - ğŸ’° é ç®—æ± åˆå§‹åŒ– | ç¸½é ç®—: $90.09 (90% Ã— $100.10) | å–®å€‰ä¸Šé™: $50.05 (50% Ã— $100.10) | ä¿è­‰é‡‘ç‹€æ…‹: HEALTHY
2025-11-11T16:28:00.815265075Z [inf]  2025-11-11 16:28:00,808 - src.core.margin_safety_controller - INFO - âœ… ä¿è­‰é‡‘å®‰å…¨æ§åˆ¶å™¨å·²å•Ÿç”¨
2025-11-11T16:28:00.815267853Z [inf]  2025-11-11 16:28:00,811 - src.core.capital_allocator - INFO - ================================================================================
2025-11-11T16:28:00.815274811Z [inf]     è­¦å‘Šé–¾å€¼: 80%
2025-11-11T16:28:00.815276152Z [inf]  2025-11-11 16:28:00,812 - src.core.capital_allocator - INFO - âœ… è³‡é‡‘åˆ†é…å®Œæˆ
2025-11-11T16:28:00.815284359Z [inf]     ç·Šæ€¥é–¾å€¼: 90%
2025-11-11T16:28:00.815284666Z [inf]  2025-11-11 16:28:00,812 - src.core.capital_allocator - INFO -    ç²æ‰¹ä¿¡è™Ÿ: 275/275 (é€šéè³ªé‡é–€æª»)
2025-11-11T16:28:00.815292975Z [inf]  2025-11-11 16:28:00,812 - src.core.capital_allocator - INFO -    ç¸½åˆ†é…: $90.09 / $90.09 (100.0%)
2025-11-11T16:28:00.815294422Z [inf]     é–å®šé–¾å€¼: 95%
2025-11-11T16:28:00.815301049Z [inf]  2025-11-11 16:28:00,808 - src.core.capital_allocator - INFO - ğŸ”’ ä¿è­‰é‡‘å®‰å…¨æ§åˆ¶å™¨å·²å•Ÿç”¨ï¼ˆv3.23+ï¼‰
2025-11-11T16:28:00.815308544Z [inf]  2025-11-11 16:28:00,808 - src.core.capital_allocator - INFO - ğŸ’° CapitalAllocatoråˆå§‹åŒ– | å¸³æˆ¶æ¬Šç›Š: $100.10 | ç¸½é‡‘é¡: $100.10 | å·²ä½”ç”¨ä¿è­‰é‡‘: $0.00
2025-11-11T16:28:00.816137923Z [inf]  2025-11-11 16:28:00,812 - src.core.capital_allocator - INFO -    å‰©é¤˜é ç®—: $0.00
2025-11-11T16:28:00.816146456Z [inf]  2025-11-11 16:28:00,812 - src.core.capital_allocator - INFO -    é ç®—åˆ©ç”¨ç‡: 100.0%
2025-11-11T16:28:00.816155623Z [inf]  2025-11-11 16:28:00,812 - src.core.capital_allocator - INFO - ================================================================================
2025-11-11T16:28:00.816162102Z [inf]  2025-11-11 16:28:00,812 - src.strategies.self_learning_trader - WARNING - ğŸ’° ç²æ‰¹ä¿¡è™Ÿ (275) è¶…éæœ€å¤§é–‹å€‰æ•¸ (5)ï¼Œåƒ…åŸ·è¡Œå‰ 5 å€‹
2025-11-11T16:28:00.816168761Z [inf]  2025-11-11 16:28:00,812 - src.strategies.self_learning_trader - WARNING - ğŸ’° DOLOUSDT å€‰ä½éå° (0.78 < 5.0)ï¼Œèª¿æ•´è‡³æœ€å°å€¼
2025-11-11T16:28:00.816175152Z [inf]  2025-11-11 16:28:00,812 - src.strategies.self_learning_trader - INFO - ğŸ’° åŸ·è¡Œ #1/5 | DOLOUSDT | åˆ†é…: $0.41 | æ§“æ¡¿: 1.9x | å€‰ä½: 75.030012 | åç¾©åƒ¹å€¼: $5.00 | è³ªé‡åˆ†æ•¸: 0.720
2025-11-11T16:28:01.316388603Z [inf]  2025-11-11 16:28:00,889 - src.clients.binance_client - ERROR - Binance API éŒ¯èª¤ 401: code=-2015, msg=Invalid API-key, IP, or permissions for action, endpoint=/fapi/v1/leverage, params={'symbol': 'DOLOUSDT', 'leverage': 1, 'timestamp': 1762878480812}
2025-11-11T16:28:01.316394252Z [inf]  2025-11-11 16:28:00,889 - src.core.circuit_breaker - WARNING - ğŸ”„ ç†”æ–·å™¨ç´šåˆ¥è®ŠåŒ–: normal â†’ warning (å¤±æ•—æ¬¡æ•¸: 1)
2025-11-11T16:28:01.316398272Z [inf]  2025-11-11 16:28:00,889 - src.clients.binance_client - ERROR - API è«‹æ±‚å¤±æ•—: /fapi/v1/leverage - HTTP 401: Unauthorized
2025-11-11T16:28:01.316402119Z [inf]  2025-11-11 16:28:00,889 - src.strategies.self_learning_trader - WARNING - âš ï¸ è¨­ç½®æ§“æ¡¿å¤±æ•— (DOLOUSDT 1x): HTTP 401: Unauthorized
2025-11-11T16:28:01.316406241Z [inf]  2025-11-11 16:28:00,889 - src.core.circuit_breaker - WARNING - âš ï¸  ç†”æ–·å™¨è­¦å‘Šç´š: å¤±æ•—1æ¬¡ (æ“ä½œ: generic, å„ªå…ˆç´š: NORMAL)
2025-11-11T16:28:01.316412802Z [inf]  2025-11-11 16:28:00,965 - src.core.circuit_breaker - WARNING - ğŸ”„ ç†”æ–·å™¨ç´šåˆ¥è®ŠåŒ–: warning â†’ normal (å¤±æ•—æ¬¡æ•¸: 0)
2025-11-11T16:28:01.316418655Z [inf]  2025-11-11 16:28:00,966 - src.strategies.self_learning_trader - INFO - ğŸ“Š æ»‘é»ä¿è­·: DOLOUSDT SHORT | ç•¶å‰åƒ¹=0.066480, é™åƒ¹=0.066347â†’0.06634, æ•¸é‡=75.03â†’75.0, å®¹å¿åº¦=0.20%
2025-11-11T16:28:01.316423849Z [inf]  2025-11-11 16:28:00,966 - src.clients.binance_client - INFO - å‰µå»ºè¨‚å–®: DOLOUSDT SELL LIMIT 75.0
2025-11-11T16:28:01.316429097Z [inf]  2025-11-11 16:28:01,044 - src.clients.binance_client - ERROR - Binance API éŒ¯èª¤ 401: code=-2015, msg=Invalid API-key, IP, or permissions for action, endpoint=/fapi/v1/order, params={'symbol': 'DOLOUSDT', 'side': 'SELL', 'type': 'LIMIT', 'quantity': '75.0', 'positionSide': 'SHORT', 'price': '0.06634', 'timeInForce': 'GTC', 'timestamp': 1762878480966}
2025-11-11T16:28:01.316433193Z [inf]  2025-11-11 16:28:01,044 - src.core.circuit_breaker - WARNING - ğŸ”„ ç†”æ–·å™¨ç´šåˆ¥è®ŠåŒ–: normal â†’ warning (å¤±æ•—æ¬¡æ•¸: 1)
2025-11-11T16:28:01.318649935Z [inf]    File "/app/src/clients/binance_client.py", line 234, in _request
2025-11-11T16:28:01.318657195Z [inf]      result = await self.circuit_breaker.call_async(
2025-11-11T16:28:01.318663304Z [inf]               ^^^^^^^^^^^^^^^^^^^^^^^^^^^^^^^^^^^^^^
2025-11-11T16:28:01.318665691Z [inf]      raise ClientResponseError(
2025-11-11T16:28:01.318673466Z [inf]    File "/app/src/core/circuit_breaker.py", line 339, in call_async
2025-11-11T16:28:01.318676284Z [inf]  aiohttp.client_exceptions.ClientResponseError: 401, message='Unauthorized', url=URL('https://fapi.binance.com/fapi/v1/order?positionSide=SHORT&price=0.06634&quantity=75.0&side=SELL&symbol=DOLOUSDT&timeInForce=GTC&timestamp=1762878480966&type=LIMIT&signature=b2f345682ea5014b1152f20e60cbfc99ff0c33d67545dd6c360a150596cd114f')
2025-11-11T16:28:01.318680614Z [inf]      raise e
2025-11-11T16:28:01.318686633Z [inf]  
2025-11-11T16:28:01.318688805Z [inf]    File "/app/src/core/circuit_breaker.py", line 334, in call_async
2025-11-11T16:28:01.318688971Z [inf]  2025-11-11 16:28:01,044 - src.clients.binance_client - ERROR - API è«‹æ±‚å¤±æ•—: /fapi/v1/order - HTTP 401: Unauthorized
2025-11-11T16:28:01.318695226Z [inf]  During handling of the above exception, another exception occurred:
2025-11-11T16:28:01.318697386Z [inf]      result = await func(*args, **kwargs)
2025-11-11T16:28:01.318698831Z [inf]  2025-11-11 16:28:01,044 - src.strategies.self_learning_trader - ERROR - âŒ ä¸‹å–®å¤±æ•— DOLOUSDT: HTTP 401: Unauthorized
2025-11-11T16:28:01.318705602Z [inf]  Traceback (most recent call last):
2025-11-11T16:28:01.318706011Z [inf]               ^^^^^^^^^^^^^^^^^^^^^^^^^^^
2025-11-11T16:28:01.318711088Z [inf]    File "/app/src/clients/binance_client.py", line 189, in _do_request
2025-11-11T16:28:01.318716705Z [inf]      response.raise_for_status()
2025-11-11T16:28:01.318721557Z [inf]    File "/opt/venv/lib/python3.11/site-packages/aiohttp/client_reqrep.py", line 1059, in raise_for_status
2025-11-11T16:28:01.320943609Z [inf]  
2025-11-11T16:28:01.320948103Z [inf]  Traceback (most recent call last):
2025-11-11T16:28:01.320953096Z [inf]    File "/app/src/strategies/self_learning_trader.py", line 814, in _place_order_and_monitor
2025-11-11T16:28:01.320958448Z [inf]      order_result = await self.binance_client.place_order(
2025-11-11T16:28:01.320962000Z [inf]  2025-11-11 16:28:01,045 - src.strategies.self_learning_trader - INFO - ğŸ’° åŸ·è¡Œ #2/5 | WLDUSDT | åˆ†é…: $0.40 | æ§“æ¡¿: 2.0x | å€‰ä½: 6.216586 | åç¾©åƒ¹å€¼: $5.00 | è³ªé‡åˆ†æ•¸: 0.717
2025-11-11T16:28:01.320965473Z [inf]                     ^^^^^^^^^^^^^^^^^^^^^^^^^^^^^^^^^^^^^^
2025-11-11T16:28:01.320970852Z [inf]  2025-11-11 16:28:01,045 - src.core.circuit_breaker - WARNING - âš ï¸  ç†”æ–·å™¨è­¦å‘Šç´š: å¤±æ•—1æ¬¡ (æ“ä½œ: generic, å„ªå…ˆç´š: NORMAL)
2025-11-11T16:28:01.320977963Z [inf]    File "/app/src/clients/binance_client.py", line 776, in place_order
2025-11-11T16:28:01.320978489Z [inf]  2025-11-11 16:28:01,123 - src.clients.binance_client - ERROR - Binance API éŒ¯èª¤ 401: code=-2015, msg=Invalid API-key, IP, or permissions for action, endpoint=/fapi/v1/leverage, params={'symbol': 'WLDUSDT', 'leverage': 1, 'timestamp': 1762878481045}
2025-11-11T16:28:01.320983211Z [inf]      return await self.create_order(
2025-11-11T16:28:01.320987343Z [inf]             ^^^^^^^^^^^^^^^^^^^^^^^^
2025-11-11T16:28:01.320992595Z [inf]      raise BinanceRequestError(
2025-11-11T16:28:01.320993130Z [inf]    File "/app/src/clients/binance_client.py", line 681, in create_order
2025-11-11T16:28:01.320998419Z [inf]      return await self._request(
2025-11-11T16:28:01.321000671Z [inf]  src.clients.binance_errors.BinanceRequestError: HTTP 401: Unauthorized
2025-11-11T16:28:01.321004204Z [inf]             ^^^^^^^^^^^^^^^^^^^^
2025-11-11T16:28:01.321009279Z [inf]  2025-11-11 16:28:01,045 - src.strategies.self_learning_trader - WARNING - âŒ DOLOUSDT é–‹å€‰å¤±æ•—
2025-11-11T16:28:01.321010965Z [inf]    File "/app/src/clients/binance_client.py", line 244, in _request
2025-11-11T16:28:01.321023877Z [inf]  2025-11-11 16:28:01,045 - src.strategies.self_learning_trader - WARNING - ğŸ’° WLDUSDT å€‰ä½éå° (0.80 < 5.0)ï¼Œèª¿æ•´è‡³æœ€å°å€¼
2025-11-11T16:28:01.325960291Z [inf]  2025-11-11 16:28:01,124 - src.clients.binance_client - ERROR - API è«‹æ±‚å¤±æ•—: /fapi/v1/leverage - HTTP 401: Unauthorized
2025-11-11T16:28:01.325967164Z [inf]  2025-11-11 16:28:01,124 - src.strategies.self_learning_trader - WARNING - âš ï¸ è¨­ç½®æ§“æ¡¿å¤±æ•— (WLDUSDT 1x): HTTP 401: Unauthorized
2025-11-11T16:28:01.325973535Z [inf]  2025-11-11 16:28:01,124 - src.core.circuit_breaker - WARNING - âš ï¸  ç†”æ–·å™¨è­¦å‘Šç´š: å¤±æ•—2æ¬¡ (æ“ä½œ: generic, å„ªå…ˆç´š: NORMAL)
2025-11-11T16:28:01.325980011Z [inf]  2025-11-11 16:28:01,202 - src.strategies.self_learning_trader - INFO - ğŸ“Š æ»‘é»ä¿è­·: WLDUSDT SHORT | ç•¶å‰åƒ¹=0.800700, é™åƒ¹=0.799099â†’0.799, æ•¸é‡=6.22â†’6.0, å®¹å¿åº¦=0.20%
2025-11-11T16:28:01.325988246Z [inf]  2025-11-11 16:28:01,203 - src.clients.binance_client - INFO - å‰µå»ºè¨‚å–®: WLDUSDT SELL LIMIT 6.0
2025-11-11T16:28:01.325994588Z [inf]  2025-11-11 16:28:01,203 - src.core.circuit_breaker - WARNING - âš ï¸  ç†”æ–·å™¨è­¦å‘Šç´š: å¤±æ•—1æ¬¡ (æ“ä½œ: generic, å„ªå…ˆç´š: NORMAL)
2025-11-11T16:28:01.326002212Z [inf]  2025-11-11 16:28:01,282 - src.clients.binance_client - ERROR - Binance API éŒ¯èª¤ 401: code=-2015, msg=Invalid API-key, IP, or permissions for action, endpoint=/fapi/v1/order, params={'symbol': 'WLDUSDT', 'side': 'SELL', 'type': 'LIMIT', 'quantity': '6.0', 'positionSide': 'SHORT', 'price': '0.799', 'timeInForce': 'GTC', 'timestamp': 1762878481203}
2025-11-11T16:28:01.326008546Z [inf]  2025-11-11 16:28:01,282 - src.clients.binance_client - ERROR - API è«‹æ±‚å¤±æ•—: /fapi/v1/order - HTTP 401: Unauthorized
2025-11-11T16:28:01.326014742Z [inf]  2025-11-11 16:28:01,282 - src.strategies.self_learning_trader - ERROR - âŒ ä¸‹å–®å¤±æ•— WLDUSDT: HTTP 401: Unauthorized
2025-11-11T16:28:01.326020618Z [inf]  Traceback (most recent call last):
2025-11-11T16:28:01.326026485Z [inf]    File "/app/src/clients/binance_client.py", line 234, in _request
2025-11-11T16:28:01.326033689Z [inf]      result = await self.circuit_breaker.call_async(
2025-11-11T16:28:01.334207004Z [inf]  
2025-11-11T16:28:01.334219385Z [inf]  During handling of the above exception, another exception occurred:
2025-11-11T16:28:01.334229852Z [inf]               ^^^^^^^^^^^^^^^^^^^^^^^^^^^^^^^^^^^^^^
2025-11-11T16:28:01.334230591Z [inf]  
2025-11-11T16:28:01.334236411Z [inf]    File "/app/src/core/circuit_breaker.py", line 339, in call_async
2025-11-11T16:28:01.334239458Z [inf]  Traceback (most recent call last):
2025-11-11T16:28:01.334243151Z [inf]      raise e
2025-11-11T16:28:01.334247719Z [inf]    File "/app/src/strategies/self_learning_trader.py", line 814, in _place_order_and_monitor
2025-11-11T16:28:01.334249588Z [inf]    File "/app/src/core/circuit_breaker.py", line 334, in call_async
2025-11-11T16:28:01.334255458Z [inf]      result = await func(*args, **kwargs)
2025-11-11T16:28:01.334257758Z [inf]      order_result = await self.binance_client.place_order(
2025-11-11T16:28:01.334262535Z [inf]                     ^^^^^^^^^^^^^^^^^^^^^^^^^^^^^^^^^^^^^^
2025-11-11T16:28:01.334265074Z [inf]               ^^^^^^^^^^^^^^^^^^^^^^^^^^^
2025-11-11T16:28:01.334268178Z [inf]    File "/app/src/clients/binance_client.py", line 776, in place_order
2025-11-11T16:28:01.334270746Z [inf]    File "/app/src/clients/binance_client.py", line 189, in _do_request
2025-11-11T16:28:01.334275598Z [inf]      response.raise_for_status()
2025-11-11T16:28:01.334280613Z [inf]    File "/opt/venv/lib/python3.11/site-packages/aiohttp/client_reqrep.py", line 1059, in raise_for_status
2025-11-11T16:28:01.334284773Z [inf]      raise ClientResponseError(
2025-11-11T16:28:01.334288864Z [inf]  aiohttp.client_exceptions.ClientResponseError: 401, message='Unauthorized', url=URL('https://fapi.binance.com/fapi/v1/order?positionSide=SHORT&price=0.799&quantity=6.0&side=SELL&symbol=WLDUSDT&timeInForce=GTC&timestamp=1762878481203&type=LIMIT&signature=de9e72f11c19dbb5a2ae28425e28aaeca607b932c4f56e76cec36e45fce200a3')
2025-11-11T16:28:01.337072994Z [inf]      return await self.create_order(
2025-11-11T16:28:01.337082105Z [inf]             ^^^^^^^^^^^^^^^^^^^^^^^^
2025-11-11T16:28:01.337088303Z [inf]    File "/app/src/clients/binance_client.py", line 681, in create_order
2025-11-11T16:28:01.337093333Z [inf]      return await self._request(
2025-11-11T16:28:01.337100649Z [inf]             ^^^^^^^^^^^^^^^^^^^^
2025-11-11T16:28:01.337107669Z [inf]    File "/app/src/clients/binance_client.py", line 244, in _request
2025-11-11T16:28:01.337112322Z [inf]      raise BinanceRequestError(
2025-11-11T16:28:01.337116931Z [inf]  src.clients.binance_errors.BinanceRequestError: HTTP 401: Unauthorized
2025-11-11T16:28:01.337121902Z [inf]  2025-11-11 16:28:01,282 - src.strategies.self_learning_trader - WARNING - âŒ WLDUSDT é–‹å€‰å¤±æ•—
2025-11-11T16:28:01.337126511Z [inf]  2025-11-11 16:28:01,283 - src.strategies.self_learning_trader - WARNING - ğŸ’° RUNEUSDT å€‰ä½éå° (0.77 < 5.0)ï¼Œèª¿æ•´è‡³æœ€å°å€¼
2025-11-11T16:28:01.337130941Z [inf]  2025-11-11 16:28:01,283 - src.strategies.self_learning_trader - INFO - ğŸ’° åŸ·è¡Œ #3/5 | RUNEUSDT | åˆ†é…: $0.40 | æ§“æ¡¿: 1.9x | å€‰ä½: 6.305170 | åç¾©åƒ¹å€¼: $5.00 | è³ªé‡åˆ†æ•¸: 0.716
2025-11-11T16:28:01.337136851Z [inf]  2025-11-11 16:28:01,283 - src.core.circuit_breaker - WARNING - âš ï¸  ç†”æ–·å™¨è­¦å‘Šç´š: å¤±æ•—2æ¬¡ (æ“ä½œ: generic, å„ªå…ˆç´š: NORMAL)
2025-11-11T16:28:01.368520201Z [inf]  2025-11-11 16:28:01,364 - src.clients.binance_client - ERROR - Binance API éŒ¯èª¤ 401: code=-2015, msg=Invalid API-key, IP, or permissions for action, endpoint=/fapi/v1/leverage, params={'symbol': 'RUNEUSDT', 'leverage': 1, 'timestamp': 1762878481283}
2025-11-11T16:28:01.368591576Z [inf]  2025-11-11 16:28:01,364 - src.clients.binance_client - ERROR - API è«‹æ±‚å¤±æ•—: /fapi/v1/leverage - HTTP 401: Unauthorized
2025-11-11T16:28:01.368597518Z [inf]  2025-11-11 16:28:01,364 - src.strategies.self_learning_trader - WARNING - âš ï¸ è¨­ç½®æ§“æ¡¿å¤±æ•— (RUNEUSDT 1x): HTTP 401: Unauthorized
2025-11-11T16:28:01.368607011Z [inf]  2025-11-11 16:28:01,364 - src.core.circuit_breaker - WARNING - âš ï¸  ç†”æ–·å™¨è­¦å‘Šç´š: å¤±æ•—3æ¬¡ (æ“ä½œ: generic, å„ªå…ˆç´š: NORMAL)
2025-11-11T16:28:01.445642428Z [inf]  2025-11-11 16:28:01,442 - src.strategies.self_learning_trader - INFO - ğŸ“Š æ»‘é»ä¿è­·: RUNEUSDT SHORT | ç•¶å‰åƒ¹=0.790200, é™åƒ¹=0.788620â†’0.7886, æ•¸é‡=6.31â†’6.0, å®¹å¿åº¦=0.20%
2025-11-11T16:28:01.445650562Z [inf]  2025-11-11 16:28:01,442 - src.clients.binance_client - INFO - å‰µå»ºè¨‚å–®: RUNEUSDT SELL LIMIT 6.0
2025-11-11T16:28:01.445656690Z [inf]  2025-11-11 16:28:01,442 - src.core.circuit_breaker - WARNING - âš ï¸  ç†”æ–·å™¨è­¦å‘Šç´š: å¤±æ•—2æ¬¡ (æ“ä½œ: generic, å„ªå…ˆç´š: NORMAL)
2025-11-11T16:28:01.537063216Z [inf]  2025-11-11 16:28:01,520 - src.clients.binance_client - ERROR - Binance API éŒ¯èª¤ 401: code=-2015, msg=Invalid API-key, IP, or permissions for action, endpoint=/fapi/v1/order, params={'symbol': 'RUNEUSDT', 'side': 'SELL', 'type': 'LIMIT', 'quantity': '6.0', 'positionSide': 'SHORT', 'price': '0.7886', 'timeInForce': 'GTC', 'timestamp': 1762878481442}
2025-11-11T16:28:01.537072079Z [inf]  2025-11-11 16:28:01,520 - src.clients.binance_client - ERROR - API è«‹æ±‚å¤±æ•—: /fapi/v1/order - HTTP 401: Unauthorized
2025-11-11T16:28:01.537076896Z [inf]  2025-11-11 16:28:01,520 - src.strategies.self_learning_trader - ERROR - âŒ ä¸‹å–®å¤±æ•— RUNEUSDT: HTTP 401: Unauthorized
2025-11-11T16:28:01.537081688Z [inf]  Traceback (most recent call last):
2025-11-11T16:28:01.537089120Z [inf]    File "/app/src/clients/binance_client.py", line 234, in _request
2025-11-11T16:28:01.537093899Z [inf]      result = await self.circuit_breaker.call_async(
2025-11-11T16:28:01.537099401Z [inf]               ^^^^^^^^^^^^^^^^^^^^^^^^^^^^^^^^^^^^^^
2025-11-11T16:28:01.537103538Z [inf]    File "/app/src/core/circuit_breaker.py", line 339, in call_async
2025-11-11T16:28:01.537107078Z [inf]      raise e
2025-11-11T16:28:01.537110733Z [inf]    File "/app/src/core/circuit_breaker.py", line 334, in call_async
2025-11-11T16:28:01.537115395Z [inf]      result = await func(*args, **kwargs)
2025-11-11T16:28:01.537120089Z [inf]               ^^^^^^^^^^^^^^^^^^^^^^^^^^^
2025-11-11T16:28:01.537124384Z [inf]    File "/app/src/clients/binance_client.py", line 189, in _do_request
2025-11-11T16:28:01.537128228Z [inf]      response.raise_for_status()
2025-11-11T16:28:01.537133236Z [inf]    File "/opt/venv/lib/python3.11/site-packages/aiohttp/client_reqrep.py", line 1059, in raise_for_status
2025-11-11T16:28:01.537137835Z [inf]      raise ClientResponseError(
2025-11-11T16:28:01.537141682Z [inf]  aiohttp.client_exceptions.ClientResponseError: 401, message='Unauthorized', url=URL('https://fapi.binance.com/fapi/v1/order?positionSide=SHORT&price=0.7886&quantity=6.0&side=SELL&symbol=RUNEUSDT&timeInForce=GTC&timestamp=1762878481442&type=LIMIT&signature=c1d15bfe2973b2472fa5893253a5f40293d94b1ed63a6fbb42ac434590f5cac9')
2025-11-11T16:28:01.539514917Z [inf]  
2025-11-11T16:28:01.539527185Z [inf]  During handling of the above exception, another exception occurred:
2025-11-11T16:28:01.539536053Z [inf]  
2025-11-11T16:28:01.539543243Z [inf]  Traceback (most recent call last):
2025-11-11T16:28:01.539551458Z [inf]    File "/app/src/strategies/self_learning_trader.py", line 814, in _place_order_and_monitor
2025-11-11T16:28:01.539559312Z [inf]      order_result = await self.binance_client.place_order(
2025-11-11T16:28:01.539566531Z [inf]                     ^^^^^^^^^^^^^^^^^^^^^^^^^^^^^^^^^^^^^^
2025-11-11T16:28:01.539573664Z [inf]    File "/app/src/clients/binance_client.py", line 776, in place_order
2025-11-11T16:28:01.539579921Z [inf]      return await self.create_order(
2025-11-11T16:28:01.539585277Z [inf]             ^^^^^^^^^^^^^^^^^^^^^^^^
2025-11-11T16:28:01.539593128Z [inf]    File "/app/src/clients/binance_client.py", line 681, in create_order
2025-11-11T16:28:01.539599250Z [inf]      return await self._request(
2025-11-11T16:28:01.539604415Z [inf]             ^^^^^^^^^^^^^^^^^^^^
2025-11-11T16:28:01.539609555Z [inf]    File "/app/src/clients/binance_client.py", line 244, in _request
2025-11-11T16:28:01.539614775Z [inf]      raise BinanceRequestError(
2025-11-11T16:28:01.539619029Z [inf]  src.clients.binance_errors.BinanceRequestError: HTTP 401: Unauthorized
2025-11-11T16:28:01.539624163Z [inf]  2025-11-11 16:28:01,520 - src.strategies.self_learning_trader - WARNING - âŒ RUNEUSDT é–‹å€‰å¤±æ•—
2025-11-11T16:28:01.539630376Z [inf]  2025-11-11 16:28:01,521 - src.strategies.self_learning_trader - WARNING - ğŸ’° SYNUSDT å€‰ä½éå° (0.77 < 5.0)ï¼Œèª¿æ•´è‡³æœ€å°å€¼
2025-11-11T16:28:01.539635807Z [inf]  2025-11-11 16:28:01,521 - src.strategies.self_learning_trader - INFO - ğŸ’° åŸ·è¡Œ #4/5 | SYNUSDT | åˆ†é…: $0.40 | æ§“æ¡¿: 1.9x | å€‰ä½: 69.185001 | åç¾©åƒ¹å€¼: $5.00 | è³ªé‡åˆ†æ•¸: 0.716
2025-11-11T16:28:01.539642728Z [inf]  2025-11-11 16:28:01,521 - src.core.circuit_breaker - WARNING - âš ï¸  ç†”æ–·å™¨è­¦å‘Šç´š: å¤±æ•—3æ¬¡ (æ“ä½œ: generic, å„ªå…ˆç´š: NORMAL)
2025-11-11T16:28:01.629621951Z [inf]  2025-11-11 16:28:01,595 - src.clients.binance_client - ERROR - Binance API éŒ¯èª¤ 401: code=-2015, msg=Invalid API-key, IP, or permissions for action, endpoint=/fapi/v1/leverage, params={'symbol': 'SYNUSDT', 'leverage': 1, 'timestamp': 1762878481521}
2025-11-11T16:28:01.629629418Z [inf]  2025-11-11 16:28:01,595 - src.core.circuit_breaker - WARNING - ğŸ”„ ç†”æ–·å™¨ç´šåˆ¥è®ŠåŒ–: warning â†’ throttled (å¤±æ•—æ¬¡æ•¸: 4)
2025-11-11T16:28:01.629636076Z [inf]  2025-11-11 16:28:01,595 - src.clients.binance_client - ERROR - API è«‹æ±‚å¤±æ•—: /fapi/v1/leverage - HTTP 401: Unauthorized
2025-11-11T16:28:01.629642287Z [inf]  2025-11-11 16:28:01,595 - src.strategies.self_learning_trader - WARNING - âš ï¸ è¨­ç½®æ§“æ¡¿å¤±æ•— (SYNUSDT 1x): HTTP 401: Unauthorized
2025-11-11T16:28:01.629647682Z [inf]  2025-11-11 16:28:01,595 - src.core.circuit_breaker - WARNING - ğŸ”¸ ç†”æ–·å™¨é™æµ: å¢åŠ 2.0ç§’å»¶é² (å¤±æ•—4æ¬¡, æ“ä½œ: generic)
2025-11-11T16:28:03.732279560Z [inf]  2025-11-11 16:28:03,676 - src.core.circuit_breaker - WARNING - ğŸ”„ ç†”æ–·å™¨ç´šåˆ¥è®ŠåŒ–: throttled â†’ warning (å¤±æ•—æ¬¡æ•¸: 3)
2025-11-11T16:28:03.732290468Z [inf]  2025-11-11 16:28:03,677 - src.strategies.self_learning_trader - INFO - ğŸ“Š æ»‘é»ä¿è­·: SYNUSDT SHORT | ç•¶å‰åƒ¹=0.072020, é™åƒ¹=0.071876â†’0.07187, æ•¸é‡=69.19â†’69.0, å®¹å¿åº¦=0.20%
2025-11-11T16:28:03.732298128Z [inf]  2025-11-11 16:28:03,677 - src.clients.binance_client - INFO - å‰µå»ºè¨‚å–®: SYNUSDT SELL LIMIT 69.0
2025-11-11T16:28:03.732305615Z [inf]  2025-11-11 16:28:03,677 - src.core.circuit_breaker - WARNING - âš ï¸  ç†”æ–·å™¨è­¦å‘Šç´š: å¤±æ•—3æ¬¡ (æ“ä½œ: generic, å„ªå…ˆç´š: NORMAL)
2025-11-11T16:28:03.762008717Z [inf]  2025-11-11 16:28:03,754 - src.clients.binance_client - ERROR - Binance API éŒ¯èª¤ 401: code=-2015, msg=Invalid API-key, IP, or permissions for action, endpoint=/fapi/v1/order, params={'symbol': 'SYNUSDT', 'side': 'SELL', 'type': 'LIMIT', 'quantity': '69.0', 'positionSide': 'SHORT', 'price': '0.07187', 'timeInForce': 'GTC', 'timestamp': 1762878483677}
2025-11-11T16:28:03.762018454Z [inf]  2025-11-11 16:28:03,754 - src.core.circuit_breaker - WARNING - ğŸ”„ ç†”æ–·å™¨ç´šåˆ¥è®ŠåŒ–: warning â†’ throttled (å¤±æ•—æ¬¡æ•¸: 4)
2025-11-11T16:28:03.762026996Z [inf]  2025-11-11 16:28:03,754 - src.clients.binance_client - ERROR - API è«‹æ±‚å¤±æ•—: /fapi/v1/order - HTTP 401: Unauthorized
2025-11-11T16:28:03.762034132Z [inf]  2025-11-11 16:28:03,754 - src.strategies.self_learning_trader - ERROR - âŒ ä¸‹å–®å¤±æ•— SYNUSDT: HTTP 401: Unauthorized
2025-11-11T16:28:03.762040470Z [inf]  Traceback (most recent call last):
2025-11-11T16:28:03.762047235Z [inf]    File "/app/src/clients/binance_client.py", line 234, in _request
2025-11-11T16:28:03.762053768Z [inf]      result = await self.circuit_breaker.call_async(
2025-11-11T16:28:03.762063300Z [inf]               ^^^^^^^^^^^^^^^^^^^^^^^^^^^^^^^^^^^^^^
2025-11-11T16:28:03.762070218Z [inf]    File "/app/src/core/circuit_breaker.py", line 339, in call_async
2025-11-11T16:28:03.762078423Z [inf]      raise e
2025-11-11T16:28:03.762085103Z [inf]    File "/app/src/core/circuit_breaker.py", line 334, in call_async
2025-11-11T16:28:03.762092094Z [inf]      result = await func(*args, **kwargs)
2025-11-11T16:28:03.762098719Z [inf]               ^^^^^^^^^^^^^^^^^^^^^^^^^^^
2025-11-11T16:28:03.762112909Z [inf]    File "/app/src/clients/binance_client.py", line 189, in _do_request
2025-11-11T16:28:03.762119456Z [inf]      response.raise_for_status()
2025-11-11T16:28:03.762126433Z [inf]    File "/opt/venv/lib/python3.11/site-packages/aiohttp/client_reqrep.py", line 1059, in raise_for_status
2025-11-11T16:28:03.764488259Z [inf]      raise ClientResponseError(
2025-11-11T16:28:03.764497154Z [inf]    File "/app/src/clients/binance_client.py", line 244, in _request
2025-11-11T16:28:03.764499050Z [inf]  aiohttp.client_exceptions.ClientResponseError: 401, message='Unauthorized', url=URL('https://fapi.binance.com/fapi/v1/order?positionSide=SHORT&price=0.07187&quantity=69.0&side=SELL&symbol=SYNUSDT&timeInForce=GTC&timestamp=1762878483677&type=LIMIT&signature=61cc2c9aca5e1a5c9bd52b0e186db05ceae444bb2d49a04dbcb8014d429e3418')
2025-11-11T16:28:03.764508102Z [inf]  
2025-11-11T16:28:03.764514518Z [inf]      raise BinanceRequestError(
2025-11-11T16:28:03.764516292Z [inf]  During handling of the above exception, another exception occurred:
2025-11-11T16:28:03.764526320Z [inf]  src.clients.binance_errors.BinanceRequestError: HTTP 401: Unauthorized
2025-11-11T16:28:03.764530070Z [inf]  
2025-11-11T16:28:03.764537177Z [inf]  2025-11-11 16:28:03,755 - src.strategies.self_learning_trader - WARNING - âŒ SYNUSDT é–‹å€‰å¤±æ•—
2025-11-11T16:28:03.764540653Z [inf]  Traceback (most recent call last):
2025-11-11T16:28:03.764545600Z [inf]    File "/app/src/strategies/self_learning_trader.py", line 814, in _place_order_and_monitor
2025-11-11T16:28:03.764550874Z [inf]      order_result = await self.binance_client.place_order(
2025-11-11T16:28:03.764556155Z [inf]                     ^^^^^^^^^^^^^^^^^^^^^^^^^^^^^^^^^^^^^^
2025-11-11T16:28:03.764562145Z [inf]    File "/app/src/clients/binance_client.py", line 776, in place_order
2025-11-11T16:28:03.764567048Z [inf]      return await self.create_order(
2025-11-11T16:28:03.764571693Z [inf]             ^^^^^^^^^^^^^^^^^^^^^^^^
2025-11-11T16:28:03.764576899Z [inf]    File "/app/src/clients/binance_client.py", line 681, in create_order
2025-11-11T16:28:03.764583158Z [inf]      return await self._request(
2025-11-11T16:28:03.764588349Z [inf]             ^^^^^^^^^^^^^^^^^^^^
2025-11-11T16:28:03.765568069Z [inf]  2025-11-11 16:28:03,755 - src.strategies.self_learning_trader - WARNING - ğŸ’° ENJUSDT å€‰ä½éå° (0.77 < 5.0)ï¼Œèª¿æ•´è‡³æœ€å°å€¼
2025-11-11T16:28:03.765573174Z [inf]  2025-11-11 16:28:03,755 - src.strategies.self_learning_trader - INFO - ğŸ’° åŸ·è¡Œ #5/5 | ENJUSDT | åˆ†é…: $0.40 | æ§“æ¡¿: 1.9x | å€‰ä½: 113.378685 | åç¾©åƒ¹å€¼: $5.00 | è³ªé‡åˆ†æ•¸: 0.709
2025-11-11T16:28:03.765578031Z [inf]  2025-11-11 16:28:03,755 - src.core.circuit_breaker - WARNING - ğŸ”¸ ç†”æ–·å™¨é™æµ: å¢åŠ 2.0ç§’å»¶é² (å¤±æ•—4æ¬¡, æ“ä½œ: generic)
2025-11-11T16:28:05.850434728Z [inf]      raise Exception(reason)
2025-11-11T16:28:05.850441111Z [inf]  Traceback (most recent call last):
2025-11-11T16:28:05.850444488Z [inf]  Exception: ç†”æ–·å™¨é˜»æ–·(å¤±æ•—5æ¬¡)ï¼Œè«‹60ç§’å¾Œé‡è©¦
2025-11-11T16:28:05.850452478Z [inf]    File "/app/src/clients/binance_client.py", line 234, in _request
2025-11-11T16:28:05.850459146Z [inf]      result = await self.circuit_breaker.call_async(
2025-11-11T16:28:05.850466563Z [inf]               ^^^^^^^^^^^^^^^^^^^^^^^^^^^^^^^^^^^^^^
2025-11-11T16:28:05.850474460Z [inf]    File "/app/src/core/circuit_breaker.py", line 327, in call_async
2025-11-11T16:28:05.850496218Z [inf]  2025-11-11 16:28:05,834 - src.clients.binance_client - ERROR - Binance API éŒ¯èª¤ 401: code=-2015, msg=Invalid API-key, IP, or permissions for action, endpoint=/fapi/v1/leverage, params={'symbol': 'ENJUSDT', 'leverage': 1, 'timestamp': 1762878485756}
2025-11-11T16:28:05.850507501Z [inf]  2025-11-11 16:28:05,834 - src.core.circuit_breaker - WARNING - ğŸ”„ ç†”æ–·å™¨ç´šåˆ¥è®ŠåŒ–: throttled â†’ blocked (å¤±æ•—æ¬¡æ•¸: 5)
2025-11-11T16:28:05.850523016Z [inf]  2025-11-11 16:28:05,834 - src.clients.binance_client - ERROR - API è«‹æ±‚å¤±æ•—: /fapi/v1/leverage - HTTP 401: Unauthorized
2025-11-11T16:28:05.850539903Z [inf]  2025-11-11 16:28:05,835 - src.strategies.self_learning_trader - WARNING - âš ï¸ è¨­ç½®æ§“æ¡¿å¤±æ•— (ENJUSDT 1x): HTTP 401: Unauthorized
2025-11-11T16:28:05.850550568Z [inf]  2025-11-11 16:28:05,835 - src.core.circuit_breaker - ERROR - ğŸ”´ ç†”æ–·å™¨é˜»æ–·(å¤±æ•—5æ¬¡)ï¼Œè«‹60ç§’å¾Œé‡è©¦ | æ“ä½œ: generic | å„ªå…ˆç´š: NORMAL
2025-11-11T16:28:05.850572442Z [inf]  2025-11-11 16:28:05,835 - src.clients.binance_client - ERROR - API è«‹æ±‚å¤±æ•—: /fapi/v1/ticker/price - ç†”æ–·å™¨é˜»æ–·(å¤±æ•—5æ¬¡)ï¼Œè«‹60ç§’å¾Œé‡è©¦
2025-11-11T16:28:05.850583868Z [inf]  2025-11-11 16:28:05,835 - src.strategies.self_learning_trader - ERROR - âŒ ä¸‹å–®å¤±æ•— ENJUSDT: ç†”æ–·å™¨é˜»æ–·(å¤±æ•—5æ¬¡)ï¼Œè«‹60ç§’å¾Œé‡è©¦
2025-11-11T16:28:06.470588918Z [inf]    File "/app/src/clients/binance_client.py", line 256, in _request
2025-11-11T16:28:06.470604664Z [inf]      raise BinanceRequestError(
2025-11-11T16:28:06.470612842Z [inf]  src.clients.binance_errors.BinanceRequestError: ç†”æ–·å™¨é˜»æ–·(å¤±æ•—5æ¬¡)ï¼Œè«‹60ç§’å¾Œé‡è©¦
2025-11-11T16:28:06.470639530Z [inf]  2025-11-11 16:28:05,835 - src.strategies.self_learning_trader - WARNING - âŒ ENJUSDT é–‹å€‰å¤±æ•—
2025-11-11T16:28:06.470647513Z [inf]  2025-11-11 16:28:05,836 - src.strategies.self_learning_trader - INFO - ================================================================================
2025-11-11T16:28:06.470656147Z [inf]  2025-11-11 16:28:05,836 - src.strategies.self_learning_trader - INFO - âœ… å¤šä¿¡è™ŸåŸ·è¡Œå®Œæˆ
2025-11-11T16:28:06.470665172Z [inf]  2025-11-11 16:28:05,836 - src.strategies.self_learning_trader - INFO -    æˆåŠŸé–‹å€‰: 0/5
2025-11-11T16:28:06.470673583Z [inf]  2025-11-11 16:28:05,836 - src.strategies.self_learning_trader - INFO -    è™›æ“¬å€‰ä½: 275
2025-11-11T16:28:06.470745202Z [inf]  
2025-11-11T16:28:06.470752242Z [inf]  During handling of the above exception, another exception occurred:
2025-11-11T16:28:06.470760203Z [inf]  
2025-11-11T16:28:06.470765967Z [inf]  Traceback (most recent call last):
2025-11-11T16:28:06.470771985Z [inf]    File "/app/src/strategies/self_learning_trader.py", line 794, in _place_order_and_monitor
2025-11-11T16:28:06.470780625Z [inf]      current_price = await self.binance_client.get_ticker_price(signal['symbol'])
2025-11-11T16:28:06.470788531Z [inf]                      ^^^^^^^^^^^^^^^^^^^^^^^^^^^^^^^^^^^^^^^^^^^^^^^^^^^^^^^^^^^^
2025-11-11T16:28:06.470794584Z [inf]    File "/app/src/clients/binance_client.py", line 492, in get_ticker_price
2025-11-11T16:28:06.470800773Z [inf]      result = await self._request("GET", "/fapi/v1/ticker/price", params=params)
2025-11-11T16:28:06.470806792Z [inf]               ^^^^^^^^^^^^^^^^^^^^^^^^^^^^^^^^^^^^^^^^^^^^^^^^^^^^^^^^^^^^^^^^^^
2025-11-11T16:28:06.477067527Z [inf]  2025-11-11 16:28:05,836 - src.strategies.self_learning_trader - INFO - ================================================================================
2025-11-11T16:28:06.477073832Z [inf]  2025-11-11 16:28:05,836 - src.core.unified_scheduler - INFO - âœ… é€±æœŸå®Œæˆ | è€—æ™‚: 19.7s | æ–°æˆäº¤: 0
2025-11-11T16:28:06.477083160Z [inf]  2025-11-11 16:28:05,836 - src.core.unified_scheduler - INFO - ================================================================================
2025-11-11T16:28:11.059030388Z [inf]  2025-11-11 16:28:10,996 - src.core.websocket.optimized_base_feed - WARNING - ğŸ¥ KlineFeed-Shard6: å¥åº·æ£€æŸ¥å¤±è´¥ - not_connected
2025-11-11T16:28:11.059040995Z [inf]  2025-11-11 16:28:10,996 - src.core.websocket.optimized_base_feed - WARNING - ğŸ¥ KlineFeed-Shard7: å¥åº·æ£€æŸ¥å¤±è´¥ - not_connected
2025-11-11T16:28:11.059048182Z [inf]  2025-11-11 16:28:10,996 - src.core.websocket.optimized_base_feed - WARNING - ğŸ¥ KlineFeed-Shard8: å¥åº·æ£€æŸ¥å¤±è´¥ - not_connected
2025-11-11T16:28:11.059065540Z [inf]  2025-11-11 16:28:10,984 - src.monitoring.health_check - CRITICAL - ğŸš¨ å‘Šè­¦è§¦å‘: websocket - critical - WebSocketæœªè¿æ¥
2025-11-11T16:28:11.059072406Z [inf]  2025-11-11 16:28:10,984 - src.monitoring.health_check - CRITICAL - ğŸš¨ å‘Šè­¦è§¦å‘: api - critical - APIè¿æ¥å¤±è´¥
2025-11-11T16:28:11.059082201Z [inf]  2025-11-11 16:28:10,984 - src.monitoring.health_check - INFO - ğŸ¥ å¥åº·æ£€æŸ¥å®Œæˆ: critical (1.00ç§’)
2025-11-11T16:28:11.059089196Z [inf]  2025-11-11 16:28:10,996 - src.core.websocket.optimized_base_feed - WARNING - ğŸ¥ KlineFeed-Shard0: å¥åº·æ£€æŸ¥å¤±è´¥ - not_connected
2025-11-11T16:28:11.059094601Z [inf]  2025-11-11 16:28:10,996 - src.core.websocket.optimized_base_feed - WARNING - ğŸ¥ KlineFeed-Shard1: å¥åº·æ£€æŸ¥å¤±è´¥ - not_connected
2025-11-11T16:28:11.059100389Z [inf]  2025-11-11 16:28:10,996 - src.core.websocket.optimized_base_feed - WARNING - ğŸ¥ KlineFeed-Shard2: å¥åº·æ£€æŸ¥å¤±è´¥ - not_connected
2025-11-11T16:28:11.059105447Z [inf]  2025-11-11 16:28:10,996 - src.core.websocket.optimized_base_feed - WARNING - ğŸ¥ KlineFeed-Shard3: å¥åº·æ£€æŸ¥å¤±è´¥ - not_connected
2025-11-11T16:28:11.059111136Z [inf]  2025-11-11 16:28:10,996 - src.core.websocket.optimized_base_feed - WARNING - ğŸ¥ KlineFeed-Shard4: å¥åº·æ£€æŸ¥å¤±è´¥ - not_connected
2025-11-11T16:28:11.059116594Z [inf]  2025-11-11 16:28:10,996 - src.core.websocket.optimized_base_feed - WARNING - ğŸ¥ KlineFeed-Shard5: å¥åº·æ£€æŸ¥å¤±è´¥ - not_connected
2025-11-11T16:28:11.061788379Z [inf]  2025-11-11 16:28:10,996 - src.core.websocket.optimized_base_feed - WARNING - ğŸ¥ KlineFeed-Shard9: å¥åº·æ£€æŸ¥å¤±è´¥ - not_connected
2025-11-11T16:28:11.061796294Z [inf]  2025-11-11 16:28:10,996 - src.core.websocket.optimized_base_feed - WARNING - ğŸ¥ KlineFeed-Shard10: å¥åº·æ£€æŸ¥å¤±è´¥ - not_connected
2025-11-11T16:28:13.729942836Z [inf]  2025-11-11 16:28:13,716 - src.core.position_controller - INFO - ğŸ“¡ WebSocketç„¡å€‰ä½æ•¸æ“šï¼Œä½¿ç”¨REST APIå‚™æ´
2025-11-11T16:28:13.729954866Z [inf]  2025-11-11 16:28:13,717 - src.core.circuit_breaker - ERROR - ğŸ”´ ç†”æ–·å™¨é˜»æ–·(å¤±æ•—5æ¬¡)ï¼Œè«‹52ç§’å¾Œé‡è©¦ | æ“ä½œ: generic | å„ªå…ˆç´š: NORMAL
2025-11-11T16:28:13.729961854Z [inf]    File "/app/src/core/position_controller.py", line 232, in _fetch_all_positions
2025-11-11T16:28:13.729962774Z [inf]  2025-11-11 16:28:13,717 - src.clients.binance_client - ERROR - API è«‹æ±‚å¤±æ•—: /fapi/v2/account - ç†”æ–·å™¨é˜»æ–·(å¤±æ•—5æ¬¡)ï¼Œè«‹52ç§’å¾Œé‡è©¦
2025-11-11T16:28:13.729969833Z [inf]  2025-11-11 16:28:13,717 - src.core.position_controller - ERROR - âŒ ç²å–æŒå€‰å¤±æ•—: ç†”æ–·å™¨é˜»æ–·(å¤±æ•—5æ¬¡)ï¼Œè«‹52ç§’å¾Œé‡è©¦
2025-11-11T16:28:13.729980155Z [inf]  Traceback (most recent call last):
2025-11-11T16:28:13.729988426Z [inf]      raw_positions = await self.binance_client.get_position_info_async()
2025-11-11T16:28:13.729989870Z [inf]    File "/app/src/clients/binance_client.py", line 234, in _request
2025-11-11T16:28:13.729998351Z [inf]      result = await self.circuit_breaker.call_async(
2025-11-11T16:28:13.730002788Z [inf]                      ^^^^^^^^^^^^^^^^^^^^^^^^^^^^^^^^^^^^^^^^^^^^^^^^^^^
2025-11-11T16:28:13.730008266Z [inf]               ^^^^^^^^^^^^^^^^^^^^^^^^^^^^^^^^^^^^^^
2025-11-11T16:28:13.730018317Z [inf]    File "/app/src/clients/binance_client.py", line 563, in get_position_info_async
2025-11-11T16:28:13.730018657Z [inf]    File "/app/src/core/circuit_breaker.py", line 327, in call_async
2025-11-11T16:28:13.730027976Z [inf]      raise Exception(reason)
2025-11-11T16:28:13.730039547Z [inf]  Exception: ç†”æ–·å™¨é˜»æ–·(å¤±æ•—5æ¬¡)ï¼Œè«‹52ç§’å¾Œé‡è©¦
2025-11-11T16:28:13.730047891Z [inf]  
2025-11-11T16:28:13.730054024Z [inf]  During handling of the above exception, another exception occurred:
2025-11-11T16:28:13.730059533Z [inf]  
2025-11-11T16:28:13.730065389Z [inf]  Traceback (most recent call last):
2025-11-11T16:28:13.732986613Z [inf]      account_info = await self.get_account_info()
2025-11-11T16:28:13.732998779Z [inf]                     ^^^^^^^^^^^^^^^^^^^^^^^^^^^^^
2025-11-11T16:28:13.733010158Z [inf]    File "/app/src/clients/binance_client.py", line 543, in get_account_info
2025-11-11T16:28:13.733017567Z [inf]      result = await self._request("GET", "/fapi/v2/account", signed=True)
2025-11-11T16:28:13.733025506Z [inf]               ^^^^^^^^^^^^^^^^^^^^^^^^^^^^^^^^^^^^^^^^^^^^^^^^^^^^^^^^^^^
2025-11-11T16:28:13.733034650Z [inf]    File "/app/src/clients/binance_client.py", line 256, in _request
2025-11-11T16:28:13.733042846Z [inf]      raise BinanceRequestError(
2025-11-11T16:28:13.733050056Z [inf]  src.clients.binance_errors.BinanceRequestError: ç†”æ–·å™¨é˜»æ–·(å¤±æ•—5æ¬¡)ï¼Œè«‹52ç§’å¾Œé‡è©¦
2025-11-11T16:28:13.733060158Z [inf]  2025-11-11 16:28:13,717 - src.core.position_controller - INFO -    ğŸ“­ ç•¶å‰ç„¡æŒå€‰
2025-11-11T16:28:33.489163933Z [inf]  2025-11-11 16:28:24,407 - src.core.websocket.price_feed - ERROR - âŒ PriceFeed-Shard0 æ¥æ”¶å¤±æ•—: no close frame received or sent