2025-10-30T05:15:05.428329643Z [inf]  2025-10-30 05:15:05,427 - src.core.unified_scheduler - INFO - âœ… ç™¼ç¾ 178 å€‹äº¤æ˜“ä¿¡è™Ÿ
2025-10-30T05:15:05.428341844Z [inf]  2025-10-30 05:15:05,427 - src.core.unified_scheduler - INFO - ğŸ“Š ä¿¡è™ŸåŸ·è¡Œ | å¯ç”¨ä¿è­‰é‡‘: $0.00 | å·²æœ‰å€‰ä½: 6 | æ–°ä¿¡è™Ÿæ•¸: 178
2025-10-30T05:15:05.902356265Z [inf]  2025-10-30 05:15:05,524 - src.core.capital_allocator - INFO - ================================================================================
2025-10-30T05:15:05.902379771Z [inf]  2025-10-30 05:15:05,524 - src.core.capital_allocator - WARNING -    âš ï¸ ç„¡å¯ç”¨é ç®—ï¼ˆavailable_margin=0ï¼Œå¯èƒ½æ˜¯å¸³æˆ¶é¤˜é¡ç‚º0æˆ–APIå¤±æ•—ï¼‰
2025-10-30T05:15:05.902386106Z [inf]  2025-10-30 05:15:05,524 - src.core.capital_allocator - INFO -    ç¸½åˆ†é…: $0.00 / $0.00
2025-10-30T05:15:05.902394225Z [inf]  2025-10-30 05:15:05,524 - src.core.capital_allocator - INFO -    ç²æ‰¹ä¿¡è™Ÿå°‡ç„¡æ³•åŸ·è¡Œ
2025-10-30T05:15:05.902397760Z [inf]  2025-10-30 05:15:05,524 - src.core.capital_allocator - INFO - ================================================================================
2025-10-30T05:15:05.902418325Z [inf]  2025-10-30 05:15:05,523 - src.clients.binance_client - INFO - ğŸ’° è³¬æˆ¶é¤˜é¡: ç¸½é¡ 14.44 USDT, å¯ç”¨ 0.00 USDT, ä¿è­‰é‡‘ 14.44 USDT, æœªå¯¦ç¾ç›ˆè™§ -3.08 USDT
2025-10-30T05:15:05.902418541Z [inf]  2025-10-30 05:15:05,524 - src.core.capital_allocator - INFO - âœ… è³‡é‡‘åˆ†é…å®Œæˆ
2025-10-30T05:15:05.902431773Z [inf]  2025-10-30 05:15:05,524 - src.core.capital_allocator - INFO -    ç²æ‰¹ä¿¡è™Ÿ: 0/178 (é€šéè³ªé‡é–€æª»)
2025-10-30T05:15:05.902457444Z [inf]  2025-10-30 05:15:05,523 - src.strategies.self_learning_trader - INFO - ğŸ’° å¸³æˆ¶ç‹€æ…‹ | ç¸½æ¬Šç›Š: $11.36 | å¯ç”¨ä¿è­‰é‡‘: $0.00 | å·²ä½”ç”¨ä¿è­‰é‡‘: $14.44
2025-10-30T05:15:05.902465155Z [inf]  2025-10-30 05:15:05,524 - src.core.capital_allocator - INFO - ğŸ’° è³ªé‡æ’åå®Œæˆï¼š178/178 ä¿¡è™Ÿé€šéè³ªé‡é–€æª» | æœ€é«˜åˆ†: 0.861 | æœ€ä½åˆ†: 0.789
2025-10-30T05:15:05.902474698Z [inf]  2025-10-30 05:15:05,524 - src.core.capital_allocator - INFO - ğŸ’° é ç®—æ± åˆå§‹åŒ– | ç¸½é ç®—: $0.00 (80% Ã— $0.00) | å–®å€‰ä¸Šé™: $5.68 (50% Ã— $11.36)
2025-10-30T05:15:05.902482167Z [inf]  2025-10-30 05:15:05,524 - src.core.capital_allocator - INFO - ğŸ’° é ç®—è€—ç›¡ï¼Œæ‹’çµ•å‰©é¤˜ 178 å€‹ä¿¡è™Ÿ ï¼ˆæ’å 1-178ï¼‰
2025-10-30T05:15:05.903275187Z [inf]  2025-10-30 05:15:05,524 - src.strategies.self_learning_trader - INFO - ğŸ’° ç„¡ä¿¡è™Ÿç²å¾—è³‡é‡‘åˆ†é…
2025-10-30T05:15:05.903281900Z [inf]  2025-10-30 05:15:05,524 - src.core.unified_scheduler - INFO - âœ… é€±æœŸå®Œæˆ | è€—æ™‚: 12.8s | æ–°æˆäº¤: 0
2025-10-30T05:15:05.903286924Z [inf]  2025-10-30 05:15:05,524 - src.core.unified_scheduler - INFO - ================================================================================
2025-10-30T05:15:07.094089082Z [inf]  2025-10-30 05:15:07,089 - src.core.websocket.price_feed - ERROR - âŒ PriceFeed-Shard0 æ¥æ”¶å¤±æ•—: sent 1011 (internal error) keepalive ping timeout; no close frame received
2025-10-30T05:15:09.918845659Z [inf]  2025-10-30 05:15:09,588 - src.core.websocket.price_feed - ERROR - âŒ PriceFeed-Shard2 æ¥æ”¶å¤±æ•—: no close frame received or sent
2025-10-30T05:15:14.407616098Z [inf]  2025-10-30 05:15:14,404 - src.core.position_monitor_24x7 - WARNING - âš ï¸ KGENUSDT è™§æ-60.8% ä½†ç„¡original_signalï¼Œç„¡æ³•åŸ·è¡Œæ™ºèƒ½å‡ºå ´
2025-10-30T05:15:16.951351647Z [inf]  2025-10-30 05:15:16,882 - src.core.websocket.price_feed - ERROR - âŒ PriceFeed-Shard0 æ¥æ”¶å¤±æ•—: no close frame received or sent
2025-10-30T05:16:06.730306524Z [inf]  2025-10-30 05:16:05,525 - src.core.unified_scheduler - INFO - ================================================================================
2025-10-30T05:16:06.730313463Z [inf]  2025-10-30 05:16:05,525 - src.core.unified_scheduler - INFO - ğŸ”„ äº¤æ˜“é€±æœŸ #5 | 2025-10-30 05:16:05 UTC
2025-10-30T05:16:06.730320074Z [inf]  2025-10-30 05:16:05,525 - src.core.unified_scheduler - INFO - ================================================================================
2025-10-30T05:16:06.730327302Z [inf]  2025-10-30 05:16:05,708 - src.core.unified_scheduler - INFO - ğŸ“Š æ­·å²çµ±è¨ˆ: æš«ç„¡äº¤æ˜“è¨˜éŒ„
2025-10-30T05:16:06.730333787Z [inf]  2025-10-30 05:16:05,708 - src.core.unified_scheduler - INFO - ğŸ“¦ ç•¶å‰æŒå€‰: 6 å€‹ | ç¸½æœªå¯¦ç¾ç›ˆè™§: $-2.73
2025-10-30T05:16:06.730339922Z [inf]  2025-10-30 05:16:05,708 - src.core.unified_scheduler - INFO - ================================================================================
2025-10-30T05:16:06.730346224Z [inf]  2025-10-30 05:16:05,708 - src.core.unified_scheduler - INFO -    â€¢ KGENUSDT SHORT @ $0.2581 | æ§“æ¡¿=14x | ç›ˆè™§=$-2.01 (-4.06%) | ğŸ“‰ ç©ºé ­ | é€²å ´ç†ç”±âŒ å·²å¤±æ•ˆ
2025-10-30T05:16:06.730353258Z [inf]  2025-10-30 05:16:05,708 - src.core.unified_scheduler - INFO -    â€¢ ENSOUSDT SHORT @ $1.5170 | æ§“æ¡¿=13x | ç›ˆè™§=$-0.46 (-0.92%) | ğŸ“‰ ç©ºé ­ | é€²å ´ç†ç”±âŒ å·²å¤±æ•ˆ
2025-10-30T05:16:06.730359743Z [inf]  2025-10-30 05:16:05,708 - src.core.unified_scheduler - INFO -    â€¢ AEROUSDT LONG @ $1.0248 | æ§“æ¡¿=20x | ç›ˆè™§=$+0.03 (+0.35%) | âš ï¸ é€†å‹¢ | é€²å ´ç†ç”±âŒ å·²å¤±æ•ˆ
2025-10-30T05:16:06.730365534Z [inf]  2025-10-30 05:16:05,708 - src.core.unified_scheduler - INFO -    â€¢ MAVIAUSDT SHORT @ $0.1225 | æ§“æ¡¿=12x | ç›ˆè™§=$-0.13 (-0.64%) | ğŸ“‰ ç©ºé ­ | é€²å ´ç†ç”±âŒ å·²å¤±æ•ˆ
2025-10-30T05:16:06.730373176Z [inf]  2025-10-30 05:16:05,708 - src.core.unified_scheduler - INFO -    â€¢ BARDUSDT SHORT @ $0.6433 | æ§“æ¡¿=12x | ç›ˆè™§=$+0.05 (+0.28%) | ğŸ“‰ ç©ºé ­ | é€²å ´ç†ç”±âŒ å·²å¤±æ•ˆ
2025-10-30T05:16:06.731753846Z [inf]  2025-10-30 05:16:05,708 - src.core.unified_scheduler - INFO -    â€¢ COMMONUSDT SHORT @ $0.0117 | æ§“æ¡¿=13x | ç›ˆè™§=$-0.22 (-2.23%) | ğŸ“‰ ç©ºé ­ | é€²å ´ç†ç”±âŒ å·²å¤±æ•ˆ
2025-10-30T05:16:06.731764285Z [inf]  2025-10-30 05:16:05,708 - src.core.unified_scheduler - INFO - ================================================================================
2025-10-30T05:16:06.731772392Z [inf]  2025-10-30 05:16:05,708 - src.clients.binance_client - INFO - ğŸ’° è³¬æˆ¶é¤˜é¡: ç¸½é¡ 14.44 USDT, å¯ç”¨ 0.00 USDT, ä¿è­‰é‡‘ 14.44 USDT, æœªå¯¦ç¾ç›ˆè™§ -2.73 USDT
2025-10-30T05:16:06.731778491Z [inf]  2025-10-30 05:16:05,708 - src.core.unified_scheduler - INFO - ğŸ’° è³¬æˆ¶é¤˜é¡: ç¸½é¡=$14.44 | å¯ç”¨=$0.00 | ä¿è­‰é‡‘=$14.44 | æœªå¯¦ç¾ç›ˆè™§=$-2.73
2025-10-30T05:16:06.731786845Z [inf]  2025-10-30 05:16:05,708 - src.core.unified_scheduler - INFO - ğŸ¯ æ¨¡å‹è©•åˆ†: ç„¡äº¤æ˜“è¨˜éŒ„
2025-10-30T05:16:06.731793836Z [inf]  2025-10-30 05:16:05,708 - src.core.unified_scheduler - INFO - ğŸ“Š æƒæ 529 å€‹äº¤æ˜“å°ä¸­...
2025-10-30T05:16:14.549634248Z [inf]  2025-10-30 05:16:14,406 - src.core.position_monitor_24x7 - WARNING - âš ï¸ KGENUSDT è™§æ-56.8% ä½†ç„¡original_signalï¼Œç„¡æ³•åŸ·è¡Œæ™ºèƒ½å‡ºå ´
2025-10-30T05:16:54.194583440Z [inf]  2025-10-30 05:16:48,075 - src.core.unified_scheduler - INFO - âœ… ç™¼ç¾ 241 å€‹äº¤æ˜“ä¿¡è™Ÿ
2025-10-30T05:16:54.194593856Z [inf]  2025-10-30 05:16:48,075 - src.core.unified_scheduler - INFO - ğŸ“Š ä¿¡è™ŸåŸ·è¡Œ | å¯ç”¨ä¿è­‰é‡‘: $0.00 | å·²æœ‰å€‰ä½: 6 | æ–°ä¿¡è™Ÿæ•¸: 241
2025-10-30T05:16:54.194600888Z [inf]  2025-10-30 05:16:48,188 - src.clients.binance_client - INFO - ğŸ’° è³¬æˆ¶é¤˜é¡: ç¸½é¡ 14.44 USDT, å¯ç”¨ 0.00 USDT, ä¿è­‰é‡‘ 14.44 USDT, æœªå¯¦ç¾ç›ˆè™§ -2.72 USDT
2025-10-30T05:16:54.194608491Z [inf]  2025-10-30 05:16:48,188 - src.strategies.self_learning_trader - INFO - ğŸ’° å¸³æˆ¶ç‹€æ…‹ | ç¸½æ¬Šç›Š: $11.72 | å¯ç”¨ä¿è­‰é‡‘: $0.00 | å·²ä½”ç”¨ä¿è­‰é‡‘: $14.44
2025-10-30T05:16:54.194617729Z [inf]  2025-10-30 05:16:48,189 - src.core.capital_allocator - INFO - ğŸ’° è³ªé‡æ’åå®Œæˆï¼š241/241 ä¿¡è™Ÿé€šéè³ªé‡é–€æª» | æœ€é«˜åˆ†: 0.899 | æœ€ä½åˆ†: 0.789
2025-10-30T05:16:54.194624430Z [inf]  2025-10-30 05:16:48,189 - src.core.capital_allocator - INFO - ğŸ’° é ç®—æ± åˆå§‹åŒ– | ç¸½é ç®—: $0.00 (80% Ã— $0.00) | å–®å€‰ä¸Šé™: $5.86 (50% Ã— $11.72)
2025-10-30T05:16:54.194631117Z [inf]  2025-10-30 05:16:48,189 - src.core.capital_allocator - INFO - ğŸ’° é ç®—è€—ç›¡ï¼Œæ‹’çµ•å‰©é¤˜ 241 å€‹ä¿¡è™Ÿ ï¼ˆæ’å 1-241ï¼‰
2025-10-30T05:16:54.194636308Z [inf]  2025-10-30 05:16:48,189 - src.core.capital_allocator - INFO - ================================================================================
2025-10-30T05:16:54.194642308Z [inf]  2025-10-30 05:16:48,189 - src.core.capital_allocator - INFO - âœ… è³‡é‡‘åˆ†é…å®Œæˆ
2025-10-30T05:16:54.194649510Z [inf]  2025-10-30 05:16:48,189 - src.core.capital_allocator - INFO -    ç²æ‰¹ä¿¡è™Ÿ: 0/241 (é€šéè³ªé‡é–€æª»)
2025-10-30T05:16:54.194656366Z [inf]  2025-10-30 05:16:48,189 - src.core.capital_allocator - WARNING -    âš ï¸ ç„¡å¯ç”¨é ç®—ï¼ˆavailable_margin=0ï¼Œå¯èƒ½æ˜¯å¸³æˆ¶é¤˜é¡ç‚º0æˆ–APIå¤±æ•—ï¼‰
2025-10-30T05:16:54.194663752Z [inf]  2025-10-30 05:16:48,189 - src.core.capital_allocator - INFO -    ç¸½åˆ†é…: $0.00 / $0.00
2025-10-30T05:16:54.195217364Z [inf]  2025-10-30 05:16:48,189 - src.core.capital_allocator - INFO -    ç²æ‰¹ä¿¡è™Ÿå°‡ç„¡æ³•åŸ·è¡Œ
2025-10-30T05:16:54.195221811Z [inf]  2025-10-30 05:16:48,189 - src.core.capital_allocator - INFO - ================================================================================
2025-10-30T05:16:54.195227305Z [inf]  2025-10-30 05:16:48,190 - src.strategies.self_learning_trader - INFO - ğŸ’° ç„¡ä¿¡è™Ÿç²å¾—è³‡é‡‘åˆ†é…
2025-10-30T05:16:54.195231040Z [inf]  2025-10-30 05:16:48,190 - src.core.unified_scheduler - INFO - âœ… é€±æœŸå®Œæˆ | è€—æ™‚: 42.7s | æ–°æˆäº¤: 0
2025-10-30T05:16:54.195234966Z [inf]  2025-10-30 05:16:48,190 - src.core.unified_scheduler - INFO - ================================================================================
2025-10-30T05:17:24.200803591Z [inf]  2025-10-30 05:17:14,521 - src.core.position_monitor_24x7 - WARNING - âš ï¸ KGENUSDT è™§æ-52.7% ä½†ç„¡original_signalï¼Œç„¡æ³•åŸ·è¡Œæ™ºèƒ½å‡ºå ´
2025-10-30T05:17:54.203195741Z [inf]  2025-10-30 05:17:48,192 - src.core.unified_scheduler - INFO - ================================================================================
2025-10-30T05:17:54.203207992Z [inf]  2025-10-30 05:17:48,192 - src.core.unified_scheduler - INFO - ğŸ”„ äº¤æ˜“é€±æœŸ #6 | 2025-10-30 05:17:48 UTC
2025-10-30T05:17:54.203214996Z [inf]  2025-10-30 05:17:48,192 - src.core.unified_scheduler - INFO - ================================================================================
2025-10-30T05:17:54.203220820Z [inf]  2025-10-30 05:17:48,303 - src.core.unified_scheduler - INFO - ğŸ“Š æ­·å²çµ±è¨ˆ: æš«ç„¡äº¤æ˜“è¨˜éŒ„
2025-10-30T05:17:54.203226691Z [inf]  2025-10-30 05:17:48,303 - src.core.unified_scheduler - INFO - ğŸ“¦ ç•¶å‰æŒå€‰: 6 å€‹ | ç¸½æœªå¯¦ç¾ç›ˆè™§: $-2.69
2025-10-30T05:17:54.203233887Z [inf]  2025-10-30 05:17:48,303 - src.core.unified_scheduler - INFO - ================================================================================
2025-10-30T05:17:54.203238673Z [inf]  2025-10-30 05:17:48,303 - src.core.unified_scheduler - INFO -    â€¢ KGENUSDT SHORT @ $0.2581 | æ§“æ¡¿=14x | ç›ˆè™§=$-2.06 (-4.16%) | ğŸ“‰ ç©ºé ­ | é€²å ´ç†ç”±âŒ å·²å¤±æ•ˆ
2025-10-30T05:17:54.203244852Z [inf]  2025-10-30 05:17:48,303 - src.core.unified_scheduler - INFO -    â€¢ ENSOUSDT SHORT @ $1.5170 | æ§“æ¡¿=13x | ç›ˆè™§=$-0.38 (-0.77%) | ğŸ“‰ ç©ºé ­ | é€²å ´ç†ç”±âŒ å·²å¤±æ•ˆ
2025-10-30T05:17:54.203250241Z [inf]  2025-10-30 05:17:48,303 - src.core.unified_scheduler - INFO -    â€¢ AEROUSDT LONG @ $1.0248 | æ§“æ¡¿=20x | ç›ˆè™§=$+0.04 (+0.45%) | âš ï¸ é€†å‹¢ | é€²å ´ç†ç”±âŒ å·²å¤±æ•ˆ
2025-10-30T05:17:54.203256343Z [inf]  2025-10-30 05:17:48,303 - src.core.unified_scheduler - INFO -    â€¢ MAVIAUSDT SHORT @ $0.1225 | æ§“æ¡¿=12x | ç›ˆè™§=$-0.14 (-0.68%) | ğŸ“‰ ç©ºé ­ | é€²å ´ç†ç”±âŒ å·²å¤±æ•ˆ
2025-10-30T05:17:54.203261415Z [inf]  2025-10-30 05:17:48,303 - src.core.unified_scheduler - INFO -    â€¢ BARDUSDT SHORT @ $0.6433 | æ§“æ¡¿=12x | ç›ˆè™§=$+0.07 (+0.36%) | ğŸ“‰ ç©ºé ­ | é€²å ´ç†ç”±âŒ å·²å¤±æ•ˆ
2025-10-30T05:17:54.203951828Z [inf]  2025-10-30 05:17:48,304 - src.core.unified_scheduler - INFO -    â€¢ COMMONUSDT SHORT @ $0.0117 | æ§“æ¡¿=13x | ç›ˆè™§=$-0.22 (-2.25%) | ğŸ“‰ ç©ºé ­ | é€²å ´ç†ç”±âŒ å·²å¤±æ•ˆ
2025-10-30T05:17:54.203961713Z [inf]  2025-10-30 05:17:48,304 - src.core.unified_scheduler - INFO - ================================================================================
2025-10-30T05:17:54.203967468Z [inf]  2025-10-30 05:17:48,304 - src.clients.binance_client - INFO - ğŸ’° è³¬æˆ¶é¤˜é¡: ç¸½é¡ 14.44 USDT, å¯ç”¨ 0.00 USDT, ä¿è­‰é‡‘ 14.44 USDT, æœªå¯¦ç¾ç›ˆè™§ -2.69 USDT
2025-10-30T05:17:54.203972690Z [inf]  2025-10-30 05:17:48,304 - src.core.unified_scheduler - INFO - ğŸ’° è³¬æˆ¶é¤˜é¡: ç¸½é¡=$14.44 | å¯ç”¨=$0.00 | ä¿è­‰é‡‘=$14.44 | æœªå¯¦ç¾ç›ˆè™§=$-2.69
2025-10-30T05:17:54.203977919Z [inf]  2025-10-30 05:17:48,304 - src.core.unified_scheduler - INFO - ğŸ¯ æ¨¡å‹è©•åˆ†: ç„¡äº¤æ˜“è¨˜éŒ„
2025-10-30T05:17:54.203983553Z [inf]  2025-10-30 05:17:48,304 - src.core.unified_scheduler - INFO - ğŸ“Š æƒæ 529 å€‹äº¤æ˜“å°ä¸­...
2025-10-30T05:18:24.347782362Z [inf]  2025-10-30 05:18:14,617 - src.core.position_monitor_24x7 - WARNING - âš ï¸ KGENUSDT è™§æ-58.0% ä½†ç„¡original_signalï¼Œç„¡æ³•åŸ·è¡Œæ™ºèƒ½å‡ºå ´
2025-10-30T05:18:24.347800684Z [inf]  2025-10-30 05:18:20,361 - src.core.unified_scheduler - INFO - âœ… ç™¼ç¾ 319 å€‹äº¤æ˜“ä¿¡è™Ÿ
2025-10-30T05:18:24.347807618Z [inf]  2025-10-30 05:18:20,361 - src.core.unified_scheduler - INFO - ğŸ“Š ä¿¡è™ŸåŸ·è¡Œ | å¯ç”¨ä¿è­‰é‡‘: $0.00 | å·²æœ‰å€‰ä½: 6 | æ–°ä¿¡è™Ÿæ•¸: 319
2025-10-30T05:18:24.347815254Z [inf]  2025-10-30 05:18:20,361 - src.clients.binance_client - INFO - ğŸ’° è³¬æˆ¶é¤˜é¡: ç¸½é¡ 14.44 USDT, å¯ç”¨ 0.00 USDT, ä¿è­‰é‡‘ 14.44 USDT, æœªå¯¦ç¾ç›ˆè™§ -2.68 USDT
2025-10-30T05:18:24.347822136Z [inf]  2025-10-30 05:18:20,361 - src.strategies.self_learning_trader - INFO - ğŸ’° å¸³æˆ¶ç‹€æ…‹ | ç¸½æ¬Šç›Š: $11.77 | å¯ç”¨ä¿è­‰é‡‘: $0.00 | å·²ä½”ç”¨ä¿è­‰é‡‘: $14.44
2025-10-30T05:18:24.347829320Z [inf]  2025-10-30 05:18:20,363 - src.core.capital_allocator - INFO - ğŸ’° è³ªé‡æ’åå®Œæˆï¼š319/319 ä¿¡è™Ÿé€šéè³ªé‡é–€æª» | æœ€é«˜åˆ†: 0.899 | æœ€ä½åˆ†: 0.789
2025-10-30T05:18:24.347835623Z [inf]  2025-10-30 05:18:20,363 - src.core.capital_allocator - INFO - ğŸ’° é ç®—æ± åˆå§‹åŒ– | ç¸½é ç®—: $0.00 (80% Ã— $0.00) | å–®å€‰ä¸Šé™: $5.88 (50% Ã— $11.77)
2025-10-30T05:18:24.347841402Z [inf]  2025-10-30 05:18:20,364 - src.core.capital_allocator - INFO - ğŸ’° é ç®—è€—ç›¡ï¼Œæ‹’çµ•å‰©é¤˜ 319 å€‹ä¿¡è™Ÿ ï¼ˆæ’å 1-319ï¼‰
2025-10-30T05:18:24.347847077Z [inf]  2025-10-30 05:18:20,364 - src.core.capital_allocator - INFO - ================================================================================
2025-10-30T05:18:24.347852454Z [inf]  2025-10-30 05:18:20,364 - src.core.capital_allocator - INFO - âœ… è³‡é‡‘åˆ†é…å®Œæˆ
2025-10-30T05:18:24.347857557Z [inf]  2025-10-30 05:18:20,364 - src.core.capital_allocator - INFO -    ç²æ‰¹ä¿¡è™Ÿ: 0/319 (é€šéè³ªé‡é–€æª»)
2025-10-30T05:18:24.347863604Z [inf]  2025-10-30 05:18:20,364 - src.core.capital_allocator - WARNING -    âš ï¸ ç„¡å¯ç”¨é ç®—ï¼ˆavailable_margin=0ï¼Œå¯èƒ½æ˜¯å¸³æˆ¶é¤˜é¡ç‚º0æˆ–APIå¤±æ•—ï¼‰
2025-10-30T05:18:24.348269474Z [inf]  2025-10-30 05:18:20,364 - src.core.capital_allocator - INFO -    ç¸½åˆ†é…: $0.00 / $0.00
2025-10-30T05:18:24.348275167Z [inf]  2025-10-30 05:18:20,364 - src.core.capital_allocator - INFO -    ç²æ‰¹ä¿¡è™Ÿå°‡ç„¡æ³•åŸ·è¡Œ
2025-10-30T05:18:24.348279503Z [inf]  2025-10-30 05:18:20,364 - src.core.capital_allocator - INFO - ================================================================================
2025-10-30T05:18:24.348283905Z [inf]  2025-10-30 05:18:20,364 - src.strategies.self_learning_trader - INFO - ğŸ’° ç„¡ä¿¡è™Ÿç²å¾—è³‡é‡‘åˆ†é…
2025-10-30T05:18:24.348288167Z [inf]  2025-10-30 05:18:20,364 - src.core.unified_scheduler - INFO - âœ… é€±æœŸå®Œæˆ | è€—æ™‚: 32.2s | æ–°æˆäº¤: 0
2025-10-30T05:18:24.348293119Z [inf]  2025-10-30 05:18:20,364 - src.core.unified_scheduler - INFO - ================================================================================
2025-10-30T05:19:24.068038705Z [inf]  2025-10-30 05:19:14,728 - src.core.position_monitor_24x7 - WARNING - âš ï¸ KGENUSDT è™§æ-58.4% ä½†ç„¡original_signalï¼Œç„¡æ³•åŸ·è¡Œæ™ºèƒ½å‡ºå ´
2025-10-30T05:19:24.068048785Z [inf]  2025-10-30 05:19:20,366 - src.core.unified_scheduler - INFO - ================================================================================
2025-10-30T05:19:24.068055626Z [inf]  2025-10-30 05:19:20,366 - src.core.unified_scheduler - INFO - ğŸ”„ äº¤æ˜“é€±æœŸ #7 | 2025-10-30 05:19:20 UTC
2025-10-30T05:19:24.068062334Z [inf]  2025-10-30 05:19:20,366 - src.core.unified_scheduler - INFO - ================================================================================
2025-10-30T05:19:24.068070100Z [inf]  2025-10-30 05:19:20,367 - src.core.unified_scheduler - INFO - ğŸ“Š æ­·å²çµ±è¨ˆ: æš«ç„¡äº¤æ˜“è¨˜éŒ„
2025-10-30T05:19:24.068077094Z [inf]  2025-10-30 05:19:20,367 - src.core.unified_scheduler - INFO - ğŸ“¦ ç•¶å‰æŒå€‰: 6 å€‹ | ç¸½æœªå¯¦ç¾ç›ˆè™§: $-2.74
2025-10-30T05:19:24.068086299Z [inf]  2025-10-30 05:19:20,367 - src.core.unified_scheduler - INFO - ================================================================================
2025-10-30T05:19:24.068092337Z [inf]  2025-10-30 05:19:20,367 - src.core.unified_scheduler - INFO -    â€¢ KGENUSDT SHORT @ $0.2581 | æ§“æ¡¿=14x | ç›ˆè™§=$-2.07 (-4.17%) | ğŸ“‰ ç©ºé ­ | é€²å ´ç†ç”±âŒ å·²å¤±æ•ˆ
2025-10-30T05:19:24.068098059Z [inf]  2025-10-30 05:19:20,368 - src.core.unified_scheduler - INFO -    â€¢ ENSOUSDT SHORT @ $1.5170 | æ§“æ¡¿=13x | ç›ˆè™§=$-0.37 (-0.75%) | ğŸ“‰ ç©ºé ­ | é€²å ´ç†ç”±âŒ å·²å¤±æ•ˆ
2025-10-30T05:19:24.068104226Z [inf]  2025-10-30 05:19:20,368 - src.core.unified_scheduler - INFO -    â€¢ AEROUSDT LONG @ $1.0248 | æ§“æ¡¿=20x | ç›ˆè™§=$+0.08 (+0.76%) | âš ï¸ é€†å‹¢ | é€²å ´ç†ç”±âŒ å·²å¤±æ•ˆ
2025-10-30T05:19:24.068109804Z [inf]  2025-10-30 05:19:20,368 - src.core.unified_scheduler - INFO -    â€¢ MAVIAUSDT SHORT @ $0.1225 | æ§“æ¡¿=12x | ç›ˆè™§=$-0.21 (-1.06%) | ğŸ“‰ ç©ºé ­ | é€²å ´ç†ç”±âŒ å·²å¤±æ•ˆ
2025-10-30T05:19:24.069909149Z [inf]  2025-10-30 05:19:20,368 - src.core.unified_scheduler - INFO -    â€¢ BARDUSDT SHORT @ $0.6433 | æ§“æ¡¿=12x | ç›ˆè™§=$+0.07 (+0.38%) | ğŸ“‰ ç©ºé ­ | é€²å ´ç†ç”±âŒ å·²å¤±æ•ˆ
2025-10-30T05:19:24.069917427Z [inf]  2025-10-30 05:19:20,368 - src.core.unified_scheduler - INFO -    â€¢ COMMONUSDT SHORT @ $0.0117 | æ§“æ¡¿=13x | ç›ˆè™§=$-0.23 (-2.34%) | ğŸ“‰ ç©ºé ­ | é€²å ´ç†ç”±âŒ å·²å¤±æ•ˆ
2025-10-30T05:19:24.069923151Z [inf]  2025-10-30 05:19:20,368 - src.core.unified_scheduler - INFO - ================================================================================
2025-10-30T05:19:24.069929182Z [inf]  2025-10-30 05:19:20,368 - src.clients.binance_client - INFO - ğŸ’° è³¬æˆ¶é¤˜é¡: ç¸½é¡ 14.44 USDT, å¯ç”¨ 0.00 USDT, ä¿è­‰é‡‘ 14.44 USDT, æœªå¯¦ç¾ç›ˆè™§ -2.74 USDT
2025-10-30T05:19:24.069935277Z [inf]  2025-10-30 05:19:20,368 - src.core.unified_scheduler - INFO - ğŸ’° è³¬æˆ¶é¤˜é¡: ç¸½é¡=$14.44 | å¯ç”¨=$0.00 | ä¿è­‰é‡‘=$14.44 | æœªå¯¦ç¾ç›ˆè™§=$-2.74
2025-10-30T05:19:24.069942850Z [inf]  2025-10-30 05:19:20,368 - src.core.unified_scheduler - INFO - ğŸ¯ æ¨¡å‹è©•åˆ†: ç„¡äº¤æ˜“è¨˜éŒ„
2025-10-30T05:19:24.069948767Z [inf]  2025-10-30 05:19:20,368 - src.core.unified_scheduler - INFO - ğŸ“Š æƒæ 529 å€‹äº¤æ˜“å°ä¸­...
2025-10-30T05:19:32.887482033Z [inf]  2025-10-30 05:19:32,812 - src.core.unified_scheduler - INFO - ğŸ“Š ä¿¡è™ŸåŸ·è¡Œ | å¯ç”¨ä¿è­‰é‡‘: $0.00 | å·²æœ‰å€‰ä½: 6 | æ–°ä¿¡è™Ÿæ•¸: 319
2025-10-30T05:19:32.887572383Z [inf]  2025-10-30 05:19:32,812 - src.core.unified_scheduler - INFO - âœ… ç™¼ç¾ 319 å€‹äº¤æ˜“ä¿¡è™Ÿ
2025-10-30T05:19:32.924278224Z [inf]  2025-10-30 05:19:32,921 - src.clients.binance_client - INFO - ğŸ’° è³¬æˆ¶é¤˜é¡: ç¸½é¡ 14.44 USDT, å¯ç”¨ 0.00 USDT, ä¿è­‰é‡‘ 14.44 USDT, æœªå¯¦ç¾ç›ˆè™§ -2.64 USDT
2025-10-30T05:19:32.924284254Z [inf]  2025-10-30 05:19:32,921 - src.strategies.self_learning_trader - INFO - ğŸ’° å¸³æˆ¶ç‹€æ…‹ | ç¸½æ¬Šç›Š: $11.80 | å¯ç”¨ä¿è­‰é‡‘: $0.00 | å·²ä½”ç”¨ä¿è­‰é‡‘: $14.44
2025-10-30T05:19:32.924289625Z [inf]  2025-10-30 05:19:32,922 - src.core.capital_allocator - INFO - ğŸ’° è³ªé‡æ’åå®Œæˆï¼š319/319 ä¿¡è™Ÿé€šéè³ªé‡é–€æª» | æœ€é«˜åˆ†: 0.899 | æœ€ä½åˆ†: 0.789
2025-10-30T05:19:32.924294493Z [inf]  2025-10-30 05:19:32,922 - src.core.capital_allocator - INFO - ğŸ’° é ç®—æ± åˆå§‹åŒ– | ç¸½é ç®—: $0.00 (80% Ã— $0.00) | å–®å€‰ä¸Šé™: $5.90 (50% Ã— $11.80)
2025-10-30T05:19:32.924299264Z [inf]  2025-10-30 05:19:32,922 - src.core.capital_allocator - INFO - ğŸ’° é ç®—è€—ç›¡ï¼Œæ‹’çµ•å‰©é¤˜ 319 å€‹ä¿¡è™Ÿ ï¼ˆæ’å 1-319ï¼‰
2025-10-30T05:19:32.924304248Z [inf]  2025-10-30 05:19:32,922 - src.core.capital_allocator - INFO - ================================================================================
2025-10-30T05:19:32.924309973Z [inf]  2025-10-30 05:19:32,922 - src.core.capital_allocator - INFO - âœ… è³‡é‡‘åˆ†é…å®Œæˆ
2025-10-30T05:19:32.924315063Z [inf]  2025-10-30 05:19:32,922 - src.core.capital_allocator - INFO -    ç²æ‰¹ä¿¡è™Ÿ: 0/319 (é€šéè³ªé‡é–€æª»)
2025-10-30T05:19:32.924320659Z [inf]  2025-10-30 05:19:32,922 - src.core.capital_allocator - WARNING -    âš ï¸ ç„¡å¯ç”¨é ç®—ï¼ˆavailable_margin=0ï¼Œå¯èƒ½æ˜¯å¸³æˆ¶é¤˜é¡ç‚º0æˆ–APIå¤±æ•—ï¼‰
2025-10-30T05:19:32.924326838Z [inf]  2025-10-30 05:19:32,922 - src.core.capital_allocator - INFO -    ç¸½åˆ†é…: $0.00 / $0.00
2025-10-30T05:19:32.924332008Z [inf]  2025-10-30 05:19:32,922 - src.core.capital_allocator - INFO -    ç²æ‰¹ä¿¡è™Ÿå°‡ç„¡æ³•åŸ·è¡Œ
2025-10-30T05:19:32.924336927Z [inf]  2025-10-30 05:19:32,922 - src.core.capital_allocator - INFO - ================================================================================
2025-10-30T05:19:32.925612520Z [inf]  2025-10-30 05:19:32,922 - src.strategies.self_learning_trader - INFO - ğŸ’° ç„¡ä¿¡è™Ÿç²å¾—è³‡é‡‘åˆ†é…
2025-10-30T05:19:32.925619436Z [inf]  2025-10-30 05:19:32,923 - src.core.unified_scheduler - INFO - âœ… é€±æœŸå®Œæˆ | è€—æ™‚: 12.6s | æ–°æˆäº¤: 0
2025-10-30T05:19:32.925623598Z [inf]  2025-10-30 05:19:32,923 - src.core.unified_scheduler - INFO - ================================================================================
2025-10-30T05:20:22.568479735Z [inf]  2025-10-30 05:20:14,844 - src.core.position_monitor_24x7 - WARNING - âš ï¸ KGENUSDT è™§æ-60.5% ä½†ç„¡original_signalï¼Œç„¡æ³•åŸ·è¡Œæ™ºèƒ½å‡ºå ´
2025-10-30T05:20:42.570663126Z [inf]  2025-10-30 05:20:32,924 - src.core.unified_scheduler - INFO - ================================================================================
2025-10-30T05:20:42.570670158Z [inf]  2025-10-30 05:20:33,039 - src.core.unified_scheduler - INFO -    â€¢ BARDUSDT SHORT @ $0.6433 | æ§“æ¡¿=12x | ç›ˆè™§=$+0.08 (+0.43%) | ğŸ“‰ ç©ºé ­ | é€²å ´ç†ç”±âŒ å·²å¤±æ•ˆ
2025-10-30T05:20:42.570672193Z [inf]  2025-10-30 05:20:32,924 - src.core.unified_scheduler - INFO - ğŸ”„ äº¤æ˜“é€±æœŸ #8 | 2025-10-30 05:20:32 UTC
2025-10-30T05:20:42.570679235Z [inf]  2025-10-30 05:20:32,924 - src.core.unified_scheduler - INFO - ================================================================================
2025-10-30T05:20:42.570686182Z [inf]  2025-10-30 05:20:33,038 - src.core.unified_scheduler - INFO - ğŸ“Š æ­·å²çµ±è¨ˆ: æš«ç„¡äº¤æ˜“è¨˜éŒ„
2025-10-30T05:20:42.570692124Z [inf]  2025-10-30 05:20:33,038 - src.core.unified_scheduler - INFO - ğŸ“¦ ç•¶å‰æŒå€‰: 6 å€‹ | ç¸½æœªå¯¦ç¾ç›ˆè™§: $-2.80
2025-10-30T05:20:42.570698273Z [inf]  2025-10-30 05:20:33,038 - src.core.unified_scheduler - INFO - ================================================================================
2025-10-30T05:20:42.570703437Z [inf]  2025-10-30 05:20:33,038 - src.core.unified_scheduler - INFO -    â€¢ KGENUSDT SHORT @ $0.2581 | æ§“æ¡¿=14x | ç›ˆè™§=$-2.16 (-4.36%) | ğŸ“‰ ç©ºé ­ | é€²å ´ç†ç”±âŒ å·²å¤±æ•ˆ
2025-10-30T05:20:42.570710409Z [inf]  2025-10-30 05:20:33,038 - src.core.unified_scheduler - INFO -    â€¢ ENSOUSDT SHORT @ $1.5170 | æ§“æ¡¿=13x | ç›ˆè™§=$-0.33 (-0.66%) | ğŸ“‰ ç©ºé ­ | é€²å ´ç†ç”±âŒ å·²å¤±æ•ˆ
2025-10-30T05:20:42.570715789Z [inf]  2025-10-30 05:20:33,039 - src.core.unified_scheduler - INFO -    â€¢ AEROUSDT LONG @ $1.0248 | æ§“æ¡¿=20x | ç›ˆè™§=$+0.06 (+0.60%) | âš ï¸ é€†å‹¢ | é€²å ´ç†ç”±âŒ å·²å¤±æ•ˆ
2025-10-30T05:20:42.570723096Z [inf]  2025-10-30 05:20:33,039 - src.core.unified_scheduler - INFO -    â€¢ MAVIAUSDT SHORT @ $0.1225 | æ§“æ¡¿=12x | ç›ˆè™§=$-0.24 (-1.20%) | ğŸ“‰ ç©ºé ­ | é€²å ´ç†ç”±âŒ å·²å¤±æ•ˆ
2025-10-30T05:20:42.572615339Z [inf]  2025-10-30 05:20:33,039 - src.core.unified_scheduler - INFO -    â€¢ COMMONUSDT SHORT @ $0.0117 | æ§“æ¡¿=13x | ç›ˆè™§=$-0.22 (-2.17%) | ğŸ“‰ ç©ºé ­ | é€²å ´ç†ç”±âŒ å·²å¤±æ•ˆ
2025-10-30T05:20:42.572631207Z [inf]  2025-10-30 05:20:33,039 - src.core.unified_scheduler - INFO - ================================================================================
2025-10-30T05:20:42.572639173Z [inf]  2025-10-30 05:20:33,039 - src.clients.binance_client - INFO - ğŸ’° è³¬æˆ¶é¤˜é¡: ç¸½é¡ 14.44 USDT, å¯ç”¨ 0.00 USDT, ä¿è­‰é‡‘ 14.44 USDT, æœªå¯¦ç¾ç›ˆè™§ -2.80 USDT
2025-10-30T05:20:42.572647211Z [inf]  2025-10-30 05:20:33,039 - src.core.unified_scheduler - INFO - ğŸ’° è³¬æˆ¶é¤˜é¡: ç¸½é¡=$14.44 | å¯ç”¨=$0.00 | ä¿è­‰é‡‘=$14.44 | æœªå¯¦ç¾ç›ˆè™§=$-2.80
2025-10-30T05:20:42.572653892Z [inf]  2025-10-30 05:20:33,039 - src.core.unified_scheduler - INFO - ğŸ¯ æ¨¡å‹è©•åˆ†: ç„¡äº¤æ˜“è¨˜éŒ„
2025-10-30T05:20:42.572661345Z [inf]  2025-10-30 05:20:33,039 - src.core.unified_scheduler - INFO - ğŸ“Š æƒæ 529 å€‹äº¤æ˜“å°ä¸­...
2025-10-30T05:20:42.572668862Z [inf]  2025-10-30 05:20:33,049 - src.services.data_service - INFO - ================================================================================
2025-10-30T05:20:42.572676813Z [inf]  2025-10-30 05:20:33,049 - src.services.data_service - INFO - ğŸ“Š DataService WebSocketçµ±è¨ˆï¼ˆæœ€è¿‘5åˆ†é˜ï¼‰:
2025-10-30T05:20:42.572682580Z [inf]  2025-10-30 05:20:33,049 - src.services.data_service - INFO -    ç¸½è«‹æ±‚: 3704
2025-10-30T05:20:42.572688835Z [inf]  2025-10-30 05:20:33,049 - src.services.data_service - INFO -    WebSocketå‘½ä¸­: 0 (0.0%)
2025-10-30T05:20:42.572695907Z [inf]  2025-10-30 05:20:33,049 - src.services.data_service - INFO -    RESTå‚™æ´: 3704 (100.0%)
2025-10-30T05:20:42.572702966Z [inf]  2025-10-30 05:20:33,049 - src.services.data_service - INFO - ================================================================================
2025-10-30T05:20:44.720985859Z [inf]  2025-10-30 05:20:44,716 - src.core.unified_scheduler - INFO - âœ… ç™¼ç¾ 319 å€‹äº¤æ˜“ä¿¡è™Ÿ
2025-10-30T05:20:44.720991336Z [inf]  2025-10-30 05:20:44,716 - src.core.unified_scheduler - INFO - ğŸ“Š ä¿¡è™ŸåŸ·è¡Œ | å¯ç”¨ä¿è­‰é‡‘: $0.00 | å·²æœ‰å€‰ä½: 6 | æ–°ä¿¡è™Ÿæ•¸: 319
2025-10-30T05:20:44.827646459Z [inf]  2025-10-30 05:20:44,820 - src.clients.binance_client - INFO - ğŸ’° è³¬æˆ¶é¤˜é¡: ç¸½é¡ 14.44 USDT, å¯ç”¨ 0.00 USDT, ä¿è­‰é‡‘ 14.44 USDT, æœªå¯¦ç¾ç›ˆè™§ -2.79 USDT
2025-10-30T05:20:44.827656050Z [inf]  2025-10-30 05:20:44,820 - src.strategies.self_learning_trader - INFO - ğŸ’° å¸³æˆ¶ç‹€æ…‹ | ç¸½æ¬Šç›Š: $11.66 | å¯ç”¨ä¿è­‰é‡‘: $0.00 | å·²ä½”ç”¨ä¿è­‰é‡‘: $14.44
2025-10-30T05:20:44.827662270Z [inf]  2025-10-30 05:20:44,822 - src.core.capital_allocator - INFO - ğŸ’° è³ªé‡æ’åå®Œæˆï¼š319/319 ä¿¡è™Ÿé€šéè³ªé‡é–€æª» | æœ€é«˜åˆ†: 0.899 | æœ€ä½åˆ†: 0.789
2025-10-30T05:20:44.827668508Z [inf]  2025-10-30 05:20:44,822 - src.core.capital_allocator - INFO - ğŸ’° é ç®—æ± åˆå§‹åŒ– | ç¸½é ç®—: $0.00 (80% Ã— $0.00) | å–®å€‰ä¸Šé™: $5.83 (50% Ã— $11.66)
2025-10-30T05:20:44.827674346Z [inf]  2025-10-30 05:20:44,822 - src.core.capital_allocator - INFO - ğŸ’° é ç®—è€—ç›¡ï¼Œæ‹’çµ•å‰©é¤˜ 319 å€‹ä¿¡è™Ÿ ï¼ˆæ’å 1-319ï¼‰
2025-10-30T05:20:44.827680478Z [inf]  2025-10-30 05:20:44,822 - src.core.capital_allocator - INFO - ================================================================================
2025-10-30T05:20:44.827685849Z [inf]  2025-10-30 05:20:44,822 - src.core.capital_allocator - INFO - âœ… è³‡é‡‘åˆ†é…å®Œæˆ
2025-10-30T05:20:44.827691372Z [inf]  2025-10-30 05:20:44,822 - src.core.capital_allocator - INFO -    ç²æ‰¹ä¿¡è™Ÿ: 0/319 (é€šéè³ªé‡é–€æª»)
2025-10-30T05:20:44.827696544Z [inf]  2025-10-30 05:20:44,822 - src.core.capital_allocator - WARNING -    âš ï¸ ç„¡å¯ç”¨é ç®—ï¼ˆavailable_margin=0ï¼Œå¯èƒ½æ˜¯å¸³æˆ¶é¤˜é¡ç‚º0æˆ–APIå¤±æ•—ï¼‰
2025-10-30T05:20:44.827701947Z [inf]  2025-10-30 05:20:44,822 - src.core.capital_allocator - INFO -    ç¸½åˆ†é…: $0.00 / $0.00
2025-10-30T05:20:44.827706956Z [inf]  2025-10-30 05:20:44,822 - src.core.capital_allocator - INFO -    ç²æ‰¹ä¿¡è™Ÿå°‡ç„¡æ³•åŸ·è¡Œ
2025-10-30T05:20:44.827719620Z [inf]  2025-10-30 05:20:44,822 - src.core.capital_allocator - INFO - ================================================================================
2025-10-30T05:20:44.828857220Z [inf]  2025-10-30 05:20:44,822 - src.strategies.self_learning_trader - INFO - ğŸ’° ç„¡ä¿¡è™Ÿç²å¾—è³‡é‡‘åˆ†é…
2025-10-30T05:20:44.828861940Z [inf]  2025-10-30 05:20:44,822 - src.core.unified_scheduler - INFO - âœ… é€±æœŸå®Œæˆ | è€—æ™‚: 11.9s | æ–°æˆäº¤: 0
2025-10-30T05:20:44.828865931Z [inf]  2025-10-30 05:20:44,822 - src.core.unified_scheduler - INFO - ================================================================================
2025-10-30T05:34:06.811860034Z [inf]  2025-10-30 05:34:06,666 - src.core.capital_allocator - INFO -    ç²æ‰¹ä¿¡è™Ÿ: 336/336 (é€šéè³ªé‡é–€æª»)
2025-10-30T05:34:06.811866144Z [inf]  2025-10-30 05:34:06,666 - src.core.capital_allocator - INFO -    ç¸½åˆ†é…: $0.50 / $0.50 (100.0%)
2025-10-30T05:34:06.811871457Z [inf]  2025-10-30 05:34:06,666 - src.core.capital_allocator - INFO -    å‰©é¤˜é ç®—: $0.00
2025-10-30T05:34:06.811877186Z [inf]  2025-10-30 05:34:06,666 - src.core.capital_allocator - INFO -    é ç®—åˆ©ç”¨ç‡: 100.0%
2025-10-30T05:34:06.811883340Z [inf]  2025-10-30 05:34:06,666 - src.core.capital_allocator - INFO - ================================================================================
2025-10-30T05:34:06.814940436Z [inf]  2025-10-30 05:34:06,666 - src.strategies.self_learning_trader - WARNING - ğŸ’° ç²æ‰¹ä¿¡è™Ÿ (336) è¶…éæœ€å¤§é–‹å€‰æ•¸ (5)ï¼Œåƒ…åŸ·è¡Œå‰ 5 å€‹
2025-10-30T05:34:06.814950033Z [inf]  2025-10-30 05:34:06,666 - src.strategies.self_learning_trader - WARNING - ğŸ’° TOWNSUSDT å€‰ä½éå° (0.03 < 10.0)ï¼Œèª¿æ•´è‡³æœ€å°å€¼
2025-10-30T05:34:06.814960015Z [inf]  2025-10-30 05:34:06,666 - src.strategies.self_learning_trader - INFO - ğŸ’° åŸ·è¡Œ #1/5 | TOWNSUSDT | åˆ†é…: $0.00 | æ§“æ¡¿: 20.9x | å€‰ä½: 906.618314 | åç¾©åƒ¹å€¼: $10.00 | è³ªé‡åˆ†æ•¸: 0.899
2025-10-30T05:34:06.814968357Z [inf]  2025-10-30 05:34:06,749 - src.clients.binance_client - INFO - å‰µå»ºè¨‚å–®: TOWNSUSDT SELL MARKET 906.0
2025-10-30T05:34:06.834758109Z [inf]  2025-10-30 05:34:06,826 - src.strategies.self_learning_trader - INFO - âœ… ä¸‹å–®æˆåŠŸ: TOWNSUSDT SHORT | æ•¸é‡=906.618314 | æ§“æ¡¿=20.9x | åƒ¹å€¼=$10.00
2025-10-30T05:34:06.834775848Z [inf]  2025-10-30 05:34:06,826 - src.strategies.self_learning_trader - INFO - âœ… TOWNSUSDT é–‹å€‰æˆåŠŸ | å€‰ä½ID: UNKNOWN
2025-10-30T05:34:06.834781817Z [inf]  2025-10-30 05:34:06,826 - src.strategies.self_learning_trader - WARNING - ğŸ’° TRXUSDT å€‰ä½éå° (0.02 < 10.0)ï¼Œèª¿æ•´è‡³æœ€å°å€¼
2025-10-30T05:34:06.834786670Z [inf]  2025-10-30 05:34:06,826 - src.strategies.self_learning_trader - INFO - ğŸ’° åŸ·è¡Œ #2/5 | TRXUSDT | åˆ†é…: $0.00 | æ§“æ¡¿: 13.9x | å€‰ä½: 34.021706 | åç¾©åƒ¹å€¼: $10.00 | è³ªé‡åˆ†æ•¸: 0.861
2025-10-30T05:34:06.922106700Z [inf]  2025-10-30 05:34:06,900 - src.clients.binance_client - INFO - å‰µå»ºè¨‚å–®: TRXUSDT SELL MARKET 34.0
2025-10-30T05:34:06.980995302Z [inf]  2025-10-30 05:34:06,976 - src.clients.binance_client - ERROR - Binance API éŒ¯èª¤ 400: code=-2019, msg=Margin is insufficient., endpoint=/fapi/v1/order, params={'symbol': 'TRXUSDT', 'side': 'SELL', 'type': 'MARKET', 'quantity': 34.0, 'positionSide': 'SHORT', 'timestamp': 1761802446901}
2025-10-30T05:34:06.981007576Z [inf]  2025-10-30 05:34:06,976 - src.core.circuit_breaker - WARNING - ğŸ”„ ç†”æ–·å™¨ç´šåˆ¥è®ŠåŒ–: normal â†’ warning (å¤±æ•—æ¬¡æ•¸: 1)
2025-10-30T05:34:06.981015276Z [inf]  2025-10-30 05:34:06,976 - src.clients.binance_client - ERROR - API è«‹æ±‚å¤±æ•—: /fapi/v1/order - HTTP 400: Bad Request
2025-10-30T05:34:06.981025491Z [inf]  2025-10-30 05:34:06,976 - src.strategies.self_learning_trader - ERROR - âŒ ä¸‹å–®å¤±æ•— TRXUSDT: HTTP 400: Bad Request
2025-10-30T05:34:06.981031796Z [inf]  Traceback (most recent call last):
2025-10-30T05:34:06.981038058Z [inf]    File "/app/src/clients/binance_client.py", line 203, in _request
2025-10-30T05:34:06.981044145Z [inf]      result = await self.circuit_breaker.call_async(_do_request)
2025-10-30T05:34:06.981050450Z [inf]               ^^^^^^^^^^^^^^^^^^^^^^^^^^^^^^^^^^^^^^^^^^^^^^^^^^
2025-10-30T05:34:06.981056795Z [inf]    File "/app/src/core/circuit_breaker.py", line 339, in call_async
2025-10-30T05:34:06.981064058Z [inf]      raise e
2025-10-30T05:34:06.981070189Z [inf]    File "/app/src/core/circuit_breaker.py", line 334, in call_async
2025-10-30T05:34:06.981076487Z [inf]      result = await func(*args, **kwargs)
2025-10-30T05:34:06.981147005Z [inf]               ^^^^^^^^^^^^^^^^^^^^^^^^^^^
2025-10-30T05:34:06.981159693Z [inf]    File "/app/src/clients/binance_client.py", line 165, in _do_request
2025-10-30T05:34:06.981166319Z [inf]      response.raise_for_status()
2025-10-30T05:34:06.981172116Z [inf]    File "/opt/venv/lib/python3.11/site-packages/aiohttp/client_reqrep.py", line 636, in raise_for_status
2025-10-30T05:34:06.981179894Z [inf]      raise ClientResponseError(
2025-10-30T05:34:06.983752416Z [inf]  aiohttp.client_exceptions.ClientResponseError: 400, message='Bad Request', url='https://fapi.binance.com/fapi/v1/order?positionSide=SHORT&quantity=34.0&side=SELL&symbol=TRXUSDT&timestamp=1761802446901&type=MARKET&signature=97c8157b18562331684756a18745f8d49710b0437d7326cb54044209f91b40cf'
2025-10-30T05:34:06.983762623Z [inf]  
2025-10-30T05:34:06.983769926Z [inf]  During handling of the above exception, another exception occurred:
2025-10-30T05:34:06.983775521Z [inf]  
2025-10-30T05:34:06.983783647Z [inf]  Traceback (most recent call last):
2025-10-30T05:34:06.983790739Z [inf]    File "/app/src/strategies/self_learning_trader.py", line 699, in _place_order_and_monitor
2025-10-30T05:34:06.983796598Z [inf]      order_result = await self.binance_client.place_order(
2025-10-30T05:34:06.983802153Z [inf]                     ^^^^^^^^^^^^^^^^^^^^^^^^^^^^^^^^^^^^^^
2025-10-30T05:34:06.983812522Z [inf]    File "/app/src/clients/binance_client.py", line 633, in place_order
2025-10-30T05:34:06.983819969Z [inf]      return await self.create_order(symbol, side, order_type, quantity, price, stop_price, **kwargs)
2025-10-30T05:34:06.983825864Z [inf]             ^^^^^^^^^^^^^^^^^^^^^^^^^^^^^^^^^^^^^^^^^^^^^^^^^^^^^^^^^^^^^^^^^^^^^^^^^^^^^^^^^^^^^^^^
2025-10-30T05:34:06.983856040Z [inf]    File "/app/src/clients/binance_client.py", line 568, in create_order
2025-10-30T05:34:06.983874977Z [inf]      return await self._request("POST", "/fapi/v1/order", params=params, signed=True)
2025-10-30T05:34:06.983891053Z [inf]             ^^^^^^^^^^^^^^^^^^^^^^^^^^^^^^^^^^^^^^^^^^^^^^^^^^^^^^^^^^^^^^^^^^^^^^^^^
2025-10-30T05:34:06.983906069Z [inf]    File "/app/src/clients/binance_client.py", line 207, in _request
2025-10-30T05:34:06.983920134Z [inf]      raise BinanceRequestError(
2025-10-30T05:34:06.983931614Z [inf]  src.clients.binance_errors.BinanceRequestError: HTTP 400: Bad Request
2025-10-30T05:34:06.983942412Z [inf]  2025-10-30 05:34:06,977 - src.strategies.self_learning_trader - WARNING - âŒ TRXUSDT é–‹å€‰å¤±æ•—
2025-10-30T05:34:07.502417846Z [inf]  2025-10-30 05:34:07,129 - src.core.circuit_breaker - WARNING - ğŸ”„ ç†”æ–·å™¨ç´šåˆ¥è®ŠåŒ–: normal â†’ warning (å¤±æ•—æ¬¡æ•¸: 1)
2025-10-30T05:34:07.502433480Z [inf]  2025-10-30 05:34:07,129 - src.clients.binance_client - ERROR - API è«‹æ±‚å¤±æ•—: /fapi/v1/order - HTTP 400: Bad Request
2025-10-30T05:34:07.502443924Z [inf]  2025-10-30 05:34:07,129 - src.strategies.self_learning_trader - ERROR - âŒ ä¸‹å–®å¤±æ•— BNBUSDT: HTTP 400: Bad Request
2025-10-30T05:34:07.502457992Z [inf]  Traceback (most recent call last):
2025-10-30T05:34:07.502467788Z [inf]    File "/app/src/clients/binance_client.py", line 203, in _request
2025-10-30T05:34:07.502476921Z [inf]      result = await self.circuit_breaker.call_async(_do_request)
2025-10-30T05:34:07.502485960Z [inf]  2025-10-30 05:34:06,977 - src.strategies.self_learning_trader - WARNING - ğŸ’° BNBUSDT å€‰ä½éå° (0.02 < 10.0)ï¼Œèª¿æ•´è‡³æœ€å°å€¼
2025-10-30T05:34:07.502497125Z [inf]  2025-10-30 05:34:06,977 - src.strategies.self_learning_trader - INFO - ğŸ’° åŸ·è¡Œ #3/5 | BNBUSDT | åˆ†é…: $0.00 | æ§“æ¡¿: 13.5x | å€‰ä½: 0.009063 | åç¾©åƒ¹å€¼: $10.00 | è³ªé‡åˆ†æ•¸: 0.853
2025-10-30T05:34:07.502504680Z [inf]  2025-10-30 05:34:06,977 - src.core.circuit_breaker - WARNING - âš ï¸  ç†”æ–·å™¨è­¦å‘Šç´š: å¤±æ•—1æ¬¡ (æ“ä½œ: generic, å„ªå…ˆç´š: NORMAL)
2025-10-30T05:34:07.502512613Z [inf]  2025-10-30 05:34:07,053 - src.core.circuit_breaker - WARNING - ğŸ”„ ç†”æ–·å™¨ç´šåˆ¥è®ŠåŒ–: warning â†’ normal (å¤±æ•—æ¬¡æ•¸: 0)
2025-10-30T05:34:07.502519573Z [inf]  2025-10-30 05:34:07,053 - src.clients.binance_client - INFO - å‰µå»ºè¨‚å–®: BNBUSDT SELL MARKET 0.0
2025-10-30T05:34:07.502526745Z [inf]  2025-10-30 05:34:07,129 - src.clients.binance_client - ERROR - Binance API éŒ¯èª¤ 400: code=-4003, msg=Quantity less than or equal to zero., endpoint=/fapi/v1/order, params={'symbol': 'BNBUSDT', 'side': 'SELL', 'type': 'MARKET', 'quantity': 0.0, 'positionSide': 'SHORT', 'timestamp': 1761802447053}
2025-10-30T05:34:07.505092635Z [inf]               ^^^^^^^^^^^^^^^^^^^^^^^^^^^^^^^^^^^^^^^^^^^^^^^^^^
2025-10-30T05:34:07.505103486Z [inf]    File "/app/src/core/circuit_breaker.py", line 339, in call_async
2025-10-30T05:34:07.505111764Z [inf]      raise e
2025-10-30T05:34:07.505119773Z [inf]    File "/app/src/core/circuit_breaker.py", line 334, in call_async
2025-10-30T05:34:07.505128610Z [inf]      result = await func(*args, **kwargs)
2025-10-30T05:34:07.505137392Z [inf]               ^^^^^^^^^^^^^^^^^^^^^^^^^^^
2025-10-30T05:34:07.505145819Z [inf]    File "/app/src/clients/binance_client.py", line 165, in _do_request
2025-10-30T05:34:07.505154034Z [inf]      response.raise_for_status()
2025-10-30T05:34:07.505162149Z [inf]    File "/opt/venv/lib/python3.11/site-packages/aiohttp/client_reqrep.py", line 636, in raise_for_status
2025-10-30T05:34:07.505171086Z [inf]      raise ClientResponseError(
2025-10-30T05:34:07.505178162Z [inf]  aiohttp.client_exceptions.ClientResponseError: 400, message='Bad Request', url='https://fapi.binance.com/fapi/v1/order?positionSide=SHORT&quantity=0.0&side=SELL&symbol=BNBUSDT&timestamp=1761802447053&type=MARKET&signature=7ead356f91da44f8967b0afec0a6240a130fc67dc5b2b218ce79afd341e2e1cc'
2025-10-30T05:34:07.505185670Z [inf]  
2025-10-30T05:34:07.505197747Z [inf]  During handling of the above exception, another exception occurred:
2025-10-30T05:34:07.505208699Z [inf]  
2025-10-30T05:34:07.505216545Z [inf]  Traceback (most recent call last):
2025-10-30T05:34:07.505224814Z [inf]    File "/app/src/strategies/self_learning_trader.py", line 699, in _place_order_and_monitor
2025-10-30T05:34:07.505235857Z [inf]      order_result = await self.binance_client.place_order(
2025-10-30T05:34:07.505244345Z [inf]                     ^^^^^^^^^^^^^^^^^^^^^^^^^^^^^^^^^^^^^^
2025-10-30T05:34:07.505251702Z [inf]    File "/app/src/clients/binance_client.py", line 633, in place_order
2025-10-30T05:34:07.505257763Z [inf]      return await self.create_order(symbol, side, order_type, quantity, price, stop_price, **kwargs)
2025-10-30T05:34:07.505481362Z [inf]             ^^^^^^^^^^^^^^^^^^^^^^^^^^^^^^^^^^^^^^^^^^^^^^^^^^^^^^^^^^^^^^^^^^^^^^^^^^^^^^^^^^^^^^^^
2025-10-30T05:34:07.505489847Z [inf]    File "/app/src/clients/binance_client.py", line 568, in create_order
2025-10-30T05:34:07.505495390Z [inf]      return await self._request("POST", "/fapi/v1/order", params=params, signed=True)
2025-10-30T05:34:07.505500573Z [inf]             ^^^^^^^^^^^^^^^^^^^^^^^^^^^^^^^^^^^^^^^^^^^^^^^^^^^^^^^^^^^^^^^^^^^^^^^^^
2025-10-30T05:34:07.505505803Z [inf]    File "/app/src/clients/binance_client.py", line 207, in _request
2025-10-30T05:34:07.505511202Z [inf]      raise BinanceRequestError(
2025-10-30T05:34:07.505516608Z [inf]  src.clients.binance_errors.BinanceRequestError: HTTP 400: Bad Request
2025-10-30T05:34:07.505521827Z [inf]  2025-10-30 05:34:07,130 - src.strategies.self_learning_trader - WARNING - âŒ BNBUSDT é–‹å€‰å¤±æ•—
2025-10-30T05:34:07.505526960Z [inf]  2025-10-30 05:34:07,130 - src.strategies.self_learning_trader - WARNING - ğŸ’° CETUSUSDT å€‰ä½éå° (0.02 < 10.0)ï¼Œèª¿æ•´è‡³æœ€å°å€¼
2025-10-30T05:34:07.505532397Z [inf]  2025-10-30 05:34:07,130 - src.strategies.self_learning_trader - INFO - ğŸ’° åŸ·è¡Œ #4/5 | CETUSUSDT | åˆ†é…: $0.00 | æ§“æ¡¿: 13.5x | å€‰ä½: 213.219616 | åç¾©åƒ¹å€¼: $10.00 | è³ªé‡åˆ†æ•¸: 0.853
2025-10-30T05:34:07.505537797Z [inf]  2025-10-30 05:34:07,130 - src.core.circuit_breaker - WARNING - âš ï¸  ç†”æ–·å™¨è­¦å‘Šç´š: å¤±æ•—1æ¬¡ (æ“ä½œ: generic, å„ªå…ˆç´š: NORMAL)
2025-10-30T05:34:07.505543080Z [inf]  2025-10-30 05:34:07,209 - src.core.circuit_breaker - WARNING - ğŸ”„ ç†”æ–·å™¨ç´šåˆ¥è®ŠåŒ–: warning â†’ normal (å¤±æ•—æ¬¡æ•¸: 0)
2025-10-30T05:34:07.505548465Z [inf]  2025-10-30 05:34:07,209 - src.clients.binance_client - INFO - å‰µå»ºè¨‚å–®: CETUSUSDT SELL MARKET 213.0
2025-10-30T05:34:07.505553539Z [inf]  2025-10-30 05:34:07,291 - src.clients.binance_client - ERROR - Binance API éŒ¯èª¤ 400: code=-2019, msg=Margin is insufficient., endpoint=/fapi/v1/order, params={'symbol': 'CETUSUSDT', 'side': 'SELL', 'type': 'MARKET', 'quantity': 213.0, 'positionSide': 'SHORT', 'timestamp': 1761802447209}
2025-10-30T05:34:07.507230534Z [inf]    File "/app/src/clients/binance_client.py", line 165, in _do_request
2025-10-30T05:34:07.507237104Z [inf]      response.raise_for_status()
2025-10-30T05:34:07.507243402Z [inf]  2025-10-30 05:34:07,292 - src.core.circuit_breaker - WARNING - ğŸ”„ ç†”æ–·å™¨ç´šåˆ¥è®ŠåŒ–: normal â†’ warning (å¤±æ•—æ¬¡æ•¸: 1)
2025-10-30T05:34:07.507245543Z [inf]    File "/opt/venv/lib/python3.11/site-packages/aiohttp/client_reqrep.py", line 636, in raise_for_status
2025-10-30T05:34:07.507252361Z [inf]      raise ClientResponseError(
2025-10-30T05:34:07.507252574Z [inf]  2025-10-30 05:34:07,292 - src.clients.binance_client - ERROR - API è«‹æ±‚å¤±æ•—: /fapi/v1/order - HTTP 400: Bad Request
2025-10-30T05:34:07.507259622Z [inf]  aiohttp.client_exceptions.ClientResponseError: 400, message='Bad Request', url='https://fapi.binance.com/fapi/v1/order?positionSide=SHORT&quantity=213.0&side=SELL&symbol=CETUSUSDT&timestamp=1761802447209&type=MARKET&signature=f2e9cf16c16b070a810b9987ce81d612d986755492649d4eb4dda0f77d7af65b'
2025-10-30T05:34:07.507262969Z [inf]  2025-10-30 05:34:07,292 - src.strategies.self_learning_trader - ERROR - âŒ ä¸‹å–®å¤±æ•— CETUSUSDT: HTTP 400: Bad Request
2025-10-30T05:34:07.507268701Z [inf]  Traceback (most recent call last):
2025-10-30T05:34:07.507275847Z [inf]    File "/app/src/clients/binance_client.py", line 203, in _request
2025-10-30T05:34:07.507289165Z [inf]      result = await self.circuit_breaker.call_async(_do_request)
2025-10-30T05:34:07.507294442Z [inf]               ^^^^^^^^^^^^^^^^^^^^^^^^^^^^^^^^^^^^^^^^^^^^^^^^^^
2025-10-30T05:34:07.507299782Z [inf]    File "/app/src/core/circuit_breaker.py", line 339, in call_async
2025-10-30T05:34:07.507305241Z [inf]      raise e
2025-10-30T05:34:07.507310738Z [inf]    File "/app/src/core/circuit_breaker.py", line 334, in call_async
2025-10-30T05:34:07.507316637Z [inf]      result = await func(*args, **kwargs)
2025-10-30T05:34:07.507322373Z [inf]               ^^^^^^^^^^^^^^^^^^^^^^^^^^^
2025-10-30T05:34:07.509172788Z [inf]  2025-10-30 05:34:07,293 - src.strategies.self_learning_trader - INFO - ğŸ’° åŸ·è¡Œ #5/5 | STBLUSDT | åˆ†é…: $0.00 | æ§“æ¡¿: 13.5x | å€‰ä½: 104.449551 | åç¾©åƒ¹å€¼: $10.00 | è³ªé‡åˆ†æ•¸: 0.853
2025-10-30T05:34:07.509181978Z [inf]  
2025-10-30T05:34:07.509191737Z [inf]  During handling of the above exception, another exception occurred:
2025-10-30T05:34:07.509198309Z [inf]  
2025-10-30T05:34:07.509204869Z [inf]  Traceback (most recent call last):
2025-10-30T05:34:07.509210962Z [inf]    File "/app/src/strategies/self_learning_trader.py", line 699, in _place_order_and_monitor
2025-10-30T05:34:07.509217341Z [inf]      order_result = await self.binance_client.place_order(
2025-10-30T05:34:07.509224027Z [inf]                     ^^^^^^^^^^^^^^^^^^^^^^^^^^^^^^^^^^^^^^
2025-10-30T05:34:07.509230819Z [inf]    File "/app/src/clients/binance_client.py", line 633, in place_order
2025-10-30T05:34:07.509236479Z [inf]      return await self.create_order(symbol, side, order_type, quantity, price, stop_price, **kwargs)
2025-10-30T05:34:07.509242986Z [inf]             ^^^^^^^^^^^^^^^^^^^^^^^^^^^^^^^^^^^^^^^^^^^^^^^^^^^^^^^^^^^^^^^^^^^^^^^^^^^^^^^^^^^^^^^^
2025-10-30T05:34:07.509248990Z [inf]    File "/app/src/clients/binance_client.py", line 568, in create_order
2025-10-30T05:34:07.509255939Z [inf]      return await self._request("POST", "/fapi/v1/order", params=params, signed=True)
2025-10-30T05:34:07.509262077Z [inf]             ^^^^^^^^^^^^^^^^^^^^^^^^^^^^^^^^^^^^^^^^^^^^^^^^^^^^^^^^^^^^^^^^^^^^^^^^^
2025-10-30T05:34:07.509267700Z [inf]    File "/app/src/clients/binance_client.py", line 207, in _request
2025-10-30T05:34:07.509273726Z [inf]      raise BinanceRequestError(
2025-10-30T05:34:07.509280266Z [inf]  src.clients.binance_errors.BinanceRequestError: HTTP 400: Bad Request
2025-10-30T05:34:07.509286282Z [inf]  2025-10-30 05:34:07,293 - src.strategies.self_learning_trader - WARNING - âŒ CETUSUSDT é–‹å€‰å¤±æ•—
2025-10-30T05:34:07.509293274Z [inf]  2025-10-30 05:34:07,293 - src.strategies.self_learning_trader - WARNING - ğŸ’° STBLUSDT å€‰ä½éå° (0.02 < 10.0)ï¼Œèª¿æ•´è‡³æœ€å°å€¼
2025-10-30T05:34:07.510701936Z [inf]  2025-10-30 05:34:07,293 - src.core.circuit_breaker - WARNING - âš ï¸  ç†”æ–·å™¨è­¦å‘Šç´š: å¤±æ•—1æ¬¡ (æ“ä½œ: generic, å„ªå…ˆç´š: NORMAL)
2025-10-30T05:34:07.510710234Z [inf]  2025-10-30 05:34:07,500 - src.core.circuit_breaker - WARNING - ğŸ”„ ç†”æ–·å™¨ç´šåˆ¥è®ŠåŒ–: warning â†’ normal (å¤±æ•—æ¬¡æ•¸: 0)
2025-10-30T05:34:07.510717100Z [inf]  2025-10-30 05:34:07,501 - src.clients.binance_client - INFO - å‰µå»ºè¨‚å–®: STBLUSDT SELL MARKET 104.0
2025-10-30T05:34:07.591200777Z [inf]  2025-10-30 05:34:07,580 - src.clients.binance_client - ERROR - Binance API éŒ¯èª¤ 400: code=-2019, msg=Margin is insufficient., endpoint=/fapi/v1/order, params={'symbol': 'STBLUSDT', 'side': 'SELL', 'type': 'MARKET', 'quantity': 104.0, 'positionSide': 'SHORT', 'timestamp': 1761802447501}
2025-10-30T05:34:07.591208346Z [inf]  2025-10-30 05:34:07,580 - src.core.circuit_breaker - WARNING - ğŸ”„ ç†”æ–·å™¨ç´šåˆ¥è®ŠåŒ–: normal â†’ warning (å¤±æ•—æ¬¡æ•¸: 1)
2025-10-30T05:34:07.591223710Z [inf]  2025-10-30 05:34:07,580 - src.clients.binance_client - ERROR - API è«‹æ±‚å¤±æ•—: /fapi/v1/order - HTTP 400: Bad Request
2025-10-30T05:34:07.591229813Z [inf]  2025-10-30 05:34:07,580 - src.strategies.self_learning_trader - ERROR - âŒ ä¸‹å–®å¤±æ•— STBLUSDT: HTTP 400: Bad Request
2025-10-30T05:34:07.591234546Z [inf]  Traceback (most recent call last):
2025-10-30T05:34:07.591239341Z [inf]    File "/app/src/clients/binance_client.py", line 203, in _request
2025-10-30T05:34:07.591244278Z [inf]      result = await self.circuit_breaker.call_async(_do_request)
2025-10-30T05:34:07.591249479Z [inf]               ^^^^^^^^^^^^^^^^^^^^^^^^^^^^^^^^^^^^^^^^^^^^^^^^^^
2025-10-30T05:34:07.591254332Z [inf]    File "/app/src/core/circuit_breaker.py", line 339, in call_async
2025-10-30T05:34:07.591258690Z [inf]      raise e
2025-10-30T05:34:07.591262711Z [inf]    File "/app/src/core/circuit_breaker.py", line 334, in call_async
2025-10-30T05:34:07.591268083Z [inf]      result = await func(*args, **kwargs)
2025-10-30T05:34:07.591276064Z [inf]               ^^^^^^^^^^^^^^^^^^^^^^^^^^^
2025-10-30T05:34:07.591280198Z [inf]    File "/app/src/clients/binance_client.py", line 165, in _do_request
2025-10-30T05:34:07.591284279Z [inf]      response.raise_for_status()
2025-10-30T05:34:07.591289557Z [inf]    File "/opt/venv/lib/python3.11/site-packages/aiohttp/client_reqrep.py", line 636, in raise_for_status
2025-10-30T05:34:07.591294379Z [inf]      raise ClientResponseError(
2025-10-30T05:34:07.593076385Z [inf]      return await self._request("POST", "/fapi/v1/order", params=params, signed=True)
2025-10-30T05:34:07.593078017Z [inf]  aiohttp.client_exceptions.ClientResponseError: 400, message='Bad Request', url='https://fapi.binance.com/fapi/v1/order?positionSide=SHORT&quantity=104.0&side=SELL&symbol=STBLUSDT&timestamp=1761802447501&type=MARKET&signature=bf4a0f58aa64ec1ba012831239e661c9644ea5bc562259b3da553f42ebcb4e13'
2025-10-30T05:34:07.593085839Z [inf]             ^^^^^^^^^^^^^^^^^^^^^^^^^^^^^^^^^^^^^^^^^^^^^^^^^^^^^^^^^^^^^^^^^^^^^^^^^
2025-10-30T05:34:07.593091790Z [inf]  
2025-10-30T05:34:07.593092771Z [inf]    File "/app/src/clients/binance_client.py", line 207, in _request
2025-10-30T05:34:07.593098107Z [inf]      raise BinanceRequestError(
2025-10-30T05:34:07.593098663Z [inf]  During handling of the above exception, another exception occurred:
2025-10-30T05:34:07.593103366Z [inf]  src.clients.binance_errors.BinanceRequestError: HTTP 400: Bad Request
2025-10-30T05:34:07.593104985Z [inf]  
2025-10-30T05:34:07.593111499Z [inf]  Traceback (most recent call last):
2025-10-30T05:34:07.593113599Z [inf]  2025-10-30 05:34:07,581 - src.strategies.self_learning_trader - WARNING - âŒ STBLUSDT é–‹å€‰å¤±æ•—
2025-10-30T05:34:07.593117565Z [inf]    File "/app/src/strategies/self_learning_trader.py", line 699, in _place_order_and_monitor
2025-10-30T05:34:07.593122781Z [inf]      order_result = await self.binance_client.place_order(
2025-10-30T05:34:07.593127269Z [inf]                     ^^^^^^^^^^^^^^^^^^^^^^^^^^^^^^^^^^^^^^
2025-10-30T05:34:07.593132577Z [inf]    File "/app/src/clients/binance_client.py", line 633, in place_order
2025-10-30T05:34:07.593137877Z [inf]      return await self.create_order(symbol, side, order_type, quantity, price, stop_price, **kwargs)
2025-10-30T05:34:07.593142117Z [inf]             ^^^^^^^^^^^^^^^^^^^^^^^^^^^^^^^^^^^^^^^^^^^^^^^^^^^^^^^^^^^^^^^^^^^^^^^^^^^^^^^^^^^^^^^^
2025-10-30T05:34:07.593147203Z [inf]    File "/app/src/clients/binance_client.py", line 568, in create_order
2025-10-30T05:34:07.594623162Z [inf]  2025-10-30 05:34:07,581 - src.strategies.self_learning_trader - INFO - ================================================================================
2025-10-30T05:34:07.594635578Z [inf]  2025-10-30 05:34:07,581 - src.core.unified_scheduler - INFO -    âœ… æˆäº¤: TOWNSUSDT SHORT | æ§“æ¡¿: 20.939999999999973x
2025-10-30T05:34:07.594640767Z [inf]  2025-10-30 05:34:07,581 - src.core.unified_scheduler - INFO - âœ… é€±æœŸå®Œæˆ | è€—æ™‚: 46.9s | æ–°æˆäº¤: 1
2025-10-30T05:34:07.594662811Z [inf]  2025-10-30 05:34:07,581 - src.strategies.self_learning_trader - INFO - ================================================================================
2025-10-30T05:34:07.594675257Z [inf]  2025-10-30 05:34:07,581 - src.strategies.self_learning_trader - INFO - âœ… å¤šä¿¡è™ŸåŸ·è¡Œå®Œæˆ
2025-10-30T05:34:07.594683449Z [inf]  2025-10-30 05:34:07,581 - src.strategies.self_learning_trader - INFO -    æˆåŠŸé–‹å€‰: 1/5
2025-10-30T05:34:07.594693525Z [inf]  2025-10-30 05:34:07,581 - src.strategies.self_learning_trader - INFO -    è™›æ“¬å€‰ä½: 335
2025-10-30T05:34:07.594715516Z [inf]  2025-10-30 05:34:07,581 - src.core.unified_scheduler - INFO - ================================================================================
2025-10-30T05:35:17.125275697Z [inf]  2025-10-30 05:35:07,583 - src.core.unified_scheduler - INFO - ================================================================================
2025-10-30T05:35:17.125280859Z [inf]  2025-10-30 05:35:07,583 - src.core.unified_scheduler - INFO - ğŸ”„ äº¤æ˜“é€±æœŸ #18 | 2025-10-30 05:35:07 UTC
2025-10-30T05:35:17.125286071Z [inf]  2025-10-30 05:35:07,583 - src.core.unified_scheduler - INFO - ================================================================================
2025-10-30T05:35:17.125291504Z [inf]  2025-10-30 05:35:07,585 - src.core.circuit_breaker - WARNING - âš ï¸  ç†”æ–·å™¨è­¦å‘Šç´š: å¤±æ•—1æ¬¡ (æ“ä½œ: generic, å„ªå…ˆç´š: NORMAL)
2025-10-30T05:35:17.125297560Z [inf]  2025-10-30 05:35:07,707 - src.core.circuit_breaker - WARNING - ğŸ”„ ç†”æ–·å™¨ç´šåˆ¥è®ŠåŒ–: warning â†’ normal (å¤±æ•—æ¬¡æ•¸: 0)
2025-10-30T05:35:17.125303882Z [inf]  2025-10-30 05:35:07,708 - src.core.unified_scheduler - INFO - ğŸ“Š æ­·å²çµ±è¨ˆ: æš«ç„¡äº¤æ˜“è¨˜éŒ„
2025-10-30T05:35:17.125310507Z [inf]  2025-10-30 05:35:07,708 - src.core.unified_scheduler - INFO - ğŸ“¦ ç•¶å‰æŒå€‰: 8 å€‹ | ç¸½æœªå¯¦ç¾ç›ˆè™§: $-0.32
2025-10-30T05:35:17.125316063Z [inf]  2025-10-30 05:35:07,708 - src.core.unified_scheduler - INFO - ================================================================================
2025-10-30T05:35:17.125321312Z [inf]  2025-10-30 05:35:07,708 - src.core.unified_scheduler - INFO -    â€¢ TRXUSDT SHORT @ $0.2938 | æ§“æ¡¿=13x | ç›ˆè™§=$-0.12 (-0.17%) | ğŸ“‰ ç©ºé ­ | é€²å ´ç†ç”±âŒ å·²å¤±æ•ˆ
2025-10-30T05:35:17.125327517Z [inf]  2025-10-30 05:35:07,708 - src.core.unified_scheduler - INFO -    â€¢ AGLDUSDT SHORT @ $0.3812 | æ§“æ¡¿=13x | ç›ˆè™§=$-0.18 (-0.60%) | ğŸ“‰ ç©ºé ­ | é€²å ´ç†ç”±âŒ å·²å¤±æ•ˆ
2025-10-30T05:35:17.125332916Z [inf]  2025-10-30 05:35:07,708 - src.core.unified_scheduler - INFO -    â€¢ AEROUSDT LONG @ $1.0303 | æ§“æ¡¿=20x | ç›ˆè™§=$+0.50 (+0.63%) | âš ï¸ é€†å‹¢ | é€²å ´ç†ç”±âŒ å·²å¤±æ•ˆ
2025-10-30T05:35:17.125427455Z [inf]  2025-10-30 05:35:07,708 - src.core.unified_scheduler - INFO -    â€¢ TOWNSUSDT SHORT @ $0.0110 | æ§“æ¡¿=20x | ç›ˆè™§=$-0.04 (-0.41%) | ğŸ“‰ ç©ºé ­ | é€²å ´ç†ç”±âŒ å·²å¤±æ•ˆ
2025-10-30T05:35:17.127400545Z [inf]  2025-10-30 05:35:07,708 - src.core.unified_scheduler - INFO -    â€¢ CROSSUSDT SHORT @ $0.1293 | æ§“æ¡¿=13x | ç›ˆè™§=$+0.00 (+0.01%) | ğŸ“‰ ç©ºé ­ | é€²å ´ç†ç”±âŒ å·²å¤±æ•ˆ
2025-10-30T05:35:17.127408796Z [inf]  2025-10-30 05:35:07,708 - src.core.unified_scheduler - INFO -    â€¢ ADAUSDT SHORT @ $0.6274 | æ§“æ¡¿=13x | ç›ˆè™§=$-0.14 (-0.51%) | ğŸ“‰ ç©ºé ­ | é€²å ´ç†ç”±âŒ å·²å¤±æ•ˆ
2025-10-30T05:35:17.127416788Z [inf]  2025-10-30 05:35:07,708 - src.core.unified_scheduler - INFO -    â€¢ YFIUSDT SHORT @ $4666.6667 | æ§“æ¡¿=13x | ç›ˆè™§=$-0.11 (-0.39%) | ğŸ“‰ ç©ºé ­ | é€²å ´ç†ç”±âŒ å·²å¤±æ•ˆ
2025-10-30T05:35:17.127430213Z [inf]  2025-10-30 05:35:07,708 - src.core.unified_scheduler - INFO -    â€¢ 0GUSDT SHORT @ $1.3713 | æ§“æ¡¿=13x | ç›ˆè™§=$-0.23 (-0.61%) | ğŸ“‰ ç©ºé ­ | é€²å ´ç†ç”±âŒ å·²å¤±æ•ˆ
2025-10-30T05:35:17.127440532Z [inf]  2025-10-30 05:35:07,708 - src.core.unified_scheduler - INFO - ================================================================================
2025-10-30T05:35:17.127450307Z [inf]  2025-10-30 05:35:07,708 - src.core.unified_scheduler - INFO - ğŸ’° è³¬æˆ¶é¤˜é¡: ç¸½é¡=$20.46 | å¯ç”¨=$0.00 | ä¿è­‰é‡‘=$29.42 | æœªå¯¦ç¾ç›ˆè™§=$+20.46
2025-10-30T05:35:17.127458390Z [inf]  2025-10-30 05:35:07,708 - src.core.unified_scheduler - INFO - ğŸ¯ æ¨¡å‹è©•åˆ†: ç„¡äº¤æ˜“è¨˜éŒ„
2025-10-30T05:35:17.127466617Z [inf]  2025-10-30 05:35:07,708 - src.core.unified_scheduler - INFO - ğŸ“Š æƒæ 529 å€‹äº¤æ˜“å°ä¸­...
2025-10-30T05:35:46.765962716Z [inf]  2025-10-30 05:35:37,633 - src.core.websocket.price_feed - ERROR - âŒ PriceFeed-Shard0 æ¥æ”¶å¤±æ•—: sent 1011 (internal error) keepalive ping timeout; no close frame received
2025-10-30T05:35:46.765975202Z [inf]  2025-10-30 05:35:42,637 - src.core.unified_scheduler - INFO - âœ… ç™¼ç¾ 344 å€‹äº¤æ˜“ä¿¡è™Ÿ
2025-10-30T05:35:46.765983786Z [inf]  2025-10-30 05:35:42,637 - src.core.unified_scheduler - INFO - ğŸ“Š ä¿¡è™ŸåŸ·è¡Œ | å¯ç”¨ä¿è­‰é‡‘: $0.00 | å·²æœ‰å€‰ä½: 8 | æ–°ä¿¡è™Ÿæ•¸: 344
2025-10-30T05:35:46.765991383Z [inf]  2025-10-30 05:35:42,736 - src.clients.binance_client - INFO - ğŸ’° è³¬æˆ¶é¤˜é¡: ç¸½é¡ 20.46 USDT, å¯ç”¨ 0.04 USDT, ä¿è­‰é‡‘ 20.42 USDT, æœªå¯¦ç¾ç›ˆè™§ -0.12 USDT
2025-10-30T05:35:46.765998151Z [inf]  2025-10-30 05:35:42,736 - src.strategies.self_learning_trader - INFO - ğŸ’° å¸³æˆ¶ç‹€æ…‹ | ç¸½æ¬Šç›Š: $20.34 | å¯ç”¨ä¿è­‰é‡‘: $0.04 | å·²ä½”ç”¨ä¿è­‰é‡‘: $20.42
2025-10-30T05:35:46.766005800Z [inf]  2025-10-30 05:35:42,737 - src.core.capital_allocator - INFO - ğŸ’° è³ªé‡æ’åå®Œæˆï¼š344/344 ä¿¡è™Ÿé€šéè³ªé‡é–€æª» | æœ€é«˜åˆ†: 0.899 | æœ€ä½åˆ†: 0.789
2025-10-30T05:35:46.766014987Z [inf]  2025-10-30 05:35:42,737 - src.core.capital_allocator - INFO - ğŸ’° é ç®—æ± åˆå§‹åŒ– | ç¸½é ç®—: $0.03 (80% Ã— $0.04) | å–®å€‰ä¸Šé™: $10.17 (50% Ã— $20.34)
2025-10-30T05:35:46.766022416Z [inf]  2025-10-30 05:35:42,739 - src.core.capital_allocator - INFO - ================================================================================
2025-10-30T05:35:46.766029388Z [inf]  2025-10-30 05:35:42,739 - src.core.capital_allocator - INFO - âœ… è³‡é‡‘åˆ†é…å®Œæˆ
2025-10-30T05:35:46.766036254Z [inf]  2025-10-30 05:35:42,739 - src.core.capital_allocator - INFO -    ç²æ‰¹ä¿¡è™Ÿ: 344/344 (é€šéè³ªé‡é–€æª»)
2025-10-30T05:35:46.766042785Z [inf]  2025-10-30 05:35:42,739 - src.core.capital_allocator - INFO -    ç¸½åˆ†é…: $0.03 / $0.03 (100.0%)
2025-10-30T05:35:46.766049593Z [inf]  2025-10-30 05:35:42,739 - src.core.capital_allocator - INFO -    å‰©é¤˜é ç®—: $0.00
2025-10-30T05:35:46.768354256Z [inf]  2025-10-30 05:35:42,739 - src.core.capital_allocator - INFO -    é ç®—åˆ©ç”¨ç‡: 100.0%
2025-10-30T05:35:46.768375677Z [inf]  2025-10-30 05:35:42,739 - src.core.capital_allocator - INFO - ================================================================================
2025-10-30T05:35:46.768388269Z [inf]  2025-10-30 05:35:42,739 - src.strategies.self_learning_trader - WARNING - ğŸ’° ç²æ‰¹ä¿¡è™Ÿ (344) è¶…éæœ€å¤§é–‹å€‰æ•¸ (5)ï¼Œåƒ…åŸ·è¡Œå‰ 5 å€‹
2025-10-30T05:35:46.768398151Z [inf]  2025-10-30 05:35:42,739 - src.strategies.self_learning_trader - WARNING - ğŸ’° TOWNSUSDT å€‰ä½éå° (0.00 < 10.0)ï¼Œèª¿æ•´è‡³æœ€å°å€¼
2025-10-30T05:35:46.768408013Z [inf]  2025-10-30 05:35:42,739 - src.strategies.self_learning_trader - INFO - ğŸ’° åŸ·è¡Œ #1/5 | TOWNSUSDT | åˆ†é…: $0.00 | æ§“æ¡¿: 20.9x | å€‰ä½: 906.618314 | åç¾©åƒ¹å€¼: $10.00 | è³ªé‡åˆ†æ•¸: 0.899
2025-10-30T05:35:46.768419586Z [inf]  2025-10-30 05:35:42,814 - src.clients.binance_client - INFO - å‰µå»ºè¨‚å–®: TOWNSUSDT SELL MARKET 906.0
2025-10-30T05:35:46.768428055Z [inf]  2025-10-30 05:35:42,890 - src.clients.binance_client - ERROR - Binance API éŒ¯èª¤ 400: code=-2019, msg=Margin is insufficient., endpoint=/fapi/v1/order, params={'symbol': 'TOWNSUSDT', 'side': 'SELL', 'type': 'MARKET', 'quantity': 906.0, 'positionSide': 'SHORT', 'timestamp': 1761802542814}
2025-10-30T05:35:46.768437135Z [inf]  2025-10-30 05:35:42,890 - src.core.circuit_breaker - WARNING - ğŸ”„ ç†”æ–·å™¨ç´šåˆ¥è®ŠåŒ–: normal â†’ warning (å¤±æ•—æ¬¡æ•¸: 1)
2025-10-30T05:35:46.768449964Z [inf]  2025-10-30 05:35:42,890 - src.clients.binance_client - ERROR - API è«‹æ±‚å¤±æ•—: /fapi/v1/order - HTTP 400: Bad Request
2025-10-30T05:35:46.768460893Z [inf]  2025-10-30 05:35:42,890 - src.strategies.self_learning_trader - ERROR - âŒ ä¸‹å–®å¤±æ•— TOWNSUSDT: HTTP 400: Bad Request
2025-10-30T05:35:46.768469805Z [inf]  Traceback (most recent call last):
2025-10-30T05:35:46.768482356Z [inf]    File "/app/src/clients/binance_client.py", line 203, in _request
2025-10-30T05:35:46.770236205Z [inf]      result = await self.circuit_breaker.call_async(_do_request)
2025-10-30T05:35:46.770252216Z [inf]               ^^^^^^^^^^^^^^^^^^^^^^^^^^^^^^^^^^^^^^^^^^^^^^^^^^
2025-10-30T05:35:46.770264746Z [inf]    File "/app/src/core/circuit_breaker.py", line 339, in call_async
2025-10-30T05:35:46.770274630Z [inf]      raise e
2025-10-30T05:35:46.770283326Z [inf]    File "/app/src/core/circuit_breaker.py", line 334, in call_async
2025-10-30T05:35:46.770291616Z [inf]      result = await func(*args, **kwargs)
2025-10-30T05:35:46.770299731Z [inf]               ^^^^^^^^^^^^^^^^^^^^^^^^^^^
2025-10-30T05:35:46.770308841Z [inf]    File "/app/src/clients/binance_client.py", line 165, in _do_request
2025-10-30T05:35:46.770318738Z [inf]      response.raise_for_status()
2025-10-30T05:35:46.770329094Z [inf]    File "/opt/venv/lib/python3.11/site-packages/aiohttp/client_reqrep.py", line 636, in raise_for_status
2025-10-30T05:35:46.770342970Z [inf]      raise ClientResponseError(
2025-10-30T05:35:46.770350695Z [inf]  aiohttp.client_exceptions.ClientResponseError: 400, message='Bad Request', url='https://fapi.binance.com/fapi/v1/order?positionSide=SHORT&quantity=906.0&side=SELL&symbol=TOWNSUSDT&timestamp=1761802542814&type=MARKET&signature=76d01a5665fe068893af088665509753ac9b67755521aba41544aa2bbf98b849'
2025-10-30T05:35:46.770359642Z [inf]  
2025-10-30T05:35:46.770369359Z [inf]  During handling of the above exception, another exception occurred:
2025-10-30T05:35:46.770378425Z [inf]  
2025-10-30T05:35:46.770387199Z [inf]  Traceback (most recent call last):
2025-10-30T05:35:46.770395970Z [inf]    File "/app/src/strategies/self_learning_trader.py", line 699, in _place_order_and_monitor
2025-10-30T05:35:46.770403596Z [inf]      order_result = await self.binance_client.place_order(
2025-10-30T05:35:46.770410767Z [inf]                     ^^^^^^^^^^^^^^^^^^^^^^^^^^^^^^^^^^^^^^
2025-10-30T05:35:46.770419174Z [inf]    File "/app/src/clients/binance_client.py", line 633, in place_order
2025-10-30T05:35:46.772786317Z [inf]      return await self.create_order(symbol, side, order_type, quantity, price, stop_price, **kwargs)
2025-10-30T05:35:46.772795737Z [inf]             ^^^^^^^^^^^^^^^^^^^^^^^^^^^^^^^^^^^^^^^^^^^^^^^^^^^^^^^^^^^^^^^^^^^^^^^^^^^^^^^^^^^^^^^^
2025-10-30T05:35:46.772805192Z [inf]    File "/app/src/clients/binance_client.py", line 568, in create_order
2025-10-30T05:35:46.772816219Z [inf]      return await self._request("POST", "/fapi/v1/order", params=params, signed=True)
2025-10-30T05:35:46.772823294Z [inf]             ^^^^^^^^^^^^^^^^^^^^^^^^^^^^^^^^^^^^^^^^^^^^^^^^^^^^^^^^^^^^^^^^^^^^^^^^^
2025-10-30T05:35:46.772828703Z [inf]    File "/app/src/clients/binance_client.py", line 207, in _request
2025-10-30T05:35:46.772834984Z [inf]      raise BinanceRequestError(
2025-10-30T05:35:46.772841049Z [inf]  src.clients.binance_errors.BinanceRequestError: HTTP 400: Bad Request
2025-10-30T05:35:46.772847163Z [inf]  2025-10-30 05:35:42,891 - src.strategies.self_learning_trader - WARNING - âŒ TOWNSUSDT é–‹å€‰å¤±æ•—
2025-10-30T05:35:46.772853751Z [inf]  2025-10-30 05:35:42,891 - src.strategies.self_learning_trader - WARNING - ğŸ’° TRXUSDT å€‰ä½éå° (0.00 < 10.0)ï¼Œèª¿æ•´è‡³æœ€å°å€¼
2025-10-30T05:35:46.772860315Z [inf]  2025-10-30 05:35:42,891 - src.strategies.self_learning_trader - INFO - ğŸ’° åŸ·è¡Œ #2/5 | TRXUSDT | åˆ†é…: $0.00 | æ§“æ¡¿: 13.9x | å€‰ä½: 34.021706 | åç¾©åƒ¹å€¼: $10.00 | è³ªé‡åˆ†æ•¸: 0.861
2025-10-30T05:35:46.772866193Z [inf]  2025-10-30 05:35:42,891 - src.core.circuit_breaker - WARNING - âš ï¸  ç†”æ–·å™¨è­¦å‘Šç´š: å¤±æ•—1æ¬¡ (æ“ä½œ: generic, å„ªå…ˆç´š: NORMAL)
2025-10-30T05:35:46.772872687Z [inf]  2025-10-30 05:35:42,974 - src.core.circuit_breaker - WARNING - ğŸ”„ ç†”æ–·å™¨ç´šåˆ¥è®ŠåŒ–: warning â†’ normal (å¤±æ•—æ¬¡æ•¸: 0)
2025-10-30T05:35:46.772878452Z [inf]  2025-10-30 05:35:42,974 - src.clients.binance_client - INFO - å‰µå»ºè¨‚å–®: TRXUSDT SELL MARKET 34.0
2025-10-30T05:35:46.772884852Z [inf]  2025-10-30 05:35:43,050 - src.clients.binance_client - ERROR - Binance API éŒ¯èª¤ 400: code=-2019, msg=Margin is insufficient., endpoint=/fapi/v1/order, params={'symbol': 'TRXUSDT', 'side': 'SELL', 'type': 'MARKET', 'quantity': 34.0, 'positionSide': 'SHORT', 'timestamp': 1761802542974}
2025-10-30T05:35:46.775348917Z [inf]  2025-10-30 05:35:43,050 - src.core.circuit_breaker - WARNING - ğŸ”„ ç†”æ–·å™¨ç´šåˆ¥è®ŠåŒ–: normal â†’ warning (å¤±æ•—æ¬¡æ•¸: 1)
2025-10-30T05:35:46.775357635Z [inf]  2025-10-30 05:35:43,050 - src.clients.binance_client - ERROR - API è«‹æ±‚å¤±æ•—: /fapi/v1/order - HTTP 400: Bad Request
2025-10-30T05:35:46.775364472Z [inf]  2025-10-30 05:35:43,050 - src.strategies.self_learning_trader - ERROR - âŒ ä¸‹å–®å¤±æ•— TRXUSDT: HTTP 400: Bad Request
2025-10-30T05:35:46.775370248Z [inf]  Traceback (most recent call last):
2025-10-30T05:35:46.775375593Z [inf]    File "/app/src/clients/binance_client.py", line 203, in _request
2025-10-30T05:35:46.775381248Z [inf]      result = await self.circuit_breaker.call_async(_do_request)
2025-10-30T05:35:46.775387529Z [inf]               ^^^^^^^^^^^^^^^^^^^^^^^^^^^^^^^^^^^^^^^^^^^^^^^^^^
2025-10-30T05:35:46.775393403Z [inf]    File "/app/src/core/circuit_breaker.py", line 339, in call_async
2025-10-30T05:35:46.775399133Z [inf]      raise e
2025-10-30T05:35:46.775404381Z [inf]    File "/app/src/core/circuit_breaker.py", line 334, in call_async
2025-10-30T05:35:46.775409656Z [inf]      result = await func(*args, **kwargs)
2025-10-30T05:35:46.775414422Z [inf]               ^^^^^^^^^^^^^^^^^^^^^^^^^^^
2025-10-30T05:35:46.775422045Z [inf]    File "/app/src/clients/binance_client.py", line 165, in _do_request
2025-10-30T05:35:46.775428211Z [inf]      response.raise_for_status()
2025-10-30T05:35:46.775433662Z [inf]    File "/opt/venv/lib/python3.11/site-packages/aiohttp/client_reqrep.py", line 636, in raise_for_status
2025-10-30T05:35:46.775438994Z [inf]      raise ClientResponseError(
2025-10-30T05:35:46.775444094Z [inf]  aiohttp.client_exceptions.ClientResponseError: 400, message='Bad Request', url='https://fapi.binance.com/fapi/v1/order?positionSide=SHORT&quantity=34.0&side=SELL&symbol=TRXUSDT&timestamp=1761802542974&type=MARKET&signature=a7b161d6c6528be951f66781f3f17d154403c685dfc71e1d097a45acb1cbd3a8'
2025-10-30T05:35:46.777453031Z [inf]  
2025-10-30T05:35:46.777454595Z [inf]    File "/app/src/clients/binance_client.py", line 207, in _request
2025-10-30T05:35:46.777473713Z [inf]  During handling of the above exception, another exception occurred:
2025-10-30T05:35:46.777476230Z [inf]      raise BinanceRequestError(
2025-10-30T05:35:46.777489511Z [inf]  
2025-10-30T05:35:46.777490300Z [inf]  src.clients.binance_errors.BinanceRequestError: HTTP 400: Bad Request
2025-10-30T05:35:46.777503592Z [inf]  2025-10-30 05:35:43,052 - src.strategies.self_learning_trader - WARNING - âŒ TRXUSDT é–‹å€‰å¤±æ•—
2025-10-30T05:35:46.777509769Z [inf]  Traceback (most recent call last):
2025-10-30T05:35:46.777519864Z [inf]  2025-10-30 05:35:43,052 - src.strategies.self_learning_trader - WARNING - ğŸ’° BNBUSDT å€‰ä½éå° (0.00 < 10.0)ï¼Œèª¿æ•´è‡³æœ€å°å€¼
2025-10-30T05:35:46.777524648Z [inf]    File "/app/src/strategies/self_learning_trader.py", line 699, in _place_order_and_monitor
2025-10-30T05:35:46.777533228Z [inf]  2025-10-30 05:35:43,052 - src.strategies.self_learning_trader - INFO - ğŸ’° åŸ·è¡Œ #3/5 | BNBUSDT | åˆ†é…: $0.00 | æ§“æ¡¿: 13.5x | å€‰ä½: 0.009063 | åç¾©åƒ¹å€¼: $10.00 | è³ªé‡åˆ†æ•¸: 0.853
2025-10-30T05:35:46.777539047Z [inf]      order_result = await self.binance_client.place_order(
2025-10-30T05:35:46.777546047Z [inf]                     ^^^^^^^^^^^^^^^^^^^^^^^^^^^^^^^^^^^^^^
2025-10-30T05:35:46.777553750Z [inf]    File "/app/src/clients/binance_client.py", line 633, in place_order
2025-10-30T05:35:46.777563264Z [inf]      return await self.create_order(symbol, side, order_type, quantity, price, stop_price, **kwargs)
2025-10-30T05:35:46.777571855Z [inf]             ^^^^^^^^^^^^^^^^^^^^^^^^^^^^^^^^^^^^^^^^^^^^^^^^^^^^^^^^^^^^^^^^^^^^^^^^^^^^^^^^^^^^^^^^
2025-10-30T05:35:46.777584264Z [inf]    File "/app/src/clients/binance_client.py", line 568, in create_order
2025-10-30T05:35:46.777592533Z [inf]      return await self._request("POST", "/fapi/v1/order", params=params, signed=True)
2025-10-30T05:35:46.777599231Z [inf]             ^^^^^^^^^^^^^^^^^^^^^^^^^^^^^^^^^^^^^^^^^^^^^^^^^^^^^^^^^^^^^^^^^^^^^^^^^
2025-10-30T05:35:46.779330332Z [inf]  2025-10-30 05:35:43,052 - src.core.circuit_breaker - WARNING - âš ï¸  ç†”æ–·å™¨è­¦å‘Šç´š: å¤±æ•—1æ¬¡ (æ“ä½œ: generic, å„ªå…ˆç´š: NORMAL)
2025-10-30T05:35:46.779341229Z [inf]  2025-10-30 05:35:43,132 - src.core.circuit_breaker - WARNING - ğŸ”„ ç†”æ–·å™¨ç´šåˆ¥è®ŠåŒ–: warning â†’ normal (å¤±æ•—æ¬¡æ•¸: 0)
2025-10-30T05:35:46.779353200Z [inf]  2025-10-30 05:35:43,132 - src.clients.binance_client - INFO - å‰µå»ºè¨‚å–®: BNBUSDT SELL MARKET 0.0
2025-10-30T05:35:46.779360256Z [inf]  2025-10-30 05:35:43,208 - src.clients.binance_client - ERROR - Binance API éŒ¯èª¤ 400: code=-4003, msg=Quantity less than or equal to zero., endpoint=/fapi/v1/order, params={'symbol': 'BNBUSDT', 'side': 'SELL', 'type': 'MARKET', 'quantity': 0.0, 'positionSide': 'SHORT', 'timestamp': 1761802543132}
2025-10-30T05:35:46.779366734Z [inf]  2025-10-30 05:35:43,208 - src.core.circuit_breaker - WARNING - ğŸ”„ ç†”æ–·å™¨ç´šåˆ¥è®ŠåŒ–: normal â†’ warning (å¤±æ•—æ¬¡æ•¸: 1)
2025-10-30T05:35:46.779374276Z [inf]  2025-10-30 05:35:43,208 - src.clients.binance_client - ERROR - API è«‹æ±‚å¤±æ•—: /fapi/v1/order - HTTP 400: Bad Request
2025-10-30T05:35:46.779379999Z [inf]  2025-10-30 05:35:43,208 - src.strategies.self_learning_trader - ERROR - âŒ ä¸‹å–®å¤±æ•— BNBUSDT: HTTP 400: Bad Request
2025-10-30T05:35:46.779385421Z [inf]  Traceback (most recent call last):
2025-10-30T05:35:46.779391574Z [inf]    File "/app/src/clients/binance_client.py", line 203, in _request
2025-10-30T05:35:46.779404500Z [inf]      result = await self.circuit_breaker.call_async(_do_request)
2025-10-30T05:35:46.779410985Z [inf]               ^^^^^^^^^^^^^^^^^^^^^^^^^^^^^^^^^^^^^^^^^^^^^^^^^^
2025-10-30T05:35:46.779417725Z [inf]    File "/app/src/core/circuit_breaker.py", line 339, in call_async
2025-10-30T05:35:46.779424008Z [inf]      raise e
2025-10-30T05:35:46.779432375Z [inf]    File "/app/src/core/circuit_breaker.py", line 334, in call_async
2025-10-30T05:35:46.779441870Z [inf]      result = await func(*args, **kwargs)
2025-10-30T05:35:46.785162403Z [inf]               ^^^^^^^^^^^^^^^^^^^^^^^^^^^
2025-10-30T05:35:46.785170788Z [inf]    File "/app/src/clients/binance_client.py", line 165, in _do_request
2025-10-30T05:35:46.785177248Z [inf]      response.raise_for_status()
2025-10-30T05:35:46.785182961Z [inf]    File "/opt/venv/lib/python3.11/site-packages/aiohttp/client_reqrep.py", line 636, in raise_for_status
2025-10-30T05:35:46.785189191Z [inf]      raise ClientResponseError(
2025-10-30T05:35:46.785194699Z [inf]  aiohttp.client_exceptions.ClientResponseError: 400, message='Bad Request', url='https://fapi.binance.com/fapi/v1/order?positionSide=SHORT&quantity=0.0&side=SELL&symbol=BNBUSDT&timestamp=1761802543132&type=MARKET&signature=3c4562d515d2b7c1173035f0a0f6cdd51355c3d737ae6befa0e9f9f17cf580a8'
2025-10-30T05:35:46.785211717Z [inf]  
2025-10-30T05:35:46.785217331Z [inf]  During handling of the above exception, another exception occurred:
2025-10-30T05:35:46.785222651Z [inf]  
2025-10-30T05:35:46.785227624Z [inf]  Traceback (most recent call last):
2025-10-30T05:35:46.785232829Z [inf]    File "/app/src/strategies/self_learning_trader.py", line 699, in _place_order_and_monitor
2025-10-30T05:35:46.785240535Z [inf]      order_result = await self.binance_client.place_order(
2025-10-30T05:35:46.785246223Z [inf]                     ^^^^^^^^^^^^^^^^^^^^^^^^^^^^^^^^^^^^^^
2025-10-30T05:35:46.785252956Z [inf]    File "/app/src/clients/binance_client.py", line 633, in place_order
2025-10-30T05:35:46.785257643Z [inf]      return await self.create_order(symbol, side, order_type, quantity, price, stop_price, **kwargs)
2025-10-30T05:35:46.785265104Z [inf]             ^^^^^^^^^^^^^^^^^^^^^^^^^^^^^^^^^^^^^^^^^^^^^^^^^^^^^^^^^^^^^^^^^^^^^^^^^^^^^^^^^^^^^^^^
2025-10-30T05:35:46.785271097Z [inf]    File "/app/src/clients/binance_client.py", line 568, in create_order
2025-10-30T05:35:46.785276701Z [inf]      return await self._request("POST", "/fapi/v1/order", params=params, signed=True)
2025-10-30T05:35:46.787851700Z [inf]             ^^^^^^^^^^^^^^^^^^^^^^^^^^^^^^^^^^^^^^^^^^^^^^^^^^^^^^^^^^^^^^^^^^^^^^^^^
2025-10-30T05:35:46.787862987Z [inf]    File "/app/src/clients/binance_client.py", line 207, in _request
2025-10-30T05:35:46.787870929Z [inf]      raise BinanceRequestError(
2025-10-30T05:35:46.787879555Z [inf]  src.clients.binance_errors.BinanceRequestError: HTTP 400: Bad Request
2025-10-30T05:35:46.787906294Z [inf]  2025-10-30 05:35:43,209 - src.strategies.self_learning_trader - WARNING - âŒ BNBUSDT é–‹å€‰å¤±æ•—
2025-10-30T05:35:46.787912807Z [inf]  2025-10-30 05:35:43,209 - src.strategies.self_learning_trader - WARNING - ğŸ’° STBLUSDT å€‰ä½éå° (0.00 < 10.0)ï¼Œèª¿æ•´è‡³æœ€å°å€¼
2025-10-30T05:35:46.787920322Z [inf]  2025-10-30 05:35:43,209 - src.strategies.self_learning_trader - INFO - ğŸ’° åŸ·è¡Œ #4/5 | STBLUSDT | åˆ†é…: $0.00 | æ§“æ¡¿: 13.5x | å€‰ä½: 104.449551 | åç¾©åƒ¹å€¼: $10.00 | è³ªé‡åˆ†æ•¸: 0.853
2025-10-30T05:35:46.787928670Z [inf]  2025-10-30 05:35:43,210 - src.core.circuit_breaker - WARNING - âš ï¸  ç†”æ–·å™¨è­¦å‘Šç´š: å¤±æ•—1æ¬¡ (æ“ä½œ: generic, å„ªå…ˆç´š: NORMAL)
2025-10-30T05:35:46.787935167Z [inf]  2025-10-30 05:35:43,286 - src.core.circuit_breaker - WARNING - ğŸ”„ ç†”æ–·å™¨ç´šåˆ¥è®ŠåŒ–: warning â†’ normal (å¤±æ•—æ¬¡æ•¸: 0)
2025-10-30T05:35:46.787954901Z [inf]  2025-10-30 05:35:43,287 - src.clients.binance_client - INFO - å‰µå»ºè¨‚å–®: STBLUSDT SELL MARKET 104.0
2025-10-30T05:35:46.787961879Z [inf]  2025-10-30 05:35:43,363 - src.clients.binance_client - ERROR - Binance API éŒ¯èª¤ 400: code=-2019, msg=Margin is insufficient., endpoint=/fapi/v1/order, params={'symbol': 'STBLUSDT', 'side': 'SELL', 'type': 'MARKET', 'quantity': 104.0, 'positionSide': 'SHORT', 'timestamp': 1761802543287}
2025-10-30T05:35:46.787968034Z [inf]  2025-10-30 05:35:43,363 - src.core.circuit_breaker - WARNING - ğŸ”„ ç†”æ–·å™¨ç´šåˆ¥è®ŠåŒ–: normal â†’ warning (å¤±æ•—æ¬¡æ•¸: 1)
2025-10-30T05:35:46.787975358Z [inf]  2025-10-30 05:35:43,363 - src.clients.binance_client - ERROR - API è«‹æ±‚å¤±æ•—: /fapi/v1/order - HTTP 400: Bad Request
2025-10-30T05:35:46.791199998Z [inf]  2025-10-30 05:35:43,363 - src.strategies.self_learning_trader - ERROR - âŒ ä¸‹å–®å¤±æ•— STBLUSDT: HTTP 400: Bad Request
2025-10-30T05:35:46.791215831Z [inf]  Traceback (most recent call last):
2025-10-30T05:35:46.791225371Z [inf]    File "/app/src/clients/binance_client.py", line 203, in _request
2025-10-30T05:35:46.791239948Z [inf]      result = await self.circuit_breaker.call_async(_do_request)
2025-10-30T05:35:46.791249527Z [inf]               ^^^^^^^^^^^^^^^^^^^^^^^^^^^^^^^^^^^^^^^^^^^^^^^^^^
2025-10-30T05:35:46.791257829Z [inf]    File "/app/src/core/circuit_breaker.py", line 339, in call_async
2025-10-30T05:35:46.791266275Z [inf]      raise e
2025-10-30T05:35:46.791273808Z [inf]    File "/app/src/core/circuit_breaker.py", line 334, in call_async
2025-10-30T05:35:46.791282801Z [inf]      result = await func(*args, **kwargs)
2025-10-30T05:35:46.791291258Z [inf]               ^^^^^^^^^^^^^^^^^^^^^^^^^^^
2025-10-30T05:35:46.791299553Z [inf]    File "/app/src/clients/binance_client.py", line 165, in _do_request
2025-10-30T05:35:46.791307927Z [inf]      response.raise_for_status()
2025-10-30T05:35:46.791327676Z [inf]    File "/opt/venv/lib/python3.11/site-packages/aiohttp/client_reqrep.py", line 636, in raise_for_status
2025-10-30T05:35:46.791336993Z [inf]      raise ClientResponseError(
2025-10-30T05:35:46.791345794Z [inf]  aiohttp.client_exceptions.ClientResponseError: 400, message='Bad Request', url='https://fapi.binance.com/fapi/v1/order?positionSide=SHORT&quantity=104.0&side=SELL&symbol=STBLUSDT&timestamp=1761802543287&type=MARKET&signature=e53a7c52a11d5e1f0c2d8abc7e10d5ca972c4210346100811909d6b939663369'
2025-10-30T05:35:46.791354527Z [inf]  
2025-10-30T05:35:46.791367181Z [inf]  During handling of the above exception, another exception occurred:
2025-10-30T05:35:46.791376905Z [inf]  
2025-10-30T05:35:46.791385210Z [inf]  Traceback (most recent call last):
2025-10-30T05:35:46.791394024Z [inf]    File "/app/src/strategies/self_learning_trader.py", line 699, in _place_order_and_monitor
2025-10-30T05:35:46.795105586Z [inf]      order_result = await self.binance_client.place_order(
2025-10-30T05:35:46.795121072Z [inf]                     ^^^^^^^^^^^^^^^^^^^^^^^^^^^^^^^^^^^^^^
2025-10-30T05:35:46.795130286Z [inf]    File "/app/src/clients/binance_client.py", line 633, in place_order
2025-10-30T05:35:46.795137909Z [inf]      return await self.create_order(symbol, side, order_type, quantity, price, stop_price, **kwargs)
2025-10-30T05:35:46.795146620Z [inf]             ^^^^^^^^^^^^^^^^^^^^^^^^^^^^^^^^^^^^^^^^^^^^^^^^^^^^^^^^^^^^^^^^^^^^^^^^^^^^^^^^^^^^^^^^
2025-10-30T05:35:46.795154978Z [inf]    File "/app/src/clients/binance_client.py", line 568, in create_order
2025-10-30T05:35:46.795163839Z [inf]      return await self._request("POST", "/fapi/v1/order", params=params, signed=True)
2025-10-30T05:35:46.795172615Z [inf]             ^^^^^^^^^^^^^^^^^^^^^^^^^^^^^^^^^^^^^^^^^^^^^^^^^^^^^^^^^^^^^^^^^^^^^^^^^
2025-10-30T05:35:46.795180430Z [inf]    File "/app/src/clients/binance_client.py", line 207, in _request
2025-10-30T05:35:46.795188917Z [inf]      raise BinanceRequestError(
2025-10-30T05:35:46.795197299Z [inf]  src.clients.binance_errors.BinanceRequestError: HTTP 400: Bad Request
2025-10-30T05:35:46.795205009Z [inf]  2025-10-30 05:35:43,364 - src.strategies.self_learning_trader - WARNING - âŒ STBLUSDT é–‹å€‰å¤±æ•—
2025-10-30T05:35:46.795211856Z [inf]  2025-10-30 05:35:43,364 - src.strategies.self_learning_trader - WARNING - ğŸ’° JTOUSDT å€‰ä½éå° (0.00 < 10.0)ï¼Œèª¿æ•´è‡³æœ€å°å€¼
2025-10-30T05:35:46.795218947Z [inf]  2025-10-30 05:35:43,364 - src.strategies.self_learning_trader - INFO - ğŸ’° åŸ·è¡Œ #5/5 | JTOUSDT | åˆ†é…: $0.00 | æ§“æ¡¿: 13.5x | å€‰ä½: 9.722897 | åç¾©åƒ¹å€¼: $10.00 | è³ªé‡åˆ†æ•¸: 0.853
2025-10-30T05:35:46.795227337Z [inf]  2025-10-30 05:35:43,365 - src.core.circuit_breaker - WARNING - âš ï¸  ç†”æ–·å™¨è­¦å‘Šç´š: å¤±æ•—1æ¬¡ (æ“ä½œ: generic, å„ªå…ˆç´š: NORMAL)
2025-10-30T05:35:46.795235036Z [inf]  2025-10-30 05:35:43,439 - src.core.circuit_breaker - WARNING - ğŸ”„ ç†”æ–·å™¨ç´šåˆ¥è®ŠåŒ–: warning â†’ normal (å¤±æ•—æ¬¡æ•¸: 0)
2025-10-30T05:35:46.797775641Z [inf]  2025-10-30 05:35:43,440 - src.clients.binance_client - INFO - å‰µå»ºè¨‚å–®: JTOUSDT SELL MARKET 9.0
2025-10-30T05:35:46.797777241Z [inf]               ^^^^^^^^^^^^^^^^^^^^^^^^^^^
2025-10-30T05:35:46.797784622Z [inf]  2025-10-30 05:35:43,517 - src.clients.binance_client - ERROR - Binance API éŒ¯èª¤ 400: code=-2019, msg=Margin is insufficient., endpoint=/fapi/v1/order, params={'symbol': 'JTOUSDT', 'side': 'SELL', 'type': 'MARKET', 'quantity': 9.0, 'positionSide': 'SHORT', 'timestamp': 1761802543440}
2025-10-30T05:35:46.797787987Z [inf]    File "/app/src/clients/binance_client.py", line 165, in _do_request
2025-10-30T05:35:46.797792734Z [inf]  2025-10-30 05:35:43,517 - src.core.circuit_breaker - WARNING - ğŸ”„ ç†”æ–·å™¨ç´šåˆ¥è®ŠåŒ–: normal â†’ warning (å¤±æ•—æ¬¡æ•¸: 1)
2025-10-30T05:35:46.797795742Z [inf]      response.raise_for_status()
2025-10-30T05:35:46.797802813Z [inf]    File "/opt/venv/lib/python3.11/site-packages/aiohttp/client_reqrep.py", line 636, in raise_for_status
2025-10-30T05:35:46.797804688Z [inf]  2025-10-30 05:35:43,517 - src.clients.binance_client - ERROR - API è«‹æ±‚å¤±æ•—: /fapi/v1/order - HTTP 400: Bad Request
2025-10-30T05:35:46.797811150Z [inf]  2025-10-30 05:35:43,517 - src.strategies.self_learning_trader - ERROR - âŒ ä¸‹å–®å¤±æ•— JTOUSDT: HTTP 400: Bad Request
2025-10-30T05:35:46.797817199Z [inf]  Traceback (most recent call last):
2025-10-30T05:35:46.797822869Z [inf]    File "/app/src/clients/binance_client.py", line 203, in _request
2025-10-30T05:35:46.797829006Z [inf]      result = await self.circuit_breaker.call_async(_do_request)
2025-10-30T05:35:46.797835388Z [inf]               ^^^^^^^^^^^^^^^^^^^^^^^^^^^^^^^^^^^^^^^^^^^^^^^^^^
2025-10-30T05:35:46.797842799Z [inf]    File "/app/src/core/circuit_breaker.py", line 339, in call_async
2025-10-30T05:35:46.797848801Z [inf]      raise e
2025-10-30T05:35:46.797854722Z [inf]    File "/app/src/core/circuit_breaker.py", line 334, in call_async
2025-10-30T05:35:46.797860775Z [inf]      result = await func(*args, **kwargs)
2025-10-30T05:35:46.801163044Z [inf]      raise ClientResponseError(
2025-10-30T05:35:46.801175172Z [inf]  aiohttp.client_exceptions.ClientResponseError: 400, message='Bad Request', url='https://fapi.binance.com/fapi/v1/order?positionSide=SHORT&quantity=9.0&side=SELL&symbol=JTOUSDT&timestamp=1761802543440&type=MARKET&signature=69dde2eefeed0fd3c10750c1596594a09fdb247d2f38bc1d2645efa3ad3670d5'
2025-10-30T05:35:46.801182998Z [inf]  
2025-10-30T05:35:46.801189279Z [inf]  During handling of the above exception, another exception occurred:
2025-10-30T05:35:46.801195605Z [inf]  
2025-10-30T05:35:46.801213022Z [inf]  Traceback (most recent call last):
2025-10-30T05:35:46.801219746Z [inf]    File "/app/src/strategies/self_learning_trader.py", line 699, in _place_order_and_monitor
2025-10-30T05:35:46.801226409Z [inf]      order_result = await self.binance_client.place_order(
2025-10-30T05:35:46.801241557Z [inf]                     ^^^^^^^^^^^^^^^^^^^^^^^^^^^^^^^^^^^^^^
2025-10-30T05:35:46.801247634Z [inf]    File "/app/src/clients/binance_client.py", line 633, in place_order
2025-10-30T05:35:46.801252004Z [inf]      return await self.create_order(symbol, side, order_type, quantity, price, stop_price, **kwargs)
2025-10-30T05:35:46.801256759Z [inf]             ^^^^^^^^^^^^^^^^^^^^^^^^^^^^^^^^^^^^^^^^^^^^^^^^^^^^^^^^^^^^^^^^^^^^^^^^^^^^^^^^^^^^^^^^
2025-10-30T05:35:46.801262383Z [inf]    File "/app/src/clients/binance_client.py", line 568, in create_order
2025-10-30T05:35:46.801267674Z [inf]      return await self._request("POST", "/fapi/v1/order", params=params, signed=True)
2025-10-30T05:35:46.801273020Z [inf]             ^^^^^^^^^^^^^^^^^^^^^^^^^^^^^^^^^^^^^^^^^^^^^^^^^^^^^^^^^^^^^^^^^^^^^^^^^
2025-10-30T05:35:46.801278139Z [inf]    File "/app/src/clients/binance_client.py", line 207, in _request
2025-10-30T05:35:46.801283521Z [inf]      raise BinanceRequestError(
2025-10-30T05:35:46.801288909Z [inf]  src.clients.binance_errors.BinanceRequestError: HTTP 400: Bad Request
2025-10-30T05:35:46.804132473Z [inf]  2025-10-30 05:35:43,518 - src.strategies.self_learning_trader - WARNING - âŒ JTOUSDT é–‹å€‰å¤±æ•—
2025-10-30T05:35:46.804141720Z [inf]  2025-10-30 05:35:43,518 - src.strategies.self_learning_trader - INFO - ================================================================================
2025-10-30T05:35:46.804148490Z [inf]  2025-10-30 05:35:43,518 - src.strategies.self_learning_trader - INFO - âœ… å¤šä¿¡è™ŸåŸ·è¡Œå®Œæˆ
2025-10-30T05:35:46.804156228Z [inf]  2025-10-30 05:35:43,518 - src.strategies.self_learning_trader - INFO -    æˆåŠŸé–‹å€‰: 0/5
2025-10-30T05:35:46.804163526Z [inf]  2025-10-30 05:35:43,518 - src.strategies.self_learning_trader - INFO -    è™›æ“¬å€‰ä½: 344
2025-10-30T05:35:46.804170597Z [inf]  2025-10-30 05:35:43,518 - src.strategies.self_learning_trader - INFO - ================================================================================
2025-10-30T05:35:46.804176711Z [inf]  2025-10-30 05:35:43,519 - src.core.unified_scheduler - INFO - âœ… é€±æœŸå®Œæˆ | è€—æ™‚: 35.9s | æ–°æˆäº¤: 0
2025-10-30T05:35:46.804183945Z [inf]  2025-10-30 05:35:43,519 - src.core.unified_scheduler - INFO - ================================================================================
2025-10-30T05:36:46.921344757Z [inf]  2025-10-30 05:36:43,642 - src.core.unified_scheduler - INFO - ğŸ“Š æ­·å²çµ±è¨ˆ: æš«ç„¡äº¤æ˜“è¨˜éŒ„
2025-10-30T05:36:46.921351156Z [inf]  2025-10-30 05:36:43,642 - src.core.unified_scheduler - INFO -    â€¢ TOWNSUSDT SHORT @ $0.0110 | æ§“æ¡¿=20x | ç›ˆè™§=$-0.01 (-0.09%) | ğŸ“‰ ç©ºé ­ | é€²å ´ç†ç”±âŒ å·²å¤±æ•ˆ
2025-10-30T05:36:46.921360168Z [inf]  2025-10-30 05:36:43,642 - src.core.unified_scheduler - INFO - ğŸ“¦ ç•¶å‰æŒå€‰: 8 å€‹ | ç¸½æœªå¯¦ç¾ç›ˆè™§: $-0.24
2025-10-30T05:36:46.921368672Z [inf]  2025-10-30 05:36:43,642 - src.core.unified_scheduler - INFO - ================================================================================
2025-10-30T05:36:46.921376374Z [inf]  2025-10-30 05:36:43,642 - src.core.unified_scheduler - INFO -    â€¢ TRXUSDT SHORT @ $0.2938 | æ§“æ¡¿=13x | ç›ˆè™§=$-0.13 (-0.19%) | ğŸ“‰ ç©ºé ­ | é€²å ´ç†ç”±âŒ å·²å¤±æ•ˆ
2025-10-30T05:36:46.921384193Z [inf]  2025-10-30 05:36:43,642 - src.core.unified_scheduler - INFO -    â€¢ AGLDUSDT SHORT @ $0.3812 | æ§“æ¡¿=13x | ç›ˆè™§=$-0.08 (-0.26%) | ğŸ“‰ ç©ºé ­ | é€²å ´ç†ç”±âŒ å·²å¤±æ•ˆ
2025-10-30T05:36:46.921392149Z [inf]  2025-10-30 05:36:43,642 - src.core.unified_scheduler - INFO -    â€¢ AEROUSDT LONG @ $1.0303 | æ§“æ¡¿=20x | ç›ˆè™§=$+0.25 (+0.31%) | âš ï¸ é€†å‹¢ | é€²å ´ç†ç”±âŒ å·²å¤±æ•ˆ
2025-10-30T05:36:46.921581453Z [inf]  2025-10-30 05:36:43,521 - src.core.unified_scheduler - INFO - ================================================================================
2025-10-30T05:36:46.921589400Z [inf]  2025-10-30 05:36:43,521 - src.core.unified_scheduler - INFO - ğŸ”„ äº¤æ˜“é€±æœŸ #19 | 2025-10-30 05:36:43 UTC
2025-10-30T05:36:46.921597489Z [inf]  2025-10-30 05:36:43,521 - src.core.unified_scheduler - INFO - ================================================================================
2025-10-30T05:36:46.921605374Z [inf]  2025-10-30 05:36:43,523 - src.core.circuit_breaker - WARNING - âš ï¸  ç†”æ–·å™¨è­¦å‘Šç´š: å¤±æ•—1æ¬¡ (æ“ä½œ: generic, å„ªå…ˆç´š: NORMAL)
2025-10-30T05:36:46.921613201Z [inf]  2025-10-30 05:36:43,641 - src.core.circuit_breaker - WARNING - ğŸ”„ ç†”æ–·å™¨ç´šåˆ¥è®ŠåŒ–: warning â†’ normal (å¤±æ•—æ¬¡æ•¸: 0)
2025-10-30T05:36:46.923543774Z [inf]  2025-10-30 05:36:43,642 - src.core.unified_scheduler - INFO -    â€¢ CROSSUSDT SHORT @ $0.1293 | æ§“æ¡¿=13x | ç›ˆè™§=$+0.01 (+0.15%) | ğŸ“‰ ç©ºé ­ | é€²å ´ç†ç”±âŒ å·²å¤±æ•ˆ
2025-10-30T05:36:46.923553977Z [inf]  2025-10-30 05:36:43,642 - src.core.unified_scheduler - INFO -    â€¢ ADAUSDT SHORT @ $0.6274 | æ§“æ¡¿=13x | ç›ˆè™§=$-0.11 (-0.39%) | ğŸ“‰ ç©ºé ­ | é€²å ´ç†ç”±âŒ å·²å¤±æ•ˆ
2025-10-30T05:36:46.923560378Z [inf]  2025-10-30 05:36:43,642 - src.core.unified_scheduler - INFO -    â€¢ YFIUSDT SHORT @ $4666.6667 | æ§“æ¡¿=13x | ç›ˆè™§=$-0.07 (-0.24%) | ğŸ“‰ ç©ºé ­ | é€²å ´ç†ç”±âŒ å·²å¤±æ•ˆ
2025-10-30T05:36:46.923566473Z [inf]  2025-10-30 05:36:43,642 - src.core.unified_scheduler - INFO -    â€¢ 0GUSDT SHORT @ $1.3713 | æ§“æ¡¿=13x | ç›ˆè™§=$-0.11 (-0.29%) | ğŸ“‰ ç©ºé ­ | é€²å ´ç†ç”±âŒ å·²å¤±æ•ˆ
2025-10-30T05:36:46.923574299Z [inf]  2025-10-30 05:36:43,643 - src.core.unified_scheduler - INFO - ================================================================================
2025-10-30T05:36:46.923580185Z [inf]  2025-10-30 05:36:43,643 - src.core.unified_scheduler - INFO - ğŸ’° è³¬æˆ¶é¤˜é¡: ç¸½é¡=$20.46 | å¯ç”¨=$0.00 | ä¿è­‰é‡‘=$29.42 | æœªå¯¦ç¾ç›ˆè™§=$+20.46
2025-10-30T05:36:46.923586398Z [inf]  2025-10-30 05:36:43,643 - src.core.unified_scheduler - INFO - ğŸ¯ æ¨¡å‹è©•åˆ†: ç„¡äº¤æ˜“è¨˜éŒ„
2025-10-30T05:36:46.923592669Z [inf]  2025-10-30 05:36:43,643 - src.core.unified_scheduler - INFO - ğŸ“Š æƒæ 529 å€‹äº¤æ˜“å°ä¸­...
2025-10-30T05:37:06.575764697Z [inf]  2025-10-30 05:36:57,893 - src.core.unified_scheduler - INFO - âœ… ç™¼ç¾ 344 å€‹äº¤æ˜“ä¿¡è™Ÿ
2025-10-30T05:37:06.575773021Z [inf]  2025-10-30 05:36:57,893 - src.core.unified_scheduler - INFO - ğŸ“Š ä¿¡è™ŸåŸ·è¡Œ | å¯ç”¨ä¿è­‰é‡‘: $0.00 | å·²æœ‰å€‰ä½: 8 | æ–°ä¿¡è™Ÿæ•¸: 344
2025-10-30T05:37:06.575780263Z [inf]  2025-10-30 05:36:57,996 - src.clients.binance_client - INFO - ğŸ’° è³¬æˆ¶é¤˜é¡: ç¸½é¡ 20.46 USDT, å¯ç”¨ 0.00 USDT, ä¿è­‰é‡‘ 20.46 USDT, æœªå¯¦ç¾ç›ˆè™§ -0.26 USDT
2025-10-30T05:37:06.575786833Z [inf]  2025-10-30 05:36:57,996 - src.strategies.self_learning_trader - INFO - ğŸ’° å¸³æˆ¶ç‹€æ…‹ | ç¸½æ¬Šç›Š: $20.20 | å¯ç”¨ä¿è­‰é‡‘: $0.00 | å·²ä½”ç”¨ä¿è­‰é‡‘: $20.46
2025-10-30T05:37:06.575794076Z [inf]  2025-10-30 05:36:57,998 - src.core.capital_allocator - INFO - ğŸ’° è³ªé‡æ’åå®Œæˆï¼š344/344 ä¿¡è™Ÿé€šéè³ªé‡é–€æª» | æœ€é«˜åˆ†: 0.899 | æœ€ä½åˆ†: 0.789
2025-10-30T05:37:06.575801733Z [inf]  2025-10-30 05:36:57,998 - src.core.capital_allocator - INFO - ğŸ’° é ç®—æ± åˆå§‹åŒ– | ç¸½é ç®—: $0.00 (80% Ã— $0.00) | å–®å€‰ä¸Šé™: $10.10 (50% Ã— $20.20)
2025-10-30T05:37:06.575808760Z [inf]  2025-10-30 05:36:57,998 - src.core.capital_allocator - INFO - ğŸ’° é ç®—è€—ç›¡ï¼Œæ‹’çµ•å‰©é¤˜ 344 å€‹ä¿¡è™Ÿ ï¼ˆæ’å 1-344ï¼‰
2025-10-30T05:37:06.575819566Z [inf]  2025-10-30 05:36:57,998 - src.core.capital_allocator - INFO - ================================================================================
2025-10-30T05:37:06.575826684Z [inf]  2025-10-30 05:36:57,998 - src.core.capital_allocator - INFO - âœ… è³‡é‡‘åˆ†é…å®Œæˆ
2025-10-30T05:37:06.575833597Z [inf]  2025-10-30 05:36:57,998 - src.core.capital_allocator - INFO -    ç²æ‰¹ä¿¡è™Ÿ: 0/344 (é€šéè³ªé‡é–€æª»)
2025-10-30T05:37:06.575839785Z [inf]  2025-10-30 05:36:57,998 - src.core.capital_allocator - WARNING -    âš ï¸ ç„¡å¯ç”¨é ç®—ï¼ˆavailable_margin=0ï¼Œå¯èƒ½æ˜¯å¸³æˆ¶é¤˜é¡ç‚º0æˆ–APIå¤±æ•—ï¼‰
2025-10-30T05:37:06.575846586Z [inf]  2025-10-30 05:36:57,998 - src.core.capital_allocator - INFO -    ç¸½åˆ†é…: $0.00 / $0.00
2025-10-30T05:37:06.578250010Z [inf]  2025-10-30 05:36:57,998 - src.core.capital_allocator - INFO -    ç²æ‰¹ä¿¡è™Ÿå°‡ç„¡æ³•åŸ·è¡Œ
2025-10-30T05:37:06.578258956Z [inf]  2025-10-30 05:36:57,998 - src.core.capital_allocator - INFO - ================================================================================
2025-10-30T05:37:06.578264180Z [inf]  2025-10-30 05:36:57,998 - src.strategies.self_learning_trader - INFO - ğŸ’° ç„¡ä¿¡è™Ÿç²å¾—è³‡é‡‘åˆ†é…
2025-10-30T05:37:06.578269602Z [inf]  2025-10-30 05:36:57,998 - src.core.unified_scheduler - INFO - âœ… é€±æœŸå®Œæˆ | è€—æ™‚: 14.5s | æ–°æˆäº¤: 0
2025-10-30T05:37:06.578273818Z [inf]  2025-10-30 05:36:57,998 - src.core.unified_scheduler - INFO - ================================================================================
2025-10-30T05:38:06.624398536Z [inf]  2025-10-30 05:37:58,121 - src.core.unified_scheduler - INFO -    â€¢ TOWNSUSDT SHORT @ $0.0110 | æ§“æ¡¿=20x | ç›ˆè™§=$-0.01 (-0.11%) | ğŸ“‰ ç©ºé ­ | é€²å ´ç†ç”±âŒ å·²å¤±æ•ˆ
2025-10-30T05:38:06.624409684Z [inf]  2025-10-30 05:37:58,121 - src.core.unified_scheduler - INFO -    â€¢ CROSSUSDT SHORT @ $0.1293 | æ§“æ¡¿=13x | ç›ˆè™§=$+0.01 (+0.05%) | ğŸ“‰ ç©ºé ­ | é€²å ´ç†ç”±âŒ å·²å¤±æ•ˆ
2025-10-30T05:38:06.624519082Z [inf]  2025-10-30 05:37:58,001 - src.core.unified_scheduler - INFO - ================================================================================
2025-10-30T05:38:06.624524012Z [inf]  2025-10-30 05:37:58,001 - src.core.unified_scheduler - INFO - ğŸ”„ äº¤æ˜“é€±æœŸ #20 | 2025-10-30 05:37:58 UTC
2025-10-30T05:38:06.624532352Z [inf]  2025-10-30 05:37:58,001 - src.core.unified_scheduler - INFO - ================================================================================
2025-10-30T05:38:06.624538030Z [inf]  2025-10-30 05:37:58,120 - src.core.unified_scheduler - INFO - ğŸ“Š æ­·å²çµ±è¨ˆ: æš«ç„¡äº¤æ˜“è¨˜éŒ„
2025-10-30T05:38:06.624544092Z [inf]  2025-10-30 05:37:58,120 - src.core.unified_scheduler - INFO - ğŸ“¦ ç•¶å‰æŒå€‰: 8 å€‹ | ç¸½æœªå¯¦ç¾ç›ˆè™§: $-0.60
2025-10-30T05:38:06.624549216Z [inf]  2025-10-30 05:37:58,120 - src.core.unified_scheduler - INFO - ================================================================================
2025-10-30T05:38:06.624557630Z [inf]  2025-10-30 05:37:58,120 - src.core.unified_scheduler - INFO -    â€¢ TRXUSDT SHORT @ $0.2938 | æ§“æ¡¿=13x | ç›ˆè™§=$-0.15 (-0.22%) | ğŸ“‰ ç©ºé ­ | é€²å ´ç†ç”±âŒ å·²å¤±æ•ˆ
2025-10-30T05:38:06.624564592Z [inf]  2025-10-30 05:37:58,120 - src.core.unified_scheduler - INFO -    â€¢ AGLDUSDT SHORT @ $0.3812 | æ§“æ¡¿=13x | ç›ˆè™§=$-0.11 (-0.37%) | ğŸ“‰ ç©ºé ­ | é€²å ´ç†ç”±âŒ å·²å¤±æ•ˆ
2025-10-30T05:38:06.624570473Z [inf]  2025-10-30 05:37:58,121 - src.core.unified_scheduler - INFO -    â€¢ AEROUSDT LONG @ $1.0303 | æ§“æ¡¿=20x | ç›ˆè™§=$+0.11 (+0.14%) | âš ï¸ é€†å‹¢ | é€²å ´ç†ç”±âŒ å·²å¤±æ•ˆ
2025-10-30T05:38:06.628157921Z [inf]  2025-10-30 05:37:58,121 - src.core.unified_scheduler - INFO -    â€¢ ADAUSDT SHORT @ $0.6274 | æ§“æ¡¿=13x | ç›ˆè™§=$-0.16 (-0.55%) | ğŸ“‰ ç©ºé ­ | é€²å ´ç†ç”±âŒ å·²å¤±æ•ˆ
2025-10-30T05:38:06.628165025Z [inf]  2025-10-30 05:37:58,121 - src.core.unified_scheduler - INFO -    â€¢ YFIUSDT SHORT @ $4666.6667 | æ§“æ¡¿=13x | ç›ˆè™§=$-0.10 (-0.35%) | ğŸ“‰ ç©ºé ­ | é€²å ´ç†ç”±âŒ å·²å¤±æ•ˆ
2025-10-30T05:38:06.628172136Z [inf]  2025-10-30 05:37:58,121 - src.core.unified_scheduler - INFO -    â€¢ 0GUSDT SHORT @ $1.3713 | æ§“æ¡¿=13x | ç›ˆè™§=$-0.19 (-0.51%) | ğŸ“‰ ç©ºé ­ | é€²å ´ç†ç”±âŒ å·²å¤±æ•ˆ
2025-10-30T05:38:06.628182581Z [inf]  2025-10-30 05:37:58,121 - src.core.unified_scheduler - INFO - ================================================================================
2025-10-30T05:38:06.628189416Z [inf]  2025-10-30 05:37:58,121 - src.core.unified_scheduler - INFO - ğŸ’° è³¬æˆ¶é¤˜é¡: ç¸½é¡=$20.46 | å¯ç”¨=$0.00 | ä¿è­‰é‡‘=$29.42 | æœªå¯¦ç¾ç›ˆè™§=$+20.46
2025-10-30T05:38:06.628202124Z [inf]  2025-10-30 05:37:58,121 - src.core.unified_scheduler - INFO - ğŸ¯ æ¨¡å‹è©•åˆ†: ç„¡äº¤æ˜“è¨˜éŒ„
2025-10-30T05:38:06.628206376Z [inf]  2025-10-30 05:37:58,135 - src.services.data_service - INFO -    RESTå‚™æ´: 10052 (100.0%)
2025-10-30T05:38:06.628212373Z [inf]  2025-10-30 05:37:58,121 - src.core.unified_scheduler - INFO - ğŸ“Š æƒæ 529 å€‹äº¤æ˜“å°ä¸­...
2025-10-30T05:38:06.628219687Z [inf]  2025-10-30 05:37:58,135 - src.services.data_service - INFO - ================================================================================
2025-10-30T05:38:06.628226553Z [inf]  2025-10-30 05:37:58,135 - src.services.data_service - INFO - ğŸ“Š DataService WebSocketçµ±è¨ˆï¼ˆæœ€è¿‘5åˆ†é˜ï¼‰:
2025-10-30T05:38:06.628233328Z [inf]  2025-10-30 05:37:58,135 - src.services.data_service - INFO -    ç¸½è«‹æ±‚: 10052
2025-10-30T05:38:06.628246085Z [inf]  2025-10-30 05:37:58,135 - src.services.data_service - INFO -    WebSocketå‘½ä¸­: 0 (0.0%)
2025-10-30T05:38:06.630345236Z [inf]  2025-10-30 05:37:58,135 - src.services.data_service - INFO - ================================================================================
2025-10-30T05:38:13.731212338Z [inf]  2025-10-30 05:38:13,175 - src.core.unified_scheduler - INFO - âœ… ç™¼ç¾ 344 å€‹äº¤æ˜“ä¿¡è™Ÿ
2025-10-30T05:38:13.731226137Z [inf]  2025-10-30 05:38:13,175 - src.core.unified_scheduler - INFO - ğŸ“Š ä¿¡è™ŸåŸ·è¡Œ | å¯ç”¨ä¿è­‰é‡‘: $0.00 | å·²æœ‰å€‰ä½: 8 | æ–°ä¿¡è™Ÿæ•¸: 344
2025-10-30T05:38:13.731234554Z [inf]  2025-10-30 05:38:13,278 - src.clients.binance_client - INFO - ğŸ’° è³¬æˆ¶é¤˜é¡: ç¸½é¡ 20.46 USDT, å¯ç”¨ 0.00 USDT, ä¿è­‰é‡‘ 20.46 USDT, æœªå¯¦ç¾ç›ˆè™§ -0.71 USDT
2025-10-30T05:38:13.731242686Z [inf]  2025-10-30 05:38:13,278 - src.strategies.self_learning_trader - INFO - ğŸ’° å¸³æˆ¶ç‹€æ…‹ | ç¸½æ¬Šç›Š: $19.75 | å¯ç”¨ä¿è­‰é‡‘: $0.00 | å·²ä½”ç”¨ä¿è­‰é‡‘: $20.46
2025-10-30T05:38:13.731248185Z [inf]  2025-10-30 05:38:13,280 - src.core.capital_allocator - INFO - âœ… è³‡é‡‘åˆ†é…å®Œæˆ
2025-10-30T05:38:13.731251761Z [inf]  2025-10-30 05:38:13,280 - src.core.capital_allocator - INFO - ğŸ’° è³ªé‡æ’åå®Œæˆï¼š344/344 ä¿¡è™Ÿé€šéè³ªé‡é–€æª» | æœ€é«˜åˆ†: 0.899 | æœ€ä½åˆ†: 0.789
2025-10-30T05:38:13.731261291Z [inf]  2025-10-30 05:38:13,280 - src.core.capital_allocator - INFO -    ç²æ‰¹ä¿¡è™Ÿ: 0/344 (é€šéè³ªé‡é–€æª»)
2025-10-30T05:38:13.731261385Z [inf]  2025-10-30 05:38:13,280 - src.core.capital_allocator - INFO - ğŸ’° é ç®—æ± åˆå§‹åŒ– | ç¸½é ç®—: $0.00 (80% Ã— $0.00) | å–®å€‰ä¸Šé™: $9.87 (50% Ã— $19.75)
2025-10-30T05:38:13.731270767Z [inf]  2025-10-30 05:38:13,280 - src.core.capital_allocator - INFO - ğŸ’° é ç®—è€—ç›¡ï¼Œæ‹’çµ•å‰©é¤˜ 344 å€‹ä¿¡è™Ÿ ï¼ˆæ’å 1-344ï¼‰
2025-10-30T05:38:13.731271394Z [inf]  2025-10-30 05:38:13,280 - src.core.capital_allocator - WARNING -    âš ï¸ ç„¡å¯ç”¨é ç®—ï¼ˆavailable_margin=0ï¼Œå¯èƒ½æ˜¯å¸³æˆ¶é¤˜é¡ç‚º0æˆ–APIå¤±æ•—ï¼‰
2025-10-30T05:38:13.731280733Z [inf]  2025-10-30 05:38:13,280 - src.core.capital_allocator - INFO -    ç¸½åˆ†é…: $0.00 / $0.00
2025-10-30T05:38:13.731284146Z [inf]  2025-10-30 05:38:13,280 - src.core.capital_allocator - INFO - ================================================================================
2025-10-30T05:38:13.731675133Z [inf]  2025-10-30 05:38:13,280 - src.core.capital_allocator - INFO -    ç²æ‰¹ä¿¡è™Ÿå°‡ç„¡æ³•åŸ·è¡Œ
2025-10-30T05:38:13.731682223Z [inf]  2025-10-30 05:38:13,280 - src.core.capital_allocator - INFO - ================================================================================
2025-10-30T05:38:13.731689547Z [inf]  2025-10-30 05:38:13,280 - src.strategies.self_learning_trader - INFO - ğŸ’° ç„¡ä¿¡è™Ÿç²å¾—è³‡é‡‘åˆ†é…
2025-10-30T05:38:13.731695319Z [inf]  2025-10-30 05:38:13,280 - src.core.unified_scheduler - INFO - âœ… é€±æœŸå®Œæˆ | è€—æ™‚: 15.3s | æ–°æˆäº¤: 0
2025-10-30T05:38:13.731699678Z [inf]  2025-10-30 05:38:13,280 - src.core.unified_scheduler - INFO - ================================================================================
2025-10-30T05:38:18.854616399Z [inf]  2025-10-30 05:38:18,851 - src.core.websocket.price_feed - ERROR - âŒ PriceFeed-Shard5 æ¥æ”¶å¤±æ•—: sent 1011 (internal error) keepalive ping timeout; no close frame received
2025-10-30T05:38:19.763326244Z [inf]  2025-10-30 05:38:19,754 - src.core.websocket.price_feed - ERROR - âŒ PriceFeed-Shard4 æ¥æ”¶å¤±æ•—: sent 1011 (internal error) keepalive ping timeout; no close frame received
2025-10-30T05:38:20.029499930Z [inf]  2025-10-30 05:38:20,026 - src.core.websocket.price_feed - ERROR - âŒ PriceFeed-Shard3 æ¥æ”¶å¤±æ•—: sent 1011 (internal error) keepalive ping timeout; no close frame received
2025-10-30T05:38:20.581830466Z [inf]  2025-10-30 05:38:20,567 - src.core.websocket.price_feed - ERROR - âŒ PriceFeed-Shard7 æ¥æ”¶å¤±æ•—: sent 1011 (internal error) keepalive ping timeout; no close frame received
2025-10-30T05:38:21.683066122Z [inf]  2025-10-30 05:38:21,482 - src.core.websocket.price_feed - ERROR - âŒ PriceFeed-Shard1 æ¥æ”¶å¤±æ•—: sent 1011 (internal error) keepalive ping timeout; no close frame received
2025-10-30T05:39:21.277872116Z [inf]  2025-10-30 05:39:13,282 - src.core.unified_scheduler - INFO - ================================================================================
2025-10-30T05:39:21.277879769Z [inf]  2025-10-30 05:39:13,282 - src.core.unified_scheduler - INFO - ğŸ”„ äº¤æ˜“é€±æœŸ #21 | 2025-10-30 05:39:13 UTC
2025-10-30T05:39:21.277887682Z [inf]  2025-10-30 05:39:13,282 - src.core.unified_scheduler - INFO - ================================================================================
2025-10-30T05:39:21.277895771Z [inf]  2025-10-30 05:39:13,402 - src.core.unified_scheduler - INFO - ğŸ“Š æ­·å²çµ±è¨ˆ: æš«ç„¡äº¤æ˜“è¨˜éŒ„
2025-10-30T05:39:21.277904123Z [inf]  2025-10-30 05:39:13,403 - src.core.unified_scheduler - INFO - ğŸ“¦ ç•¶å‰æŒå€‰: 8 å€‹ | ç¸½æœªå¯¦ç¾ç›ˆè™§: $-0.85
2025-10-30T05:39:21.277921855Z [inf]  2025-10-30 05:39:13,403 - src.core.unified_scheduler - INFO - ================================================================================
2025-10-30T05:39:21.277931359Z [inf]  2025-10-30 05:39:13,403 - src.core.unified_scheduler - INFO -    â€¢ TRXUSDT SHORT @ $0.2938 | æ§“æ¡¿=13x | ç›ˆè™§=$-0.25 (-0.36%) | ğŸ“‰ ç©ºé ­ | é€²å ´ç†ç”±âŒ å·²å¤±æ•ˆ
2025-10-30T05:39:21.277940121Z [inf]  2025-10-30 05:39:13,403 - src.core.unified_scheduler - INFO -    â€¢ AGLDUSDT SHORT @ $0.3812 | æ§“æ¡¿=13x | ç›ˆè™§=$-0.19 (-0.65%) | ğŸ“‰ ç©ºé ­ | é€²å ´ç†ç”±âŒ å·²å¤±æ•ˆ
2025-10-30T05:39:21.277947691Z [inf]  2025-10-30 05:39:13,403 - src.core.unified_scheduler - INFO -    â€¢ AEROUSDT LONG @ $1.0303 | æ§“æ¡¿=20x | ç›ˆè™§=$+0.34 (+0.42%) | âš ï¸ é€†å‹¢ | é€²å ´ç†ç”±âŒ å·²å¤±æ•ˆ
2025-10-30T05:39:21.277955752Z [inf]  2025-10-30 05:39:13,403 - src.core.unified_scheduler - INFO -    â€¢ TOWNSUSDT SHORT @ $0.0110 | æ§“æ¡¿=20x | ç›ˆè™§=$-0.04 (-0.44%) | ğŸ“‰ ç©ºé ­ | é€²å ´ç†ç”±âŒ å·²å¤±æ•ˆ
2025-10-30T05:39:21.277963905Z [inf]  2025-10-30 05:39:13,403 - src.core.unified_scheduler - INFO -    â€¢ CROSSUSDT SHORT @ $0.1293 | æ§“æ¡¿=13x | ç›ˆè™§=$-0.02 (-0.17%) | ğŸ“‰ ç©ºé ­ | é€²å ´ç†ç”±âŒ å·²å¤±æ•ˆ
2025-10-30T05:39:21.279310146Z [inf]  2025-10-30 05:39:13,403 - src.core.unified_scheduler - INFO -    â€¢ ADAUSDT SHORT @ $0.6274 | æ§“æ¡¿=13x | ç›ˆè™§=$-0.24 (-0.85%) | ğŸ“‰ ç©ºé ­ | é€²å ´ç†ç”±âŒ å·²å¤±æ•ˆ
2025-10-30T05:39:21.279317014Z [inf]  2025-10-30 05:39:13,403 - src.core.unified_scheduler - INFO -    â€¢ YFIUSDT SHORT @ $4666.6667 | æ§“æ¡¿=13x | ç›ˆè™§=$-0.14 (-0.50%) | ğŸ“‰ ç©ºé ­ | é€²å ´ç†ç”±âŒ å·²å¤±æ•ˆ
2025-10-30T05:39:21.279323308Z [inf]  2025-10-30 05:39:13,403 - src.core.unified_scheduler - INFO -    â€¢ 0GUSDT SHORT @ $1.3713 | æ§“æ¡¿=13x | ç›ˆè™§=$-0.30 (-0.78%) | ğŸ“‰ ç©ºé ­ | é€²å ´ç†ç”±âŒ å·²å¤±æ•ˆ
2025-10-30T05:39:21.279329078Z [inf]  2025-10-30 05:39:13,403 - src.core.unified_scheduler - INFO - ================================================================================
2025-10-30T05:39:21.279334149Z [inf]  2025-10-30 05:39:13,403 - src.core.unified_scheduler - INFO - ğŸ’° è³¬æˆ¶é¤˜é¡: ç¸½é¡=$20.46 | å¯ç”¨=$0.00 | ä¿è­‰é‡‘=$29.42 | æœªå¯¦ç¾ç›ˆè™§=$+20.46
2025-10-30T05:39:21.279338557Z [inf]  2025-10-30 05:39:13,403 - src.core.unified_scheduler - INFO - ğŸ¯ æ¨¡å‹è©•åˆ†: ç„¡äº¤æ˜“è¨˜éŒ„
2025-10-30T05:39:21.279343592Z [inf]  2025-10-30 05:39:13,403 - src.core.unified_scheduler - INFO - ğŸ“Š æƒæ 529 å€‹äº¤æ˜“å°ä¸­...
2025-10-30T05:39:51.318157299Z [inf]  2025-10-30 05:39:48,151 - src.core.websocket.price_feed - ERROR - âŒ PriceFeed-Shard0 æ¥æ”¶å¤±æ•—: sent 1011 (internal error) keepalive ping timeout; no close frame received
2025-10-30T05:39:58.794163837Z [inf]  2025-10-30 05:39:58,789 - src.core.unified_scheduler - INFO - âœ… ç™¼ç¾ 281 å€‹äº¤æ˜“ä¿¡è™Ÿ
2025-10-30T05:39:58.794174249Z [inf]  2025-10-30 05:39:58,789 - src.core.unified_scheduler - INFO - ğŸ“Š ä¿¡è™ŸåŸ·è¡Œ | å¯ç”¨ä¿è­‰é‡‘: $0.00 | å·²æœ‰å€‰ä½: 8 | æ–°ä¿¡è™Ÿæ•¸: 281
2025-10-30T05:39:58.903043737Z [inf]  2025-10-30 05:39:58,899 - src.clients.binance_client - INFO - ğŸ’° è³¬æˆ¶é¤˜é¡: ç¸½é¡ 20.46 USDT, å¯ç”¨ 0.00 USDT, ä¿è­‰é‡‘ 20.46 USDT, æœªå¯¦ç¾ç›ˆè™§ -1.17 USDT
2025-10-30T05:39:58.903056239Z [inf]  2025-10-30 05:39:58,899 - src.strategies.self_learning_trader - INFO - ğŸ’° å¸³æˆ¶ç‹€æ…‹ | ç¸½æ¬Šç›Š: $19.29 | å¯ç”¨ä¿è­‰é‡‘: $0.00 | å·²ä½”ç”¨ä¿è­‰é‡‘: $20.46
2025-10-30T05:39:58.903063836Z [inf]  2025-10-30 05:39:58,900 - src.core.capital_allocator - INFO - ğŸ’° è³ªé‡æ’åå®Œæˆï¼š281/281 ä¿¡è™Ÿé€šéè³ªé‡é–€æª» | æœ€é«˜åˆ†: 0.853 | æœ€ä½åˆ†: 0.789
2025-10-30T05:39:58.903070063Z [inf]  2025-10-30 05:39:58,900 - src.core.capital_allocator - INFO - ğŸ’° é ç®—æ± åˆå§‹åŒ– | ç¸½é ç®—: $0.00 (80% Ã— $0.00) | å–®å€‰ä¸Šé™: $9.65 (50% Ã— $19.29)
2025-10-30T05:39:58.903076374Z [inf]  2025-10-30 05:39:58,900 - src.core.capital_allocator - INFO - ğŸ’° é ç®—è€—ç›¡ï¼Œæ‹’çµ•å‰©é¤˜ 281 å€‹ä¿¡è™Ÿ ï¼ˆæ’å 1-281ï¼‰
2025-10-30T05:39:58.903083244Z [inf]  2025-10-30 05:39:58,900 - src.core.capital_allocator - INFO - ================================================================================
2025-10-30T05:39:58.903089708Z [inf]  2025-10-30 05:39:58,900 - src.core.capital_allocator - INFO - âœ… è³‡é‡‘åˆ†é…å®Œæˆ
2025-10-30T05:39:58.903095330Z [inf]  2025-10-30 05:39:58,900 - src.core.capital_allocator - INFO -    ç²æ‰¹ä¿¡è™Ÿ: 0/281 (é€šéè³ªé‡é–€æª»)
2025-10-30T05:39:58.903101481Z [inf]  2025-10-30 05:39:58,900 - src.core.capital_allocator - WARNING -    âš ï¸ ç„¡å¯ç”¨é ç®—ï¼ˆavailable_margin=0ï¼Œå¯èƒ½æ˜¯å¸³æˆ¶é¤˜é¡ç‚º0æˆ–APIå¤±æ•—ï¼‰
2025-10-30T05:39:58.903113212Z [inf]  2025-10-30 05:39:58,900 - src.core.capital_allocator - INFO -    ç¸½åˆ†é…: $0.00 / $0.00
2025-10-30T05:39:58.903122887Z [inf]  2025-10-30 05:39:58,900 - src.core.capital_allocator - INFO -    ç²æ‰¹ä¿¡è™Ÿå°‡ç„¡æ³•åŸ·è¡Œ
2025-10-30T05:39:58.903128173Z [inf]  2025-10-30 05:39:58,900 - src.core.capital_allocator - INFO - ================================================================================
2025-10-30T05:39:58.904795940Z [inf]  2025-10-30 05:39:58,900 - src.strategies.self_learning_trader - INFO - ğŸ’° ç„¡ä¿¡è™Ÿç²å¾—è³‡é‡‘åˆ†é…
2025-10-30T05:39:58.904805984Z [inf]  2025-10-30 05:39:58,900 - src.core.unified_scheduler - INFO - âœ… é€±æœŸå®Œæˆ | è€—æ™‚: 45.6s | æ–°æˆäº¤: 0
2025-10-30T05:39:58.904813475Z [inf]  2025-10-30 05:39:58,900 - src.core.unified_scheduler - INFO - ================================================================================
2025-10-30T05:40:02.502928126Z [inf]  2025-10-30 05:40:02,171 - src.core.websocket.account_feed - INFO - âœ… listenKeyå·²çºŒæœŸ: ol3iRThQ... (ç¬¬1æ¬¡å˜—è©¦)
2025-10-30T05:40:09.601198297Z [inf]  2025-10-30 05:40:09,170 - src.core.websocket.price_feed - ERROR - âŒ PriceFeed-Shard0 æ¥æ”¶å¤±æ•—: no close frame received or sent
2025-10-30T05:40:29.629099603Z [inf]  2025-10-30 05:40:20,321 - src.core.websocket.price_feed - ERROR - âŒ PriceFeed-Shard0 æ¥æ”¶å¤±æ•—: no close frame received or sent
2025-10-30T05:40:32.848680804Z [inf]  2025-10-30 05:40:32,804 - src.core.websocket.price_feed - ERROR - âŒ PriceFeed-Shard0 æ¥æ”¶å¤±æ•—: no close frame received or sent
2025-10-30T05:41:02.930279574Z [inf]  2025-10-30 05:40:59,019 - src.core.unified_scheduler - INFO -    â€¢ AGLDUSDT SHORT @ $0.3812 | æ§“æ¡¿=13x | ç›ˆè™§=$-0.42 (-1.41%) | ğŸ“‰ ç©ºé ­ | é€²å ´ç†ç”±âŒ å·²å¤±æ•ˆ
2025-10-30T05:41:02.930286985Z [inf]  2025-10-30 05:40:59,019 - src.core.unified_scheduler - INFO -    â€¢ AEROUSDT LONG @ $1.0303 | æ§“æ¡¿=20x | ç›ˆè™§=$+0.64 (+0.80%) | âš ï¸ é€†å‹¢ | é€²å ´ç†ç”±âŒ å·²å¤±æ•ˆ
2025-10-30T05:41:02.930292528Z [inf]  2025-10-30 05:40:59,019 - src.core.unified_scheduler - INFO -    â€¢ TOWNSUSDT SHORT @ $0.0110 | æ§“æ¡¿=20x | ç›ˆè™§=$-0.13 (-1.27%) | ğŸ“‰ ç©ºé ­ | é€²å ´ç†ç”±âŒ å·²å¤±æ•ˆ
2025-10-30T05:41:02.930297706Z [inf]  2025-10-30 05:40:59,019 - src.core.unified_scheduler - INFO -    â€¢ CROSSUSDT SHORT @ $0.1293 | æ§“æ¡¿=13x | ç›ˆè™§=$-0.07 (-0.74%) | ğŸ“‰ ç©ºé ­ | é€²å ´ç†ç”±âŒ å·²å¤±æ•ˆ
2025-10-30T05:41:02.930328879Z [inf]  2025-10-30 05:40:58,902 - src.core.unified_scheduler - INFO - ================================================================================
2025-10-30T05:41:02.930334502Z [inf]  2025-10-30 05:40:58,902 - src.core.unified_scheduler - INFO - ğŸ”„ äº¤æ˜“é€±æœŸ #22 | 2025-10-30 05:40:58 UTC
2025-10-30T05:41:02.930341459Z [inf]  2025-10-30 05:40:58,902 - src.core.unified_scheduler - INFO - ================================================================================
2025-10-30T05:41:02.930347259Z [inf]  2025-10-30 05:40:59,019 - src.core.unified_scheduler - INFO - ğŸ“Š æ­·å²çµ±è¨ˆ: æš«ç„¡äº¤æ˜“è¨˜éŒ„
2025-10-30T05:41:02.930353419Z [inf]  2025-10-30 05:40:59,019 - src.core.unified_scheduler - INFO - ğŸ“¦ ç•¶å‰æŒå€‰: 8 å€‹ | ç¸½æœªå¯¦ç¾ç›ˆè™§: $-1.35
2025-10-30T05:41:02.930362008Z [inf]  2025-10-30 05:40:59,019 - src.core.unified_scheduler - INFO - ================================================================================
2025-10-30T05:41:02.930367396Z [inf]  2025-10-30 05:40:59,019 - src.core.unified_scheduler - INFO -    â€¢ TRXUSDT SHORT @ $0.2938 | æ§“æ¡¿=13x | ç›ˆè™§=$-0.27 (-0.39%) | ğŸ“‰ ç©ºé ­ | é€²å ´ç†ç”±âŒ å·²å¤±æ•ˆ
2025-10-30T05:41:02.930444369Z [inf]  2025-10-30 05:40:59,019 - src.core.unified_scheduler - INFO -    â€¢ ADAUSDT SHORT @ $0.6274 | æ§“æ¡¿=13x | ç›ˆè™§=$-0.39 (-1.37%) | ğŸ“‰ ç©ºé ­ | é€²å ´ç†ç”±âŒ å·²å¤±æ•ˆ
2025-10-30T05:41:02.930449308Z [inf]  2025-10-30 05:40:59,020 - src.core.unified_scheduler - INFO -    â€¢ YFIUSDT SHORT @ $4666.6667 | æ§“æ¡¿=13x | ç›ˆè™§=$-0.26 (-0.91%) | ğŸ“‰ ç©ºé ­ | é€²å ´ç†ç”±âŒ å·²å¤±æ•ˆ
2025-10-30T05:41:02.930454570Z [inf]  2025-10-30 05:40:59,020 - src.core.unified_scheduler - INFO -    â€¢ 0GUSDT SHORT @ $1.3713 | æ§“æ¡¿=13x | ç›ˆè™§=$-0.46 (-1.19%) | ğŸ“‰ ç©ºé ­ | é€²å ´ç†ç”±âŒ å·²å¤±æ•ˆ
2025-10-30T05:41:02.930460015Z [inf]  2025-10-30 05:40:59,020 - src.core.unified_scheduler - INFO - ================================================================================
2025-10-30T05:41:02.930464555Z [inf]  2025-10-30 05:40:59,020 - src.core.unified_scheduler - INFO - ğŸ’° è³¬æˆ¶é¤˜é¡: ç¸½é¡=$20.46 | å¯ç”¨=$0.00 | ä¿è­‰é‡‘=$29.42 | æœªå¯¦ç¾ç›ˆè™§=$+20.46
2025-10-30T05:41:02.930468725Z [inf]  2025-10-30 05:40:59,020 - src.core.unified_scheduler - INFO - ğŸ¯ æ¨¡å‹è©•åˆ†: ç„¡äº¤æ˜“è¨˜éŒ„
2025-10-30T05:41:02.930472719Z [inf]  2025-10-30 05:40:59,020 - src.core.unified_scheduler - INFO - ğŸ“Š æƒæ 529 å€‹äº¤æ˜“å°ä¸­...
2025-10-30T05:41:32.539756360Z [inf]  2025-10-30 05:41:23,675 - src.core.websocket.price_feed - ERROR - âŒ PriceFeed-Shard0 æ¥æ”¶å¤±æ•—: sent 1011 (internal error) keepalive ping timeout; no close frame received
2025-10-30T05:41:36.219280758Z [inf]  2025-10-30 05:41:36,215 - src.core.unified_scheduler - INFO - âœ… ç™¼ç¾ 181 å€‹äº¤æ˜“ä¿¡è™Ÿ
2025-10-30T05:41:36.219287917Z [inf]  2025-10-30 05:41:36,215 - src.core.unified_scheduler - INFO - ğŸ“Š ä¿¡è™ŸåŸ·è¡Œ | å¯ç”¨ä¿è­‰é‡‘: $0.00 | å·²æœ‰å€‰ä½: 8 | æ–°ä¿¡è™Ÿæ•¸: 181
2025-10-30T05:41:36.315948421Z [inf]  2025-10-30 05:41:36,313 - src.clients.binance_client - INFO - ğŸ’° è³¬æˆ¶é¤˜é¡: ç¸½é¡ 20.46 USDT, å¯ç”¨ 0.00 USDT, ä¿è­‰é‡‘ 20.46 USDT, æœªå¯¦ç¾ç›ˆè™§ -1.29 USDT
2025-10-30T05:41:36.315963374Z [inf]  2025-10-30 05:41:36,313 - src.strategies.self_learning_trader - INFO - ğŸ’° å¸³æˆ¶ç‹€æ…‹ | ç¸½æ¬Šç›Š: $19.17 | å¯ç”¨ä¿è­‰é‡‘: $0.00 | å·²ä½”ç”¨ä¿è­‰é‡‘: $20.46
2025-10-30T05:41:36.315973035Z [inf]  2025-10-30 05:41:36,314 - src.core.capital_allocator - INFO - ğŸ’° è³ªé‡æ’åå®Œæˆï¼š181/181 ä¿¡è™Ÿé€šéè³ªé‡é–€æª» | æœ€é«˜åˆ†: 0.853 | æœ€ä½åˆ†: 0.789
2025-10-30T05:41:36.315980068Z [inf]  2025-10-30 05:41:36,314 - src.core.capital_allocator - INFO - ğŸ’° é ç®—æ± åˆå§‹åŒ– | ç¸½é ç®—: $0.00 (80% Ã— $0.00) | å–®å€‰ä¸Šé™: $9.58 (50% Ã— $19.17)
2025-10-30T05:41:36.315985558Z [inf]  2025-10-30 05:41:36,314 - src.core.capital_allocator - INFO - ğŸ’° é ç®—è€—ç›¡ï¼Œæ‹’çµ•å‰©é¤˜ 181 å€‹ä¿¡è™Ÿ ï¼ˆæ’å 1-181ï¼‰
2025-10-30T05:41:36.315995060Z [inf]  2025-10-30 05:41:36,314 - src.core.capital_allocator - INFO - ================================================================================
2025-10-30T05:41:36.316002580Z [inf]  2025-10-30 05:41:36,314 - src.core.capital_allocator - INFO - âœ… è³‡é‡‘åˆ†é…å®Œæˆ
2025-10-30T05:41:36.316009619Z [inf]  2025-10-30 05:41:36,314 - src.core.capital_allocator - INFO -    ç²æ‰¹ä¿¡è™Ÿ: 0/181 (é€šéè³ªé‡é–€æª»)
2025-10-30T05:41:36.316016289Z [inf]  2025-10-30 05:41:36,314 - src.core.capital_allocator - WARNING -    âš ï¸ ç„¡å¯ç”¨é ç®—ï¼ˆavailable_margin=0ï¼Œå¯èƒ½æ˜¯å¸³æˆ¶é¤˜é¡ç‚º0æˆ–APIå¤±æ•—ï¼‰
2025-10-30T05:41:36.316023798Z [inf]  2025-10-30 05:41:36,314 - src.core.capital_allocator - INFO -    ç¸½åˆ†é…: $0.00 / $0.00
2025-10-30T05:41:36.316030870Z [inf]  2025-10-30 05:41:36,314 - src.core.capital_allocator - INFO -    ç²æ‰¹ä¿¡è™Ÿå°‡ç„¡æ³•åŸ·è¡Œ
2025-10-30T05:41:36.316037064Z [inf]  2025-10-30 05:41:36,314 - src.core.capital_allocator - INFO - ================================================================================
2025-10-30T05:41:36.317691891Z [inf]  2025-10-30 05:41:36,314 - src.strategies.self_learning_trader - INFO - ğŸ’° ç„¡ä¿¡è™Ÿç²å¾—è³‡é‡‘åˆ†é…
2025-10-30T05:41:36.317698260Z [inf]  2025-10-30 05:41:36,314 - src.core.unified_scheduler - INFO - âœ… é€±æœŸå®Œæˆ | è€—æ™‚: 37.4s | æ–°æˆäº¤: 0
2025-10-30T05:41:36.317705337Z [inf]  2025-10-30 05:41:36,314 - src.core.unified_scheduler - INFO - ================================================================================
2025-10-30T05:41:40.205209002Z [inf]  2025-10-30 05:41:40,197 - src.core.websocket.price_feed - ERROR - âŒ PriceFeed-Shard0 æ¥æ”¶å¤±æ•—: no close frame received or sent
2025-10-30T05:42:09.785426229Z [inf]  2025-10-30 05:42:08,067 - src.core.websocket.price_feed - ERROR - âŒ PriceFeed-Shard0 æ¥æ”¶å¤±æ•—: no close frame received or sent
2025-10-30T05:42:19.521177182Z [inf]  2025-10-30 05:42:19,517 - src.core.websocket.price_feed - ERROR - âŒ PriceFeed-Shard0 æ¥æ”¶å¤±æ•—: no close frame received or sent
2025-10-30T05:42:25.015636375Z [inf]  2025-10-30 05:42:25,011 - src.core.websocket.price_feed - ERROR - âŒ PriceFeed-Shard0 æ¥æ”¶å¤±æ•—: no close frame received or sent
2025-10-30T05:42:44.999830690Z [inf]  2025-10-30 05:42:36,315 - src.core.unified_scheduler - INFO - ================================================================================
2025-10-30T05:42:44.999840955Z [inf]  2025-10-30 05:42:36,315 - src.core.unified_scheduler - INFO - ğŸ”„ äº¤æ˜“é€±æœŸ #23 | 2025-10-30 05:42:36 UTC
2025-10-30T05:42:44.999847381Z [inf]  2025-10-30 05:42:36,315 - src.core.unified_scheduler - INFO - ================================================================================
2025-10-30T05:42:44.999853377Z [inf]  2025-10-30 05:42:36,425 - src.core.unified_scheduler - INFO - ğŸ“Š æ­·å²çµ±è¨ˆ: æš«ç„¡äº¤æ˜“è¨˜éŒ„
2025-10-30T05:42:44.999860186Z [inf]  2025-10-30 05:42:36,425 - src.core.unified_scheduler - INFO - ğŸ“¦ ç•¶å‰æŒå€‰: 8 å€‹ | ç¸½æœªå¯¦ç¾ç›ˆè™§: $-1.30
2025-10-30T05:42:44.999868652Z [inf]  2025-10-30 05:42:36,425 - src.core.unified_scheduler - INFO - ================================================================================
2025-10-30T05:42:44.999873256Z [inf]  2025-10-30 05:42:36,425 - src.core.unified_scheduler - INFO -    â€¢ TRXUSDT SHORT @ $0.2938 | æ§“æ¡¿=13x | ç›ˆè™§=$-0.30 (-0.43%) | ğŸ“‰ ç©ºé ­ | é€²å ´ç†ç”±âŒ å·²å¤±æ•ˆ
2025-10-30T05:42:44.999878117Z [inf]  2025-10-30 05:42:36,425 - src.core.unified_scheduler - INFO -    â€¢ AGLDUSDT SHORT @ $0.3812 | æ§“æ¡¿=13x | ç›ˆè™§=$-0.40 (-1.36%) | ğŸ“‰ ç©ºé ­ | é€²å ´ç†ç”±âŒ å·²å¤±æ•ˆ
2025-10-30T05:42:44.999888319Z [inf]  2025-10-30 05:42:36,425 - src.core.unified_scheduler - INFO -    â€¢ AEROUSDT LONG @ $1.0303 | æ§“æ¡¿=20x | ç›ˆè™§=$+0.64 (+0.80%) | âš ï¸ é€†å‹¢ | é€²å ´ç†ç”±âŒ å·²å¤±æ•ˆ
2025-10-30T05:42:44.999915694Z [inf]  2025-10-30 05:42:36,425 - src.core.unified_scheduler - INFO -    â€¢ TOWNSUSDT SHORT @ $0.0110 | æ§“æ¡¿=20x | ç›ˆè™§=$-0.12 (-1.19%) | ğŸ“‰ ç©ºé ­ | é€²å ´ç†ç”±âŒ å·²å¤±æ•ˆ
2025-10-30T05:42:44.999923917Z [inf]  2025-10-30 05:42:36,425 - src.core.unified_scheduler - INFO -    â€¢ CROSSUSDT SHORT @ $0.1293 | æ§“æ¡¿=13x | ç›ˆè™§=$-0.06 (-0.62%) | ğŸ“‰ ç©ºé ­ | é€²å ´ç†ç”±âŒ å·²å¤±æ•ˆ
2025-10-30T05:42:45.002190947Z [inf]  2025-10-30 05:42:36,425 - src.core.unified_scheduler - INFO -    â€¢ ADAUSDT SHORT @ $0.6274 | æ§“æ¡¿=13x | ç›ˆè™§=$-0.36 (-1.26%) | ğŸ“‰ ç©ºé ­ | é€²å ´ç†ç”±âŒ å·²å¤±æ•ˆ
2025-10-30T05:42:45.002197584Z [inf]  2025-10-30 05:42:36,425 - src.core.unified_scheduler - INFO -    â€¢ YFIUSDT SHORT @ $4666.6667 | æ§“æ¡¿=13x | ç›ˆè™§=$-0.24 (-0.87%) | ğŸ“‰ ç©ºé ­ | é€²å ´ç†ç”±âŒ å·²å¤±æ•ˆ
2025-10-30T05:42:45.002202417Z [inf]  2025-10-30 05:42:36,425 - src.core.unified_scheduler - INFO -    â€¢ 0GUSDT SHORT @ $1.3713 | æ§“æ¡¿=13x | ç›ˆè™§=$-0.45 (-1.17%) | ğŸ“‰ ç©ºé ­ | é€²å ´ç†ç”±âŒ å·²å¤±æ•ˆ
2025-10-30T05:42:45.002207271Z [inf]  2025-10-30 05:42:36,425 - src.core.unified_scheduler - INFO - ================================================================================
2025-10-30T05:42:45.002211407Z [inf]  2025-10-30 05:42:36,425 - src.core.unified_scheduler - INFO - ğŸ’° è³¬æˆ¶é¤˜é¡: ç¸½é¡=$20.46 | å¯ç”¨=$0.00 | ä¿è­‰é‡‘=$29.42 | æœªå¯¦ç¾ç›ˆè™§=$+20.46
2025-10-30T05:42:45.002217341Z [inf]  2025-10-30 05:42:36,425 - src.core.unified_scheduler - INFO - ğŸ¯ æ¨¡å‹è©•åˆ†: ç„¡äº¤æ˜“è¨˜éŒ„
2025-10-30T05:42:45.002222761Z [inf]  2025-10-30 05:42:36,425 - src.core.unified_scheduler - INFO - ğŸ“Š æƒæ 529 å€‹äº¤æ˜“å°ä¸­...
2025-10-30T05:42:50.665869232Z [inf]  2025-10-30 05:42:50,413 - src.core.unified_scheduler - INFO - âœ… ç™¼ç¾ 181 å€‹äº¤æ˜“ä¿¡è™Ÿ
2025-10-30T05:42:50.665876790Z [inf]  2025-10-30 05:42:50,413 - src.core.unified_scheduler - INFO - ğŸ“Š ä¿¡è™ŸåŸ·è¡Œ | å¯ç”¨ä¿è­‰é‡‘: $0.00 | å·²æœ‰å€‰ä½: 8 | æ–°ä¿¡è™Ÿæ•¸: 181
2025-10-30T05:42:50.665883907Z [inf]  2025-10-30 05:42:50,533 - src.core.capital_allocator - INFO - ğŸ’° é ç®—è€—ç›¡ï¼Œæ‹’çµ•å‰©é¤˜ 181 å€‹ä¿¡è™Ÿ ï¼ˆæ’å 1-181ï¼‰
2025-10-30T05:42:50.665890571Z [inf]  2025-10-30 05:42:50,532 - src.clients.binance_client - INFO - ğŸ’° è³¬æˆ¶é¤˜é¡: ç¸½é¡ 20.46 USDT, å¯ç”¨ 0.00 USDT, ä¿è­‰é‡‘ 20.46 USDT, æœªå¯¦ç¾ç›ˆè™§ -1.38 USDT
2025-10-30T05:42:50.665892286Z [inf]  2025-10-30 05:42:50,533 - src.core.capital_allocator - INFO - ================================================================================
2025-10-30T05:42:50.665895582Z [inf]  2025-10-30 05:42:50,532 - src.strategies.self_learning_trader - INFO - ğŸ’° å¸³æˆ¶ç‹€æ…‹ | ç¸½æ¬Šç›Š: $19.07 | å¯ç”¨ä¿è­‰é‡‘: $0.00 | å·²ä½”ç”¨ä¿è­‰é‡‘: $20.46
2025-10-30T05:42:50.665899669Z [inf]  2025-10-30 05:42:50,533 - src.core.capital_allocator - INFO - âœ… è³‡é‡‘åˆ†é…å®Œæˆ
2025-10-30T05:42:50.665905621Z [inf]  2025-10-30 05:42:50,533 - src.core.capital_allocator - INFO -    ç²æ‰¹ä¿¡è™Ÿ: 0/181 (é€šéè³ªé‡é–€æª»)
2025-10-30T05:42:50.665909299Z [inf]  2025-10-30 05:42:50,533 - src.core.capital_allocator - INFO - ğŸ’° è³ªé‡æ’åå®Œæˆï¼š181/181 ä¿¡è™Ÿé€šéè³ªé‡é–€æª» | æœ€é«˜åˆ†: 0.853 | æœ€ä½åˆ†: 0.789
2025-10-30T05:42:50.665917760Z [inf]  2025-10-30 05:42:50,533 - src.core.capital_allocator - INFO - ğŸ’° é ç®—æ± åˆå§‹åŒ– | ç¸½é ç®—: $0.00 (80% Ã— $0.00) | å–®å€‰ä¸Šé™: $9.54 (50% Ã— $19.07)
2025-10-30T05:42:50.665929988Z [inf]  2025-10-30 05:42:50,533 - src.core.capital_allocator - WARNING -    âš ï¸ ç„¡å¯ç”¨é ç®—ï¼ˆavailable_margin=0ï¼Œå¯èƒ½æ˜¯å¸³æˆ¶é¤˜é¡ç‚º0æˆ–APIå¤±æ•—ï¼‰
2025-10-30T05:42:50.665942638Z [inf]  2025-10-30 05:42:50,533 - src.core.capital_allocator - INFO -    ç¸½åˆ†é…: $0.00 / $0.00
2025-10-30T05:42:50.683447812Z [inf]  2025-10-30 05:42:50,533 - src.core.capital_allocator - INFO -    ç²æ‰¹ä¿¡è™Ÿå°‡ç„¡æ³•åŸ·è¡Œ
2025-10-30T05:42:50.683455919Z [inf]  2025-10-30 05:42:50,533 - src.core.capital_allocator - INFO - ================================================================================
2025-10-30T05:42:50.683479064Z [inf]  2025-10-30 05:42:50,533 - src.strategies.self_learning_trader - INFO - ğŸ’° ç„¡ä¿¡è™Ÿç²å¾—è³‡é‡‘åˆ†é…
2025-10-30T05:42:50.683487926Z [inf]  2025-10-30 05:42:50,534 - src.core.unified_scheduler - INFO - âœ… é€±æœŸå®Œæˆ | è€—æ™‚: 14.2s | æ–°æˆäº¤: 0
2025-10-30T05:42:50.683496029Z [inf]  2025-10-30 05:42:50,534 - src.core.unified_scheduler - INFO - ================================================================================
2025-10-30T05:42:54.705664270Z [inf]  2025-10-30 05:42:54,535 - src.core.websocket.price_feed - ERROR - âŒ PriceFeed-Shard0 æ¥æ”¶å¤±æ•—: no close frame received or sent
2025-10-30T05:42:59.019336493Z [inf]  2025-10-30 05:42:59,016 - src.core.websocket.price_feed - ERROR - âŒ PriceFeed-Shard2 æ¥æ”¶å¤±æ•—: sent 1011 (internal error) keepalive ping timeout; no close frame received
2025-10-30T05:42:59.786977708Z [inf]  2025-10-30 05:42:59,417 - src.core.websocket.price_feed - ERROR - âŒ PriceFeed-Shard3 æ¥æ”¶å¤±æ•—: sent 1011 (internal error) keepalive ping timeout; no close frame received
2025-10-30T05:42:59.977793679Z [inf]  2025-10-30 05:42:59,973 - src.core.websocket.price_feed - ERROR - âŒ PriceFeed-Shard1 æ¥æ”¶å¤±æ•—: sent 1011 (internal error) keepalive ping timeout; no close frame received
2025-10-30T05:43:19.977380220Z [inf]  2025-10-30 05:43:15,121 - src.core.websocket.price_feed - ERROR - âŒ PriceFeed-Shard0 æ¥æ”¶å¤±æ•—: no close frame received or sent
2025-10-30T05:43:28.147923535Z [inf]  2025-10-30 05:43:28,145 - src.core.websocket.price_feed - ERROR - âŒ PriceFeed-Shard0 æ¥æ”¶å¤±æ•—: no close frame received or sent
2025-10-30T05:43:57.752366370Z [inf]  2025-10-30 05:43:50,535 - src.core.unified_scheduler - INFO - ================================================================================
2025-10-30T05:43:57.752379681Z [inf]  2025-10-30 05:43:50,535 - src.core.unified_scheduler - INFO - ğŸ”„ äº¤æ˜“é€±æœŸ #24 | 2025-10-30 05:43:50 UTC
2025-10-30T05:43:57.752387006Z [inf]  2025-10-30 05:43:50,535 - src.core.unified_scheduler - INFO - ================================================================================
2025-10-30T05:43:57.752393828Z [inf]  2025-10-30 05:43:50,649 - src.core.unified_scheduler - INFO - ğŸ“Š æ­·å²çµ±è¨ˆ: æš«ç„¡äº¤æ˜“è¨˜éŒ„
2025-10-30T05:43:57.752400067Z [inf]  2025-10-30 05:43:50,649 - src.core.unified_scheduler - INFO - ğŸ“¦ ç•¶å‰æŒå€‰: 8 å€‹ | ç¸½æœªå¯¦ç¾ç›ˆè™§: $-1.39
2025-10-30T05:43:57.752405502Z [inf]  2025-10-30 05:43:50,649 - src.core.unified_scheduler - INFO - ================================================================================
2025-10-30T05:43:57.752411291Z [inf]  2025-10-30 05:43:50,649 - src.core.unified_scheduler - INFO -    â€¢ TRXUSDT SHORT @ $0.2938 | æ§“æ¡¿=13x | ç›ˆè™§=$-0.36 (-0.52%) | ğŸ“‰ ç©ºé ­ | é€²å ´ç†ç”±âŒ å·²å¤±æ•ˆ
2025-10-30T05:43:57.752416916Z [inf]  2025-10-30 05:43:50,649 - src.core.unified_scheduler - INFO -    â€¢ AGLDUSDT SHORT @ $0.3812 | æ§“æ¡¿=13x | ç›ˆè™§=$-0.48 (-1.62%) | ğŸ“‰ ç©ºé ­ | é€²å ´ç†ç”±âŒ å·²å¤±æ•ˆ
2025-10-30T05:43:57.752422925Z [inf]  2025-10-30 05:43:50,649 - src.core.unified_scheduler - INFO -    â€¢ AEROUSDT LONG @ $1.0303 | æ§“æ¡¿=20x | ç›ˆè™§=$+0.88 (+1.10%) | âš ï¸ é€†å‹¢ | é€²å ´ç†ç”±âŒ å·²å¤±æ•ˆ
2025-10-30T05:43:57.752429835Z [inf]  2025-10-30 05:43:50,649 - src.core.unified_scheduler - INFO -    â€¢ TOWNSUSDT SHORT @ $0.0110 | æ§“æ¡¿=20x | ç›ˆè™§=$-0.14 (-1.40%) | ğŸ“‰ ç©ºé ­ | é€²å ´ç†ç”±âŒ å·²å¤±æ•ˆ
2025-10-30T05:43:57.752436889Z [inf]  2025-10-30 05:43:50,649 - src.core.unified_scheduler - INFO -    â€¢ CROSSUSDT SHORT @ $0.1293 | æ§“æ¡¿=13x | ç›ˆè™§=$-0.07 (-0.66%) | ğŸ“‰ ç©ºé ­ | é€²å ´ç†ç”±âŒ å·²å¤±æ•ˆ
2025-10-30T05:43:57.754358095Z [inf]  2025-10-30 05:43:50,649 - src.core.unified_scheduler - INFO -    â€¢ ADAUSDT SHORT @ $0.6274 | æ§“æ¡¿=13x | ç›ˆè™§=$-0.45 (-1.58%) | ğŸ“‰ ç©ºé ­ | é€²å ´ç†ç”±âŒ å·²å¤±æ•ˆ
2025-10-30T05:43:57.754369666Z [inf]  2025-10-30 05:43:50,649 - src.core.unified_scheduler - INFO -    â€¢ YFIUSDT SHORT @ $4666.6667 | æ§“æ¡¿=13x | ç›ˆè™§=$-0.27 (-0.98%) | ğŸ“‰ ç©ºé ­ | é€²å ´ç†ç”±âŒ å·²å¤±æ•ˆ
2025-10-30T05:43:57.754382981Z [inf]  2025-10-30 05:43:50,649 - src.core.unified_scheduler - INFO -    â€¢ 0GUSDT SHORT @ $1.3713 | æ§“æ¡¿=13x | ç›ˆè™§=$-0.50 (-1.29%) | ğŸ“‰ ç©ºé ­ | é€²å ´ç†ç”±âŒ å·²å¤±æ•ˆ
2025-10-30T05:43:57.754390366Z [inf]  2025-10-30 05:43:50,649 - src.core.unified_scheduler - INFO - ================================================================================
2025-10-30T05:43:57.754402372Z [inf]  2025-10-30 05:43:50,649 - src.core.unified_scheduler - INFO - ğŸ’° è³¬æˆ¶é¤˜é¡: ç¸½é¡=$20.46 | å¯ç”¨=$0.00 | ä¿è­‰é‡‘=$29.42 | æœªå¯¦ç¾ç›ˆè™§=$+20.46
2025-10-30T05:43:57.754415296Z [inf]  2025-10-30 05:43:50,649 - src.core.unified_scheduler - INFO - ğŸ¯ æ¨¡å‹è©•åˆ†: ç„¡äº¤æ˜“è¨˜éŒ„
2025-10-30T05:43:57.754421524Z [inf]  2025-10-30 05:43:50,650 - src.core.unified_scheduler - INFO - ğŸ“Š æƒæ 529 å€‹äº¤æ˜“å°ä¸­...
2025-10-30T05:43:57.754427077Z [inf]  2025-10-30 05:43:50,666 - src.services.data_service - INFO - ================================================================================
2025-10-30T05:43:57.754433140Z [inf]  2025-10-30 05:43:50,666 - src.services.data_service - INFO - ğŸ“Š DataService WebSocketçµ±è¨ˆï¼ˆæœ€è¿‘5åˆ†é˜ï¼‰:
2025-10-30T05:43:57.754442340Z [inf]  2025-10-30 05:43:50,666 - src.services.data_service - INFO -    ç¸½è«‹æ±‚: 12168
2025-10-30T05:43:57.754455121Z [inf]  2025-10-30 05:43:50,666 - src.services.data_service - INFO -    WebSocketå‘½ä¸­: 0 (0.0%)
2025-10-30T05:43:57.754460072Z [inf]  2025-10-30 05:43:50,666 - src.services.data_service - INFO -    RESTå‚™æ´: 12168 (100.0%)
2025-10-30T05:43:57.755984845Z [inf]  2025-10-30 05:43:50,666 - src.services.data_service - INFO - ================================================================================
2025-10-30T05:44:04.426881155Z [inf]  2025-10-30 05:44:04,046 - src.core.unified_scheduler - INFO - ğŸ“Š ä¿¡è™ŸåŸ·è¡Œ | å¯ç”¨ä¿è­‰é‡‘: $0.00 | å·²æœ‰å€‰ä½: 8 | æ–°ä¿¡è™Ÿæ•¸: 181
2025-10-30T05:44:04.426890524Z [inf]  2025-10-30 05:44:04,153 - src.clients.binance_client - INFO - ğŸ’° è³¬æˆ¶é¤˜é¡: ç¸½é¡ 20.46 USDT, å¯ç”¨ 0.00 USDT, ä¿è­‰é‡‘ 20.46 USDT, æœªå¯¦ç¾ç›ˆè™§ -1.25 USDT
2025-10-30T05:44:04.426897228Z [inf]  2025-10-30 05:44:04,153 - src.strategies.self_learning_trader - INFO - ğŸ’° å¸³æˆ¶ç‹€æ…‹ | ç¸½æ¬Šç›Š: $19.20 | å¯ç”¨ä¿è­‰é‡‘: $0.00 | å·²ä½”ç”¨ä¿è­‰é‡‘: $20.46
2025-10-30T05:44:04.426903451Z [inf]  2025-10-30 05:44:04,154 - src.core.capital_allocator - INFO - ğŸ’° è³ªé‡æ’åå®Œæˆï¼š181/181 ä¿¡è™Ÿé€šéè³ªé‡é–€æª» | æœ€é«˜åˆ†: 0.853 | æœ€ä½åˆ†: 0.789
2025-10-30T05:44:04.426909743Z [inf]  2025-10-30 05:44:04,154 - src.core.capital_allocator - INFO - ğŸ’° é ç®—æ± åˆå§‹åŒ– | ç¸½é ç®—: $0.00 (80% Ã— $0.00) | å–®å€‰ä¸Šé™: $9.60 (50% Ã— $19.20)
2025-10-30T05:44:04.426917222Z [inf]  2025-10-30 05:44:04,154 - src.core.capital_allocator - INFO - ğŸ’° é ç®—è€—ç›¡ï¼Œæ‹’çµ•å‰©é¤˜ 181 å€‹ä¿¡è™Ÿ ï¼ˆæ’å 1-181ï¼‰
2025-10-30T05:44:04.426924734Z [inf]  2025-10-30 05:44:04,154 - src.core.capital_allocator - INFO - ================================================================================
2025-10-30T05:44:04.426931436Z [inf]  2025-10-30 05:44:04,154 - src.core.capital_allocator - INFO - âœ… è³‡é‡‘åˆ†é…å®Œæˆ
2025-10-30T05:44:04.426937652Z [inf]  2025-10-30 05:44:04,154 - src.core.capital_allocator - INFO -    ç²æ‰¹ä¿¡è™Ÿ: 0/181 (é€šéè³ªé‡é–€æª»)
2025-10-30T05:44:04.426943333Z [inf]  2025-10-30 05:44:04,154 - src.core.capital_allocator - WARNING -    âš ï¸ ç„¡å¯ç”¨é ç®—ï¼ˆavailable_margin=0ï¼Œå¯èƒ½æ˜¯å¸³æˆ¶é¤˜é¡ç‚º0æˆ–APIå¤±æ•—ï¼‰
2025-10-30T05:44:04.426951167Z [inf]  2025-10-30 05:44:04,154 - src.core.capital_allocator - INFO -    ç¸½åˆ†é…: $0.00 / $0.00
2025-10-30T05:44:04.426951977Z [inf]  2025-10-30 05:44:04,046 - src.core.unified_scheduler - INFO - âœ… ç™¼ç¾ 181 å€‹äº¤æ˜“ä¿¡è™Ÿ
2025-10-30T05:44:04.427680468Z [inf]  2025-10-30 05:44:04,154 - src.core.capital_allocator - INFO -    ç²æ‰¹ä¿¡è™Ÿå°‡ç„¡æ³•åŸ·è¡Œ
2025-10-30T05:44:04.427687177Z [inf]  2025-10-30 05:44:04,154 - src.core.capital_allocator - INFO - ================================================================================
2025-10-30T05:44:04.427696877Z [inf]  2025-10-30 05:44:04,154 - src.strategies.self_learning_trader - INFO - ğŸ’° ç„¡ä¿¡è™Ÿç²å¾—è³‡é‡‘åˆ†é…
2025-10-30T05:44:04.427703331Z [inf]  2025-10-30 05:44:04,154 - src.core.unified_scheduler - INFO - âœ… é€±æœŸå®Œæˆ | è€—æ™‚: 13.6s | æ–°æˆäº¤: 0
2025-10-30T05:44:04.427711610Z [inf]  2025-10-30 05:44:04,154 - src.core.unified_scheduler - INFO - ================================================================================
2025-10-30T05:44:10.453133185Z [inf]  2025-10-30 05:44:10,325 - src.core.websocket.price_feed - ERROR - âŒ PriceFeed-Shard1 æ¥æ”¶å¤±æ•—: sent 1011 (internal error) keepalive ping timeout; no close frame received
2025-10-30T05:44:12.420469300Z [inf]  2025-10-30 05:44:12,078 - src.core.websocket.price_feed - ERROR - âŒ PriceFeed-Shard0 æ¥æ”¶å¤±æ•—: no close frame received or sent
2025-10-30T05:44:32.128571746Z [inf]  2025-10-30 05:44:30,483 - src.core.websocket.price_feed - ERROR - âŒ PriceFeed-Shard0 æ¥æ”¶å¤±æ•—: no close frame received or sent
2025-10-30T05:45:12.135069814Z [inf]  2025-10-30 05:45:04,155 - src.core.unified_scheduler - INFO - ================================================================================
2025-10-30T05:45:12.135077269Z [inf]  2025-10-30 05:45:04,155 - src.core.unified_scheduler - INFO - ğŸ”„ äº¤æ˜“é€±æœŸ #25 | 2025-10-30 05:45:04 UTC
2025-10-30T05:45:12.135086099Z [inf]  2025-10-30 05:45:04,155 - src.core.unified_scheduler - INFO - ================================================================================
2025-10-30T05:45:12.135090840Z [inf]  2025-10-30 05:45:04,272 - src.core.unified_scheduler - INFO - ğŸ“Š æ­·å²çµ±è¨ˆ: æš«ç„¡äº¤æ˜“è¨˜éŒ„
2025-10-30T05:45:12.135094914Z [inf]  2025-10-30 05:45:04,272 - src.core.unified_scheduler - INFO - ğŸ“¦ ç•¶å‰æŒå€‰: 8 å€‹ | ç¸½æœªå¯¦ç¾ç›ˆè™§: $-1.16
2025-10-30T05:45:12.135100447Z [inf]  2025-10-30 05:45:04,272 - src.core.unified_scheduler - INFO - ================================================================================
2025-10-30T05:45:12.135105122Z [inf]  2025-10-30 05:45:04,272 - src.core.unified_scheduler - INFO -    â€¢ TRXUSDT SHORT @ $0.2938 | æ§“æ¡¿=13x | ç›ˆè™§=$-0.33 (-0.47%) | ğŸ“‰ ç©ºé ­ | é€²å ´ç†ç”±âŒ å·²å¤±æ•ˆ
2025-10-30T05:45:12.135109687Z [inf]  2025-10-30 05:45:04,272 - src.core.unified_scheduler - INFO -    â€¢ AGLDUSDT SHORT @ $0.3812 | æ§“æ¡¿=13x | ç›ˆè™§=$-0.47 (-1.59%) | ğŸ“‰ ç©ºé ­ | é€²å ´ç†ç”±âŒ å·²å¤±æ•ˆ
2025-10-30T05:45:12.135114646Z [inf]  2025-10-30 05:45:04,272 - src.core.unified_scheduler - INFO -    â€¢ AEROUSDT LONG @ $1.0303 | æ§“æ¡¿=20x | ç›ˆè™§=$+1.06 (+1.33%) | âš ï¸ é€†å‹¢ | é€²å ´ç†ç”±âŒ å·²å¤±æ•ˆ
2025-10-30T05:45:12.135119241Z [inf]  2025-10-30 05:45:04,272 - src.core.unified_scheduler - INFO -    â€¢ TOWNSUSDT SHORT @ $0.0110 | æ§“æ¡¿=20x | ç›ˆè™§=$-0.14 (-1.36%) | ğŸ“‰ ç©ºé ­ | é€²å ´ç†ç”±âŒ å·²å¤±æ•ˆ
2025-10-30T05:45:12.135125122Z [inf]  2025-10-30 05:45:04,272 - src.core.unified_scheduler - INFO -    â€¢ CROSSUSDT SHORT @ $0.1293 | æ§“æ¡¿=13x | ç›ˆè™§=$-0.08 (-0.82%) | ğŸ“‰ ç©ºé ­ | é€²å ´ç†ç”±âŒ å·²å¤±æ•ˆ
2025-10-30T05:45:12.137197770Z [inf]  2025-10-30 05:45:04,272 - src.core.unified_scheduler - INFO -    â€¢ ADAUSDT SHORT @ $0.6274 | æ§“æ¡¿=13x | ç›ˆè™§=$-0.44 (-1.54%) | ğŸ“‰ ç©ºé ­ | é€²å ´ç†ç”±âŒ å·²å¤±æ•ˆ
2025-10-30T05:45:12.137203527Z [inf]  2025-10-30 05:45:04,272 - src.core.unified_scheduler - INFO -    â€¢ YFIUSDT SHORT @ $4666.6667 | æ§“æ¡¿=13x | ç›ˆè™§=$-0.27 (-0.98%) | ğŸ“‰ ç©ºé ­ | é€²å ´ç†ç”±âŒ å·²å¤±æ•ˆ
2025-10-30T05:45:12.137209549Z [inf]  2025-10-30 05:45:04,273 - src.core.unified_scheduler - INFO -    â€¢ 0GUSDT SHORT @ $1.3713 | æ§“æ¡¿=13x | ç›ˆè™§=$-0.49 (-1.28%) | ğŸ“‰ ç©ºé ­ | é€²å ´ç†ç”±âŒ å·²å¤±æ•ˆ
2025-10-30T05:45:12.137213408Z [inf]  2025-10-30 05:45:04,273 - src.core.unified_scheduler - INFO - ================================================================================
2025-10-30T05:45:12.137218510Z [inf]  2025-10-30 05:45:04,273 - src.core.unified_scheduler - INFO - ğŸ’° è³¬æˆ¶é¤˜é¡: ç¸½é¡=$20.46 | å¯ç”¨=$0.00 | ä¿è­‰é‡‘=$29.42 | æœªå¯¦ç¾ç›ˆè™§=$+20.46
2025-10-30T05:45:12.137223446Z [inf]  2025-10-30 05:45:04,273 - src.core.unified_scheduler - INFO - ğŸ¯ æ¨¡å‹è©•åˆ†: ç„¡äº¤æ˜“è¨˜éŒ„
2025-10-30T05:45:12.137231065Z [inf]  2025-10-30 05:45:04,273 - src.core.unified_scheduler - INFO - ğŸ“Š æƒæ 529 å€‹äº¤æ˜“å°ä¸­...
2025-10-30T05:45:12.748396475Z [inf]  2025-10-30 05:45:12,516 - src.core.websocket.price_feed - ERROR - âŒ PriceFeed-Shard0 æ¥æ”¶å¤±æ•—: no close frame received or sent
2025-10-30T05:45:32.289747027Z [inf]  2025-10-30 05:45:32,109 - src.core.websocket.price_feed - ERROR - âŒ PriceFeed-Shard0 æ¥æ”¶å¤±æ•—: no close frame received or sent
2025-10-30T05:45:52.289473533Z [inf]  2025-10-30 05:45:45,927 - src.core.unified_scheduler - INFO - âœ… ç™¼ç¾ 171 å€‹äº¤æ˜“ä¿¡è™Ÿ
2025-10-30T05:45:52.289489514Z [inf]  2025-10-30 05:45:45,927 - src.core.unified_scheduler - INFO - ğŸ“Š ä¿¡è™ŸåŸ·è¡Œ | å¯ç”¨ä¿è­‰é‡‘: $0.00 | å·²æœ‰å€‰ä½: 8 | æ–°ä¿¡è™Ÿæ•¸: 171
2025-10-30T05:45:52.289503860Z [inf]  2025-10-30 05:45:46,030 - src.clients.binance_client - INFO - ğŸ’° è³¬æˆ¶é¤˜é¡: ç¸½é¡ 20.46 USDT, å¯ç”¨ 0.00 USDT, ä¿è­‰é‡‘ 20.46 USDT, æœªå¯¦ç¾ç›ˆè™§ -1.15 USDT
2025-10-30T05:45:52.289512312Z [inf]  2025-10-30 05:45:46,030 - src.strategies.self_learning_trader - INFO - ğŸ’° å¸³æˆ¶ç‹€æ…‹ | ç¸½æ¬Šç›Š: $19.31 | å¯ç”¨ä¿è­‰é‡‘: $0.00 | å·²ä½”ç”¨ä¿è­‰é‡‘: $20.46
2025-10-30T05:45:52.289521402Z [inf]  2025-10-30 05:45:46,031 - src.core.capital_allocator - INFO - ğŸ’° è³ªé‡æ’åå®Œæˆï¼š171/171 ä¿¡è™Ÿé€šéè³ªé‡é–€æª» | æœ€é«˜åˆ†: 0.853 | æœ€ä½åˆ†: 0.789
2025-10-30T05:45:52.289530883Z [inf]  2025-10-30 05:45:46,031 - src.core.capital_allocator - INFO - ğŸ’° é ç®—æ± åˆå§‹åŒ– | ç¸½é ç®—: $0.00 (80% Ã— $0.00) | å–®å€‰ä¸Šé™: $9.65 (50% Ã— $19.31)
2025-10-30T05:45:52.289542174Z [inf]  2025-10-30 05:45:46,031 - src.core.capital_allocator - INFO - ğŸ’° é ç®—è€—ç›¡ï¼Œæ‹’çµ•å‰©é¤˜ 171 å€‹ä¿¡è™Ÿ ï¼ˆæ’å 1-171ï¼‰
2025-10-30T05:45:52.289549711Z [inf]  2025-10-30 05:45:46,031 - src.core.capital_allocator - INFO - ================================================================================
2025-10-30T05:45:52.289557405Z [inf]  2025-10-30 05:45:46,031 - src.core.capital_allocator - INFO - âœ… è³‡é‡‘åˆ†é…å®Œæˆ
2025-10-30T05:45:52.289566670Z [inf]  2025-10-30 05:45:46,031 - src.core.capital_allocator - INFO -    ç²æ‰¹ä¿¡è™Ÿ: 0/171 (é€šéè³ªé‡é–€æª»)
2025-10-30T05:45:52.289576449Z [inf]  2025-10-30 05:45:46,031 - src.core.capital_allocator - WARNING -    âš ï¸ ç„¡å¯ç”¨é ç®—ï¼ˆavailable_margin=0ï¼Œå¯èƒ½æ˜¯å¸³æˆ¶é¤˜é¡ç‚º0æˆ–APIå¤±æ•—ï¼‰
2025-10-30T05:45:52.289584803Z [inf]  2025-10-30 05:45:46,031 - src.core.capital_allocator - INFO -    ç¸½åˆ†é…: $0.00 / $0.00
2025-10-30T05:45:52.290486975Z [inf]  2025-10-30 05:45:46,031 - src.core.capital_allocator - INFO -    ç²æ‰¹ä¿¡è™Ÿå°‡ç„¡æ³•åŸ·è¡Œ
2025-10-30T05:45:52.290499814Z [inf]  2025-10-30 05:45:46,031 - src.core.capital_allocator - INFO - ================================================================================
2025-10-30T05:45:52.290518661Z [inf]  2025-10-30 05:45:46,031 - src.strategies.self_learning_trader - INFO - ğŸ’° ç„¡ä¿¡è™Ÿç²å¾—è³‡é‡‘åˆ†é…
2025-10-30T05:45:52.290526102Z [inf]  2025-10-30 05:45:46,031 - src.core.unified_scheduler - INFO - âœ… é€±æœŸå®Œæˆ | è€—æ™‚: 41.9s | æ–°æˆäº¤: 0
2025-10-30T05:45:52.290677791Z [inf]  2025-10-30 05:45:46,031 - src.core.unified_scheduler - INFO - ================================================================================
2025-10-30T05:45:52.290685131Z [inf]  2025-10-30 05:45:49,579 - src.core.websocket.price_feed - ERROR - âŒ PriceFeed-Shard0 æ¥æ”¶å¤±æ•—: no close frame received or sent
2025-10-30T05:46:12.319895497Z [inf]  2025-10-30 05:46:08,703 - src.core.websocket.price_feed - ERROR - âŒ PriceFeed-Shard0 æ¥æ”¶å¤±æ•—: no close frame received or sent
2025-10-30T05:46:21.283955891Z [inf]  2025-10-30 05:46:21,031 - src.core.websocket.price_feed - ERROR - âŒ PriceFeed-Shard0 æ¥æ”¶å¤±æ•—: no close frame received or sent
2025-10-30T05:46:51.516627625Z [inf]  2025-10-30 05:46:46,032 - src.core.unified_scheduler - INFO - ================================================================================
2025-10-30T05:46:51.516633161Z [inf]  2025-10-30 05:46:46,032 - src.core.unified_scheduler - INFO - ğŸ”„ äº¤æ˜“é€±æœŸ #26 | 2025-10-30 05:46:46 UTC
2025-10-30T05:46:51.516638246Z [inf]  2025-10-30 05:46:46,032 - src.core.unified_scheduler - INFO - ================================================================================
2025-10-30T05:46:51.516643067Z [inf]  2025-10-30 05:46:46,168 - src.core.unified_scheduler - INFO - ğŸ“Š æ­·å²çµ±è¨ˆ: æš«ç„¡äº¤æ˜“è¨˜éŒ„
2025-10-30T05:46:51.516649590Z [inf]  2025-10-30 05:46:46,168 - src.core.unified_scheduler - INFO - ğŸ“¦ ç•¶å‰æŒå€‰: 8 å€‹ | ç¸½æœªå¯¦ç¾ç›ˆè™§: $-1.25
2025-10-30T05:46:51.516657075Z [inf]  2025-10-30 05:46:46,168 - src.core.unified_scheduler - INFO - ================================================================================
2025-10-30T05:46:51.516663432Z [inf]  2025-10-30 05:46:46,168 - src.core.unified_scheduler - INFO -    â€¢ TRXUSDT SHORT @ $0.2938 | æ§“æ¡¿=13x | ç›ˆè™§=$-0.33 (-0.47%) | ğŸ“‰ ç©ºé ­ | é€²å ´ç†ç”±âŒ å·²å¤±æ•ˆ
2025-10-30T05:46:51.516668486Z [inf]  2025-10-30 05:46:46,168 - src.core.unified_scheduler - INFO -    â€¢ AGLDUSDT SHORT @ $0.3812 | æ§“æ¡¿=13x | ç›ˆè™§=$-0.49 (-1.65%) | ğŸ“‰ ç©ºé ­ | é€²å ´ç†ç”±âŒ å·²å¤±æ•ˆ
2025-10-30T05:46:51.516673706Z [inf]  2025-10-30 05:46:46,168 - src.core.unified_scheduler - INFO -    â€¢ AEROUSDT LONG @ $1.0303 | æ§“æ¡¿=20x | ç›ˆè™§=$+1.09 (+1.37%) | âš ï¸ é€†å‹¢ | é€²å ´ç†ç”±âŒ å·²å¤±æ•ˆ
2025-10-30T05:46:51.516678576Z [inf]  2025-10-30 05:46:46,168 - src.core.unified_scheduler - INFO -    â€¢ TOWNSUSDT SHORT @ $0.0110 | æ§“æ¡¿=20x | ç›ˆè™§=$-0.14 (-1.45%) | ğŸ“‰ ç©ºé ­ | é€²å ´ç†ç”±âŒ å·²å¤±æ•ˆ
2025-10-30T05:46:51.516684960Z [inf]  2025-10-30 05:46:46,168 - src.core.unified_scheduler - INFO -    â€¢ CROSSUSDT SHORT @ $0.1293 | æ§“æ¡¿=13x | ç›ˆè™§=$-0.10 (-0.99%) | ğŸ“‰ ç©ºé ­ | é€²å ´ç†ç”±âŒ å·²å¤±æ•ˆ
2025-10-30T05:46:51.518863640Z [inf]  2025-10-30 05:46:46,168 - src.core.unified_scheduler - INFO -    â€¢ ADAUSDT SHORT @ $0.6274 | æ§“æ¡¿=13x | ç›ˆè™§=$-0.44 (-1.54%) | ğŸ“‰ ç©ºé ­ | é€²å ´ç†ç”±âŒ å·²å¤±æ•ˆ
2025-10-30T05:46:51.518872177Z [inf]  2025-10-30 05:46:46,168 - src.core.unified_scheduler - INFO -    â€¢ YFIUSDT SHORT @ $4666.6667 | æ§“æ¡¿=13x | ç›ˆè™§=$-0.28 (-1.00%) | ğŸ“‰ ç©ºé ­ | é€²å ´ç†ç”±âŒ å·²å¤±æ•ˆ
2025-10-30T05:46:51.518880666Z [inf]  2025-10-30 05:46:46,168 - src.core.unified_scheduler - INFO -    â€¢ 0GUSDT SHORT @ $1.3713 | æ§“æ¡¿=13x | ç›ˆè™§=$-0.57 (-1.48%) | ğŸ“‰ ç©ºé ­ | é€²å ´ç†ç”±âŒ å·²å¤±æ•ˆ
2025-10-30T05:46:51.518888568Z [inf]  2025-10-30 05:46:46,168 - src.core.unified_scheduler - INFO - ================================================================================
2025-10-30T05:46:51.518896658Z [inf]  2025-10-30 05:46:46,168 - src.core.unified_scheduler - INFO - ğŸ’° è³¬æˆ¶é¤˜é¡: ç¸½é¡=$20.46 | å¯ç”¨=$0.00 | ä¿è­‰é‡‘=$29.42 | æœªå¯¦ç¾ç›ˆè™§=$+20.46
2025-10-30T05:46:51.518904223Z [inf]  2025-10-30 05:46:46,168 - src.core.unified_scheduler - INFO - ğŸ¯ æ¨¡å‹è©•åˆ†: ç„¡äº¤æ˜“è¨˜éŒ„
2025-10-30T05:46:51.518914242Z [inf]  2025-10-30 05:46:46,168 - src.core.unified_scheduler - INFO - ğŸ“Š æƒæ 529 å€‹äº¤æ˜“å°ä¸­...
2025-10-30T05:47:11.525862477Z [inf]  2025-10-30 05:47:07,963 - src.core.websocket.price_feed - ERROR - âŒ PriceFeed-Shard0 æ¥æ”¶å¤±æ•—: no close frame received or sent
2025-10-30T05:47:31.267966408Z [inf]  2025-10-30 05:47:22,160 - src.core.capital_allocator - INFO -    ç¸½åˆ†é…: $0.00 / $0.00
2025-10-30T05:47:31.267984387Z [inf]  2025-10-30 05:47:22,054 - src.core.unified_scheduler - INFO - âœ… ç™¼ç¾ 190 å€‹äº¤æ˜“ä¿¡è™Ÿ
2025-10-30T05:47:31.268003237Z [inf]  2025-10-30 05:47:22,054 - src.core.unified_scheduler - INFO - ğŸ“Š ä¿¡è™ŸåŸ·è¡Œ | å¯ç”¨ä¿è­‰é‡‘: $0.00 | å·²æœ‰å€‰ä½: 8 | æ–°ä¿¡è™Ÿæ•¸: 190
2025-10-30T05:47:31.268011946Z [inf]  2025-10-30 05:47:22,159 - src.clients.binance_client - INFO - ğŸ’° è³¬æˆ¶é¤˜é¡: ç¸½é¡ 20.46 USDT, å¯ç”¨ 0.00 USDT, ä¿è­‰é‡‘ 20.46 USDT, æœªå¯¦ç¾ç›ˆè™§ -1.31 USDT
2025-10-30T05:47:31.268019219Z [inf]  2025-10-30 05:47:22,159 - src.strategies.self_learning_trader - INFO - ğŸ’° å¸³æˆ¶ç‹€æ…‹ | ç¸½æ¬Šç›Š: $19.15 | å¯ç”¨ä¿è­‰é‡‘: $0.00 | å·²ä½”ç”¨ä¿è­‰é‡‘: $20.46
2025-10-30T05:47:31.268025232Z [inf]  2025-10-30 05:47:22,160 - src.core.capital_allocator - INFO - ğŸ’° è³ªé‡æ’åå®Œæˆï¼š190/190 ä¿¡è™Ÿé€šéè³ªé‡é–€æª» | æœ€é«˜åˆ†: 0.853 | æœ€ä½åˆ†: 0.789
2025-10-30T05:47:31.268032096Z [inf]  2025-10-30 05:47:22,160 - src.core.capital_allocator - INFO - ğŸ’° é ç®—æ± åˆå§‹åŒ– | ç¸½é ç®—: $0.00 (80% Ã— $0.00) | å–®å€‰ä¸Šé™: $9.57 (50% Ã— $19.15)
2025-10-30T05:47:31.268044165Z [inf]  2025-10-30 05:47:22,160 - src.core.capital_allocator - INFO - ğŸ’° é ç®—è€—ç›¡ï¼Œæ‹’çµ•å‰©é¤˜ 190 å€‹ä¿¡è™Ÿ ï¼ˆæ’å 1-190ï¼‰
2025-10-30T05:47:31.268050881Z [inf]  2025-10-30 05:47:22,160 - src.core.capital_allocator - INFO - ================================================================================
2025-10-30T05:47:31.268057559Z [inf]  2025-10-30 05:47:22,160 - src.core.capital_allocator - INFO - âœ… è³‡é‡‘åˆ†é…å®Œæˆ
2025-10-30T05:47:31.268064045Z [inf]  2025-10-30 05:47:22,160 - src.core.capital_allocator - INFO -    ç²æ‰¹ä¿¡è™Ÿ: 0/190 (é€šéè³ªé‡é–€æª»)
2025-10-30T05:47:31.268071304Z [inf]  2025-10-30 05:47:22,160 - src.core.capital_allocator - WARNING -    âš ï¸ ç„¡å¯ç”¨é ç®—ï¼ˆavailable_margin=0ï¼Œå¯èƒ½æ˜¯å¸³æˆ¶é¤˜é¡ç‚º0æˆ–APIå¤±æ•—ï¼‰
2025-10-30T05:47:31.269830183Z [inf]  2025-10-30 05:47:22,160 - src.core.capital_allocator - INFO -    ç²æ‰¹ä¿¡è™Ÿå°‡ç„¡æ³•åŸ·è¡Œ
2025-10-30T05:47:31.269840043Z [inf]  2025-10-30 05:47:22,160 - src.core.capital_allocator - INFO - ================================================================================
2025-10-30T05:47:31.269846516Z [inf]  2025-10-30 05:47:22,160 - src.strategies.self_learning_trader - INFO - ğŸ’° ç„¡ä¿¡è™Ÿç²å¾—è³‡é‡‘åˆ†é…
2025-10-30T05:47:31.269853298Z [inf]  2025-10-30 05:47:22,160 - src.core.unified_scheduler - INFO - âœ… é€±æœŸå®Œæˆ | è€—æ™‚: 36.1s | æ–°æˆäº¤: 0
2025-10-30T05:47:31.269862590Z [inf]  2025-10-30 05:47:22,160 - src.core.unified_scheduler - INFO - ================================================================================
2025-10-30T05:47:31.269869333Z [inf]  2025-10-30 05:47:23,826 - src.core.websocket.price_feed - ERROR - âŒ PriceFeed-Shard0 æ¥æ”¶å¤±æ•—: no close frame received or sent
2025-10-30T05:47:31.269877480Z [inf]  2025-10-30 05:47:26,287 - src.core.websocket.price_feed - ERROR - âŒ PriceFeed-Shard1 æ¥æ”¶å¤±æ•—: sent 1011 (internal error) keepalive ping timeout; no close frame received
2025-10-30T05:48:31.341934004Z [inf]  2025-10-30 05:48:22,163 - src.core.unified_scheduler - INFO - ================================================================================
2025-10-30T05:48:31.341947653Z [inf]  2025-10-30 05:48:22,163 - src.core.unified_scheduler - INFO - ğŸ”„ äº¤æ˜“é€±æœŸ #27 | 2025-10-30 05:48:22 UTC
2025-10-30T05:48:31.341956363Z [inf]  2025-10-30 05:48:22,163 - src.core.unified_scheduler - INFO - ================================================================================
2025-10-30T05:48:31.341964369Z [inf]  2025-10-30 05:48:22,292 - src.core.unified_scheduler - INFO - ğŸ“Š æ­·å²çµ±è¨ˆ: æš«ç„¡äº¤æ˜“è¨˜éŒ„
2025-10-30T05:48:31.341970870Z [inf]  2025-10-30 05:48:22,292 - src.core.unified_scheduler - INFO - ğŸ“¦ ç•¶å‰æŒå€‰: 8 å€‹ | ç¸½æœªå¯¦ç¾ç›ˆè™§: $-1.70
2025-10-30T05:48:31.341976683Z [inf]  2025-10-30 05:48:22,292 - src.core.unified_scheduler - INFO - ================================================================================
2025-10-30T05:48:31.341981014Z [inf]  2025-10-30 05:48:22,292 - src.core.unified_scheduler - INFO -    â€¢ TRXUSDT SHORT @ $0.2938 | æ§“æ¡¿=13x | ç›ˆè™§=$-0.40 (-0.57%) | ğŸ“‰ ç©ºé ­ | é€²å ´ç†ç”±âŒ å·²å¤±æ•ˆ
2025-10-30T05:48:31.341985472Z [inf]  2025-10-30 05:48:22,292 - src.core.unified_scheduler - INFO -    â€¢ AGLDUSDT SHORT @ $0.3812 | æ§“æ¡¿=13x | ç›ˆè™§=$-0.55 (-1.86%) | ğŸ“‰ ç©ºé ­ | é€²å ´ç†ç”±âŒ å·²å¤±æ•ˆ
2025-10-30T05:48:31.341989666Z [inf]  2025-10-30 05:48:22,292 - src.core.unified_scheduler - INFO -    â€¢ AEROUSDT LONG @ $1.0303 | æ§“æ¡¿=20x | ç›ˆè™§=$+1.12 (+1.40%) | âš ï¸ é€†å‹¢ | é€²å ´ç†ç”±âŒ å·²å¤±æ•ˆ
2025-10-30T05:48:31.341994568Z [inf]  2025-10-30 05:48:22,292 - src.core.unified_scheduler - INFO -    â€¢ TOWNSUSDT SHORT @ $0.0110 | æ§“æ¡¿=20x | ç›ˆè™§=$-0.19 (-1.90%) | ğŸ“‰ ç©ºé ­ | é€²å ´ç†ç”±âŒ å·²å¤±æ•ˆ
2025-10-30T05:48:31.341999264Z [inf]  2025-10-30 05:48:22,292 - src.core.unified_scheduler - INFO -    â€¢ CROSSUSDT SHORT @ $0.1293 | æ§“æ¡¿=13x | ç›ˆè™§=$-0.08 (-0.85%) | ğŸ“‰ ç©ºé ­ | é€²å ´ç†ç”±âŒ å·²å¤±æ•ˆ
2025-10-30T05:48:31.343171220Z [inf]  2025-10-30 05:48:22,292 - src.core.unified_scheduler - INFO -    â€¢ ADAUSDT SHORT @ $0.6274 | æ§“æ¡¿=13x | ç›ˆè™§=$-0.50 (-1.77%) | ğŸ“‰ ç©ºé ­ | é€²å ´ç†ç”±âŒ å·²å¤±æ•ˆ
2025-10-30T05:48:31.343184157Z [inf]  2025-10-30 05:48:22,292 - src.core.unified_scheduler - INFO -    â€¢ YFIUSDT SHORT @ $4666.6667 | æ§“æ¡¿=13x | ç›ˆè™§=$-0.33 (-1.19%) | ğŸ“‰ ç©ºé ­ | é€²å ´ç†ç”±âŒ å·²å¤±æ•ˆ
2025-10-30T05:48:31.343192571Z [inf]  2025-10-30 05:48:22,292 - src.core.unified_scheduler - INFO -    â€¢ 0GUSDT SHORT @ $1.3713 | æ§“æ¡¿=13x | ç›ˆè™§=$-0.76 (-1.98%) | ğŸ“‰ ç©ºé ­ | é€²å ´ç†ç”±âŒ å·²å¤±æ•ˆ
2025-10-30T05:48:31.343199829Z [inf]  2025-10-30 05:48:22,292 - src.core.unified_scheduler - INFO - ================================================================================
2025-10-30T05:48:31.343206069Z [inf]  2025-10-30 05:48:22,292 - src.core.unified_scheduler - INFO - ğŸ’° è³¬æˆ¶é¤˜é¡: ç¸½é¡=$20.46 | å¯ç”¨=$0.00 | ä¿è­‰é‡‘=$29.42 | æœªå¯¦ç¾ç›ˆè™§=$+20.46
2025-10-30T05:48:31.343212601Z [inf]  2025-10-30 05:48:22,292 - src.core.unified_scheduler - INFO - ğŸ¯ æ¨¡å‹è©•åˆ†: ç„¡äº¤æ˜“è¨˜éŒ„
2025-10-30T05:48:31.343218425Z [inf]  2025-10-30 05:48:22,293 - src.core.unified_scheduler - INFO - ğŸ“Š æƒæ 529 å€‹äº¤æ˜“å°ä¸­...
2025-10-30T05:48:36.130600261Z [inf]  2025-10-30 05:48:35,987 - src.core.unified_scheduler - INFO - âœ… ç™¼ç¾ 190 å€‹äº¤æ˜“ä¿¡è™Ÿ
2025-10-30T05:48:36.130606940Z [inf]  2025-10-30 05:48:35,987 - src.core.unified_scheduler - INFO - ğŸ“Š ä¿¡è™ŸåŸ·è¡Œ | å¯ç”¨ä¿è­‰é‡‘: $0.00 | å·²æœ‰å€‰ä½: 8 | æ–°ä¿¡è™Ÿæ•¸: 190
2025-10-30T05:48:36.130616256Z [inf]  2025-10-30 05:48:36,085 - src.clients.binance_client - INFO - ğŸ’° è³¬æˆ¶é¤˜é¡: ç¸½é¡ 20.46 USDT, å¯ç”¨ 0.00 USDT, ä¿è­‰é‡‘ 20.46 USDT, æœªå¯¦ç¾ç›ˆè™§ -1.74 USDT
2025-10-30T05:48:36.130621817Z [inf]  2025-10-30 05:48:36,085 - src.strategies.self_learning_trader - INFO - ğŸ’° å¸³æˆ¶ç‹€æ…‹ | ç¸½æ¬Šç›Š: $18.72 | å¯ç”¨ä¿è­‰é‡‘: $0.00 | å·²ä½”ç”¨ä¿è­‰é‡‘: $20.46
2025-10-30T05:48:36.130626080Z [inf]  2025-10-30 05:48:36,086 - src.core.capital_allocator - INFO - ğŸ’° è³ªé‡æ’åå®Œæˆï¼š190/190 ä¿¡è™Ÿé€šéè³ªé‡é–€æª» | æœ€é«˜åˆ†: 0.853 | æœ€ä½åˆ†: 0.789
2025-10-30T05:48:36.130631581Z [inf]  2025-10-30 05:48:36,086 - src.core.capital_allocator - INFO - ğŸ’° é ç®—æ± åˆå§‹åŒ– | ç¸½é ç®—: $0.00 (80% Ã— $0.00) | å–®å€‰ä¸Šé™: $9.36 (50% Ã— $18.72)
2025-10-30T05:48:36.130636324Z [inf]  2025-10-30 05:48:36,086 - src.core.capital_allocator - INFO - ğŸ’° é ç®—è€—ç›¡ï¼Œæ‹’çµ•å‰©é¤˜ 190 å€‹ä¿¡è™Ÿ ï¼ˆæ’å 1-190ï¼‰
2025-10-30T05:48:36.130641229Z [inf]  2025-10-30 05:48:36,086 - src.core.capital_allocator - INFO - ================================================================================
2025-10-30T05:48:36.130648270Z [inf]  2025-10-30 05:48:36,086 - src.core.capital_allocator - INFO - âœ… è³‡é‡‘åˆ†é…å®Œæˆ
2025-10-30T05:48:36.130653830Z [inf]  2025-10-30 05:48:36,086 - src.core.capital_allocator - INFO -    ç²æ‰¹ä¿¡è™Ÿ: 0/190 (é€šéè³ªé‡é–€æª»)
2025-10-30T05:48:36.130659426Z [inf]  2025-10-30 05:48:36,086 - src.core.capital_allocator - WARNING -    âš ï¸ ç„¡å¯ç”¨é ç®—ï¼ˆavailable_margin=0ï¼Œå¯èƒ½æ˜¯å¸³æˆ¶é¤˜é¡ç‚º0æˆ–APIå¤±æ•—ï¼‰
2025-10-30T05:48:36.130665188Z [inf]  2025-10-30 05:48:36,086 - src.core.capital_allocator - INFO -    ç¸½åˆ†é…: $0.00 / $0.00
2025-10-30T05:48:36.131282465Z [inf]  2025-10-30 05:48:36,086 - src.core.capital_allocator - INFO -    ç²æ‰¹ä¿¡è™Ÿå°‡ç„¡æ³•åŸ·è¡Œ
2025-10-30T05:48:36.131288819Z [inf]  2025-10-30 05:48:36,086 - src.core.capital_allocator - INFO - ================================================================================
2025-10-30T05:48:36.131293349Z [inf]  2025-10-30 05:48:36,086 - src.strategies.self_learning_trader - INFO - ğŸ’° ç„¡ä¿¡è™Ÿç²å¾—è³‡é‡‘åˆ†é…
2025-10-30T05:48:36.131298668Z [inf]  2025-10-30 05:48:36,086 - src.core.unified_scheduler - INFO - âœ… é€±æœŸå®Œæˆ | è€—æ™‚: 13.9s | æ–°æˆäº¤: 0
2025-10-30T05:48:36.131303374Z [inf]  2025-10-30 05:48:36,086 - src.core.unified_scheduler - INFO - ================================================================================
2025-10-30T05:48:37.525037807Z [inf]  2025-10-30 05:48:37,468 - src.core.websocket.price_feed - ERROR - âŒ PriceFeed-Shard0 æ¥æ”¶å¤±æ•—: sent 1011 (internal error) keepalive ping timeout; no close frame received
2025-10-30T05:48:37.567635863Z [inf]  2025-10-30 05:48:37,565 - src.core.websocket.price_feed - ERROR - âŒ PriceFeed-Shard1 æ¥æ”¶å¤±æ•—: sent 1011 (internal error) keepalive ping timeout; no close frame received
2025-10-30T05:49:07.575593846Z [inf]  2025-10-30 05:49:06,230 - src.core.websocket.price_feed - ERROR - âŒ PriceFeed-Shard0 æ¥æ”¶å¤±æ•—: no close frame received or sent
2025-10-30T05:49:37.598250955Z [inf]  2025-10-30 05:49:36,090 - src.core.unified_scheduler - INFO - ================================================================================
2025-10-30T05:49:37.598262618Z [inf]  2025-10-30 05:49:36,091 - src.core.unified_scheduler - INFO - ğŸ”„ äº¤æ˜“é€±æœŸ #28 | 2025-10-30 05:49:36 UTC
2025-10-30T05:49:37.598270071Z [inf]  2025-10-30 05:49:36,091 - src.core.unified_scheduler - INFO - ================================================================================
2025-10-30T05:49:37.598277436Z [inf]  2025-10-30 05:49:36,204 - src.core.unified_scheduler - INFO - ğŸ“Š æ­·å²çµ±è¨ˆ: æš«ç„¡äº¤æ˜“è¨˜éŒ„
2025-10-30T05:49:37.598283890Z [inf]  2025-10-30 05:49:36,204 - src.core.unified_scheduler - INFO - ğŸ“¦ ç•¶å‰æŒå€‰: 8 å€‹ | ç¸½æœªå¯¦ç¾ç›ˆè™§: $-1.62
2025-10-30T05:49:37.598290677Z [inf]  2025-10-30 05:49:36,204 - src.core.unified_scheduler - INFO - ================================================================================
2025-10-30T05:49:37.598297289Z [inf]  2025-10-30 05:49:36,204 - src.core.unified_scheduler - INFO -    â€¢ TRXUSDT SHORT @ $0.2938 | æ§“æ¡¿=13x | ç›ˆè™§=$-0.39 (-0.56%) | ğŸ“‰ ç©ºé ­ | é€²å ´ç†ç”±âŒ å·²å¤±æ•ˆ
2025-10-30T05:49:37.598303740Z [inf]  2025-10-30 05:49:36,204 - src.core.unified_scheduler - INFO -    â€¢ AGLDUSDT SHORT @ $0.3812 | æ§“æ¡¿=13x | ç›ˆè™§=$-0.57 (-1.91%) | ğŸ“‰ ç©ºé ­ | é€²å ´ç†ç”±âŒ å·²å¤±æ•ˆ
2025-10-30T05:49:37.598315725Z [inf]  2025-10-30 05:49:36,204 - src.core.unified_scheduler - INFO -    â€¢ AEROUSDT LONG @ $1.0303 | æ§“æ¡¿=20x | ç›ˆè™§=$+1.18 (+1.47%) | âš ï¸ é€†å‹¢ | é€²å ´ç†ç”±âŒ å·²å¤±æ•ˆ
2025-10-30T05:49:37.598323186Z [inf]  2025-10-30 05:49:36,205 - src.core.unified_scheduler - INFO -    â€¢ TOWNSUSDT SHORT @ $0.0110 | æ§“æ¡¿=20x | ç›ˆè™§=$-0.18 (-1.81%) | ğŸ“‰ ç©ºé ­ | é€²å ´ç†ç”±âŒ å·²å¤±æ•ˆ
2025-10-30T05:49:37.598329182Z [inf]  2025-10-30 05:49:36,205 - src.core.unified_scheduler - INFO -    â€¢ CROSSUSDT SHORT @ $0.1293 | æ§“æ¡¿=13x | ç›ˆè™§=$-0.09 (-0.90%) | ğŸ“‰ ç©ºé ­ | é€²å ´ç†ç”±âŒ å·²å¤±æ•ˆ
2025-10-30T05:49:37.600154726Z [inf]  2025-10-30 05:49:36,205 - src.core.unified_scheduler - INFO -    â€¢ ADAUSDT SHORT @ $0.6274 | æ§“æ¡¿=13x | ç›ˆè™§=$-0.52 (-1.84%) | ğŸ“‰ ç©ºé ­ | é€²å ´ç†ç”±âŒ å·²å¤±æ•ˆ
2025-10-30T05:49:37.600164442Z [inf]  2025-10-30 05:49:36,216 - src.services.data_service - INFO - ğŸ“Š DataService WebSocketçµ±è¨ˆï¼ˆæœ€è¿‘5åˆ†é˜ï¼‰:
2025-10-30T05:49:37.600164930Z [inf]  2025-10-30 05:49:36,205 - src.core.unified_scheduler - INFO -    â€¢ YFIUSDT SHORT @ $4666.6667 | æ§“æ¡¿=13x | ç›ˆè™§=$-0.34 (-1.23%) | ğŸ“‰ ç©ºé ­ | é€²å ´ç†ç”±âŒ å·²å¤±æ•ˆ
2025-10-30T05:49:37.600174097Z [inf]  2025-10-30 05:49:36,205 - src.core.unified_scheduler - INFO -    â€¢ 0GUSDT SHORT @ $1.3713 | æ§“æ¡¿=13x | ç›ˆè™§=$-0.70 (-1.82%) | ğŸ“‰ ç©ºé ­ | é€²å ´ç†ç”±âŒ å·²å¤±æ•ˆ
2025-10-30T05:49:37.600176946Z [inf]  2025-10-30 05:49:36,216 - src.services.data_service - INFO -    ç¸½è«‹æ±‚: 14284
2025-10-30T05:49:37.600182083Z [inf]  2025-10-30 05:49:36,205 - src.core.unified_scheduler - INFO - ================================================================================
2025-10-30T05:49:37.600187415Z [inf]  2025-10-30 05:49:36,216 - src.services.data_service - INFO -    WebSocketå‘½ä¸­: 0 (0.0%)
2025-10-30T05:49:37.600190743Z [inf]  2025-10-30 05:49:36,205 - src.core.unified_scheduler - INFO - ğŸ’° è³¬æˆ¶é¤˜é¡: ç¸½é¡=$20.46 | å¯ç”¨=$0.00 | ä¿è­‰é‡‘=$29.42 | æœªå¯¦ç¾ç›ˆè™§=$+20.46
2025-10-30T05:49:37.600195861Z [inf]  2025-10-30 05:49:36,216 - src.services.data_service - INFO -    RESTå‚™æ´: 14284 (100.0%)
2025-10-30T05:49:37.600199842Z [inf]  2025-10-30 05:49:36,205 - src.core.unified_scheduler - INFO - ğŸ¯ æ¨¡å‹è©•åˆ†: ç„¡äº¤æ˜“è¨˜éŒ„
2025-10-30T05:49:37.600206415Z [inf]  2025-10-30 05:49:36,205 - src.core.unified_scheduler - INFO - ğŸ“Š æƒæ 529 å€‹äº¤æ˜“å°ä¸­...
2025-10-30T05:49:37.600213200Z [inf]  2025-10-30 05:49:36,216 - src.services.data_service - INFO - ================================================================================
2025-10-30T05:49:37.601071856Z [inf]  2025-10-30 05:49:36,216 - src.services.data_service - INFO - ================================================================================
2025-10-30T05:49:57.633382082Z [inf]  2025-10-30 05:49:48,853 - src.core.unified_scheduler - INFO - âœ… ç™¼ç¾ 190 å€‹äº¤æ˜“ä¿¡è™Ÿ
2025-10-30T05:49:57.633389066Z [inf]  2025-10-30 05:49:48,853 - src.core.unified_scheduler - INFO - ğŸ“Š ä¿¡è™ŸåŸ·è¡Œ | å¯ç”¨ä¿è­‰é‡‘: $0.00 | å·²æœ‰å€‰ä½: 8 | æ–°ä¿¡è™Ÿæ•¸: 190
2025-10-30T05:49:57.633396603Z [inf]  2025-10-30 05:49:48,971 - src.clients.binance_client - INFO - ğŸ’° è³¬æˆ¶é¤˜é¡: ç¸½é¡ 20.46 USDT, å¯ç”¨ 0.00 USDT, ä¿è­‰é‡‘ 20.46 USDT, æœªå¯¦ç¾ç›ˆè™§ -1.65 USDT
2025-10-30T05:49:57.633402612Z [inf]  2025-10-30 05:49:48,971 - src.strategies.self_learning_trader - INFO - ğŸ’° å¸³æˆ¶ç‹€æ…‹ | ç¸½æ¬Šç›Š: $18.81 | å¯ç”¨ä¿è­‰é‡‘: $0.00 | å·²ä½”ç”¨ä¿è­‰é‡‘: $20.46
2025-10-30T05:49:57.633410528Z [inf]  2025-10-30 05:49:48,972 - src.core.capital_allocator - INFO - ğŸ’° è³ªé‡æ’åå®Œæˆï¼š190/190 ä¿¡è™Ÿé€šéè³ªé‡é–€æª» | æœ€é«˜åˆ†: 0.853 | æœ€ä½åˆ†: 0.789
2025-10-30T05:49:57.633417198Z [inf]  2025-10-30 05:49:48,972 - src.core.capital_allocator - INFO - ğŸ’° é ç®—æ± åˆå§‹åŒ– | ç¸½é ç®—: $0.00 (80% Ã— $0.00) | å–®å€‰ä¸Šé™: $9.41 (50% Ã— $18.81)
2025-10-30T05:49:57.633423499Z [inf]  2025-10-30 05:49:48,972 - src.core.capital_allocator - INFO - ğŸ’° é ç®—è€—ç›¡ï¼Œæ‹’çµ•å‰©é¤˜ 190 å€‹ä¿¡è™Ÿ ï¼ˆæ’å 1-190ï¼‰
2025-10-30T05:49:57.633429521Z [inf]  2025-10-30 05:49:48,972 - src.core.capital_allocator - INFO - ================================================================================
2025-10-30T05:49:57.633435909Z [inf]  2025-10-30 05:49:48,972 - src.core.capital_allocator - INFO - âœ… è³‡é‡‘åˆ†é…å®Œæˆ
2025-10-30T05:49:57.633442204Z [inf]  2025-10-30 05:49:48,972 - src.core.capital_allocator - INFO -    ç²æ‰¹ä¿¡è™Ÿ: 0/190 (é€šéè³ªé‡é–€æª»)
2025-10-30T05:49:57.633448372Z [inf]  2025-10-30 05:49:48,972 - src.core.capital_allocator - WARNING -    âš ï¸ ç„¡å¯ç”¨é ç®—ï¼ˆavailable_margin=0ï¼Œå¯èƒ½æ˜¯å¸³æˆ¶é¤˜é¡ç‚º0æˆ–APIå¤±æ•—ï¼‰
2025-10-30T05:49:57.633455364Z [inf]  2025-10-30 05:49:48,972 - src.core.capital_allocator - INFO -    ç¸½åˆ†é…: $0.00 / $0.00
2025-10-30T05:49:57.634237864Z [inf]  2025-10-30 05:49:48,972 - src.core.capital_allocator - INFO -    ç²æ‰¹ä¿¡è™Ÿå°‡ç„¡æ³•åŸ·è¡Œ
2025-10-30T05:49:57.634245575Z [inf]  2025-10-30 05:49:48,972 - src.core.capital_allocator - INFO - ================================================================================
2025-10-30T05:49:57.634251295Z [inf]  2025-10-30 05:49:48,972 - src.strategies.self_learning_trader - INFO - ğŸ’° ç„¡ä¿¡è™Ÿç²å¾—è³‡é‡‘åˆ†é…
2025-10-30T05:49:57.634256320Z [inf]  2025-10-30 05:49:48,972 - src.core.unified_scheduler - INFO - âœ… é€±æœŸå®Œæˆ | è€—æ™‚: 12.9s | æ–°æˆäº¤: 0
2025-10-30T05:49:57.634260773Z [inf]  2025-10-30 05:49:48,972 - src.core.unified_scheduler - INFO - ================================================================================
2025-10-30T05:49:57.634265593Z [inf]  2025-10-30 05:49:50,110 - src.core.websocket.price_feed - ERROR - âŒ PriceFeed-Shard1 æ¥æ”¶å¤±æ•—: sent 1011 (internal error) keepalive ping timeout; no close frame received
2025-10-30T05:49:57.634277740Z [inf]  2025-10-30 05:49:52,321 - src.core.websocket.price_feed - ERROR - âŒ PriceFeed-Shard0 æ¥æ”¶å¤±æ•—: no close frame received or sent
2025-10-30T05:49:57.634281935Z [inf]  2025-10-30 05:49:54,889 - src.core.websocket.price_feed - ERROR - âŒ PriceFeed-Shard2 æ¥æ”¶å¤±æ•—: sent 1011 (internal error) keepalive ping timeout; no close frame received
2025-10-30T05:50:17.322940047Z [inf]  2025-10-30 05:50:08,873 - src.core.websocket.price_feed - ERROR - âŒ PriceFeed-Shard0 æ¥æ”¶å¤±æ•—: no close frame received or sent
2025-10-30T05:50:57.382159799Z [inf]  2025-10-30 05:50:49,076 - src.core.unified_scheduler - INFO - ğŸ“Š æ­·å²çµ±è¨ˆ: æš«ç„¡äº¤æ˜“è¨˜éŒ„
2025-10-30T05:50:57.382171521Z [inf]  2025-10-30 05:50:49,076 - src.core.unified_scheduler - INFO - ğŸ“¦ ç•¶å‰æŒå€‰: 8 å€‹ | ç¸½æœªå¯¦ç¾ç›ˆè™§: $-1.74
2025-10-30T05:50:57.382178980Z [inf]  2025-10-30 05:50:49,076 - src.core.unified_scheduler - INFO - ================================================================================
2025-10-30T05:50:57.382185642Z [inf]  2025-10-30 05:50:49,076 - src.core.unified_scheduler - INFO -    â€¢ TRXUSDT SHORT @ $0.2938 | æ§“æ¡¿=13x | ç›ˆè™§=$-0.42 (-0.59%) | ğŸ“‰ ç©ºé ­ | é€²å ´ç†ç”±âŒ å·²å¤±æ•ˆ
2025-10-30T05:50:57.382191753Z [inf]  2025-10-30 05:50:49,076 - src.core.unified_scheduler - INFO -    â€¢ AGLDUSDT SHORT @ $0.3812 | æ§“æ¡¿=13x | ç›ˆè™§=$-0.57 (-1.92%) | ğŸ“‰ ç©ºé ­ | é€²å ´ç†ç”±âŒ å·²å¤±æ•ˆ
2025-10-30T05:50:57.382198319Z [inf]  2025-10-30 05:50:49,076 - src.core.unified_scheduler - INFO -    â€¢ AEROUSDT LONG @ $1.0303 | æ§“æ¡¿=20x | ç›ˆè™§=$+1.10 (+1.37%) | âš ï¸ é€†å‹¢ | é€²å ´ç†ç”±âŒ å·²å¤±æ•ˆ
2025-10-30T05:50:57.382203981Z [inf]  2025-10-30 05:50:49,076 - src.core.unified_scheduler - INFO -    â€¢ TOWNSUSDT SHORT @ $0.0110 | æ§“æ¡¿=20x | ç›ˆè™§=$-0.18 (-1.81%) | ğŸ“‰ ç©ºé ­ | é€²å ´ç†ç”±âŒ å·²å¤±æ•ˆ
2025-10-30T05:50:57.382209568Z [inf]  2025-10-30 05:50:49,076 - src.core.unified_scheduler - INFO -    â€¢ CROSSUSDT SHORT @ $0.1293 | æ§“æ¡¿=13x | ç›ˆè™§=$-0.09 (-0.86%) | ğŸ“‰ ç©ºé ­ | é€²å ´ç†ç”±âŒ å·²å¤±æ•ˆ
2025-10-30T05:50:57.382247412Z [inf]  2025-10-30 05:50:48,973 - src.core.unified_scheduler - INFO - ================================================================================
2025-10-30T05:50:57.382254386Z [inf]  2025-10-30 05:50:48,973 - src.core.unified_scheduler - INFO - ğŸ”„ äº¤æ˜“é€±æœŸ #29 | 2025-10-30 05:50:48 UTC
2025-10-30T05:50:57.382260159Z [inf]  2025-10-30 05:50:48,973 - src.core.unified_scheduler - INFO - ================================================================================
2025-10-30T05:50:57.383119763Z [inf]  2025-10-30 05:50:49,076 - src.core.unified_scheduler - INFO -    â€¢ ADAUSDT SHORT @ $0.6274 | æ§“æ¡¿=13x | ç›ˆè™§=$-0.53 (-1.87%) | ğŸ“‰ ç©ºé ­ | é€²å ´ç†ç”±âŒ å·²å¤±æ•ˆ
2025-10-30T05:50:57.383129365Z [inf]  2025-10-30 05:50:49,076 - src.core.unified_scheduler - INFO -    â€¢ YFIUSDT SHORT @ $4666.6667 | æ§“æ¡¿=13x | ç›ˆè™§=$-0.34 (-1.23%) | ğŸ“‰ ç©ºé ­ | é€²å ´ç†ç”±âŒ å·²å¤±æ•ˆ
2025-10-30T05:50:57.383135117Z [inf]  2025-10-30 05:50:49,076 - src.core.unified_scheduler - INFO -    â€¢ 0GUSDT SHORT @ $1.3713 | æ§“æ¡¿=13x | ç›ˆè™§=$-0.71 (-1.86%) | ğŸ“‰ ç©ºé ­ | é€²å ´ç†ç”±âŒ å·²å¤±æ•ˆ
2025-10-30T05:50:57.383141197Z [inf]  2025-10-30 05:50:49,076 - src.core.unified_scheduler - INFO - ================================================================================
2025-10-30T05:50:57.383147855Z [inf]  2025-10-30 05:50:49,076 - src.core.unified_scheduler - INFO - ğŸ’° è³¬æˆ¶é¤˜é¡: ç¸½é¡=$20.46 | å¯ç”¨=$0.00 | ä¿è­‰é‡‘=$29.42 | æœªå¯¦ç¾ç›ˆè™§=$+20.46
2025-10-30T05:50:57.383153083Z [inf]  2025-10-30 05:50:49,076 - src.core.unified_scheduler - INFO - ğŸ¯ æ¨¡å‹è©•åˆ†: ç„¡äº¤æ˜“è¨˜éŒ„
2025-10-30T05:50:57.383158363Z [inf]  2025-10-30 05:50:49,077 - src.core.unified_scheduler - INFO - ğŸ“Š æƒæ 529 å€‹äº¤æ˜“å°ä¸­...
2025-10-30T05:51:07.135004465Z [inf]  2025-10-30 05:51:06,874 - src.core.websocket.price_feed - ERROR - âŒ PriceFeed-Shard0 æ¥æ”¶å¤±æ•—: no close frame received or sent
2025-10-30T05:51:36.809390095Z [inf]  2025-10-30 05:51:32,627 - src.core.unified_scheduler - INFO - âœ… ç™¼ç¾ 143 å€‹äº¤æ˜“ä¿¡è™Ÿ
2025-10-30T05:51:36.809401500Z [inf]  2025-10-30 05:51:32,627 - src.core.unified_scheduler - INFO - ğŸ“Š ä¿¡è™ŸåŸ·è¡Œ | å¯ç”¨ä¿è­‰é‡‘: $0.00 | å·²æœ‰å€‰ä½: 8 | æ–°ä¿¡è™Ÿæ•¸: 143
2025-10-30T05:51:36.809408975Z [inf]  2025-10-30 05:51:32,721 - src.clients.binance_client - INFO - ğŸ’° è³¬æˆ¶é¤˜é¡: ç¸½é¡ 20.46 USDT, å¯ç”¨ 0.00 USDT, ä¿è­‰é‡‘ 20.46 USDT, æœªå¯¦ç¾ç›ˆè™§ -1.81 USDT
2025-10-30T05:51:36.809415842Z [inf]  2025-10-30 05:51:32,721 - src.strategies.self_learning_trader - INFO - ğŸ’° å¸³æˆ¶ç‹€æ…‹ | ç¸½æ¬Šç›Š: $18.65 | å¯ç”¨ä¿è­‰é‡‘: $0.00 | å·²ä½”ç”¨ä¿è­‰é‡‘: $20.46
2025-10-30T05:51:36.809423760Z [inf]  2025-10-30 05:51:32,722 - src.core.capital_allocator - INFO - ğŸ’° è³ªé‡æ’åå®Œæˆï¼š143/143 ä¿¡è™Ÿé€šéè³ªé‡é–€æª» | æœ€é«˜åˆ†: 0.841 | æœ€ä½åˆ†: 0.789
2025-10-30T05:51:36.809430042Z [inf]  2025-10-30 05:51:32,722 - src.core.capital_allocator - INFO - ğŸ’° é ç®—æ± åˆå§‹åŒ– | ç¸½é ç®—: $0.00 (80% Ã— $0.00) | å–®å€‰ä¸Šé™: $9.33 (50% Ã— $18.65)
2025-10-30T05:51:36.809435392Z [inf]  2025-10-30 05:51:32,722 - src.core.capital_allocator - INFO - ğŸ’° é ç®—è€—ç›¡ï¼Œæ‹’çµ•å‰©é¤˜ 143 å€‹ä¿¡è™Ÿ ï¼ˆæ’å 1-143ï¼‰
2025-10-30T05:51:36.809441994Z [inf]  2025-10-30 05:51:32,722 - src.core.capital_allocator - INFO - ================================================================================
2025-10-30T05:51:36.809447780Z [inf]  2025-10-30 05:51:32,722 - src.core.capital_allocator - INFO - âœ… è³‡é‡‘åˆ†é…å®Œæˆ
2025-10-30T05:51:36.809454352Z [inf]  2025-10-30 05:51:32,722 - src.core.capital_allocator - INFO -    ç²æ‰¹ä¿¡è™Ÿ: 0/143 (é€šéè³ªé‡é–€æª»)
2025-10-30T05:51:36.809460502Z [inf]  2025-10-30 05:51:32,722 - src.core.capital_allocator - WARNING -    âš ï¸ ç„¡å¯ç”¨é ç®—ï¼ˆavailable_margin=0ï¼Œå¯èƒ½æ˜¯å¸³æˆ¶é¤˜é¡ç‚º0æˆ–APIå¤±æ•—ï¼‰
2025-10-30T05:51:36.809466114Z [inf]  2025-10-30 05:51:32,722 - src.core.capital_allocator - INFO -    ç¸½åˆ†é…: $0.00 / $0.00
2025-10-30T05:51:36.812128600Z [inf]  2025-10-30 05:51:32,722 - src.core.capital_allocator - INFO -    ç²æ‰¹ä¿¡è™Ÿå°‡ç„¡æ³•åŸ·è¡Œ
2025-10-30T05:51:36.812137499Z [inf]  2025-10-30 05:51:32,722 - src.core.capital_allocator - INFO - ================================================================================
2025-10-30T05:51:36.812143875Z [inf]  2025-10-30 05:51:32,722 - src.strategies.self_learning_trader - INFO - ğŸ’° ç„¡ä¿¡è™Ÿç²å¾—è³‡é‡‘åˆ†é…
2025-10-30T05:51:36.812150109Z [inf]  2025-10-30 05:51:32,722 - src.core.unified_scheduler - INFO - âœ… é€±æœŸå®Œæˆ | è€—æ™‚: 43.7s | æ–°æˆäº¤: 0
2025-10-30T05:51:36.812156390Z [inf]  2025-10-30 05:51:32,722 - src.core.unified_scheduler - INFO - ================================================================================
2025-10-30T05:51:40.953864985Z [inf]  2025-10-30 05:51:40,952 - src.core.websocket.price_feed - ERROR - âŒ PriceFeed-Shard0 æ¥æ”¶å¤±æ•—: no close frame received or sent
2025-10-30T05:52:10.969473067Z [inf]  2025-10-30 05:52:06,506 - src.core.websocket.price_feed - ERROR - âŒ PriceFeed-Shard0 æ¥æ”¶å¤±æ•—: no close frame received or sent
2025-10-30T05:52:14.706267563Z [inf]  2025-10-30 05:52:14,700 - src.core.websocket.price_feed - ERROR - âŒ PriceFeed-Shard0 æ¥æ”¶å¤±æ•—: no close frame received or sent
2025-10-30T05:52:34.701151078Z [inf]  2025-10-30 05:52:32,723 - src.core.unified_scheduler - INFO - ================================================================================
2025-10-30T05:52:34.701161321Z [inf]  2025-10-30 05:52:32,723 - src.core.unified_scheduler - INFO - ================================================================================
2025-10-30T05:52:34.701163300Z [inf]  2025-10-30 05:52:32,830 - src.core.unified_scheduler - INFO - ğŸ“Š æ­·å²çµ±è¨ˆ: æš«ç„¡äº¤æ˜“è¨˜éŒ„
2025-10-30T05:52:34.701170703Z [inf]  2025-10-30 05:52:32,723 - src.core.unified_scheduler - INFO - ğŸ”„ äº¤æ˜“é€±æœŸ #30 | 2025-10-30 05:52:32 UTC
2025-10-30T05:52:34.701172653Z [inf]  2025-10-30 05:52:32,830 - src.core.unified_scheduler - INFO -    â€¢ TRXUSDT SHORT @ $0.2938 | æ§“æ¡¿=13x | ç›ˆè™§=$-0.41 (-0.59%) | ğŸ“‰ ç©ºé ­ | é€²å ´ç†ç”±âŒ å·²å¤±æ•ˆ
2025-10-30T05:52:34.701172947Z [inf]  2025-10-30 05:52:32,830 - src.core.unified_scheduler - INFO - ğŸ“¦ ç•¶å‰æŒå€‰: 8 å€‹ | ç¸½æœªå¯¦ç¾ç›ˆè™§: $-1.73
2025-10-30T05:52:34.701182603Z [inf]  2025-10-30 05:52:32,830 - src.core.unified_scheduler - INFO - ================================================================================
2025-10-30T05:52:34.701184186Z [inf]  2025-10-30 05:52:32,830 - src.core.unified_scheduler - INFO -    â€¢ AGLDUSDT SHORT @ $0.3812 | æ§“æ¡¿=13x | ç›ˆè™§=$-0.57 (-1.91%) | ğŸ“‰ ç©ºé ­ | é€²å ´ç†ç”±âŒ å·²å¤±æ•ˆ
2025-10-30T05:52:34.701190167Z [inf]  2025-10-30 05:52:32,830 - src.core.unified_scheduler - INFO -    â€¢ AEROUSDT LONG @ $1.0303 | æ§“æ¡¿=20x | ç›ˆè™§=$+1.05 (+1.31%) | âš ï¸ é€†å‹¢ | é€²å ´ç†ç”±âŒ å·²å¤±æ•ˆ
2025-10-30T05:52:34.701194945Z [inf]  2025-10-30 05:52:32,830 - src.core.unified_scheduler - INFO -    â€¢ TOWNSUSDT SHORT @ $0.0110 | æ§“æ¡¿=20x | ç›ˆè™§=$-0.15 (-1.54%) | ğŸ“‰ ç©ºé ­ | é€²å ´ç†ç”±âŒ å·²å¤±æ•ˆ
2025-10-30T05:52:34.701199939Z [inf]  2025-10-30 05:52:32,830 - src.core.unified_scheduler - INFO -    â€¢ CROSSUSDT SHORT @ $0.1293 | æ§“æ¡¿=13x | ç›ˆè™§=$-0.12 (-1.24%) | ğŸ“‰ ç©ºé ­ | é€²å ´ç†ç”±âŒ å·²å¤±æ•ˆ
2025-10-30T05:52:34.701591960Z [inf]  2025-10-30 05:52:32,830 - src.core.unified_scheduler - INFO -    â€¢ ADAUSDT SHORT @ $0.6274 | æ§“æ¡¿=13x | ç›ˆè™§=$-0.50 (-1.76%) | ğŸ“‰ ç©ºé ­ | é€²å ´ç†ç”±âŒ å·²å¤±æ•ˆ
2025-10-30T05:52:34.701597588Z [inf]  2025-10-30 05:52:32,830 - src.core.unified_scheduler - INFO -    â€¢ YFIUSDT SHORT @ $4666.6667 | æ§“æ¡¿=13x | ç›ˆè™§=$-0.38 (-1.36%) | ğŸ“‰ ç©ºé ­ | é€²å ´ç†ç”±âŒ å·²å¤±æ•ˆ
2025-10-30T05:52:34.701601619Z [inf]  2025-10-30 05:52:32,830 - src.core.unified_scheduler - INFO -    â€¢ 0GUSDT SHORT @ $1.3713 | æ§“æ¡¿=13x | ç›ˆè™§=$-0.64 (-1.67%) | ğŸ“‰ ç©ºé ­ | é€²å ´ç†ç”±âŒ å·²å¤±æ•ˆ
2025-10-30T05:52:34.701606492Z [inf]  2025-10-30 05:52:32,830 - src.core.unified_scheduler - INFO - ================================================================================
2025-10-30T05:52:34.701610481Z [inf]  2025-10-30 05:52:32,830 - src.core.unified_scheduler - INFO - ğŸ’° è³¬æˆ¶é¤˜é¡: ç¸½é¡=$20.46 | å¯ç”¨=$0.00 | ä¿è­‰é‡‘=$29.42 | æœªå¯¦ç¾ç›ˆè™§=$+20.46
2025-10-30T05:52:34.701614717Z [inf]  2025-10-30 05:52:32,830 - src.core.unified_scheduler - INFO - ğŸ¯ æ¨¡å‹è©•åˆ†: ç„¡äº¤æ˜“è¨˜éŒ„
2025-10-30T05:52:34.701623357Z [inf]  2025-10-30 05:52:32,831 - src.core.unified_scheduler - INFO - ğŸ“Š æƒæ 529 å€‹äº¤æ˜“å°ä¸­...
2025-10-30T05:52:54.385465796Z [inf]  2025-10-30 05:52:45,734 - src.core.websocket.price_feed - ERROR - âŒ PriceFeed-Shard0 æ¥æ”¶å¤±æ•—: no close frame received or sent
2025-10-30T05:53:14.375631914Z [inf]  2025-10-30 05:53:07,805 - src.core.unified_scheduler - INFO - âœ… ç™¼ç¾ 120 å€‹äº¤æ˜“ä¿¡è™Ÿ
2025-10-30T05:53:14.375631945Z [inf]  2025-10-30 05:53:07,900 - src.core.capital_allocator - INFO - ğŸ’° é ç®—æ± åˆå§‹åŒ– | ç¸½é ç®—: $0.00 (80% Ã— $0.00) | å–®å€‰ä¸Šé™: $9.35 (50% Ã— $18.70)
2025-10-30T05:53:14.375642992Z [inf]  2025-10-30 05:53:07,805 - src.core.unified_scheduler - INFO - ğŸ“Š ä¿¡è™ŸåŸ·è¡Œ | å¯ç”¨ä¿è­‰é‡‘: $0.00 | å·²æœ‰å€‰ä½: 8 | æ–°ä¿¡è™Ÿæ•¸: 120
2025-10-30T05:53:14.375643917Z [inf]  2025-10-30 05:53:07,900 - src.core.capital_allocator - INFO - ğŸ’° é ç®—è€—ç›¡ï¼Œæ‹’çµ•å‰©é¤˜ 120 å€‹ä¿¡è™Ÿ ï¼ˆæ’å 1-120ï¼‰
2025-10-30T05:53:14.375651612Z [inf]  2025-10-30 05:53:07,900 - src.clients.binance_client - INFO - ğŸ’° è³¬æˆ¶é¤˜é¡: ç¸½é¡ 20.46 USDT, å¯ç”¨ 0.00 USDT, ä¿è­‰é‡‘ 20.46 USDT, æœªå¯¦ç¾ç›ˆè™§ -1.76 USDT
2025-10-30T05:53:14.375651774Z [inf]  2025-10-30 05:53:07,901 - src.core.capital_allocator - INFO - ================================================================================
2025-10-30T05:53:14.375658515Z [inf]  2025-10-30 05:53:07,900 - src.strategies.self_learning_trader - INFO - ğŸ’° å¸³æˆ¶ç‹€æ…‹ | ç¸½æ¬Šç›Š: $18.70 | å¯ç”¨ä¿è­‰é‡‘: $0.00 | å·²ä½”ç”¨ä¿è­‰é‡‘: $20.46
2025-10-30T05:53:14.375661937Z [inf]  2025-10-30 05:53:07,901 - src.core.capital_allocator - INFO - âœ… è³‡é‡‘åˆ†é…å®Œæˆ
2025-10-30T05:53:14.375665647Z [inf]  2025-10-30 05:53:07,900 - src.core.capital_allocator - INFO - ğŸ’° è³ªé‡æ’åå®Œæˆï¼š120/120 ä¿¡è™Ÿé€šéè³ªé‡é–€æª» | æœ€é«˜åˆ†: 0.841 | æœ€ä½åˆ†: 0.789
2025-10-30T05:53:14.375670751Z [inf]  2025-10-30 05:53:07,901 - src.core.capital_allocator - INFO -    ç²æ‰¹ä¿¡è™Ÿ: 0/120 (é€šéè³ªé‡é–€æª»)
2025-10-30T05:53:14.375677176Z [inf]  2025-10-30 05:53:07,901 - src.core.capital_allocator - WARNING -    âš ï¸ ç„¡å¯ç”¨é ç®—ï¼ˆavailable_margin=0ï¼Œå¯èƒ½æ˜¯å¸³æˆ¶é¤˜é¡ç‚º0æˆ–APIå¤±æ•—ï¼‰
2025-10-30T05:53:14.375682530Z [inf]  2025-10-30 05:53:07,901 - src.core.capital_allocator - INFO -    ç¸½åˆ†é…: $0.00 / $0.00
2025-10-30T05:53:14.376900383Z [inf]  2025-10-30 05:53:07,901 - src.core.capital_allocator - INFO -    ç²æ‰¹ä¿¡è™Ÿå°‡ç„¡æ³•åŸ·è¡Œ
2025-10-30T05:53:14.376910605Z [inf]  2025-10-30 05:53:07,901 - src.core.capital_allocator - INFO - ================================================================================
2025-10-30T05:53:14.376916279Z [inf]  2025-10-30 05:53:07,901 - src.strategies.self_learning_trader - INFO - ğŸ’° ç„¡ä¿¡è™Ÿç²å¾—è³‡é‡‘åˆ†é…
2025-10-30T05:53:14.376921066Z [inf]  2025-10-30 05:53:07,901 - src.core.unified_scheduler - INFO - âœ… é€±æœŸå®Œæˆ | è€—æ™‚: 35.2s | æ–°æˆäº¤: 0
2025-10-30T05:53:14.376926070Z [inf]  2025-10-30 05:53:07,901 - src.core.unified_scheduler - INFO - ================================================================================
2025-10-30T05:53:14.376930890Z [inf]  2025-10-30 05:53:07,983 - src.core.websocket.price_feed - ERROR - âŒ PriceFeed-Shard0 æ¥æ”¶å¤±æ•—: no close frame received or sent
2025-10-30T05:54:14.597362989Z [inf]  2025-10-30 05:54:07,901 - src.core.unified_scheduler - INFO - ================================================================================
2025-10-30T05:54:14.597369669Z [inf]  2025-10-30 05:54:07,901 - src.core.unified_scheduler - INFO - ğŸ”„ äº¤æ˜“é€±æœŸ #31 | 2025-10-30 05:54:07 UTC
2025-10-30T05:54:14.597374511Z [inf]  2025-10-30 05:54:07,902 - src.core.unified_scheduler - INFO - ================================================================================
2025-10-30T05:54:14.597379324Z [inf]  2025-10-30 05:54:08,046 - src.core.unified_scheduler - INFO - ğŸ“Š æ­·å²çµ±è¨ˆ: æš«ç„¡äº¤æ˜“è¨˜éŒ„
2025-10-30T05:54:14.597387129Z [inf]  2025-10-30 05:54:08,046 - src.core.unified_scheduler - INFO - ğŸ“¦ ç•¶å‰æŒå€‰: 8 å€‹ | ç¸½æœªå¯¦ç¾ç›ˆè™§: $-1.76
2025-10-30T05:54:14.597392829Z [inf]  2025-10-30 05:54:08,046 - src.core.unified_scheduler - INFO - ================================================================================
2025-10-30T05:54:14.597398169Z [inf]  2025-10-30 05:54:08,046 - src.core.unified_scheduler - INFO -    â€¢ TRXUSDT SHORT @ $0.2938 | æ§“æ¡¿=13x | ç›ˆè™§=$-0.51 (-0.74%) | ğŸ“‰ ç©ºé ­ | é€²å ´ç†ç”±âŒ å·²å¤±æ•ˆ
2025-10-30T05:54:14.597403396Z [inf]  2025-10-30 05:54:08,046 - src.core.unified_scheduler - INFO -    â€¢ AGLDUSDT SHORT @ $0.3812 | æ§“æ¡¿=13x | ç›ˆè™§=$-0.59 (-1.99%) | ğŸ“‰ ç©ºé ­ | é€²å ´ç†ç”±âŒ å·²å¤±æ•ˆ
2025-10-30T05:54:14.597410324Z [inf]  2025-10-30 05:54:08,047 - src.core.unified_scheduler - INFO -    â€¢ AEROUSDT LONG @ $1.0303 | æ§“æ¡¿=20x | ç›ˆè™§=$+1.39 (+1.74%) | âš ï¸ é€†å‹¢ | é€²å ´ç†ç”±âŒ å·²å¤±æ•ˆ
2025-10-30T05:54:14.597414620Z [inf]  2025-10-30 05:54:08,047 - src.core.unified_scheduler - INFO -    â€¢ TOWNSUSDT SHORT @ $0.0110 | æ§“æ¡¿=20x | ç›ˆè™§=$-0.19 (-1.87%) | ğŸ“‰ ç©ºé ­ | é€²å ´ç†ç”±âŒ å·²å¤±æ•ˆ
2025-10-30T05:54:14.597419070Z [inf]  2025-10-30 05:54:08,047 - src.core.unified_scheduler - INFO -    â€¢ CROSSUSDT SHORT @ $0.1293 | æ§“æ¡¿=13x | ç›ˆè™§=$-0.15 (-1.54%) | ğŸ“‰ ç©ºé ­ | é€²å ´ç†ç”±âŒ å·²å¤±æ•ˆ
2025-10-30T05:54:14.599138479Z [inf]  2025-10-30 05:54:08,047 - src.core.unified_scheduler - INFO -    â€¢ ADAUSDT SHORT @ $0.6274 | æ§“æ¡¿=13x | ç›ˆè™§=$-0.55 (-1.96%) | ğŸ“‰ ç©ºé ­ | é€²å ´ç†ç”±âŒ å·²å¤±æ•ˆ
2025-10-30T05:54:14.599147566Z [inf]  2025-10-30 05:54:08,047 - src.core.unified_scheduler - INFO -    â€¢ YFIUSDT SHORT @ $4666.6667 | æ§“æ¡¿=13x | ç›ˆè™§=$-0.42 (-1.49%) | ğŸ“‰ ç©ºé ­ | é€²å ´ç†ç”±âŒ å·²å¤±æ•ˆ
2025-10-30T05:54:14.599154044Z [inf]  2025-10-30 05:54:08,047 - src.core.unified_scheduler - INFO -    â€¢ 0GUSDT SHORT @ $1.3713 | æ§“æ¡¿=13x | ç›ˆè™§=$-0.74 (-1.93%) | ğŸ“‰ ç©ºé ­ | é€²å ´ç†ç”±âŒ å·²å¤±æ•ˆ
2025-10-30T05:54:14.599159257Z [inf]  2025-10-30 05:54:08,047 - src.core.unified_scheduler - INFO - ================================================================================
2025-10-30T05:54:14.599164986Z [inf]  2025-10-30 05:54:08,047 - src.core.unified_scheduler - INFO - ğŸ’° è³¬æˆ¶é¤˜é¡: ç¸½é¡=$20.46 | å¯ç”¨=$0.00 | ä¿è­‰é‡‘=$29.42 | æœªå¯¦ç¾ç›ˆè™§=$+20.46
2025-10-30T05:54:14.599170422Z [inf]  2025-10-30 05:54:08,047 - src.core.unified_scheduler - INFO - ğŸ¯ æ¨¡å‹è©•åˆ†: ç„¡äº¤æ˜“è¨˜éŒ„
2025-10-30T05:54:14.599175815Z [inf]  2025-10-30 05:54:08,048 - src.core.unified_scheduler - INFO - ğŸ“Š æƒæ 529 å€‹äº¤æ˜“å°ä¸­...
2025-10-30T05:54:21.548804817Z [inf]  2025-10-30 05:54:21,424 - src.core.unified_scheduler - INFO - ğŸ“Š ä¿¡è™ŸåŸ·è¡Œ | å¯ç”¨ä¿è­‰é‡‘: $0.00 | å·²æœ‰å€‰ä½: 8 | æ–°ä¿¡è™Ÿæ•¸: 120
2025-10-30T05:54:21.548818237Z [inf]  2025-10-30 05:54:21,536 - src.clients.binance_client - INFO - ğŸ’° è³¬æˆ¶é¤˜é¡: ç¸½é¡ 20.46 USDT, å¯ç”¨ 0.00 USDT, ä¿è­‰é‡‘ 20.46 USDT, æœªå¯¦ç¾ç›ˆè™§ -1.83 USDT
2025-10-30T05:54:21.548825686Z [inf]  2025-10-30 05:54:21,536 - src.strategies.self_learning_trader - INFO - ğŸ’° å¸³æˆ¶ç‹€æ…‹ | ç¸½æ¬Šç›Š: $18.63 | å¯ç”¨ä¿è­‰é‡‘: $0.00 | å·²ä½”ç”¨ä¿è­‰é‡‘: $20.46
2025-10-30T05:54:21.548832925Z [inf]  2025-10-30 05:54:21,536 - src.core.capital_allocator - INFO - ğŸ’° è³ªé‡æ’åå®Œæˆï¼š120/120 ä¿¡è™Ÿé€šéè³ªé‡é–€æª» | æœ€é«˜åˆ†: 0.841 | æœ€ä½åˆ†: 0.789
2025-10-30T05:54:21.548838692Z [inf]  2025-10-30 05:54:21,536 - src.core.capital_allocator - INFO - ğŸ’° é ç®—æ± åˆå§‹åŒ– | ç¸½é ç®—: $0.00 (80% Ã— $0.00) | å–®å€‰ä¸Šé™: $9.32 (50% Ã— $18.63)
2025-10-30T05:54:21.548845639Z [inf]  2025-10-30 05:54:21,537 - src.core.capital_allocator - INFO - ğŸ’° é ç®—è€—ç›¡ï¼Œæ‹’çµ•å‰©é¤˜ 120 å€‹ä¿¡è™Ÿ ï¼ˆæ’å 1-120ï¼‰
2025-10-30T05:54:21.548854412Z [inf]  2025-10-30 05:54:21,537 - src.core.capital_allocator - INFO - ================================================================================
2025-10-30T05:54:21.548864847Z [inf]  2025-10-30 05:54:21,537 - src.core.capital_allocator - INFO - âœ… è³‡é‡‘åˆ†é…å®Œæˆ
2025-10-30T05:54:21.548873395Z [inf]  2025-10-30 05:54:21,424 - src.core.unified_scheduler - INFO - âœ… ç™¼ç¾ 120 å€‹äº¤æ˜“ä¿¡è™Ÿ
2025-10-30T05:54:21.548898539Z [inf]  2025-10-30 05:54:21,537 - src.core.capital_allocator - INFO -    ç²æ‰¹ä¿¡è™Ÿ: 0/120 (é€šéè³ªé‡é–€æª»)
2025-10-30T05:54:21.548905751Z [inf]  2025-10-30 05:54:21,537 - src.core.capital_allocator - WARNING -    âš ï¸ ç„¡å¯ç”¨é ç®—ï¼ˆavailable_margin=0ï¼Œå¯èƒ½æ˜¯å¸³æˆ¶é¤˜é¡ç‚º0æˆ–APIå¤±æ•—ï¼‰
2025-10-30T05:54:21.548909915Z [inf]  2025-10-30 05:54:21,537 - src.core.capital_allocator - INFO -    ç¸½åˆ†é…: $0.00 / $0.00
2025-10-30T05:54:21.549844178Z [inf]  2025-10-30 05:54:21,537 - src.core.unified_scheduler - INFO - âœ… é€±æœŸå®Œæˆ | è€—æ™‚: 13.6s | æ–°æˆäº¤: 0
2025-10-30T05:54:21.549850684Z [inf]  2025-10-30 05:54:21,537 - src.core.unified_scheduler - INFO - ================================================================================
2025-10-30T05:54:21.549878518Z [inf]  2025-10-30 05:54:21,537 - src.core.capital_allocator - INFO -    ç²æ‰¹ä¿¡è™Ÿå°‡ç„¡æ³•åŸ·è¡Œ
2025-10-30T05:54:21.549884035Z [inf]  2025-10-30 05:54:21,537 - src.core.capital_allocator - INFO - ================================================================================
2025-10-30T05:54:21.549889509Z [inf]  2025-10-30 05:54:21,537 - src.strategies.self_learning_trader - INFO - ğŸ’° ç„¡ä¿¡è™Ÿç²å¾—è³‡é‡‘åˆ†é…
2025-10-30T05:54:22.951101733Z [inf]  2025-10-30 05:54:22,949 - src.core.websocket.price_feed - ERROR - âŒ PriceFeed-Shard0 æ¥æ”¶å¤±æ•—: sent 1011 (internal error) keepalive ping timeout; no close frame received
2025-10-30T05:54:29.041810055Z [inf]  2025-10-30 05:54:29,036 - src.core.websocket.price_feed - ERROR - âŒ PriceFeed-Shard1 æ¥æ”¶å¤±æ•—: sent 1011 (internal error) keepalive ping timeout; no close frame received
2025-10-30T05:55:09.152388101Z [inf]  2025-10-30 05:55:02,257 - src.core.websocket.account_feed - INFO - âœ… listenKeyå·²çºŒæœŸ: ol3iRThQ... (ç¬¬1æ¬¡å˜—è©¦)
2025-10-30T05:55:29.153917749Z [inf]  2025-10-30 05:55:21,675 - src.core.unified_scheduler - INFO -    â€¢ CROSSUSDT SHORT @ $0.1293 | æ§“æ¡¿=13x | ç›ˆè™§=$-0.16 (-1.58%) | ğŸ“‰ ç©ºé ­ | é€²å ´ç†ç”±âŒ å·²å¤±æ•ˆ
2025-10-30T05:55:29.153942907Z [inf]  2025-10-30 05:55:21,558 - src.core.unified_scheduler - INFO - ================================================================================
2025-10-30T05:55:29.153949593Z [inf]  2025-10-30 05:55:21,558 - src.core.unified_scheduler - INFO - ğŸ”„ äº¤æ˜“é€±æœŸ #32 | 2025-10-30 05:55:21 UTC
2025-10-30T05:55:29.153955426Z [inf]  2025-10-30 05:55:21,558 - src.core.unified_scheduler - INFO - ================================================================================
2025-10-30T05:55:29.153960974Z [inf]  2025-10-30 05:55:21,675 - src.core.unified_scheduler - INFO - ğŸ“Š æ­·å²çµ±è¨ˆ: æš«ç„¡äº¤æ˜“è¨˜éŒ„
2025-10-30T05:55:29.153966814Z [inf]  2025-10-30 05:55:21,675 - src.core.unified_scheduler - INFO - ğŸ“¦ ç•¶å‰æŒå€‰: 8 å€‹ | ç¸½æœªå¯¦ç¾ç›ˆè™§: $-1.72
2025-10-30T05:55:29.153975105Z [inf]  2025-10-30 05:55:21,675 - src.core.unified_scheduler - INFO - ================================================================================
2025-10-30T05:55:29.153981164Z [inf]  2025-10-30 05:55:21,675 - src.core.unified_scheduler - INFO -    â€¢ TRXUSDT SHORT @ $0.2938 | æ§“æ¡¿=13x | ç›ˆè™§=$-0.47 (-0.67%) | ğŸ“‰ ç©ºé ­ | é€²å ´ç†ç”±âŒ å·²å¤±æ•ˆ
2025-10-30T05:55:29.153987543Z [inf]  2025-10-30 05:55:21,675 - src.core.unified_scheduler - INFO -    â€¢ AGLDUSDT SHORT @ $0.3812 | æ§“æ¡¿=13x | ç›ˆè™§=$-0.58 (-1.94%) | ğŸ“‰ ç©ºé ­ | é€²å ´ç†ç”±âŒ å·²å¤±æ•ˆ
2025-10-30T05:55:29.153994179Z [inf]  2025-10-30 05:55:21,675 - src.core.unified_scheduler - INFO -    â€¢ AEROUSDT LONG @ $1.0303 | æ§“æ¡¿=20x | ç›ˆè™§=$+1.40 (+1.75%) | âš ï¸ é€†å‹¢ | é€²å ´ç†ç”±âŒ å·²å¤±æ•ˆ
2025-10-30T05:55:29.153999974Z [inf]  2025-10-30 05:55:21,675 - src.core.unified_scheduler - INFO -    â€¢ TOWNSUSDT SHORT @ $0.0110 | æ§“æ¡¿=20x | ç›ˆè™§=$-0.20 (-1.96%) | ğŸ“‰ ç©ºé ­ | é€²å ´ç†ç”±âŒ å·²å¤±æ•ˆ
2025-10-30T05:55:29.156007457Z [inf]  2025-10-30 05:55:21,675 - src.core.unified_scheduler - INFO - ğŸ¯ æ¨¡å‹è©•åˆ†: ç„¡äº¤æ˜“è¨˜éŒ„
2025-10-30T05:55:29.156018373Z [inf]  2025-10-30 05:55:21,675 - src.core.unified_scheduler - INFO - ğŸ“Š æƒæ 529 å€‹äº¤æ˜“å°ä¸­...
2025-10-30T05:55:29.156027286Z [inf]  2025-10-30 05:55:21,687 - src.services.data_service - INFO - ================================================================================
2025-10-30T05:55:29.156033953Z [inf]  2025-10-30 05:55:21,687 - src.services.data_service - INFO - ğŸ“Š DataService WebSocketçµ±è¨ˆï¼ˆæœ€è¿‘5åˆ†é˜ï¼‰:
2025-10-30T05:55:29.156041169Z [inf]  2025-10-30 05:55:21,687 - src.services.data_service - INFO -    ç¸½è«‹æ±‚: 16400
2025-10-30T05:55:29.156049219Z [inf]  2025-10-30 05:55:21,687 - src.services.data_service - INFO -    WebSocketå‘½ä¸­: 0 (0.0%)
2025-10-30T05:55:29.156050298Z [inf]  2025-10-30 05:55:21,675 - src.core.unified_scheduler - INFO -    â€¢ ADAUSDT SHORT @ $0.6274 | æ§“æ¡¿=13x | ç›ˆè™§=$-0.55 (-1.94%) | ğŸ“‰ ç©ºé ­ | é€²å ´ç†ç”±âŒ å·²å¤±æ•ˆ
2025-10-30T05:55:29.156054725Z [inf]  2025-10-30 05:55:21,675 - src.core.unified_scheduler - INFO -    â€¢ YFIUSDT SHORT @ $4666.6667 | æ§“æ¡¿=13x | ç›ˆè™§=$-0.43 (-1.53%) | ğŸ“‰ ç©ºé ­ | é€²å ´ç†ç”±âŒ å·²å¤±æ•ˆ
2025-10-30T05:55:29.156061662Z [inf]  2025-10-30 05:55:21,687 - src.services.data_service - INFO -    RESTå‚™æ´: 16400 (100.0%)
2025-10-30T05:55:29.156061809Z [inf]  2025-10-30 05:55:21,675 - src.core.unified_scheduler - INFO -    â€¢ 0GUSDT SHORT @ $1.3713 | æ§“æ¡¿=13x | ç›ˆè™§=$-0.75 (-1.95%) | ğŸ“‰ ç©ºé ­ | é€²å ´ç†ç”±âŒ å·²å¤±æ•ˆ
2025-10-30T05:55:29.156068217Z [inf]  2025-10-30 05:55:21,675 - src.core.unified_scheduler - INFO - ================================================================================
2025-10-30T05:55:29.156073302Z [inf]  2025-10-30 05:55:21,675 - src.core.unified_scheduler - INFO - ğŸ’° è³¬æˆ¶é¤˜é¡: ç¸½é¡=$20.46 | å¯ç”¨=$0.00 | ä¿è­‰é‡‘=$29.42 | æœªå¯¦ç¾ç›ˆè™§=$+20.46
2025-10-30T05:55:29.157457031Z [inf]  2025-10-30 05:55:21,687 - src.services.data_service - INFO - ================================================================================
2025-10-30T05:55:34.590079175Z [inf]  2025-10-30 05:55:34,584 - src.core.unified_scheduler - INFO - âœ… ç™¼ç¾ 120 å€‹äº¤æ˜“ä¿¡è™Ÿ
2025-10-30T05:55:34.590088404Z [inf]  2025-10-30 05:55:34,584 - src.core.unified_scheduler - INFO - ğŸ“Š ä¿¡è™ŸåŸ·è¡Œ | å¯ç”¨ä¿è­‰é‡‘: $0.00 | å·²æœ‰å€‰ä½: 8 | æ–°ä¿¡è™Ÿæ•¸: 120
2025-10-30T05:55:34.700446808Z [inf]  2025-10-30 05:55:34,681 - src.clients.binance_client - INFO - ğŸ’° è³¬æˆ¶é¤˜é¡: ç¸½é¡ 20.46 USDT, å¯ç”¨ 0.00 USDT, ä¿è­‰é‡‘ 20.46 USDT, æœªå¯¦ç¾ç›ˆè™§ -1.70 USDT
2025-10-30T05:55:34.700454139Z [inf]  2025-10-30 05:55:34,681 - src.strategies.self_learning_trader - INFO - ğŸ’° å¸³æˆ¶ç‹€æ…‹ | ç¸½æ¬Šç›Š: $18.76 | å¯ç”¨ä¿è­‰é‡‘: $0.00 | å·²ä½”ç”¨ä¿è­‰é‡‘: $20.46
2025-10-30T05:55:34.700459870Z [inf]  2025-10-30 05:55:34,681 - src.core.capital_allocator - INFO - ğŸ’° è³ªé‡æ’åå®Œæˆï¼š120/120 ä¿¡è™Ÿé€šéè³ªé‡é–€æª» | æœ€é«˜åˆ†: 0.841 | æœ€ä½åˆ†: 0.789
2025-10-30T05:55:34.700465225Z [inf]  2025-10-30 05:55:34,681 - src.core.capital_allocator - INFO - ğŸ’° é ç®—æ± åˆå§‹åŒ– | ç¸½é ç®—: $0.00 (80% Ã— $0.00) | å–®å€‰ä¸Šé™: $9.38 (50% Ã— $18.76)
2025-10-30T05:55:34.700471106Z [inf]  2025-10-30 05:55:34,681 - src.core.capital_allocator - INFO - ğŸ’° é ç®—è€—ç›¡ï¼Œæ‹’çµ•å‰©é¤˜ 120 å€‹ä¿¡è™Ÿ ï¼ˆæ’å 1-120ï¼‰
2025-10-30T05:55:34.700476345Z [inf]  2025-10-30 05:55:34,681 - src.core.capital_allocator - INFO - ================================================================================
2025-10-30T05:55:34.700480927Z [inf]  2025-10-30 05:55:34,681 - src.core.capital_allocator - INFO - âœ… è³‡é‡‘åˆ†é…å®Œæˆ
2025-10-30T05:55:34.700487542Z [inf]  2025-10-30 05:55:34,681 - src.core.capital_allocator - INFO -    ç²æ‰¹ä¿¡è™Ÿ: 0/120 (é€šéè³ªé‡é–€æª»)
2025-10-30T05:55:34.700492588Z [inf]  2025-10-30 05:55:34,681 - src.core.capital_allocator - WARNING -    âš ï¸ ç„¡å¯ç”¨é ç®—ï¼ˆavailable_margin=0ï¼Œå¯èƒ½æ˜¯å¸³æˆ¶é¤˜é¡ç‚º0æˆ–APIå¤±æ•—ï¼‰
2025-10-30T05:55:34.700497255Z [inf]  2025-10-30 05:55:34,681 - src.core.capital_allocator - INFO -    ç¸½åˆ†é…: $0.00 / $0.00
2025-10-30T05:55:34.700501559Z [inf]  2025-10-30 05:55:34,681 - src.core.capital_allocator - INFO -    ç²æ‰¹ä¿¡è™Ÿå°‡ç„¡æ³•åŸ·è¡Œ
2025-10-30T05:55:34.700506447Z [inf]  2025-10-30 05:55:34,681 - src.core.capital_allocator - INFO - ================================================================================
2025-10-30T05:55:34.702254822Z [inf]  2025-10-30 05:55:34,681 - src.strategies.self_learning_trader - INFO - ğŸ’° ç„¡ä¿¡è™Ÿç²å¾—è³‡é‡‘åˆ†é…
2025-10-30T05:55:34.702264986Z [inf]  2025-10-30 05:55:34,681 - src.core.unified_scheduler - INFO - âœ… é€±æœŸå®Œæˆ | è€—æ™‚: 13.1s | æ–°æˆäº¤: 0
2025-10-30T05:55:34.702273008Z [inf]  2025-10-30 05:55:34,681 - src.core.unified_scheduler - INFO - ================================================================================
2025-10-30T05:55:36.216650333Z [inf]  2025-10-30 05:55:35,865 - src.core.websocket.price_feed - ERROR - âŒ PriceFeed-Shard0 æ¥æ”¶å¤±æ•—: sent 1011 (internal error) keepalive ping timeout; no close frame received
2025-10-30T05:56:15.828053020Z [inf]  2025-10-30 05:56:08,546 - src.core.websocket.price_feed - ERROR - âŒ PriceFeed-Shard0 æ¥æ”¶å¤±æ•—: no close frame received or sent
2025-10-30T05:56:35.832075990Z [inf]  2025-10-30 05:56:34,683 - src.core.unified_scheduler - INFO - ================================================================================
2025-10-30T05:56:35.832082105Z [inf]  2025-10-30 05:56:34,683 - src.core.unified_scheduler - INFO - ğŸ”„ äº¤æ˜“é€±æœŸ #33 | 2025-10-30 05:56:34 UTC
2025-10-30T05:56:35.832088189Z [inf]  2025-10-30 05:56:34,683 - src.core.unified_scheduler - INFO - ================================================================================
2025-10-30T05:56:35.832094306Z [inf]  2025-10-30 05:56:34,795 - src.core.unified_scheduler - INFO - ğŸ“Š æ­·å²çµ±è¨ˆ: æš«ç„¡äº¤æ˜“è¨˜éŒ„
2025-10-30T05:56:35.832100752Z [inf]  2025-10-30 05:56:34,796 - src.core.unified_scheduler - INFO - ğŸ“¦ ç•¶å‰æŒå€‰: 8 å€‹ | ç¸½æœªå¯¦ç¾ç›ˆè™§: $-1.50
2025-10-30T05:56:35.832107194Z [inf]  2025-10-30 05:56:34,796 - src.core.unified_scheduler - INFO - ================================================================================
2025-10-30T05:56:35.832112237Z [inf]  2025-10-30 05:56:34,796 - src.core.unified_scheduler - INFO -    â€¢ TRXUSDT SHORT @ $0.2938 | æ§“æ¡¿=13x | ç›ˆè™§=$-0.50 (-0.72%) | ğŸ“‰ ç©ºé ­ | é€²å ´ç†ç”±âŒ å·²å¤±æ•ˆ
2025-10-30T05:56:35.832120463Z [inf]  2025-10-30 05:56:34,796 - src.core.unified_scheduler - INFO -    â€¢ AGLDUSDT SHORT @ $0.3812 | æ§“æ¡¿=13x | ç›ˆè™§=$-0.55 (-1.86%) | ğŸ“‰ ç©ºé ­ | é€²å ´ç†ç”±âŒ å·²å¤±æ•ˆ
2025-10-30T05:56:35.832129371Z [inf]  2025-10-30 05:56:34,796 - src.core.unified_scheduler - INFO -    â€¢ AEROUSDT LONG @ $1.0303 | æ§“æ¡¿=20x | ç›ˆè™§=$+1.66 (+2.07%) | âš ï¸ é€†å‹¢ | é€²å ´ç†ç”±âŒ å·²å¤±æ•ˆ
2025-10-30T05:56:35.832133334Z [inf]  2025-10-30 05:56:34,796 - src.core.unified_scheduler - INFO -    â€¢ TOWNSUSDT SHORT @ $0.0110 | æ§“æ¡¿=20x | ç›ˆè™§=$-0.20 (-1.99%) | ğŸ“‰ ç©ºé ­ | é€²å ´ç†ç”±âŒ å·²å¤±æ•ˆ
2025-10-30T05:56:35.832137938Z [inf]  2025-10-30 05:56:34,796 - src.core.unified_scheduler - INFO -    â€¢ CROSSUSDT SHORT @ $0.1293 | æ§“æ¡¿=13x | ç›ˆè™§=$-0.16 (-1.62%) | ğŸ“‰ ç©ºé ­ | é€²å ´ç†ç”±âŒ å·²å¤±æ•ˆ
2025-10-30T05:56:35.833448248Z [inf]  2025-10-30 05:56:34,796 - src.core.unified_scheduler - INFO -    â€¢ ADAUSDT SHORT @ $0.6274 | æ§“æ¡¿=13x | ç›ˆè™§=$-0.57 (-2.02%) | ğŸ“‰ ç©ºé ­ | é€²å ´ç†ç”±âŒ å·²å¤±æ•ˆ
2025-10-30T05:56:35.833458944Z [inf]  2025-10-30 05:56:34,796 - src.core.unified_scheduler - INFO -    â€¢ YFIUSDT SHORT @ $4666.6667 | æ§“æ¡¿=13x | ç›ˆè™§=$-0.44 (-1.57%) | ğŸ“‰ ç©ºé ­ | é€²å ´ç†ç”±âŒ å·²å¤±æ•ˆ
2025-10-30T05:56:35.833464145Z [inf]  2025-10-30 05:56:34,796 - src.core.unified_scheduler - INFO -    â€¢ 0GUSDT SHORT @ $1.3713 | æ§“æ¡¿=13x | ç›ˆè™§=$-0.73 (-1.91%) | ğŸ“‰ ç©ºé ­ | é€²å ´ç†ç”±âŒ å·²å¤±æ•ˆ
2025-10-30T05:56:35.833469542Z [inf]  2025-10-30 05:56:34,796 - src.core.unified_scheduler - INFO - ================================================================================
2025-10-30T05:56:35.833476846Z [inf]  2025-10-30 05:56:34,796 - src.core.unified_scheduler - INFO - ğŸ’° è³¬æˆ¶é¤˜é¡: ç¸½é¡=$20.46 | å¯ç”¨=$0.00 | ä¿è­‰é‡‘=$29.42 | æœªå¯¦ç¾ç›ˆè™§=$+20.46
2025-10-30T05:56:35.833481747Z [inf]  2025-10-30 05:56:34,796 - src.core.unified_scheduler - INFO - ğŸ¯ æ¨¡å‹è©•åˆ†: ç„¡äº¤æ˜“è¨˜éŒ„
2025-10-30T05:56:35.833495731Z [inf]  2025-10-30 05:56:34,796 - src.core.unified_scheduler - INFO - ğŸ“Š æƒæ 529 å€‹äº¤æ˜“å°ä¸­...