2025-10-28T11:25:56.162331857Z [inf]    File "/app/src/clients/binance_client.py", line 583, in place_order
2025-10-28T11:25:56.162343646Z [inf]  src.clients.binance_errors.BinanceRequestError: HTTP 400: Bad Request
2025-10-28T11:25:56.162345049Z [inf]  Traceback (most recent call last):
2025-10-28T11:25:56.162345213Z [inf]      return await self.create_order(symbol, side, order_type, quantity, price, stop_price, **kwargs)
2025-10-28T11:25:56.162354870Z [inf]  2025-10-28 11:25:56,143 - src.strategies.self_learning_trader - WARNING -    âš ï¸ ç„¡æ³•ç²å– 4USDT æœ€å°æ•¸é‡: '<' not supported between instances of 'float' and 'coroutine'
2025-10-28T11:25:56.162359287Z [inf]    File "/app/src/core/unified_scheduler.py", line 393, in _execute_signal
2025-10-28T11:25:56.162367022Z [inf]      order_result = await self.binance_client.place_order(
2025-10-28T11:25:56.163629397Z [inf]  2025-10-28 11:25:56,143 - src.strategies.self_learning_trader - INFO -    ğŸ’° å€‰ä½è¨ˆç®—: æ¬Šç›Š=$21.51 | æ§“æ¡¿=11.9x | åç¾©åƒ¹å€¼=$205.66 | æ•¸é‡=1823.359305 | å¯¦éš›åƒ¹å€¼=$205.66
2025-10-28T11:25:56.163635749Z [inf]  2025-10-28 11:25:56,144 - src.core.circuit_breaker - WARNING - âš ï¸  ç†”æ–·å™¨è­¦å‘Šç´š: å¤±æ•—1æ¬¡ (æ“ä½œ: generic, å„ªå…ˆç´š: NORMAL)
2025-10-28T11:25:56.232138237Z [inf]  2025-10-28 11:25:56,228 - src.core.circuit_breaker - WARNING - ğŸ”„ ç†”æ–·å™¨ç´šåˆ¥è®ŠåŒ–: warning â†’ normal (å¤±æ•—æ¬¡æ•¸: 0)
2025-10-28T11:25:56.232144363Z [inf]  2025-10-28 11:25:56,228 - src.clients.binance_client - INFO - å‰µå»ºè¨‚å–®: 4USDT SELL MARKET 1823.0
2025-10-28T11:25:56.306427672Z [inf]  2025-10-28 11:25:56,303 - src.clients.binance_client - ERROR - Binance API éŒ¯èª¤ 400: code=-4061, msg=Order's position side does not match user's setting., endpoint=/fapi/v1/order, params={'symbol': '4USDT', 'side': 'SELL', 'type': 'MARKET', 'quantity': 1823.0, 'timestamp': 1761650756229, 'signature': '960af5fe9df2fabd2417676796163c0f43ea83a8b320abf88226c072c63d5673'}
2025-10-28T11:25:56.306433875Z [inf]  2025-10-28 11:25:56,303 - src.core.circuit_breaker - WARNING - ğŸ”„ ç†”æ–·å™¨ç´šåˆ¥è®ŠåŒ–: normal â†’ warning (å¤±æ•—æ¬¡æ•¸: 1)
2025-10-28T11:25:56.306439757Z [inf]  2025-10-28 11:25:56,303 - src.clients.binance_client - ERROR - API è«‹æ±‚å¤±æ•—: /fapi/v1/order - HTTP 400: Bad Request
2025-10-28T11:25:56.306447702Z [inf]  2025-10-28 11:25:56,303 - src.core.unified_scheduler - ERROR -    âŒ åŸ·è¡Œä¿¡è™Ÿå¤±æ•—: HTTP 400: Bad Request
2025-10-28T11:25:56.306453676Z [inf]  Traceback (most recent call last):
2025-10-28T11:25:56.306459050Z [inf]    File "/app/src/clients/binance_client.py", line 191, in _request
2025-10-28T11:25:56.306464196Z [inf]      result = await self.circuit_breaker.call_async(_do_request)
2025-10-28T11:25:56.306469641Z [inf]               ^^^^^^^^^^^^^^^^^^^^^^^^^^^^^^^^^^^^^^^^^^^^^^^^^^
2025-10-28T11:25:56.306475010Z [inf]    File "/app/src/core/circuit_breaker.py", line 339, in call_async
2025-10-28T11:25:56.306481373Z [inf]      raise e
2025-10-28T11:25:56.306488922Z [inf]    File "/app/src/core/circuit_breaker.py", line 334, in call_async
2025-10-28T11:25:56.306495774Z [inf]      result = await func(*args, **kwargs)
2025-10-28T11:25:56.306502149Z [inf]               ^^^^^^^^^^^^^^^^^^^^^^^^^^^
2025-10-28T11:25:56.306508546Z [inf]    File "/app/src/clients/binance_client.py", line 154, in _do_request
2025-10-28T11:25:56.306515239Z [inf]      response.raise_for_status()
2025-10-28T11:25:56.306521574Z [inf]    File "/opt/venv/lib/python3.11/site-packages/aiohttp/client_reqrep.py", line 636, in raise_for_status
2025-10-28T11:25:56.307722999Z [inf]      raise ClientResponseError(
2025-10-28T11:25:56.307730085Z [inf]  aiohttp.client_exceptions.ClientResponseError: 400, message='Bad Request', url='https://fapi.binance.com/fapi/v1/order'
2025-10-28T11:25:56.307735188Z [inf]  
2025-10-28T11:25:56.307742283Z [inf]  During handling of the above exception, another exception occurred:
2025-10-28T11:25:56.307746763Z [inf]  
2025-10-28T11:25:56.307752040Z [inf]  Traceback (most recent call last):
2025-10-28T11:25:56.307757822Z [inf]    File "/app/src/core/unified_scheduler.py", line 393, in _execute_signal
2025-10-28T11:25:56.307763916Z [inf]      order_result = await self.binance_client.place_order(
2025-10-28T11:25:56.307770700Z [inf]                     ^^^^^^^^^^^^^^^^^^^^^^^^^^^^^^^^^^^^^^
2025-10-28T11:25:56.307776010Z [inf]    File "/app/src/clients/binance_client.py", line 583, in place_order
2025-10-28T11:25:56.307783152Z [inf]      return await self.create_order(symbol, side, order_type, quantity, price, stop_price, **kwargs)
2025-10-28T11:25:56.307788446Z [inf]             ^^^^^^^^^^^^^^^^^^^^^^^^^^^^^^^^^^^^^^^^^^^^^^^^^^^^^^^^^^^^^^^^^^^^^^^^^^^^^^^^^^^^^^^^
2025-10-28T11:25:56.307793633Z [inf]    File "/app/src/clients/binance_client.py", line 556, in create_order
2025-10-28T11:25:56.307799762Z [inf]      return await self._request("POST", "/fapi/v1/order", params=params, signed=True)
2025-10-28T11:25:56.307805911Z [inf]             ^^^^^^^^^^^^^^^^^^^^^^^^^^^^^^^^^^^^^^^^^^^^^^^^^^^^^^^^^^^^^^^^^^^^^^^^^
2025-10-28T11:25:56.307811361Z [inf]    File "/app/src/clients/binance_client.py", line 195, in _request
2025-10-28T11:25:56.307817909Z [inf]      raise BinanceRequestError(
2025-10-28T11:25:56.307823846Z [inf]  src.clients.binance_errors.BinanceRequestError: HTTP 400: Bad Request
2025-10-28T11:25:56.307829796Z [inf]  2025-10-28 11:25:56,304 - src.strategies.self_learning_trader - WARNING -    âš ï¸ ç„¡æ³•ç²å– MONUSDT æœ€å°æ•¸é‡: '<' not supported between instances of 'float' and 'coroutine'
2025-10-28T11:25:56.310394133Z [inf]  2025-10-28 11:25:56,304 - src.strategies.self_learning_trader - INFO -    ğŸ’° å€‰ä½è¨ˆç®—: æ¬Šç›Š=$21.51 | æ§“æ¡¿=12.3x | åç¾©åƒ¹å€¼=$211.14 | æ•¸é‡=3708.780513 | å¯¦éš›åƒ¹å€¼=$211.14
2025-10-28T11:25:56.310399945Z [inf]  2025-10-28 11:25:56,304 - src.core.circuit_breaker - WARNING - âš ï¸  ç†”æ–·å™¨è­¦å‘Šç´š: å¤±æ•—1æ¬¡ (æ“ä½œ: generic, å„ªå…ˆç´š: NORMAL)
2025-10-28T11:25:56.382811307Z [inf]  2025-10-28 11:25:56,381 - src.clients.binance_client - ERROR - Binance API éŒ¯èª¤ 400: code=-4028, msg=Leverage 12 is not valid, endpoint=/fapi/v1/leverage, params={'symbol': 'MONUSDT', 'leverage': 12, 'timestamp': 1761650756304, 'signature': 'aa37404b64013213e365e49714efb9e81f444b9d7e2c28ab6f39746e7c640245'}
2025-10-28T11:25:56.382817543Z [inf]  2025-10-28 11:25:56,381 - src.clients.binance_client - ERROR - API è«‹æ±‚å¤±æ•—: /fapi/v1/leverage - HTTP 400: Bad Request
2025-10-28T11:25:56.382823788Z [inf]  2025-10-28 11:25:56,381 - src.core.unified_scheduler - ERROR -    âŒ åŸ·è¡Œä¿¡è™Ÿå¤±æ•—: HTTP 400: Bad Request
2025-10-28T11:25:56.382828933Z [inf]  Traceback (most recent call last):
2025-10-28T11:25:56.382834178Z [inf]    File "/app/src/clients/binance_client.py", line 191, in _request
2025-10-28T11:25:56.382838483Z [inf]      result = await self.circuit_breaker.call_async(_do_request)
2025-10-28T11:25:56.382844169Z [inf]               ^^^^^^^^^^^^^^^^^^^^^^^^^^^^^^^^^^^^^^^^^^^^^^^^^^
2025-10-28T11:25:56.382848451Z [inf]    File "/app/src/core/circuit_breaker.py", line 339, in call_async
2025-10-28T11:25:56.382852991Z [inf]      raise e
2025-10-28T11:25:56.382857711Z [inf]    File "/app/src/core/circuit_breaker.py", line 334, in call_async
2025-10-28T11:25:56.382862777Z [inf]      result = await func(*args, **kwargs)
2025-10-28T11:25:56.382866957Z [inf]               ^^^^^^^^^^^^^^^^^^^^^^^^^^^
2025-10-28T11:25:56.382871460Z [inf]    File "/app/src/clients/binance_client.py", line 154, in _do_request
2025-10-28T11:25:56.382875492Z [inf]      response.raise_for_status()
2025-10-28T11:25:56.382880580Z [inf]    File "/opt/venv/lib/python3.11/site-packages/aiohttp/client_reqrep.py", line 636, in raise_for_status
2025-10-28T11:25:56.382885317Z [inf]      raise ClientResponseError(
2025-10-28T11:25:56.382889645Z [inf]  aiohttp.client_exceptions.ClientResponseError: 400, message='Bad Request', url='https://fapi.binance.com/fapi/v1/leverage'
2025-10-28T11:25:56.386441238Z [inf]  
2025-10-28T11:25:56.386447725Z [inf]  During handling of the above exception, another exception occurred:
2025-10-28T11:25:56.386453887Z [inf]  
2025-10-28T11:25:56.386461323Z [inf]  Traceback (most recent call last):
2025-10-28T11:25:56.386467836Z [inf]    File "/app/src/core/unified_scheduler.py", line 388, in _execute_signal
2025-10-28T11:25:56.386474130Z [inf]      await self.binance_client.set_leverage(symbol, int(leverage))
2025-10-28T11:25:56.386481051Z [inf]    File "/app/src/clients/binance_client.py", line 640, in set_leverage
2025-10-28T11:25:56.386486820Z [inf]      return await self._request("POST", "/fapi/v1/leverage", params=params, signed=True)
2025-10-28T11:25:56.386491744Z [inf]             ^^^^^^^^^^^^^^^^^^^^^^^^^^^^^^^^^^^^^^^^^^^^^^^^^^^^^^^^^^^^^^^^^^^^^^^^^^^^
2025-10-28T11:25:56.386496961Z [inf]    File "/app/src/clients/binance_client.py", line 195, in _request
2025-10-28T11:25:56.386501375Z [inf]      raise BinanceRequestError(
2025-10-28T11:25:56.386505902Z [inf]  src.clients.binance_errors.BinanceRequestError: HTTP 400: Bad Request
2025-10-28T11:25:56.386510278Z [inf]  2025-10-28 11:25:56,382 - src.strategies.self_learning_trader - WARNING -    âš ï¸ ç„¡æ³•ç²å– TURTLEUSDT æœ€å°æ•¸é‡: '<' not supported between instances of 'float' and 'coroutine'
2025-10-28T11:25:56.386514812Z [inf]  2025-10-28 11:25:56,382 - src.strategies.self_learning_trader - INFO -    ğŸ’° å€‰ä½è¨ˆç®—: æ¬Šç›Š=$21.51 | æ§“æ¡¿=12.7x | åç¾©åƒ¹å€¼=$219.37 | æ•¸é‡=1416.185555 | å¯¦éš›åƒ¹å€¼=$219.37
2025-10-28T11:25:56.386519894Z [inf]  2025-10-28 11:25:56,382 - src.core.circuit_breaker - WARNING - âš ï¸  ç†”æ–·å™¨è­¦å‘Šç´š: å¤±æ•—2æ¬¡ (æ“ä½œ: generic, å„ªå…ˆç´š: NORMAL)
2025-10-28T11:25:56.828545335Z [inf]  2025-10-28 11:25:56,456 - src.clients.binance_client - INFO - å‰µå»ºè¨‚å–®: TURTLEUSDT SELL MARKET 1416.0
2025-10-28T11:25:56.828553114Z [inf]  2025-10-28 11:25:56,456 - src.core.circuit_breaker - WARNING - âš ï¸  ç†”æ–·å™¨è­¦å‘Šç´š: å¤±æ•—1æ¬¡ (æ“ä½œ: generic, å„ªå…ˆç´š: NORMAL)
2025-10-28T11:25:56.828560370Z [inf]  2025-10-28 11:25:56,532 - src.clients.binance_client - ERROR - Binance API éŒ¯èª¤ 400: code=-4061, msg=Order's position side does not match user's setting., endpoint=/fapi/v1/order, params={'symbol': 'TURTLEUSDT', 'side': 'SELL', 'type': 'MARKET', 'quantity': 1416.0, 'timestamp': 1761650756456, 'signature': '8fdc84c0286f35a306ad0fb894fa22fe9e5553f62ed55b6ef1e79ce9e63554f0'}
2025-10-28T11:25:56.828566807Z [inf]  2025-10-28 11:25:56,532 - src.clients.binance_client - ERROR - API è«‹æ±‚å¤±æ•—: /fapi/v1/order - HTTP 400: Bad Request
2025-10-28T11:25:56.828574323Z [inf]  2025-10-28 11:25:56,532 - src.core.unified_scheduler - ERROR -    âŒ åŸ·è¡Œä¿¡è™Ÿå¤±æ•—: HTTP 400: Bad Request
2025-10-28T11:25:56.828581386Z [inf]  Traceback (most recent call last):
2025-10-28T11:25:56.828588727Z [inf]    File "/app/src/clients/binance_client.py", line 191, in _request
2025-10-28T11:25:56.828596174Z [inf]      result = await self.circuit_breaker.call_async(_do_request)
2025-10-28T11:25:56.828603682Z [inf]               ^^^^^^^^^^^^^^^^^^^^^^^^^^^^^^^^^^^^^^^^^^^^^^^^^^
2025-10-28T11:25:56.828612050Z [inf]    File "/app/src/core/circuit_breaker.py", line 339, in call_async
2025-10-28T11:25:56.828619136Z [inf]      raise e
2025-10-28T11:25:56.828626582Z [inf]    File "/app/src/core/circuit_breaker.py", line 334, in call_async
2025-10-28T11:25:56.828634037Z [inf]      result = await func(*args, **kwargs)
2025-10-28T11:25:56.828640741Z [inf]               ^^^^^^^^^^^^^^^^^^^^^^^^^^^
2025-10-28T11:25:56.828648188Z [inf]    File "/app/src/clients/binance_client.py", line 154, in _do_request
2025-10-28T11:25:56.828655628Z [inf]      response.raise_for_status()
2025-10-28T11:25:56.828680102Z [inf]  2025-10-28 11:25:56,533 - src.core.unified_scheduler - INFO - âœ… é€±æœŸå®Œæˆ | è€—æ™‚: 9.6s | æ–°æˆäº¤: 0
2025-10-28T11:25:56.828697366Z [inf]  2025-10-28 11:25:56,533 - src.core.unified_scheduler - INFO - ================================================================================
2025-10-28T11:25:56.828922918Z [inf]    File "/opt/venv/lib/python3.11/site-packages/aiohttp/client_reqrep.py", line 636, in raise_for_status
2025-10-28T11:25:56.828928683Z [inf]      raise ClientResponseError(
2025-10-28T11:25:56.828934047Z [inf]  aiohttp.client_exceptions.ClientResponseError: 400, message='Bad Request', url='https://fapi.binance.com/fapi/v1/order'
2025-10-28T11:25:56.828941799Z [inf]  
2025-10-28T11:25:56.828950765Z [inf]  During handling of the above exception, another exception occurred:
2025-10-28T11:25:56.828956588Z [inf]  
2025-10-28T11:25:56.828968563Z [inf]  Traceback (most recent call last):
2025-10-28T11:25:56.828974581Z [inf]    File "/app/src/core/unified_scheduler.py", line 393, in _execute_signal
2025-10-28T11:25:56.828980729Z [inf]      order_result = await self.binance_client.place_order(
2025-10-28T11:25:56.828988326Z [inf]                     ^^^^^^^^^^^^^^^^^^^^^^^^^^^^^^^^^^^^^^
2025-10-28T11:25:56.828994525Z [inf]    File "/app/src/clients/binance_client.py", line 583, in place_order
2025-10-28T11:25:56.829000111Z [inf]      return await self.create_order(symbol, side, order_type, quantity, price, stop_price, **kwargs)
2025-10-28T11:25:56.829005927Z [inf]             ^^^^^^^^^^^^^^^^^^^^^^^^^^^^^^^^^^^^^^^^^^^^^^^^^^^^^^^^^^^^^^^^^^^^^^^^^^^^^^^^^^^^^^^^
2025-10-28T11:25:56.829012731Z [inf]    File "/app/src/clients/binance_client.py", line 556, in create_order
2025-10-28T11:25:56.829018572Z [inf]      return await self._request("POST", "/fapi/v1/order", params=params, signed=True)
2025-10-28T11:25:56.829025051Z [inf]             ^^^^^^^^^^^^^^^^^^^^^^^^^^^^^^^^^^^^^^^^^^^^^^^^^^^^^^^^^^^^^^^^^^^^^^^^^
2025-10-28T11:25:56.829030601Z [inf]    File "/app/src/clients/binance_client.py", line 195, in _request
2025-10-28T11:25:56.829038684Z [inf]      raise BinanceRequestError(
2025-10-28T11:25:56.829044107Z [inf]  src.clients.binance_errors.BinanceRequestError: HTTP 400: Bad Request
2025-10-28T11:25:58.186890210Z [inf]  2025-10-28 11:25:58,184 - src.core.circuit_breaker - WARNING - âš ï¸  ç†”æ–·å™¨è­¦å‘Šç´š: å¤±æ•—2æ¬¡ (æ“ä½œ: generic, å„ªå…ˆç´š: NORMAL)
2025-10-28T11:26:18.193578473Z [inf]  2025-10-28 11:26:08,290 - src.core.circuit_breaker - WARNING - âš ï¸  ç†”æ–·å™¨è­¦å‘Šç´š: å¤±æ•—1æ¬¡ (æ“ä½œ: generic, å„ªå…ˆç´š: NORMAL)
2025-10-28T11:26:18.193590616Z [inf]  2025-10-28 11:26:08,384 - src.core.circuit_breaker - WARNING - ğŸ”„ ç†”æ–·å™¨ç´šåˆ¥è®ŠåŒ–: warning â†’ normal (å¤±æ•—æ¬¡æ•¸: 0)
2025-10-28T11:26:58.206701416Z [inf]  2025-10-28 11:26:56,588 - src.strategies.self_learning_trader - INFO -    ğŸ¯ SL/TP èª¿æ•´: æ§“æ¡¿=11.2x â†’ scale=1.51x | åŸºç¤ SL=0.36% â†’ èª¿æ•´å¾Œ=0.55% | SL=$2.64 | TP=$2.67
2025-10-28T11:26:58.206713274Z [inf]  2025-10-28 11:26:56,588 - src.strategies.self_learning_trader - INFO - ğŸ¯ XRPUSDT å®Œæ•´ä¿¡è™Ÿ: LONG @ 2.65 | æ§“æ¡¿=11.2x | SL=2.64 | TP=2.67 | å‹ç‡=64.5% | ä¿¡å¿ƒåº¦=70.0%
2025-10-28T11:26:58.206720323Z [inf]  2025-10-28 11:26:57,060 - src.strategies.rule_based_signal_generator - INFO - âœ… STORJUSDT ä¿¡è™Ÿç”Ÿæˆ: SHORT | ä¿¡å¿ƒåº¦=59.0% | å‹ç‡=59.5% | R:R=1.50
2025-10-28T11:26:58.206793870Z [inf]  2025-10-28 11:26:56,538 - src.core.unified_scheduler - INFO - ğŸ’° è³¬æˆ¶æ¬Šç›Š: $21.51 | æœªå¯¦ç¾ç›ˆè™§: $+0.00
2025-10-28T11:26:58.206802928Z [inf]  2025-10-28 11:26:56,539 - src.core.unified_scheduler - INFO - ğŸ“Š æƒæåˆ° 528 å€‹ USDT æ°¸çºŒåˆç´„ï¼Œç›£æ§å‰ 999 å€‹
2025-10-28T11:26:58.206804795Z [inf]  2025-10-28 11:26:56,537 - src.core.unified_scheduler - INFO - ================================================================================
2025-10-28T11:26:58.206811868Z [inf]  2025-10-28 11:26:56,537 - src.core.unified_scheduler - INFO - ğŸ”„ äº¤æ˜“é€±æœŸ #7 | 2025-10-28 11:26:56 UTC
2025-10-28T11:26:58.206812172Z [inf]  2025-10-28 11:26:56,539 - src.core.unified_scheduler - INFO - ğŸ“Š æƒæ 528 å€‹äº¤æ˜“å°ä¸­...
2025-10-28T11:26:58.206817942Z [inf]  2025-10-28 11:26:56,537 - src.core.unified_scheduler - INFO - ================================================================================
2025-10-28T11:26:58.206819705Z [inf]  2025-10-28 11:26:56,588 - src.strategies.rule_based_signal_generator - INFO - âœ… XRPUSDT ä¿¡è™Ÿç”Ÿæˆ: LONG | ä¿¡å¿ƒåº¦=70.0% | å‹ç‡=64.5% | R:R=1.50
2025-10-28T11:26:58.206823981Z [inf]  2025-10-28 11:26:56,538 - src.core.unified_scheduler - INFO - ğŸ“¦ ç•¶å‰æŒå€‰: ç„¡
2025-10-28T11:26:58.206830548Z [inf]  2025-10-28 11:26:56,588 - src.strategies.self_learning_trader - INFO -    ğŸ“Š æ§“æ¡¿è¨ˆç®—: å‹ç‡=64.50% â†’ win_leverage=7.97x | ä¿¡å¿ƒåº¦=70.00% â†’ conf_factor=1.40x | æœ€çµ‚æ§“æ¡¿=11.15x
2025-10-28T11:26:58.210876744Z [inf]  2025-10-28 11:26:57,796 - src.strategies.rule_based_signal_generator - INFO - âœ… SPELLUSDT ä¿¡è™Ÿç”Ÿæˆ: LONG | ä¿¡å¿ƒåº¦=72.0% | å‹ç‡=64.5% | R:R=1.50
2025-10-28T11:26:58.210883580Z [inf]  2025-10-28 11:26:57,796 - src.strategies.self_learning_trader - INFO -    ğŸ“Š æ§“æ¡¿è¨ˆç®—: å‹ç‡=64.50% â†’ win_leverage=7.97x | ä¿¡å¿ƒåº¦=72.00% â†’ conf_factor=1.44x | æœ€çµ‚æ§“æ¡¿=11.47x
2025-10-28T11:26:58.210890895Z [inf]  2025-10-28 11:26:57,796 - src.strategies.self_learning_trader - INFO -    ğŸ¯ SL/TP èª¿æ•´: æ§“æ¡¿=11.5x â†’ scale=1.52x | åŸºç¤ SL=1.32% â†’ èª¿æ•´å¾Œ=2.01% | SL=$0.00 | TP=$0.00
2025-10-28T11:26:58.210898919Z [inf]  2025-10-28 11:26:57,796 - src.strategies.self_learning_trader - INFO - ğŸ¯ SPELLUSDT å®Œæ•´ä¿¡è™Ÿ: LONG @ 0.00 | æ§“æ¡¿=11.5x | SL=0.00 | TP=0.00 | å‹ç‡=64.5% | ä¿¡å¿ƒåº¦=72.0%
2025-10-28T11:26:58.210906680Z [inf]  2025-10-28 11:26:57,955 - src.strategies.rule_based_signal_generator - INFO - âœ… PHBUSDT ä¿¡è™Ÿç”Ÿæˆ: LONG | ä¿¡å¿ƒåº¦=65.0% | å‹ç‡=59.5% | R:R=1.50
2025-10-28T11:26:58.302681144Z [inf]  2025-10-28 11:26:58,298 - src.strategies.rule_based_signal_generator - INFO - âœ… AGLDUSDT ä¿¡è™Ÿç”Ÿæˆ: SHORT | ä¿¡å¿ƒåº¦=64.0% | å‹ç‡=59.5% | R:R=1.50
2025-10-28T11:26:58.571980221Z [inf]  2025-10-28 11:26:58,569 - src.strategies.rule_based_signal_generator - INFO - âœ… KASUSDT ä¿¡è™Ÿç”Ÿæˆ: LONG | ä¿¡å¿ƒåº¦=75.0% | å‹ç‡=64.5% | R:R=1.50
2025-10-28T11:26:58.571990302Z [inf]  2025-10-28 11:26:58,569 - src.strategies.self_learning_trader - INFO -    ğŸ“Š æ§“æ¡¿è¨ˆç®—: å‹ç‡=64.50% â†’ win_leverage=7.97x | ä¿¡å¿ƒåº¦=75.00% â†’ conf_factor=1.50x | æœ€çµ‚æ§“æ¡¿=11.95x
2025-10-28T11:26:58.571996870Z [inf]  2025-10-28 11:26:58,569 - src.strategies.self_learning_trader - INFO -    ğŸ¯ SL/TP èª¿æ•´: æ§“æ¡¿=12.0x â†’ scale=1.55x | åŸºç¤ SL=0.70% â†’ èª¿æ•´å¾Œ=1.08% | SL=$0.06 | TP=$0.06
2025-10-28T11:26:58.572005146Z [inf]  2025-10-28 11:26:58,569 - src.strategies.self_learning_trader - INFO - ğŸ¯ KASUSDT å®Œæ•´ä¿¡è™Ÿ: LONG @ 0.06 | æ§“æ¡¿=12.0x | SL=0.06 | TP=0.06 | å‹ç‡=64.5% | ä¿¡å¿ƒåº¦=75.0%
2025-10-28T11:26:59.228443917Z [inf]  2025-10-28 11:26:58,936 - src.strategies.rule_based_signal_generator - INFO - âœ… TONUSDT ä¿¡è™Ÿç”Ÿæˆ: LONG | ä¿¡å¿ƒåº¦=69.0% | å‹ç‡=59.5% | R:R=1.50
2025-10-28T11:26:59.228451504Z [inf]  2025-10-28 11:26:59,089 - src.strategies.rule_based_signal_generator - INFO - âœ… TAOUSDT ä¿¡è™Ÿç”Ÿæˆ: LONG | ä¿¡å¿ƒåº¦=69.0% | å‹ç‡=59.5% | R:R=1.50
2025-10-28T11:26:59.356522363Z [inf]  2025-10-28 11:26:59,355 - src.strategies.rule_based_signal_generator - INFO - âœ… CHESSUSDT ä¿¡è™Ÿç”Ÿæˆ: LONG | ä¿¡å¿ƒåº¦=85.0% | å‹ç‡=64.5% | R:R=1.50
2025-10-28T11:26:59.356527872Z [inf]  2025-10-28 11:26:59,355 - src.strategies.self_learning_trader - INFO -    ğŸ“Š æ§“æ¡¿è¨ˆç®—: å‹ç‡=64.50% â†’ win_leverage=7.97x | ä¿¡å¿ƒåº¦=85.00% â†’ conf_factor=1.70x | æœ€çµ‚æ§“æ¡¿=13.54x
2025-10-28T11:26:59.356532180Z [inf]  2025-10-28 11:26:59,355 - src.strategies.self_learning_trader - INFO -    ğŸ¯ SL/TP èª¿æ•´: æ§“æ¡¿=13.5x â†’ scale=1.63x | åŸºç¤ SL=1.30% â†’ èª¿æ•´å¾Œ=2.12% | SL=$0.05 | TP=$0.05
2025-10-28T11:26:59.356535800Z [inf]  2025-10-28 11:26:59,355 - src.strategies.self_learning_trader - INFO - ğŸ¯ CHESSUSDT å®Œæ•´ä¿¡è™Ÿ: LONG @ 0.05 | æ§“æ¡¿=13.5x | SL=0.05 | TP=0.05 | å‹ç‡=64.5% | ä¿¡å¿ƒåº¦=85.0%
2025-10-28T11:26:59.426760720Z [inf]  2025-10-28 11:26:59,424 - src.strategies.rule_based_signal_generator - INFO - âœ… KDAUSDT ä¿¡è™Ÿç”Ÿæˆ: LONG | ä¿¡å¿ƒåº¦=62.0% | å‹ç‡=59.5% | R:R=1.50
2025-10-28T11:26:59.455180080Z [inf]  2025-10-28 11:26:59,445 - src.strategies.rule_based_signal_generator - INFO - âœ… FIOUSDT ä¿¡è™Ÿç”Ÿæˆ: SHORT | ä¿¡å¿ƒåº¦=54.0% | å‹ç‡=59.5% | R:R=1.50
2025-10-28T11:26:59.708631237Z [inf]  2025-10-28 11:26:59,703 - src.strategies.rule_based_signal_generator - INFO - âœ… HIPPOUSDT ä¿¡è™Ÿç”Ÿæˆ: LONG | ä¿¡å¿ƒåº¦=77.0% | å‹ç‡=64.5% | R:R=1.50
2025-10-28T11:26:59.708637776Z [inf]  2025-10-28 11:26:59,703 - src.strategies.self_learning_trader - INFO -    ğŸ“Š æ§“æ¡¿è¨ˆç®—: å‹ç‡=64.50% â†’ win_leverage=7.97x | ä¿¡å¿ƒåº¦=77.00% â†’ conf_factor=1.54x | æœ€çµ‚æ§“æ¡¿=12.27x
2025-10-28T11:26:59.708642858Z [inf]  2025-10-28 11:26:59,703 - src.strategies.self_learning_trader - INFO -    ğŸ¯ SL/TP èª¿æ•´: æ§“æ¡¿=12.3x â†’ scale=1.56x | åŸºç¤ SL=7.09% â†’ èª¿æ•´å¾Œ=11.09% | SL=$0.00 | TP=$0.00
2025-10-28T11:26:59.708647803Z [inf]  2025-10-28 11:26:59,703 - src.strategies.self_learning_trader - INFO - ğŸ¯ HIPPOUSDT å®Œæ•´ä¿¡è™Ÿ: LONG @ 0.00 | æ§“æ¡¿=12.3x | SL=0.00 | TP=0.00 | å‹ç‡=64.5% | ä¿¡å¿ƒåº¦=77.0%
2025-10-28T11:26:59.734533095Z [inf]  2025-10-28 11:26:59,726 - src.strategies.rule_based_signal_generator - INFO - âœ… DEGENUSDT ä¿¡è™Ÿç”Ÿæˆ: LONG | ä¿¡å¿ƒåº¦=72.0% | å‹ç‡=64.5% | R:R=1.50
2025-10-28T11:26:59.734542534Z [inf]  2025-10-28 11:26:59,726 - src.strategies.self_learning_trader - INFO -    ğŸ“Š æ§“æ¡¿è¨ˆç®—: å‹ç‡=64.50% â†’ win_leverage=7.97x | ä¿¡å¿ƒåº¦=72.00% â†’ conf_factor=1.44x | æœ€çµ‚æ§“æ¡¿=11.47x
2025-10-28T11:26:59.734549831Z [inf]  2025-10-28 11:26:59,726 - src.strategies.self_learning_trader - INFO -    ğŸ¯ SL/TP èª¿æ•´: æ§“æ¡¿=11.5x â†’ scale=1.52x | åŸºç¤ SL=1.92% â†’ èª¿æ•´å¾Œ=2.92% | SL=$0.00 | TP=$0.00
2025-10-28T11:26:59.734556188Z [inf]  2025-10-28 11:26:59,726 - src.strategies.self_learning_trader - INFO - ğŸ¯ DEGENUSDT å®Œæ•´ä¿¡è™Ÿ: LONG @ 0.00 | æ§“æ¡¿=11.5x | SL=0.00 | TP=0.00 | å‹ç‡=64.5% | ä¿¡å¿ƒåº¦=72.0%
2025-10-28T11:27:00.202426082Z [inf]  2025-10-28 11:26:59,825 - src.strategies.rule_based_signal_generator - INFO - âœ… KAIAUSDT ä¿¡è™Ÿç”Ÿæˆ: LONG | ä¿¡å¿ƒåº¦=69.0% | å‹ç‡=59.5% | R:R=1.50
2025-10-28T11:27:00.202430626Z [inf]  2025-10-28 11:26:59,859 - src.strategies.rule_based_signal_generator - INFO - âœ… ORCAUSDT ä¿¡è™Ÿç”Ÿæˆ: LONG | ä¿¡å¿ƒåº¦=74.0% | å‹ç‡=64.5% | R:R=1.50
2025-10-28T11:27:00.202434848Z [inf]  2025-10-28 11:26:59,859 - src.strategies.self_learning_trader - INFO -    ğŸ“Š æ§“æ¡¿è¨ˆç®—: å‹ç‡=64.50% â†’ win_leverage=7.97x | ä¿¡å¿ƒåº¦=74.00% â†’ conf_factor=1.48x | æœ€çµ‚æ§“æ¡¿=11.79x
2025-10-28T11:27:00.202439209Z [inf]  2025-10-28 11:26:59,859 - src.strategies.self_learning_trader - INFO -    ğŸ¯ SL/TP èª¿æ•´: æ§“æ¡¿=11.8x â†’ scale=1.54x | åŸºç¤ SL=0.63% â†’ èª¿æ•´å¾Œ=0.97% | SL=$1.50 | TP=$1.54
2025-10-28T11:27:00.202443761Z [inf]  2025-10-28 11:26:59,859 - src.strategies.self_learning_trader - INFO - ğŸ¯ ORCAUSDT å®Œæ•´ä¿¡è™Ÿ: LONG @ 1.51 | æ§“æ¡¿=11.8x | SL=1.50 | TP=1.54 | å‹ç‡=64.5% | ä¿¡å¿ƒåº¦=74.0%
2025-10-28T11:27:00.202449233Z [inf]  2025-10-28 11:26:59,904 - src.strategies.rule_based_signal_generator - INFO - âœ… VIRTUALUSDT ä¿¡è™Ÿç”Ÿæˆ: LONG | ä¿¡å¿ƒåº¦=69.0% | å‹ç‡=59.5% | R:R=1.50
2025-10-28T11:27:00.202461901Z [inf]  2025-10-28 11:27:00,061 - src.strategies.rule_based_signal_generator - INFO - âœ… FARTCOINUSDT ä¿¡è™Ÿç”Ÿæˆ: LONG | ä¿¡å¿ƒåº¦=87.0% | å‹ç‡=64.5% | R:R=1.50
2025-10-28T11:27:00.202475108Z [inf]  2025-10-28 11:27:00,061 - src.strategies.self_learning_trader - INFO -    ğŸ“Š æ§“æ¡¿è¨ˆç®—: å‹ç‡=64.50% â†’ win_leverage=7.97x | ä¿¡å¿ƒåº¦=87.00% â†’ conf_factor=1.74x | æœ€çµ‚æ§“æ¡¿=13.86x
2025-10-28T11:27:00.202480709Z [inf]  2025-10-28 11:27:00,061 - src.strategies.self_learning_trader - INFO -    ğŸ¯ SL/TP èª¿æ•´: æ§“æ¡¿=13.9x â†’ scale=1.64x | åŸºç¤ SL=0.96% â†’ èª¿æ•´å¾Œ=1.59% | SL=$0.41 | TP=$0.42
2025-10-28T11:27:00.202486041Z [inf]  2025-10-28 11:27:00,061 - src.strategies.self_learning_trader - INFO - ğŸ¯ FARTCOINUSDT å®Œæ•´ä¿¡è™Ÿ: LONG @ 0.41 | æ§“æ¡¿=13.9x | SL=0.41 | TP=0.42 | å‹ç‡=64.5% | ä¿¡å¿ƒåº¦=87.0%
2025-10-28T11:27:00.203261491Z [inf]  2025-10-28 11:27:00,075 - src.strategies.rule_based_signal_generator - INFO - âœ… KMNOUSDT ä¿¡è™Ÿç”Ÿæˆ: LONG | ä¿¡å¿ƒåº¦=67.0% | å‹ç‡=59.5% | R:R=1.50
2025-10-28T11:27:00.313615537Z [inf]  2025-10-28 11:27:00,311 - src.strategies.rule_based_signal_generator - INFO - âœ… ARCUSDT ä¿¡è™Ÿç”Ÿæˆ: LONG | ä¿¡å¿ƒåº¦=74.0% | å‹ç‡=64.5% | R:R=1.50
2025-10-28T11:27:00.313624625Z [inf]  2025-10-28 11:27:00,311 - src.strategies.self_learning_trader - INFO -    ğŸ“Š æ§“æ¡¿è¨ˆç®—: å‹ç‡=64.50% â†’ win_leverage=7.97x | ä¿¡å¿ƒåº¦=74.00% â†’ conf_factor=1.48x | æœ€çµ‚æ§“æ¡¿=11.79x
2025-10-28T11:27:00.313631651Z [inf]  2025-10-28 11:27:00,311 - src.strategies.self_learning_trader - INFO -    ğŸ¯ SL/TP èª¿æ•´: æ§“æ¡¿=11.8x â†’ scale=1.54x | åŸºç¤ SL=4.78% â†’ èª¿æ•´å¾Œ=7.35% | SL=$0.01 | TP=$0.02
2025-10-28T11:27:00.313642067Z [inf]  2025-10-28 11:27:00,311 - src.strategies.self_learning_trader - INFO - ğŸ¯ ARCUSDT å®Œæ•´ä¿¡è™Ÿ: LONG @ 0.02 | æ§“æ¡¿=11.8x | SL=0.01 | TP=0.02 | å‹ç‡=64.5% | ä¿¡å¿ƒåº¦=74.0%
2025-10-28T11:27:00.505865215Z [inf]  2025-10-28 11:27:00,499 - src.strategies.rule_based_signal_generator - INFO - âœ… GPSUSDT ä¿¡è™Ÿç”Ÿæˆ: LONG | ä¿¡å¿ƒåº¦=80.0% | å‹ç‡=64.5% | R:R=1.50
2025-10-28T11:27:00.505874552Z [inf]  2025-10-28 11:27:00,499 - src.strategies.self_learning_trader - INFO -    ğŸ“Š æ§“æ¡¿è¨ˆç®—: å‹ç‡=64.50% â†’ win_leverage=7.97x | ä¿¡å¿ƒåº¦=80.00% â†’ conf_factor=1.60x | æœ€çµ‚æ§“æ¡¿=12.75x
2025-10-28T11:27:00.505879260Z [inf]  2025-10-28 11:27:00,499 - src.strategies.self_learning_trader - INFO -    ğŸ¯ SL/TP èª¿æ•´: æ§“æ¡¿=12.7x â†’ scale=1.59x | åŸºç¤ SL=1.68% â†’ èª¿æ•´å¾Œ=2.67% | SL=$0.01 | TP=$0.01
2025-10-28T11:27:00.505885897Z [inf]  2025-10-28 11:27:00,499 - src.strategies.self_learning_trader - INFO - ğŸ¯ GPSUSDT å®Œæ•´ä¿¡è™Ÿ: LONG @ 0.01 | æ§“æ¡¿=12.7x | SL=0.01 | TP=0.01 | å‹ç‡=64.5% | ä¿¡å¿ƒåº¦=80.0%
2025-10-28T11:27:00.514207097Z [inf]  2025-10-28 11:27:00,513 - src.strategies.rule_based_signal_generator - INFO - âœ… SHELLUSDT ä¿¡è™Ÿç”Ÿæˆ: LONG | ä¿¡å¿ƒåº¦=77.0% | å‹ç‡=64.5% | R:R=1.50
2025-10-28T11:27:00.514214480Z [inf]  2025-10-28 11:27:00,513 - src.strategies.self_learning_trader - INFO -    ğŸ“Š æ§“æ¡¿è¨ˆç®—: å‹ç‡=64.50% â†’ win_leverage=7.97x | ä¿¡å¿ƒåº¦=77.00% â†’ conf_factor=1.54x | æœ€çµ‚æ§“æ¡¿=12.27x
2025-10-28T11:27:00.514223550Z [inf]  2025-10-28 11:27:00,513 - src.strategies.self_learning_trader - INFO -    ğŸ¯ SL/TP èª¿æ•´: æ§“æ¡¿=12.3x â†’ scale=1.56x | åŸºç¤ SL=3.01% â†’ èª¿æ•´å¾Œ=4.71% | SL=$0.11 | TP=$0.12
2025-10-28T11:27:00.514229933Z [inf]  2025-10-28 11:27:00,513 - src.strategies.self_learning_trader - INFO - ğŸ¯ SHELLUSDT å®Œæ•´ä¿¡è™Ÿ: LONG @ 0.11 | æ§“æ¡¿=12.3x | SL=0.11 | TP=0.12 | å‹ç‡=64.5% | ä¿¡å¿ƒåº¦=77.0%
2025-10-28T11:27:00.565744909Z [inf]  2025-10-28 11:27:00,559 - src.strategies.rule_based_signal_generator - INFO - âœ… VICUSDT ä¿¡è™Ÿç”Ÿæˆ: SHORT | ä¿¡å¿ƒåº¦=54.0% | å‹ç‡=59.5% | R:R=1.50
2025-10-28T11:27:00.769752554Z [inf]  2025-10-28 11:27:00,768 - src.strategies.rule_based_signal_generator - INFO - âœ… WALUSDT ä¿¡è™Ÿç”Ÿæˆ: SHORT | ä¿¡å¿ƒåº¦=54.0% | å‹ç‡=59.5% | R:R=1.50
2025-10-28T11:27:01.215518915Z [inf]  2025-10-28 11:27:01,169 - src.strategies.rule_based_signal_generator - INFO - âœ… OGUSDT ä¿¡è™Ÿç”Ÿæˆ: SHORT | ä¿¡å¿ƒåº¦=82.0% | å‹ç‡=64.5% | R:R=1.50
2025-10-28T11:27:01.215528488Z [inf]  2025-10-28 11:27:01,169 - src.strategies.self_learning_trader - INFO -    ğŸ“Š æ§“æ¡¿è¨ˆç®—: å‹ç‡=64.50% â†’ win_leverage=7.97x | ä¿¡å¿ƒåº¦=82.00% â†’ conf_factor=1.64x | æœ€çµ‚æ§“æ¡¿=13.07x
2025-10-28T11:27:01.215536473Z [inf]  2025-10-28 11:27:01,169 - src.strategies.self_learning_trader - INFO -    ğŸ¯ SL/TP èª¿æ•´: æ§“æ¡¿=13.1x â†’ scale=1.60x | åŸºç¤ SL=0.61% â†’ èª¿æ•´å¾Œ=0.98% | SL=$13.65 | TP=$13.31
2025-10-28T11:27:01.215541854Z [inf]  2025-10-28 11:27:01,169 - src.strategies.self_learning_trader - INFO - ğŸ¯ OGUSDT å®Œæ•´ä¿¡è™Ÿ: SHORT @ 13.51 | æ§“æ¡¿=13.1x | SL=13.65 | TP=13.31 | å‹ç‡=64.5% | ä¿¡å¿ƒåº¦=82.0%
2025-10-28T11:27:01.215570508Z [inf]  2025-10-28 11:27:00,833 - src.strategies.rule_based_signal_generator - INFO - âœ… FORTHUSDT ä¿¡è™Ÿç”Ÿæˆ: LONG | ä¿¡å¿ƒåº¦=74.0% | å‹ç‡=64.5% | R:R=1.50
2025-10-28T11:27:01.215575380Z [inf]  2025-10-28 11:27:00,833 - src.strategies.self_learning_trader - INFO -    ğŸ“Š æ§“æ¡¿è¨ˆç®—: å‹ç‡=64.50% â†’ win_leverage=7.97x | ä¿¡å¿ƒåº¦=74.00% â†’ conf_factor=1.48x | æœ€çµ‚æ§“æ¡¿=11.79x
2025-10-28T11:27:01.215580066Z [inf]  2025-10-28 11:27:00,833 - src.strategies.self_learning_trader - INFO -    ğŸ¯ SL/TP èª¿æ•´: æ§“æ¡¿=11.8x â†’ scale=1.54x | åŸºç¤ SL=0.49% â†’ èª¿æ•´å¾Œ=0.75% | SL=$2.32 | TP=$2.37
2025-10-28T11:27:01.215584328Z [inf]  2025-10-28 11:27:00,833 - src.strategies.self_learning_trader - INFO - ğŸ¯ FORTHUSDT å®Œæ•´ä¿¡è™Ÿ: LONG @ 2.34 | æ§“æ¡¿=11.8x | SL=2.32 | TP=2.37 | å‹ç‡=64.5% | ä¿¡å¿ƒåº¦=74.0%
2025-10-28T11:27:01.215589099Z [inf]  2025-10-28 11:27:00,952 - src.strategies.rule_based_signal_generator - INFO - âœ… EPTUSDT ä¿¡è™Ÿç”Ÿæˆ: SHORT | ä¿¡å¿ƒåº¦=59.0% | å‹ç‡=59.5% | R:R=1.50
2025-10-28T11:27:01.258422771Z [inf]  2025-10-28 11:27:01,250 - src.strategies.rule_based_signal_generator - INFO - âœ… BUSDT ä¿¡è™Ÿç”Ÿæˆ: LONG | ä¿¡å¿ƒåº¦=72.0% | å‹ç‡=64.5% | R:R=1.50
2025-10-28T11:27:01.258430985Z [inf]  2025-10-28 11:27:01,251 - src.strategies.self_learning_trader - INFO -    ğŸ“Š æ§“æ¡¿è¨ˆç®—: å‹ç‡=64.50% â†’ win_leverage=7.97x | ä¿¡å¿ƒåº¦=72.00% â†’ conf_factor=1.44x | æœ€çµ‚æ§“æ¡¿=11.47x
2025-10-28T11:27:01.258439593Z [inf]  2025-10-28 11:27:01,251 - src.strategies.self_learning_trader - INFO -    ğŸ¯ SL/TP èª¿æ•´: æ§“æ¡¿=11.5x â†’ scale=1.52x | åŸºç¤ SL=2.59% â†’ èª¿æ•´å¾Œ=3.94% | SL=$0.19 | TP=$0.21
2025-10-28T11:27:01.258445152Z [inf]  2025-10-28 11:27:01,251 - src.strategies.self_learning_trader - INFO - ğŸ¯ BUSDT å®Œæ•´ä¿¡è™Ÿ: LONG @ 0.20 | æ§“æ¡¿=11.5x | SL=0.19 | TP=0.21 | å‹ç‡=64.5% | ä¿¡å¿ƒåº¦=72.0%
2025-10-28T11:27:01.643373612Z [inf]  2025-10-28 11:27:01,636 - src.strategies.rule_based_signal_generator - INFO - âœ… PUMPUSDT ä¿¡è™Ÿç”Ÿæˆ: LONG | ä¿¡å¿ƒåº¦=82.0% | å‹ç‡=64.5% | R:R=1.50
2025-10-28T11:27:01.643382321Z [inf]  2025-10-28 11:27:01,636 - src.strategies.self_learning_trader - INFO -    ğŸ“Š æ§“æ¡¿è¨ˆç®—: å‹ç‡=64.50% â†’ win_leverage=7.97x | ä¿¡å¿ƒåº¦=82.00% â†’ conf_factor=1.64x | æœ€çµ‚æ§“æ¡¿=13.07x
2025-10-28T11:27:01.643388802Z [inf]  2025-10-28 11:27:01,636 - src.strategies.self_learning_trader - INFO -    ğŸ¯ SL/TP èª¿æ•´: æ§“æ¡¿=13.1x â†’ scale=1.60x | åŸºç¤ SL=1.86% â†’ èª¿æ•´å¾Œ=2.98% | SL=$0.00 | TP=$0.01
2025-10-28T11:27:01.643394450Z [inf]  2025-10-28 11:27:01,636 - src.strategies.self_learning_trader - INFO - ğŸ¯ PUMPUSDT å®Œæ•´ä¿¡è™Ÿ: LONG @ 0.01 | æ§“æ¡¿=13.1x | SL=0.00 | TP=0.01 | å‹ç‡=64.5% | ä¿¡å¿ƒåº¦=82.0%
2025-10-28T11:27:02.235192654Z [inf]  2025-10-28 11:27:01,892 - src.strategies.rule_based_signal_generator - INFO - âœ… PROVEUSDT ä¿¡è™Ÿç”Ÿæˆ: SHORT | ä¿¡å¿ƒåº¦=69.0% | å‹ç‡=59.5% | R:R=1.50
2025-10-28T11:27:02.235199551Z [inf]  2025-10-28 11:27:02,141 - src.strategies.rule_based_signal_generator - INFO - âœ… TAKEUSDT ä¿¡è™Ÿç”Ÿæˆ: SHORT | ä¿¡å¿ƒåº¦=80.0% | å‹ç‡=64.5% | R:R=1.50
2025-10-28T11:27:02.235206802Z [inf]  2025-10-28 11:27:02,141 - src.strategies.self_learning_trader - INFO -    ğŸ“Š æ§“æ¡¿è¨ˆç®—: å‹ç‡=64.50% â†’ win_leverage=7.97x | ä¿¡å¿ƒåº¦=80.00% â†’ conf_factor=1.60x | æœ€çµ‚æ§“æ¡¿=12.75x
2025-10-28T11:27:02.235213406Z [inf]  2025-10-28 11:27:02,141 - src.strategies.self_learning_trader - INFO -    ğŸ¯ SL/TP èª¿æ•´: æ§“æ¡¿=12.7x â†’ scale=1.59x | åŸºç¤ SL=0.37% â†’ èª¿æ•´å¾Œ=0.59% | SL=$0.28 | TP=$0.28
2025-10-28T11:27:02.235219398Z [inf]  2025-10-28 11:27:02,141 - src.strategies.self_learning_trader - INFO - ğŸ¯ TAKEUSDT å®Œæ•´ä¿¡è™Ÿ: SHORT @ 0.28 | æ§“æ¡¿=12.7x | SL=0.28 | TP=0.28 | å‹ç‡=64.5% | ä¿¡å¿ƒåº¦=80.0%
2025-10-28T11:27:02.235226455Z [inf]  2025-10-28 11:27:02,154 - src.strategies.rule_based_signal_generator - INFO - âœ… PTBUSDT ä¿¡è™Ÿç”Ÿæˆ: SHORT | ä¿¡å¿ƒåº¦=69.0% | å‹ç‡=59.5% | R:R=1.50
2025-10-28T11:27:02.360184953Z [inf]  2025-10-28 11:27:02,358 - src.strategies.rule_based_signal_generator - INFO - âœ… TRADOORUSDT ä¿¡è™Ÿç”Ÿæˆ: LONG | ä¿¡å¿ƒåº¦=70.0% | å‹ç‡=64.5% | R:R=1.50
2025-10-28T11:27:02.360194418Z [inf]  2025-10-28 11:27:02,359 - src.strategies.self_learning_trader - INFO -    ğŸ“Š æ§“æ¡¿è¨ˆç®—: å‹ç‡=64.50% â†’ win_leverage=7.97x | ä¿¡å¿ƒåº¦=70.00% â†’ conf_factor=1.40x | æœ€çµ‚æ§“æ¡¿=11.15x
2025-10-28T11:27:02.360200703Z [inf]  2025-10-28 11:27:02,359 - src.strategies.self_learning_trader - INFO -    ğŸ¯ SL/TP èª¿æ•´: æ§“æ¡¿=11.2x â†’ scale=1.51x | åŸºç¤ SL=1.76% â†’ èª¿æ•´å¾Œ=2.65% | SL=$2.81 | TP=$3.01
2025-10-28T11:27:02.360207269Z [inf]  2025-10-28 11:27:02,359 - src.strategies.self_learning_trader - INFO - ğŸ¯ TRADOORUSDT å®Œæ•´ä¿¡è™Ÿ: LONG @ 2.89 | æ§“æ¡¿=11.2x | SL=2.81 | TP=3.01 | å‹ç‡=64.5% | ä¿¡å¿ƒåº¦=70.0%
2025-10-28T11:27:02.397695126Z [inf]  2025-10-28 11:27:02,394 - src.strategies.rule_based_signal_generator - INFO - âœ… COAIUSDT ä¿¡è™Ÿç”Ÿæˆ: SHORT | ä¿¡å¿ƒåº¦=64.0% | å‹ç‡=59.5% | R:R=1.50
2025-10-28T11:27:02.534174334Z [inf]  2025-10-28 11:27:02,527 - src.strategies.rule_based_signal_generator - INFO - âœ… TRUTHUSDT ä¿¡è™Ÿç”Ÿæˆ: SHORT | ä¿¡å¿ƒåº¦=65.0% | å‹ç‡=59.5% | R:R=1.50
2025-10-28T11:27:02.596234545Z [inf]  2025-10-28 11:27:02,593 - src.strategies.rule_based_signal_generator - INFO - âœ… 4USDT ä¿¡è™Ÿç”Ÿæˆ: SHORT | ä¿¡å¿ƒåº¦=75.0% | å‹ç‡=64.5% | R:R=1.50
2025-10-28T11:27:02.596241907Z [inf]  2025-10-28 11:27:02,593 - src.strategies.self_learning_trader - INFO -    ğŸ“Š æ§“æ¡¿è¨ˆç®—: å‹ç‡=64.50% â†’ win_leverage=7.97x | ä¿¡å¿ƒåº¦=75.00% â†’ conf_factor=1.50x | æœ€çµ‚æ§“æ¡¿=11.95x
2025-10-28T11:27:02.596248219Z [inf]  2025-10-28 11:27:02,593 - src.strategies.self_learning_trader - INFO -    ğŸ¯ SL/TP èª¿æ•´: æ§“æ¡¿=11.9x â†’ scale=1.55x | åŸºç¤ SL=1.50% â†’ èª¿æ•´å¾Œ=2.32% | SL=$0.12 | TP=$0.11
2025-10-28T11:27:02.596255365Z [inf]  2025-10-28 11:27:02,593 - src.strategies.self_learning_trader - INFO - ğŸ¯ 4USDT å®Œæ•´ä¿¡è™Ÿ: SHORT @ 0.11 | æ§“æ¡¿=11.9x | SL=0.12 | TP=0.11 | å‹ç‡=64.5% | ä¿¡å¿ƒåº¦=75.0%
2025-10-28T11:27:02.627873475Z [inf]  2025-10-28 11:27:02,626 - src.strategies.rule_based_signal_generator - INFO - âœ… MONUSDT ä¿¡è™Ÿç”Ÿæˆ: SHORT | ä¿¡å¿ƒåº¦=77.0% | å‹ç‡=64.5% | R:R=1.50
2025-10-28T11:27:02.627889530Z [inf]  2025-10-28 11:27:02,626 - src.strategies.self_learning_trader - INFO -    ğŸ“Š æ§“æ¡¿è¨ˆç®—: å‹ç‡=64.50% â†’ win_leverage=7.97x | ä¿¡å¿ƒåº¦=77.00% â†’ conf_factor=1.54x | æœ€çµ‚æ§“æ¡¿=12.27x
2025-10-28T11:27:02.627898118Z [inf]  2025-10-28 11:27:02,626 - src.strategies.self_learning_trader - INFO -    ğŸ¯ SL/TP èª¿æ•´: æ§“æ¡¿=12.3x â†’ scale=1.56x | åŸºç¤ SL=2.39% â†’ èª¿æ•´å¾Œ=3.74% | SL=$0.06 | TP=$0.05
2025-10-28T11:27:02.627906601Z [inf]  2025-10-28 11:27:02,626 - src.strategies.self_learning_trader - INFO - ğŸ¯ MONUSDT å®Œæ•´ä¿¡è™Ÿ: SHORT @ 0.06 | æ§“æ¡¿=12.3x | SL=0.06 | TP=0.05 | å‹ç‡=64.5% | ä¿¡å¿ƒåº¦=77.0%
2025-10-28T11:27:02.810364465Z [inf]  2025-10-28 11:27:02,804 - src.strategies.rule_based_signal_generator - INFO - âœ… TURTLEUSDT ä¿¡è™Ÿç”Ÿæˆ: SHORT | ä¿¡å¿ƒåº¦=80.0% | å‹ç‡=64.5% | R:R=1.50
2025-10-28T11:27:02.810372075Z [inf]  2025-10-28 11:27:02,804 - src.strategies.self_learning_trader - INFO -    ğŸ“Š æ§“æ¡¿è¨ˆç®—: å‹ç‡=64.50% â†’ win_leverage=7.97x | ä¿¡å¿ƒåº¦=80.00% â†’ conf_factor=1.60x | æœ€çµ‚æ§“æ¡¿=12.75x
2025-10-28T11:27:02.810378146Z [inf]  2025-10-28 11:27:02,804 - src.strategies.self_learning_trader - INFO -    ğŸ¯ SL/TP èª¿æ•´: æ§“æ¡¿=12.7x â†’ scale=1.59x | åŸºç¤ SL=1.66% â†’ èª¿æ•´å¾Œ=2.64% | SL=$0.16 | TP=$0.15
2025-10-28T11:27:02.810383001Z [inf]  2025-10-28 11:27:02,804 - src.strategies.self_learning_trader - INFO - ğŸ¯ TURTLEUSDT å®Œæ•´ä¿¡è™Ÿ: SHORT @ 0.15 | æ§“æ¡¿=12.7x | SL=0.16 | TP=0.15 | å‹ç‡=64.5% | ä¿¡å¿ƒåº¦=80.0%
2025-10-28T11:27:02.833800445Z [inf]  2025-10-28 11:27:02,829 - src.core.unified_scheduler - INFO - âœ… ç™¼ç¾ 20 å€‹äº¤æ˜“ä¿¡è™Ÿ
2025-10-28T11:27:02.833820997Z [inf]  2025-10-28 11:27:02,830 - src.strategies.self_learning_trader - WARNING -    âš ï¸ ç„¡æ³•ç²å– XRPUSDT æœ€å°æ•¸é‡: '<' not supported between instances of 'float' and 'coroutine'
2025-10-28T11:27:02.833828555Z [inf]  2025-10-28 11:27:02,830 - src.strategies.self_learning_trader - INFO -    ğŸ’° å€‰ä½è¨ˆç®—: æ¬Šç›Š=$21.51 | æ§“æ¡¿=11.2x | åç¾©åƒ¹å€¼=$191.95 | æ•¸é‡=72.418883 | å¯¦éš›åƒ¹å€¼=$191.95
2025-10-28T11:27:02.833835600Z [err]  /app/src/core/unified_scheduler.py:378: RuntimeWarning: coroutine 'BinanceClient.get_min_quantity' was never awaited
2025-10-28T11:27:02.833842725Z [err]    position_size = self.self_learning_trader.calculate_position_size(
2025-10-28T11:27:02.833850656Z [err]  RuntimeWarning: Enable tracemalloc to get the object allocation traceback
2025-10-28T11:27:03.211297454Z [inf]               ^^^^^^^^^^^^^^^^^^^^^^^^^^^
2025-10-28T11:27:03.211310296Z [inf]    File "/app/src/clients/binance_client.py", line 154, in _do_request
2025-10-28T11:27:03.211320245Z [inf]      response.raise_for_status()
2025-10-28T11:27:03.211407734Z [inf]               ^^^^^^^^^^^^^^^^^^^^^^^^^^^^^^^^^^^^^^^^^^^^^^^^^^
2025-10-28T11:27:03.211416807Z [inf]    File "/app/src/core/circuit_breaker.py", line 339, in call_async
2025-10-28T11:27:03.211424487Z [inf]      raise e
2025-10-28T11:27:03.211433063Z [inf]    File "/app/src/core/circuit_breaker.py", line 334, in call_async
2025-10-28T11:27:03.211441286Z [inf]      result = await func(*args, **kwargs)
2025-10-28T11:27:03.211482712Z [inf]  2025-10-28 11:27:02,911 - src.clients.binance_client - INFO - å‰µå»ºè¨‚å–®: XRPUSDT BUY MARKET 72.4
2025-10-28T11:27:03.211489097Z [inf]  2025-10-28 11:27:02,991 - src.clients.binance_client - ERROR - Binance API éŒ¯èª¤ 400: code=-4061, msg=Order's position side does not match user's setting., endpoint=/fapi/v1/order, params={'symbol': 'XRPUSDT', 'side': 'BUY', 'type': 'MARKET', 'quantity': 72.4, 'timestamp': 1761650822911, 'signature': 'f260c6c6f6dfaaed72f2dae564d75b795a99c35986e1c16104416445b27d19c4'}
2025-10-28T11:27:03.211495190Z [inf]  2025-10-28 11:27:02,991 - src.core.circuit_breaker - WARNING - ğŸ”„ ç†”æ–·å™¨ç´šåˆ¥è®ŠåŒ–: normal â†’ warning (å¤±æ•—æ¬¡æ•¸: 1)
2025-10-28T11:27:03.211503491Z [inf]  2025-10-28 11:27:02,991 - src.clients.binance_client - ERROR - API è«‹æ±‚å¤±æ•—: /fapi/v1/order - HTTP 400: Bad Request
2025-10-28T11:27:03.211509665Z [inf]  2025-10-28 11:27:02,991 - src.core.unified_scheduler - ERROR -    âŒ åŸ·è¡Œä¿¡è™Ÿå¤±æ•—: HTTP 400: Bad Request
2025-10-28T11:27:03.211516072Z [inf]  Traceback (most recent call last):
2025-10-28T11:27:03.211523068Z [inf]    File "/app/src/clients/binance_client.py", line 191, in _request
2025-10-28T11:27:03.211530055Z [inf]      result = await self.circuit_breaker.call_async(_do_request)
2025-10-28T11:27:03.212892384Z [inf]    File "/opt/venv/lib/python3.11/site-packages/aiohttp/client_reqrep.py", line 636, in raise_for_status
2025-10-28T11:27:03.212899746Z [inf]      raise ClientResponseError(
2025-10-28T11:27:03.212907087Z [inf]  aiohttp.client_exceptions.ClientResponseError: 400, message='Bad Request', url='https://fapi.binance.com/fapi/v1/order'
2025-10-28T11:27:03.212913381Z [inf]  
2025-10-28T11:27:03.212919729Z [inf]  During handling of the above exception, another exception occurred:
2025-10-28T11:27:03.212925193Z [inf]  
2025-10-28T11:27:03.212931876Z [inf]  Traceback (most recent call last):
2025-10-28T11:27:03.212938571Z [inf]    File "/app/src/core/unified_scheduler.py", line 393, in _execute_signal
2025-10-28T11:27:03.212944406Z [inf]      order_result = await self.binance_client.place_order(
2025-10-28T11:27:03.212950483Z [inf]                     ^^^^^^^^^^^^^^^^^^^^^^^^^^^^^^^^^^^^^^
2025-10-28T11:27:03.212956363Z [inf]    File "/app/src/clients/binance_client.py", line 583, in place_order
2025-10-28T11:27:03.212962295Z [inf]      return await self.create_order(symbol, side, order_type, quantity, price, stop_price, **kwargs)
2025-10-28T11:27:03.212968641Z [inf]             ^^^^^^^^^^^^^^^^^^^^^^^^^^^^^^^^^^^^^^^^^^^^^^^^^^^^^^^^^^^^^^^^^^^^^^^^^^^^^^^^^^^^^^^^
2025-10-28T11:27:03.212974665Z [inf]    File "/app/src/clients/binance_client.py", line 556, in create_order
2025-10-28T11:27:03.212980918Z [inf]      return await self._request("POST", "/fapi/v1/order", params=params, signed=True)
2025-10-28T11:27:03.212987385Z [inf]             ^^^^^^^^^^^^^^^^^^^^^^^^^^^^^^^^^^^^^^^^^^^^^^^^^^^^^^^^^^^^^^^^^^^^^^^^^
2025-10-28T11:27:03.212993353Z [inf]    File "/app/src/clients/binance_client.py", line 195, in _request
2025-10-28T11:27:03.213000087Z [inf]      raise BinanceRequestError(
2025-10-28T11:27:03.213007099Z [inf]  src.clients.binance_errors.BinanceRequestError: HTTP 400: Bad Request
2025-10-28T11:27:03.214503739Z [inf]  2025-10-28 11:27:02,992 - src.strategies.self_learning_trader - WARNING -    âš ï¸ ç„¡æ³•ç²å– SPELLUSDT æœ€å°æ•¸é‡: '<' not supported between instances of 'float' and 'coroutine'
2025-10-28T11:27:03.214508655Z [inf]  2025-10-28 11:27:02,992 - src.strategies.self_learning_trader - INFO -    ğŸ’° å€‰ä½è¨ˆç®—: æ¬Šç›Š=$21.51 | æ§“æ¡¿=11.5x | åç¾©åƒ¹å€¼=$197.43 | æ•¸é‡=553491.528483 | å¯¦éš›åƒ¹å€¼=$197.43
2025-10-28T11:27:03.214513602Z [inf]  2025-10-28 11:27:02,992 - src.core.circuit_breaker - WARNING - âš ï¸  ç†”æ–·å™¨è­¦å‘Šç´š: å¤±æ•—1æ¬¡ (æ“ä½œ: generic, å„ªå…ˆç´š: NORMAL)
2025-10-28T11:27:03.214518811Z [inf]  2025-10-28 11:27:03,069 - src.core.circuit_breaker - WARNING - ğŸ”„ ç†”æ–·å™¨ç´šåˆ¥è®ŠåŒ–: warning â†’ normal (å¤±æ•—æ¬¡æ•¸: 0)
2025-10-28T11:27:03.214525808Z [inf]  2025-10-28 11:27:03,069 - src.clients.binance_client - INFO - å‰µå»ºè¨‚å–®: SPELLUSDT BUY MARKET 553491.0
2025-10-28T11:27:03.214531437Z [inf]  2025-10-28 11:27:03,149 - src.clients.binance_client - ERROR - Binance API éŒ¯èª¤ 400: code=-4061, msg=Order's position side does not match user's setting., endpoint=/fapi/v1/order, params={'symbol': 'SPELLUSDT', 'side': 'BUY', 'type': 'MARKET', 'quantity': 553491.0, 'timestamp': 1761650823069, 'signature': '6c68119480c1b7655dbb1b7629270189aeec6215696f3ee6c0762f35bcc2ee00'}
2025-10-28T11:27:03.214536427Z [inf]  2025-10-28 11:27:03,149 - src.core.circuit_breaker - WARNING - ğŸ”„ ç†”æ–·å™¨ç´šåˆ¥è®ŠåŒ–: normal â†’ warning (å¤±æ•—æ¬¡æ•¸: 1)
2025-10-28T11:27:03.214541787Z [inf]  2025-10-28 11:27:03,150 - src.clients.binance_client - ERROR - API è«‹æ±‚å¤±æ•—: /fapi/v1/order - HTTP 400: Bad Request
2025-10-28T11:27:03.214547252Z [inf]  2025-10-28 11:27:03,150 - src.core.unified_scheduler - ERROR -    âŒ åŸ·è¡Œä¿¡è™Ÿå¤±æ•—: HTTP 400: Bad Request
2025-10-28T11:27:03.214552127Z [inf]  Traceback (most recent call last):
2025-10-28T11:27:03.214557741Z [inf]    File "/app/src/clients/binance_client.py", line 191, in _request
2025-10-28T11:27:03.217130147Z [inf]      result = await self.circuit_breaker.call_async(_do_request)
2025-10-28T11:27:03.217136117Z [inf]               ^^^^^^^^^^^^^^^^^^^^^^^^^^^^^^^^^^^^^^^^^^^^^^^^^^
2025-10-28T11:27:03.217141964Z [inf]    File "/app/src/core/circuit_breaker.py", line 339, in call_async
2025-10-28T11:27:03.217147702Z [inf]      raise e
2025-10-28T11:27:03.217153832Z [inf]    File "/app/src/core/circuit_breaker.py", line 334, in call_async
2025-10-28T11:27:03.217159929Z [inf]      result = await func(*args, **kwargs)
2025-10-28T11:27:03.217165682Z [inf]               ^^^^^^^^^^^^^^^^^^^^^^^^^^^
2025-10-28T11:27:03.217172161Z [inf]    File "/app/src/clients/binance_client.py", line 154, in _do_request
2025-10-28T11:27:03.217177853Z [inf]      response.raise_for_status()
2025-10-28T11:27:03.217183240Z [inf]    File "/opt/venv/lib/python3.11/site-packages/aiohttp/client_reqrep.py", line 636, in raise_for_status
2025-10-28T11:27:03.217189596Z [inf]      raise ClientResponseError(
2025-10-28T11:27:03.217195426Z [inf]  aiohttp.client_exceptions.ClientResponseError: 400, message='Bad Request', url='https://fapi.binance.com/fapi/v1/order'
2025-10-28T11:27:03.217201129Z [inf]  
2025-10-28T11:27:03.217207243Z [inf]  During handling of the above exception, another exception occurred:
2025-10-28T11:27:03.217213965Z [inf]  
2025-10-28T11:27:03.217219883Z [inf]  Traceback (most recent call last):
2025-10-28T11:27:03.217227060Z [inf]    File "/app/src/core/unified_scheduler.py", line 393, in _execute_signal
2025-10-28T11:27:03.217233080Z [inf]      order_result = await self.binance_client.place_order(
2025-10-28T11:27:03.217239446Z [inf]                     ^^^^^^^^^^^^^^^^^^^^^^^^^^^^^^^^^^^^^^
2025-10-28T11:27:03.217245784Z [inf]    File "/app/src/clients/binance_client.py", line 583, in place_order
2025-10-28T11:27:03.217251847Z [inf]      return await self.create_order(symbol, side, order_type, quantity, price, stop_price, **kwargs)
2025-10-28T11:27:03.219340698Z [inf]             ^^^^^^^^^^^^^^^^^^^^^^^^^^^^^^^^^^^^^^^^^^^^^^^^^^^^^^^^^^^^^^^^^^^^^^^^^^^^^^^^^^^^^^^^
2025-10-28T11:27:03.219348207Z [inf]    File "/app/src/clients/binance_client.py", line 556, in create_order
2025-10-28T11:27:03.219355575Z [inf]      return await self._request("POST", "/fapi/v1/order", params=params, signed=True)
2025-10-28T11:27:03.219362725Z [inf]             ^^^^^^^^^^^^^^^^^^^^^^^^^^^^^^^^^^^^^^^^^^^^^^^^^^^^^^^^^^^^^^^^^^^^^^^^^
2025-10-28T11:27:03.219369315Z [inf]    File "/app/src/clients/binance_client.py", line 195, in _request
2025-10-28T11:27:03.219375471Z [inf]      raise BinanceRequestError(
2025-10-28T11:27:03.219381435Z [inf]  src.clients.binance_errors.BinanceRequestError: HTTP 400: Bad Request
2025-10-28T11:27:03.219387863Z [inf]  2025-10-28 11:27:03,150 - src.strategies.self_learning_trader - WARNING -    âš ï¸ ç„¡æ³•ç²å– KASUSDT æœ€å°æ•¸é‡: '<' not supported between instances of 'float' and 'coroutine'
2025-10-28T11:27:03.219394510Z [inf]  2025-10-28 11:27:03,151 - src.strategies.self_learning_trader - INFO -    ğŸ’° å€‰ä½è¨ˆç®—: æ¬Šç›Š=$21.51 | æ§“æ¡¿=12.0x | åç¾©åƒ¹å€¼=$205.66 | æ•¸é‡=3508.901144 | å¯¦éš›åƒ¹å€¼=$205.66
2025-10-28T11:27:03.219400967Z [inf]  2025-10-28 11:27:03,151 - src.core.circuit_breaker - WARNING - âš ï¸  ç†”æ–·å™¨è­¦å‘Šç´š: å¤±æ•—1æ¬¡ (æ“ä½œ: generic, å„ªå…ˆç´š: NORMAL)
2025-10-28T11:27:03.238752499Z [inf]  2025-10-28 11:27:03,236 - src.core.circuit_breaker - WARNING - ğŸ”„ ç†”æ–·å™¨ç´šåˆ¥è®ŠåŒ–: warning â†’ normal (å¤±æ•—æ¬¡æ•¸: 0)
2025-10-28T11:27:03.238759555Z [inf]  2025-10-28 11:27:03,236 - src.clients.binance_client - INFO - å‰µå»ºè¨‚å–®: KASUSDT BUY MARKET 3508.0
2025-10-28T11:27:03.323116162Z [inf]  2025-10-28 11:27:03,320 - src.clients.binance_client - ERROR - Binance API éŒ¯èª¤ 400: code=-4061, msg=Order's position side does not match user's setting., endpoint=/fapi/v1/order, params={'symbol': 'KASUSDT', 'side': 'BUY', 'type': 'MARKET', 'quantity': 3508.0, 'timestamp': 1761650823236, 'signature': 'a4b793103ae93043703ffec6f2690c4e3390ee52e5aae977d3c297faa4c0a44b'}
2025-10-28T11:27:03.323116870Z [inf]    File "/app/src/core/circuit_breaker.py", line 334, in call_async
2025-10-28T11:27:03.323125742Z [inf]  2025-10-28 11:27:03,320 - src.core.circuit_breaker - WARNING - ğŸ”„ ç†”æ–·å™¨ç´šåˆ¥è®ŠåŒ–: normal â†’ warning (å¤±æ•—æ¬¡æ•¸: 1)
2025-10-28T11:27:03.323127365Z [inf]      result = await func(*args, **kwargs)
2025-10-28T11:27:03.323133043Z [inf]  2025-10-28 11:27:03,320 - src.clients.binance_client - ERROR - API è«‹æ±‚å¤±æ•—: /fapi/v1/order - HTTP 400: Bad Request
2025-10-28T11:27:03.323135490Z [inf]               ^^^^^^^^^^^^^^^^^^^^^^^^^^^
2025-10-28T11:27:03.323139651Z [inf]  2025-10-28 11:27:03,320 - src.core.unified_scheduler - ERROR -    âŒ åŸ·è¡Œä¿¡è™Ÿå¤±æ•—: HTTP 400: Bad Request
2025-10-28T11:27:03.323142444Z [inf]    File "/app/src/clients/binance_client.py", line 154, in _do_request
2025-10-28T11:27:03.323147102Z [inf]  Traceback (most recent call last):
2025-10-28T11:27:03.323148925Z [inf]      response.raise_for_status()
2025-10-28T11:27:03.323153637Z [inf]    File "/app/src/clients/binance_client.py", line 191, in _request
2025-10-28T11:27:03.323155981Z [inf]    File "/opt/venv/lib/python3.11/site-packages/aiohttp/client_reqrep.py", line 636, in raise_for_status
2025-10-28T11:27:03.323160237Z [inf]      result = await self.circuit_breaker.call_async(_do_request)
2025-10-28T11:27:03.323166241Z [inf]               ^^^^^^^^^^^^^^^^^^^^^^^^^^^^^^^^^^^^^^^^^^^^^^^^^^
2025-10-28T11:27:03.323171968Z [inf]    File "/app/src/core/circuit_breaker.py", line 339, in call_async
2025-10-28T11:27:03.323178909Z [inf]      raise e
2025-10-28T11:27:03.325274558Z [inf]      return await self._request("POST", "/fapi/v1/order", params=params, signed=True)
2025-10-28T11:27:03.325277436Z [inf]      raise ClientResponseError(
2025-10-28T11:27:03.325285987Z [inf]             ^^^^^^^^^^^^^^^^^^^^^^^^^^^^^^^^^^^^^^^^^^^^^^^^^^^^^^^^^^^^^^^^^^^^^^^^^
2025-10-28T11:27:03.325295584Z [inf]    File "/app/src/clients/binance_client.py", line 195, in _request
2025-10-28T11:27:03.325301481Z [inf]      raise BinanceRequestError(
2025-10-28T11:27:03.325307312Z [inf]  src.clients.binance_errors.BinanceRequestError: HTTP 400: Bad Request
2025-10-28T11:27:03.325314416Z [inf]  aiohttp.client_exceptions.ClientResponseError: 400, message='Bad Request', url='https://fapi.binance.com/fapi/v1/order'
2025-10-28T11:27:03.325317531Z [inf]  2025-10-28 11:27:03,321 - src.strategies.self_learning_trader - WARNING -    âš ï¸ ç„¡æ³•ç²å– CHESSUSDT æœ€å°æ•¸é‡: '<' not supported between instances of 'float' and 'coroutine'
2025-10-28T11:27:03.325325793Z [inf]  
2025-10-28T11:27:03.325332796Z [inf]  During handling of the above exception, another exception occurred:
2025-10-28T11:27:03.325339934Z [inf]  
2025-10-28T11:27:03.325346383Z [inf]  Traceback (most recent call last):
2025-10-28T11:27:03.325353109Z [inf]    File "/app/src/core/unified_scheduler.py", line 393, in _execute_signal
2025-10-28T11:27:03.325359884Z [inf]      order_result = await self.binance_client.place_order(
2025-10-28T11:27:03.325364950Z [inf]                     ^^^^^^^^^^^^^^^^^^^^^^^^^^^^^^^^^^^^^^
2025-10-28T11:27:03.325371169Z [inf]    File "/app/src/clients/binance_client.py", line 583, in place_order
2025-10-28T11:27:03.325377007Z [inf]      return await self.create_order(symbol, side, order_type, quantity, price, stop_price, **kwargs)
2025-10-28T11:27:03.325381870Z [inf]             ^^^^^^^^^^^^^^^^^^^^^^^^^^^^^^^^^^^^^^^^^^^^^^^^^^^^^^^^^^^^^^^^^^^^^^^^^^^^^^^^^^^^^^^^
2025-10-28T11:27:03.325386228Z [inf]    File "/app/src/clients/binance_client.py", line 556, in create_order
2025-10-28T11:27:03.326538822Z [inf]  2025-10-28 11:27:03,321 - src.strategies.self_learning_trader - INFO -    ğŸ’° å€‰ä½è¨ˆç®—: æ¬Šç›Š=$21.51 | æ§“æ¡¿=13.5x | åç¾©åƒ¹å€¼=$233.08 | æ•¸é‡=4823.625597 | å¯¦éš›åƒ¹å€¼=$233.08
2025-10-28T11:27:03.326546880Z [inf]  2025-10-28 11:27:03,321 - src.core.circuit_breaker - WARNING - âš ï¸  ç†”æ–·å™¨è­¦å‘Šç´š: å¤±æ•—1æ¬¡ (æ“ä½œ: generic, å„ªå…ˆç´š: NORMAL)
2025-10-28T11:27:03.418752746Z [inf]  2025-10-28 11:27:03,413 - src.core.circuit_breaker - WARNING - ğŸ”„ ç†”æ–·å™¨ç´šåˆ¥è®ŠåŒ–: warning â†’ normal (å¤±æ•—æ¬¡æ•¸: 0)
2025-10-28T11:27:03.418772353Z [inf]  2025-10-28 11:27:03,413 - src.clients.binance_client - INFO - å‰µå»ºè¨‚å–®: CHESSUSDT BUY MARKET 4823.0
2025-10-28T11:27:03.501278491Z [inf]    File "/app/src/core/circuit_breaker.py", line 339, in call_async
2025-10-28T11:27:03.501288889Z [inf]      raise e
2025-10-28T11:27:03.501293837Z [inf]  2025-10-28 11:27:03,497 - src.clients.binance_client - ERROR - Binance API éŒ¯èª¤ 400: code=-4061, msg=Order's position side does not match user's setting., endpoint=/fapi/v1/order, params={'symbol': 'CHESSUSDT', 'side': 'BUY', 'type': 'MARKET', 'quantity': 4823.0, 'timestamp': 1761650823414, 'signature': '537a2dfb06b0558d12eda877c0be23231daefcc58e81e3318d4c6233c8664cb3'}
2025-10-28T11:27:03.501296296Z [inf]    File "/app/src/core/circuit_breaker.py", line 334, in call_async
2025-10-28T11:27:03.501301940Z [inf]  2025-10-28 11:27:03,498 - src.core.circuit_breaker - WARNING - ğŸ”„ ç†”æ–·å™¨ç´šåˆ¥è®ŠåŒ–: normal â†’ warning (å¤±æ•—æ¬¡æ•¸: 1)
2025-10-28T11:27:03.501302758Z [inf]      result = await func(*args, **kwargs)
2025-10-28T11:27:03.501308709Z [inf]  2025-10-28 11:27:03,498 - src.clients.binance_client - ERROR - API è«‹æ±‚å¤±æ•—: /fapi/v1/order - HTTP 400: Bad Request
2025-10-28T11:27:03.501311789Z [inf]               ^^^^^^^^^^^^^^^^^^^^^^^^^^^
2025-10-28T11:27:03.501317096Z [inf]  2025-10-28 11:27:03,498 - src.core.unified_scheduler - ERROR -    âŒ åŸ·è¡Œä¿¡è™Ÿå¤±æ•—: HTTP 400: Bad Request
2025-10-28T11:27:03.501318884Z [inf]    File "/app/src/clients/binance_client.py", line 154, in _do_request
2025-10-28T11:27:03.501323679Z [inf]  Traceback (most recent call last):
2025-10-28T11:27:03.501324627Z [inf]      response.raise_for_status()
2025-10-28T11:27:03.501330442Z [inf]    File "/opt/venv/lib/python3.11/site-packages/aiohttp/client_reqrep.py", line 636, in raise_for_status
2025-10-28T11:27:03.501332314Z [inf]    File "/app/src/clients/binance_client.py", line 191, in _request
2025-10-28T11:27:03.501337486Z [inf]      result = await self.circuit_breaker.call_async(_do_request)
2025-10-28T11:27:03.501344086Z [inf]               ^^^^^^^^^^^^^^^^^^^^^^^^^^^^^^^^^^^^^^^^^^^^^^^^^^
2025-10-28T11:27:03.502465640Z [inf]      raise ClientResponseError(
2025-10-28T11:27:03.502471960Z [inf]  aiohttp.client_exceptions.ClientResponseError: 400, message='Bad Request', url='https://fapi.binance.com/fapi/v1/order'
2025-10-28T11:27:03.502476869Z [inf]  
2025-10-28T11:27:03.502483030Z [inf]  During handling of the above exception, another exception occurred:
2025-10-28T11:27:03.502487559Z [inf]  
2025-10-28T11:27:03.502492421Z [inf]  Traceback (most recent call last):
2025-10-28T11:27:03.502496788Z [inf]    File "/app/src/core/unified_scheduler.py", line 393, in _execute_signal
2025-10-28T11:27:03.502501012Z [inf]      order_result = await self.binance_client.place_order(
2025-10-28T11:27:03.502511529Z [inf]                     ^^^^^^^^^^^^^^^^^^^^^^^^^^^^^^^^^^^^^^
2025-10-28T11:27:03.502520782Z [inf]    File "/app/src/clients/binance_client.py", line 583, in place_order
2025-10-28T11:27:03.502526783Z [inf]      return await self.create_order(symbol, side, order_type, quantity, price, stop_price, **kwargs)
2025-10-28T11:27:03.502530741Z [inf]             ^^^^^^^^^^^^^^^^^^^^^^^^^^^^^^^^^^^^^^^^^^^^^^^^^^^^^^^^^^^^^^^^^^^^^^^^^^^^^^^^^^^^^^^^
2025-10-28T11:27:03.502538761Z [inf]    File "/app/src/clients/binance_client.py", line 556, in create_order
2025-10-28T11:27:03.502543422Z [inf]      return await self._request("POST", "/fapi/v1/order", params=params, signed=True)
2025-10-28T11:27:03.502548249Z [inf]             ^^^^^^^^^^^^^^^^^^^^^^^^^^^^^^^^^^^^^^^^^^^^^^^^^^^^^^^^^^^^^^^^^^^^^^^^^
2025-10-28T11:27:03.502553410Z [inf]    File "/app/src/clients/binance_client.py", line 195, in _request
2025-10-28T11:27:03.502558308Z [inf]      raise BinanceRequestError(
2025-10-28T11:27:03.502562657Z [inf]  src.clients.binance_errors.BinanceRequestError: HTTP 400: Bad Request
2025-10-28T11:27:03.502566912Z [inf]  2025-10-28 11:27:03,498 - src.strategies.self_learning_trader - WARNING -    âš ï¸ ç„¡æ³•ç²å– HIPPOUSDT æœ€å°æ•¸é‡: '<' not supported between instances of 'float' and 'coroutine'
2025-10-28T11:27:03.504106290Z [inf]  2025-10-28 11:27:03,498 - src.strategies.self_learning_trader - INFO -    ğŸ’° å€‰ä½è¨ˆç®—: æ¬Šç›Š=$21.51 | æ§“æ¡¿=12.3x | åç¾©åƒ¹å€¼=$211.14 | æ•¸é‡=103247.371449 | å¯¦éš›åƒ¹å€¼=$211.14
2025-10-28T11:27:03.504115580Z [inf]  2025-10-28 11:27:03,499 - src.core.circuit_breaker - WARNING - âš ï¸  ç†”æ–·å™¨è­¦å‘Šç´š: å¤±æ•—1æ¬¡ (æ“ä½œ: generic, å„ªå…ˆç´š: NORMAL)
2025-10-28T11:27:03.590138256Z [inf]  2025-10-28 11:27:03,587 - src.core.circuit_breaker - WARNING - ğŸ”„ ç†”æ–·å™¨ç´šåˆ¥è®ŠåŒ–: warning â†’ normal (å¤±æ•—æ¬¡æ•¸: 0)
2025-10-28T11:27:03.590145366Z [inf]  2025-10-28 11:27:03,587 - src.clients.binance_client - INFO - å‰µå»ºè¨‚å–®: HIPPOUSDT BUY MARKET 103247.0
2025-10-28T11:27:03.693739554Z [inf]  2025-10-28 11:27:03,674 - src.clients.binance_client - ERROR - Binance API éŒ¯èª¤ 400: code=-4061, msg=Order's position side does not match user's setting., endpoint=/fapi/v1/order, params={'symbol': 'HIPPOUSDT', 'side': 'BUY', 'type': 'MARKET', 'quantity': 103247.0, 'timestamp': 1761650823587, 'signature': 'bb0b087242a11436ce21654671631b482de59943401cba189b99aa7008b52b0d'}
2025-10-28T11:27:03.693747655Z [inf]  2025-10-28 11:27:03,674 - src.core.circuit_breaker - WARNING - ğŸ”„ ç†”æ–·å™¨ç´šåˆ¥è®ŠåŒ–: normal â†’ warning (å¤±æ•—æ¬¡æ•¸: 1)
2025-10-28T11:27:03.693754284Z [inf]  2025-10-28 11:27:03,674 - src.clients.binance_client - ERROR - API è«‹æ±‚å¤±æ•—: /fapi/v1/order - HTTP 400: Bad Request
2025-10-28T11:27:03.693759365Z [inf]  2025-10-28 11:27:03,674 - src.core.unified_scheduler - ERROR -    âŒ åŸ·è¡Œä¿¡è™Ÿå¤±æ•—: HTTP 400: Bad Request
2025-10-28T11:27:03.693764400Z [inf]  Traceback (most recent call last):
2025-10-28T11:27:03.693769391Z [inf]    File "/app/src/clients/binance_client.py", line 191, in _request
2025-10-28T11:27:03.693774558Z [inf]      result = await self.circuit_breaker.call_async(_do_request)
2025-10-28T11:27:03.693780101Z [inf]               ^^^^^^^^^^^^^^^^^^^^^^^^^^^^^^^^^^^^^^^^^^^^^^^^^^
2025-10-28T11:27:03.693786002Z [inf]    File "/app/src/core/circuit_breaker.py", line 339, in call_async
2025-10-28T11:27:03.693791229Z [inf]      raise e
2025-10-28T11:27:03.693796042Z [inf]    File "/app/src/core/circuit_breaker.py", line 334, in call_async
2025-10-28T11:27:03.693848311Z [inf]      result = await func(*args, **kwargs)
2025-10-28T11:27:03.693855524Z [inf]               ^^^^^^^^^^^^^^^^^^^^^^^^^^^
2025-10-28T11:27:03.693862384Z [inf]    File "/app/src/clients/binance_client.py", line 154, in _do_request
2025-10-28T11:27:03.693868818Z [inf]      response.raise_for_status()
2025-10-28T11:27:03.693875128Z [inf]    File "/opt/venv/lib/python3.11/site-packages/aiohttp/client_reqrep.py", line 636, in raise_for_status
2025-10-28T11:27:03.695658027Z [inf]      order_result = await self.binance_client.place_order(
2025-10-28T11:27:03.695666714Z [inf]                     ^^^^^^^^^^^^^^^^^^^^^^^^^^^^^^^^^^^^^^
2025-10-28T11:27:03.695668468Z [inf]      raise ClientResponseError(
2025-10-28T11:27:03.695678094Z [inf]  aiohttp.client_exceptions.ClientResponseError: 400, message='Bad Request', url='https://fapi.binance.com/fapi/v1/order'
2025-10-28T11:27:03.695679912Z [inf]    File "/app/src/clients/binance_client.py", line 583, in place_order
2025-10-28T11:27:03.695686865Z [inf]      return await self.create_order(symbol, side, order_type, quantity, price, stop_price, **kwargs)
2025-10-28T11:27:03.695687278Z [inf]  
2025-10-28T11:27:03.695692098Z [inf]             ^^^^^^^^^^^^^^^^^^^^^^^^^^^^^^^^^^^^^^^^^^^^^^^^^^^^^^^^^^^^^^^^^^^^^^^^^^^^^^^^^^^^^^^^
2025-10-28T11:27:03.695698720Z [inf]  During handling of the above exception, another exception occurred:
2025-10-28T11:27:03.695698856Z [inf]    File "/app/src/clients/binance_client.py", line 556, in create_order
2025-10-28T11:27:03.695706760Z [inf]      return await self._request("POST", "/fapi/v1/order", params=params, signed=True)
2025-10-28T11:27:03.695707555Z [inf]  
2025-10-28T11:27:03.695712270Z [inf]             ^^^^^^^^^^^^^^^^^^^^^^^^^^^^^^^^^^^^^^^^^^^^^^^^^^^^^^^^^^^^^^^^^^^^^^^^^
2025-10-28T11:27:03.695716541Z [inf]  Traceback (most recent call last):
2025-10-28T11:27:03.695718057Z [inf]    File "/app/src/clients/binance_client.py", line 195, in _request
2025-10-28T11:27:03.695724831Z [inf]    File "/app/src/core/unified_scheduler.py", line 393, in _execute_signal
2025-10-28T11:27:03.695729344Z [inf]      raise BinanceRequestError(
2025-10-28T11:27:03.695734159Z [inf]  src.clients.binance_errors.BinanceRequestError: HTTP 400: Bad Request
2025-10-28T11:27:03.695738525Z [inf]  2025-10-28 11:27:03,675 - src.strategies.self_learning_trader - WARNING -    âš ï¸ ç„¡æ³•ç²å– DEGENUSDT æœ€å°æ•¸é‡: '<' not supported between instances of 'float' and 'coroutine'
2025-10-28T11:27:03.696592360Z [inf]  2025-10-28 11:27:03,675 - src.strategies.self_learning_trader - INFO -    ğŸ’° å€‰ä½è¨ˆç®—: æ¬Šç›Š=$21.51 | æ§“æ¡¿=11.5x | åç¾©åƒ¹å€¼=$197.43 | æ•¸é‡=90856.156562 | å¯¦éš›åƒ¹å€¼=$197.43
2025-10-28T11:27:03.696598727Z [inf]  2025-10-28 11:27:03,675 - src.core.circuit_breaker - WARNING - âš ï¸  ç†”æ–·å™¨è­¦å‘Šç´š: å¤±æ•—1æ¬¡ (æ“ä½œ: generic, å„ªå…ˆç´š: NORMAL)
2025-10-28T11:27:03.760507073Z [inf]  2025-10-28 11:27:03,758 - src.core.circuit_breaker - WARNING - ğŸ”„ ç†”æ–·å™¨ç´šåˆ¥è®ŠåŒ–: warning â†’ normal (å¤±æ•—æ¬¡æ•¸: 0)
2025-10-28T11:27:03.760514716Z [inf]  2025-10-28 11:27:03,758 - src.clients.binance_client - INFO - å‰µå»ºè¨‚å–®: DEGENUSDT BUY MARKET 90856.0
2025-10-28T11:27:03.845562235Z [inf]  2025-10-28 11:27:03,843 - src.clients.binance_client - ERROR - Binance API éŒ¯èª¤ 400: code=-4061, msg=Order's position side does not match user's setting., endpoint=/fapi/v1/order, params={'symbol': 'DEGENUSDT', 'side': 'BUY', 'type': 'MARKET', 'quantity': 90856.0, 'timestamp': 1761650823758, 'signature': 'c5d6721b2f3294ec9c4cb0ca024a7e2962902261fd5aa61fb9aaff35043dcd17'}
2025-10-28T11:27:03.845567987Z [inf]  2025-10-28 11:27:03,843 - src.core.circuit_breaker - WARNING - ğŸ”„ ç†”æ–·å™¨ç´šåˆ¥è®ŠåŒ–: normal â†’ warning (å¤±æ•—æ¬¡æ•¸: 1)
2025-10-28T11:27:03.845574063Z [inf]  2025-10-28 11:27:03,843 - src.clients.binance_client - ERROR - API è«‹æ±‚å¤±æ•—: /fapi/v1/order - HTTP 400: Bad Request
2025-10-28T11:27:03.845579452Z [inf]  2025-10-28 11:27:03,843 - src.core.unified_scheduler - ERROR -    âŒ åŸ·è¡Œä¿¡è™Ÿå¤±æ•—: HTTP 400: Bad Request
2025-10-28T11:27:03.845585971Z [inf]  Traceback (most recent call last):
2025-10-28T11:27:03.845591456Z [inf]    File "/app/src/clients/binance_client.py", line 191, in _request
2025-10-28T11:27:03.845595959Z [inf]      result = await self.circuit_breaker.call_async(_do_request)
2025-10-28T11:27:03.845600395Z [inf]               ^^^^^^^^^^^^^^^^^^^^^^^^^^^^^^^^^^^^^^^^^^^^^^^^^^
2025-10-28T11:27:03.845605924Z [inf]    File "/app/src/core/circuit_breaker.py", line 339, in call_async
2025-10-28T11:27:03.845610531Z [inf]      raise e
2025-10-28T11:27:03.845614906Z [inf]    File "/app/src/core/circuit_breaker.py", line 334, in call_async
2025-10-28T11:27:03.845619055Z [inf]      result = await func(*args, **kwargs)
2025-10-28T11:27:03.845624333Z [inf]               ^^^^^^^^^^^^^^^^^^^^^^^^^^^
2025-10-28T11:27:03.845628880Z [inf]    File "/app/src/clients/binance_client.py", line 154, in _do_request
2025-10-28T11:27:03.845632990Z [inf]      response.raise_for_status()
2025-10-28T11:27:03.845637561Z [inf]    File "/opt/venv/lib/python3.11/site-packages/aiohttp/client_reqrep.py", line 636, in raise_for_status
2025-10-28T11:27:03.848033890Z [inf]      raise ClientResponseError(
2025-10-28T11:27:03.848040331Z [inf]    File "/app/src/clients/binance_client.py", line 583, in place_order
2025-10-28T11:27:03.848041843Z [inf]  aiohttp.client_exceptions.ClientResponseError: 400, message='Bad Request', url='https://fapi.binance.com/fapi/v1/order'
2025-10-28T11:27:03.848047573Z [inf]  
2025-10-28T11:27:03.848050376Z [inf]      return await self.create_order(symbol, side, order_type, quantity, price, stop_price, **kwargs)
2025-10-28T11:27:03.848055179Z [inf]  During handling of the above exception, another exception occurred:
2025-10-28T11:27:03.848056942Z [inf]             ^^^^^^^^^^^^^^^^^^^^^^^^^^^^^^^^^^^^^^^^^^^^^^^^^^^^^^^^^^^^^^^^^^^^^^^^^^^^^^^^^^^^^^^^
2025-10-28T11:27:03.848064341Z [inf]  
2025-10-28T11:27:03.848065241Z [inf]    File "/app/src/clients/binance_client.py", line 556, in create_order
2025-10-28T11:27:03.848070666Z [inf]      return await self._request("POST", "/fapi/v1/order", params=params, signed=True)
2025-10-28T11:27:03.848072869Z [inf]  Traceback (most recent call last):
2025-10-28T11:27:03.848076786Z [inf]             ^^^^^^^^^^^^^^^^^^^^^^^^^^^^^^^^^^^^^^^^^^^^^^^^^^^^^^^^^^^^^^^^^^^^^^^^^
2025-10-28T11:27:03.848080423Z [inf]    File "/app/src/core/unified_scheduler.py", line 393, in _execute_signal
2025-10-28T11:27:03.848082364Z [inf]    File "/app/src/clients/binance_client.py", line 195, in _request
2025-10-28T11:27:03.848088086Z [inf]      order_result = await self.binance_client.place_order(
2025-10-28T11:27:03.848088120Z [inf]      raise BinanceRequestError(
2025-10-28T11:27:03.848095612Z [inf]                     ^^^^^^^^^^^^^^^^^^^^^^^^^^^^^^^^^^^^^^
2025-10-28T11:27:03.848097796Z [inf]  src.clients.binance_errors.BinanceRequestError: HTTP 400: Bad Request
2025-10-28T11:27:03.848103288Z [inf]  2025-10-28 11:27:03,844 - src.strategies.self_learning_trader - WARNING -    âš ï¸ ç„¡æ³•ç²å– ORCAUSDT æœ€å°æ•¸é‡: '<' not supported between instances of 'float' and 'coroutine'
2025-10-28T11:27:03.849393943Z [inf]  2025-10-28 11:27:03,844 - src.strategies.self_learning_trader - INFO -    ğŸ’° å€‰ä½è¨ˆç®—: æ¬Šç›Š=$21.51 | æ§“æ¡¿=11.8x | åç¾©åƒ¹å€¼=$202.91 | æ•¸é‡=134.025500 | å¯¦éš›åƒ¹å€¼=$202.91
2025-10-28T11:27:03.849401000Z [inf]  2025-10-28 11:27:03,844 - src.core.circuit_breaker - WARNING - âš ï¸  ç†”æ–·å™¨è­¦å‘Šç´š: å¤±æ•—1æ¬¡ (æ“ä½œ: generic, å„ªå…ˆç´š: NORMAL)
2025-10-28T11:27:04.230250342Z [inf]  2025-10-28 11:27:03,928 - src.core.circuit_breaker - WARNING - ğŸ”„ ç†”æ–·å™¨ç´šåˆ¥è®ŠåŒ–: warning â†’ normal (å¤±æ•—æ¬¡æ•¸: 0)
2025-10-28T11:27:04.230256880Z [inf]  2025-10-28 11:27:03,928 - src.clients.binance_client - INFO - å‰µå»ºè¨‚å–®: ORCAUSDT BUY MARKET 134.0
2025-10-28T11:27:04.230263457Z [inf]  2025-10-28 11:27:04,007 - src.clients.binance_client - ERROR - Binance API éŒ¯èª¤ 400: code=-4061, msg=Order's position side does not match user's setting., endpoint=/fapi/v1/order, params={'symbol': 'ORCAUSDT', 'side': 'BUY', 'type': 'MARKET', 'quantity': 134.0, 'timestamp': 1761650823928, 'signature': '28df74e601216a399b8d9436cc54ede85eb20da2b6658f824f1e6568eac1ac85'}
2025-10-28T11:27:04.230271031Z [inf]  2025-10-28 11:27:04,007 - src.core.circuit_breaker - WARNING - ğŸ”„ ç†”æ–·å™¨ç´šåˆ¥è®ŠåŒ–: normal â†’ warning (å¤±æ•—æ¬¡æ•¸: 1)
2025-10-28T11:27:04.230293216Z [inf]  2025-10-28 11:27:04,007 - src.clients.binance_client - ERROR - API è«‹æ±‚å¤±æ•—: /fapi/v1/order - HTTP 400: Bad Request
2025-10-28T11:27:04.230299850Z [inf]  2025-10-28 11:27:04,007 - src.core.unified_scheduler - ERROR -    âŒ åŸ·è¡Œä¿¡è™Ÿå¤±æ•—: HTTP 400: Bad Request
2025-10-28T11:27:04.230863349Z [inf]  Traceback (most recent call last):
2025-10-28T11:27:04.230869667Z [inf]    File "/app/src/clients/binance_client.py", line 191, in _request
2025-10-28T11:27:04.230874690Z [inf]      result = await self.circuit_breaker.call_async(_do_request)
2025-10-28T11:27:04.230878809Z [inf]               ^^^^^^^^^^^^^^^^^^^^^^^^^^^^^^^^^^^^^^^^^^^^^^^^^^
2025-10-28T11:27:04.230882766Z [inf]    File "/app/src/core/circuit_breaker.py", line 339, in call_async
2025-10-28T11:27:04.230887195Z [inf]      raise e
2025-10-28T11:27:04.230893539Z [inf]    File "/app/src/core/circuit_breaker.py", line 334, in call_async
2025-10-28T11:27:04.230898189Z [inf]      result = await func(*args, **kwargs)
2025-10-28T11:27:04.230902789Z [inf]               ^^^^^^^^^^^^^^^^^^^^^^^^^^^
2025-10-28T11:27:04.231088036Z [inf]      raise ClientResponseError(
2025-10-28T11:27:04.231098720Z [inf]  During handling of the above exception, another exception occurred:
2025-10-28T11:27:04.231101762Z [inf]  aiohttp.client_exceptions.ClientResponseError: 400, message='Bad Request', url='https://fapi.binance.com/fapi/v1/order'
2025-10-28T11:27:04.231111288Z [inf]  
2025-10-28T11:27:04.231111711Z [inf]  
2025-10-28T11:27:04.231122511Z [inf]  Traceback (most recent call last):
2025-10-28T11:27:04.231129409Z [inf]    File "/app/src/core/unified_scheduler.py", line 393, in _execute_signal
2025-10-28T11:27:04.231134450Z [inf]      order_result = await self.binance_client.place_order(
2025-10-28T11:27:04.231137889Z [inf]             ^^^^^^^^^^^^^^^^^^^^^^^^^^^^^^^^^^^^^^^^^^^^^^^^^^^^^^^^^^^^^^^^^^^^^^^^^
2025-10-28T11:27:04.231143584Z [inf]                     ^^^^^^^^^^^^^^^^^^^^^^^^^^^^^^^^^^^^^^
2025-10-28T11:27:04.231145358Z [inf]    File "/app/src/clients/binance_client.py", line 195, in _request
2025-10-28T11:27:04.231150208Z [inf]    File "/app/src/clients/binance_client.py", line 583, in place_order
2025-10-28T11:27:04.231162027Z [inf]    File "/app/src/clients/binance_client.py", line 154, in _do_request
2025-10-28T11:27:04.231168586Z [inf]      response.raise_for_status()
2025-10-28T11:27:04.231175835Z [inf]      return await self.create_order(symbol, side, order_type, quantity, price, stop_price, **kwargs)
2025-10-28T11:27:04.231177323Z [inf]    File "/opt/venv/lib/python3.11/site-packages/aiohttp/client_reqrep.py", line 636, in raise_for_status
2025-10-28T11:27:04.231183914Z [inf]             ^^^^^^^^^^^^^^^^^^^^^^^^^^^^^^^^^^^^^^^^^^^^^^^^^^^^^^^^^^^^^^^^^^^^^^^^^^^^^^^^^^^^^^^^
2025-10-28T11:27:04.231192621Z [inf]  2025-10-28 11:27:04,008 - src.core.circuit_breaker - WARNING - âš ï¸  ç†”æ–·å™¨è­¦å‘Šç´š: å¤±æ•—1æ¬¡ (æ“ä½œ: generic, å„ªå…ˆç´š: NORMAL)
2025-10-28T11:27:04.231193384Z [inf]    File "/app/src/clients/binance_client.py", line 556, in create_order
2025-10-28T11:27:04.231202069Z [inf]      return await self._request("POST", "/fapi/v1/order", params=params, signed=True)
2025-10-28T11:27:04.231210299Z [inf]  2025-10-28 11:27:04,086 - src.core.circuit_breaker - WARNING - ğŸ”„ ç†”æ–·å™¨ç´šåˆ¥è®ŠåŒ–: warning â†’ normal (å¤±æ•—æ¬¡æ•¸: 0)
2025-10-28T11:27:04.231218405Z [inf]      raise BinanceRequestError(
2025-10-28T11:27:04.231227089Z [inf]  src.clients.binance_errors.BinanceRequestError: HTTP 400: Bad Request
2025-10-28T11:27:04.231230995Z [inf]  2025-10-28 11:27:04,086 - src.clients.binance_client - INFO - å‰µå»ºè¨‚å–®: FARTCOINUSDT BUY MARKET 579.4
2025-10-28T11:27:04.231237455Z [inf]  2025-10-28 11:27:04,008 - src.strategies.self_learning_trader - WARNING -    âš ï¸ ç„¡æ³•ç²å– FARTCOINUSDT æœ€å°æ•¸é‡: '<' not supported between instances of 'float' and 'coroutine'
2025-10-28T11:27:04.231247880Z [inf]  2025-10-28 11:27:04,168 - src.clients.binance_client - ERROR - Binance API éŒ¯èª¤ 400: code=-4061, msg=Order's position side does not match user's setting., endpoint=/fapi/v1/order, params={'symbol': 'FARTCOINUSDT', 'side': 'BUY', 'type': 'MARKET', 'quantity': 579.4, 'timestamp': 1761650824087, 'signature': 'ba23fd7650553815537a1a900fb56b068585ee9faf70dd6eb705975c88ae3034'}
2025-10-28T11:27:04.231250524Z [inf]  2025-10-28 11:27:04,008 - src.strategies.self_learning_trader - INFO -    ğŸ’° å€‰ä½è¨ˆç®—: æ¬Šç›Š=$21.51 | æ§“æ¡¿=13.9x | åç¾©åƒ¹å€¼=$238.56 | æ•¸é‡=579.455350 | å¯¦éš›åƒ¹å€¼=$238.56
2025-10-28T11:27:04.231258325Z [inf]  2025-10-28 11:27:04,168 - src.core.circuit_breaker - WARNING - ğŸ”„ ç†”æ–·å™¨ç´šåˆ¥è®ŠåŒ–: normal â†’ warning (å¤±æ•—æ¬¡æ•¸: 1)
2025-10-28T11:27:04.231264905Z [inf]  2025-10-28 11:27:04,168 - src.clients.binance_client - ERROR - API è«‹æ±‚å¤±æ•—: /fapi/v1/order - HTTP 400: Bad Request
2025-10-28T11:27:04.231272680Z [inf]  2025-10-28 11:27:04,168 - src.core.unified_scheduler - ERROR -    âŒ åŸ·è¡Œä¿¡è™Ÿå¤±æ•—: HTTP 400: Bad Request
2025-10-28T11:27:04.232212865Z [inf]    File "/app/src/core/circuit_breaker.py", line 339, in call_async
2025-10-28T11:27:04.232219607Z [inf]    File "/app/src/core/unified_scheduler.py", line 393, in _execute_signal
2025-10-28T11:27:04.232222526Z [inf]      raise e
2025-10-28T11:27:04.232225067Z [inf]  aiohttp.client_exceptions.ClientResponseError: 400, message='Bad Request', url='https://fapi.binance.com/fapi/v1/order'
2025-10-28T11:27:04.232230847Z [inf]      order_result = await self.binance_client.place_order(
2025-10-28T11:27:04.232231969Z [inf]    File "/app/src/core/circuit_breaker.py", line 334, in call_async
2025-10-28T11:27:04.232235973Z [inf]  
2025-10-28T11:27:04.232239947Z [inf]                     ^^^^^^^^^^^^^^^^^^^^^^^^^^^^^^^^^^^^^^
2025-10-28T11:27:04.232241013Z [inf]      result = await func(*args, **kwargs)
2025-10-28T11:27:04.232244747Z [inf]  During handling of the above exception, another exception occurred:
2025-10-28T11:27:04.232249817Z [inf]    File "/app/src/clients/binance_client.py", line 583, in place_order
2025-10-28T11:27:04.232250916Z [inf]               ^^^^^^^^^^^^^^^^^^^^^^^^^^^
2025-10-28T11:27:04.232252984Z [inf]  
2025-10-28T11:27:04.232260205Z [inf]    File "/app/src/clients/binance_client.py", line 154, in _do_request
2025-10-28T11:27:04.232260826Z [inf]  Traceback (most recent call last):
2025-10-28T11:27:04.232267690Z [inf]      response.raise_for_status()
2025-10-28T11:27:04.232273170Z [inf]    File "/opt/venv/lib/python3.11/site-packages/aiohttp/client_reqrep.py", line 636, in raise_for_status
2025-10-28T11:27:04.232279912Z [inf]      raise ClientResponseError(
2025-10-28T11:27:04.232306018Z [inf]  Traceback (most recent call last):
2025-10-28T11:27:04.232311471Z [inf]    File "/app/src/clients/binance_client.py", line 191, in _request
2025-10-28T11:27:04.232317660Z [inf]      result = await self.circuit_breaker.call_async(_do_request)
2025-10-28T11:27:04.232322988Z [inf]               ^^^^^^^^^^^^^^^^^^^^^^^^^^^^^^^^^^^^^^^^^^^^^^^^^^
2025-10-28T11:27:04.233215196Z [inf]      return await self.create_order(symbol, side, order_type, quantity, price, stop_price, **kwargs)
2025-10-28T11:27:04.233219480Z [inf]             ^^^^^^^^^^^^^^^^^^^^^^^^^^^^^^^^^^^^^^^^^^^^^^^^^^^^^^^^^^^^^^^^^^^^^^^^^^^^^^^^^^^^^^^^
2025-10-28T11:27:04.233223812Z [inf]    File "/app/src/clients/binance_client.py", line 556, in create_order
2025-10-28T11:27:04.233227975Z [inf]      return await self._request("POST", "/fapi/v1/order", params=params, signed=True)
2025-10-28T11:27:04.233232566Z [inf]             ^^^^^^^^^^^^^^^^^^^^^^^^^^^^^^^^^^^^^^^^^^^^^^^^^^^^^^^^^^^^^^^^^^^^^^^^^
2025-10-28T11:27:04.233237077Z [inf]    File "/app/src/clients/binance_client.py", line 195, in _request
2025-10-28T11:27:04.233241447Z [inf]      raise BinanceRequestError(
2025-10-28T11:27:04.233245741Z [inf]  src.clients.binance_errors.BinanceRequestError: HTTP 400: Bad Request
2025-10-28T11:27:04.233249515Z [inf]  2025-10-28 11:27:04,169 - src.strategies.self_learning_trader - WARNING -    âš ï¸ ç„¡æ³•ç²å– ARCUSDT æœ€å°æ•¸é‡: '<' not supported between instances of 'float' and 'coroutine'
2025-10-28T11:27:04.233253388Z [inf]  2025-10-28 11:27:04,169 - src.strategies.self_learning_trader - INFO -    ğŸ’° å€‰ä½è¨ˆç®—: æ¬Šç›Š=$21.51 | æ§“æ¡¿=11.8x | åç¾©åƒ¹å€¼=$202.91 | æ•¸é‡=12999.013887 | å¯¦éš›åƒ¹å€¼=$202.91
2025-10-28T11:27:04.233257282Z [inf]  2025-10-28 11:27:04,169 - src.core.circuit_breaker - WARNING - âš ï¸  ç†”æ–·å™¨è­¦å‘Šç´š: å¤±æ•—1æ¬¡ (æ“ä½œ: generic, å„ªå…ˆç´š: NORMAL)
2025-10-28T11:27:04.263004100Z [inf]  2025-10-28 11:27:04,255 - src.core.circuit_breaker - WARNING - ğŸ”„ ç†”æ–·å™¨ç´šåˆ¥è®ŠåŒ–: warning â†’ normal (å¤±æ•—æ¬¡æ•¸: 0)
2025-10-28T11:27:04.263011412Z [inf]  2025-10-28 11:27:04,255 - src.clients.binance_client - INFO - å‰µå»ºè¨‚å–®: ARCUSDT BUY MARKET 12999.0
2025-10-28T11:27:04.344318767Z [inf]  2025-10-28 11:27:04,336 - src.clients.binance_client - ERROR - Binance API éŒ¯èª¤ 400: code=-4061, msg=Order's position side does not match user's setting., endpoint=/fapi/v1/order, params={'symbol': 'ARCUSDT', 'side': 'BUY', 'type': 'MARKET', 'quantity': 12999.0, 'timestamp': 1761650824255, 'signature': '8a1b77754db80a8a939a1c42492decf8c4d21330828e255f4cb006bf5f3f1722'}
2025-10-28T11:27:04.344320728Z [inf]    File "/app/src/core/circuit_breaker.py", line 339, in call_async
2025-10-28T11:27:04.344330904Z [inf]  2025-10-28 11:27:04,336 - src.core.circuit_breaker - WARNING - ğŸ”„ ç†”æ–·å™¨ç´šåˆ¥è®ŠåŒ–: normal â†’ warning (å¤±æ•—æ¬¡æ•¸: 1)
2025-10-28T11:27:04.344343708Z [inf]  2025-10-28 11:27:04,336 - src.clients.binance_client - ERROR - API è«‹æ±‚å¤±æ•—: /fapi/v1/order - HTTP 400: Bad Request
2025-10-28T11:27:04.344344673Z [inf]      raise e
2025-10-28T11:27:04.344359390Z [inf]  2025-10-28 11:27:04,336 - src.core.unified_scheduler - ERROR -    âŒ åŸ·è¡Œä¿¡è™Ÿå¤±æ•—: HTTP 400: Bad Request
2025-10-28T11:27:04.344361385Z [inf]    File "/app/src/core/circuit_breaker.py", line 334, in call_async
2025-10-28T11:27:04.344373502Z [inf]  Traceback (most recent call last):
2025-10-28T11:27:04.344377354Z [inf]      result = await func(*args, **kwargs)
2025-10-28T11:27:04.344387324Z [inf]    File "/app/src/clients/binance_client.py", line 191, in _request
2025-10-28T11:27:04.344392787Z [inf]               ^^^^^^^^^^^^^^^^^^^^^^^^^^^
2025-10-28T11:27:04.344403527Z [inf]      result = await self.circuit_breaker.call_async(_do_request)
2025-10-28T11:27:04.344407151Z [inf]    File "/app/src/clients/binance_client.py", line 154, in _do_request
2025-10-28T11:27:04.344419353Z [inf]      response.raise_for_status()
2025-10-28T11:27:04.344421235Z [inf]               ^^^^^^^^^^^^^^^^^^^^^^^^^^^^^^^^^^^^^^^^^^^^^^^^^^
2025-10-28T11:27:04.344431566Z [inf]    File "/opt/venv/lib/python3.11/site-packages/aiohttp/client_reqrep.py", line 636, in raise_for_status
2025-10-28T11:27:04.346355039Z [inf]  2025-10-28 11:27:04,337 - src.strategies.self_learning_trader - WARNING -    âš ï¸ ç„¡æ³•ç²å– GPSUSDT æœ€å°æ•¸é‡: '<' not supported between instances of 'float' and 'coroutine'
2025-10-28T11:27:04.346356028Z [inf]      raise ClientResponseError(
2025-10-28T11:27:04.346366851Z [inf]                     ^^^^^^^^^^^^^^^^^^^^^^^^^^^^^^^^^^^^^^
2025-10-28T11:27:04.346367383Z [inf]  aiohttp.client_exceptions.ClientResponseError: 400, message='Bad Request', url='https://fapi.binance.com/fapi/v1/order'
2025-10-28T11:27:04.346373113Z [inf]  
2025-10-28T11:27:04.346378666Z [inf]    File "/app/src/clients/binance_client.py", line 583, in place_order
2025-10-28T11:27:04.346383443Z [inf]  During handling of the above exception, another exception occurred:
2025-10-28T11:27:04.346385483Z [inf]      return await self.create_order(symbol, side, order_type, quantity, price, stop_price, **kwargs)
2025-10-28T11:27:04.346390583Z [inf]  
2025-10-28T11:27:04.346392817Z [inf]             ^^^^^^^^^^^^^^^^^^^^^^^^^^^^^^^^^^^^^^^^^^^^^^^^^^^^^^^^^^^^^^^^^^^^^^^^^^^^^^^^^^^^^^^^
2025-10-28T11:27:04.346397022Z [inf]  Traceback (most recent call last):
2025-10-28T11:27:04.346399288Z [inf]    File "/app/src/clients/binance_client.py", line 556, in create_order
2025-10-28T11:27:04.346402936Z [inf]    File "/app/src/core/unified_scheduler.py", line 393, in _execute_signal
2025-10-28T11:27:04.346408587Z [inf]      order_result = await self.binance_client.place_order(
2025-10-28T11:27:04.346410316Z [inf]      return await self._request("POST", "/fapi/v1/order", params=params, signed=True)
2025-10-28T11:27:04.346415926Z [inf]             ^^^^^^^^^^^^^^^^^^^^^^^^^^^^^^^^^^^^^^^^^^^^^^^^^^^^^^^^^^^^^^^^^^^^^^^^^
2025-10-28T11:27:04.346425096Z [inf]    File "/app/src/clients/binance_client.py", line 195, in _request
2025-10-28T11:27:04.346432062Z [inf]      raise BinanceRequestError(
2025-10-28T11:27:04.346439490Z [inf]  src.clients.binance_errors.BinanceRequestError: HTTP 400: Bad Request
2025-10-28T11:27:04.347857443Z [inf]  2025-10-28 11:27:04,338 - src.strategies.self_learning_trader - INFO -    ğŸ’° å€‰ä½è¨ˆç®—: æ¬Šç›Š=$21.51 | æ§“æ¡¿=12.7x | åç¾©åƒ¹å€¼=$219.37 | æ•¸é‡=24620.330242 | å¯¦éš›åƒ¹å€¼=$219.37
2025-10-28T11:27:04.347864812Z [inf]  2025-10-28 11:27:04,338 - src.core.circuit_breaker - WARNING - âš ï¸  ç†”æ–·å™¨è­¦å‘Šç´š: å¤±æ•—1æ¬¡ (æ“ä½œ: generic, å„ªå…ˆç´š: NORMAL)
2025-10-28T11:27:04.420211448Z [inf]  2025-10-28 11:27:04,416 - src.core.circuit_breaker - WARNING - ğŸ”„ ç†”æ–·å™¨ç´šåˆ¥è®ŠåŒ–: warning â†’ normal (å¤±æ•—æ¬¡æ•¸: 0)
2025-10-28T11:27:04.420219087Z [inf]  2025-10-28 11:27:04,417 - src.clients.binance_client - INFO - å‰µå»ºè¨‚å–®: GPSUSDT BUY MARKET 24620.0
2025-10-28T11:27:04.515314372Z [inf]               ^^^^^^^^^^^^^^^^^^^^^^^^^^^
2025-10-28T11:27:04.515327571Z [inf]    File "/app/src/clients/binance_client.py", line 154, in _do_request
2025-10-28T11:27:04.515335392Z [inf]      response.raise_for_status()
2025-10-28T11:27:04.515341511Z [inf]    File "/opt/venv/lib/python3.11/site-packages/aiohttp/client_reqrep.py", line 636, in raise_for_status
2025-10-28T11:27:04.515358227Z [inf]  2025-10-28 11:27:04,494 - src.clients.binance_client - ERROR - Binance API éŒ¯èª¤ 400: code=-4061, msg=Order's position side does not match user's setting., endpoint=/fapi/v1/order, params={'symbol': 'GPSUSDT', 'side': 'BUY', 'type': 'MARKET', 'quantity': 24620.0, 'timestamp': 1761650824417, 'signature': '6a334f22372c4084e18acf64be4dbda7e7fa162c7183bbce3bbb84040722e26a'}
2025-10-28T11:27:04.515364243Z [inf]  2025-10-28 11:27:04,495 - src.core.circuit_breaker - WARNING - ğŸ”„ ç†”æ–·å™¨ç´šåˆ¥è®ŠåŒ–: normal â†’ warning (å¤±æ•—æ¬¡æ•¸: 1)
2025-10-28T11:27:04.515370338Z [inf]  2025-10-28 11:27:04,495 - src.clients.binance_client - ERROR - API è«‹æ±‚å¤±æ•—: /fapi/v1/order - HTTP 400: Bad Request
2025-10-28T11:27:04.515376951Z [inf]  2025-10-28 11:27:04,495 - src.core.unified_scheduler - ERROR -    âŒ åŸ·è¡Œä¿¡è™Ÿå¤±æ•—: HTTP 400: Bad Request
2025-10-28T11:27:04.515382589Z [inf]  Traceback (most recent call last):
2025-10-28T11:27:04.515389515Z [inf]    File "/app/src/clients/binance_client.py", line 191, in _request
2025-10-28T11:27:04.515394404Z [inf]      result = await self.circuit_breaker.call_async(_do_request)
2025-10-28T11:27:04.515400622Z [inf]               ^^^^^^^^^^^^^^^^^^^^^^^^^^^^^^^^^^^^^^^^^^^^^^^^^^
2025-10-28T11:27:04.515406225Z [inf]    File "/app/src/core/circuit_breaker.py", line 339, in call_async
2025-10-28T11:27:04.515411424Z [inf]      raise e
2025-10-28T11:27:04.515417065Z [inf]    File "/app/src/core/circuit_breaker.py", line 334, in call_async
2025-10-28T11:27:04.515422627Z [inf]      result = await func(*args, **kwargs)
2025-10-28T11:27:04.517121243Z [inf]      raise ClientResponseError(
2025-10-28T11:27:04.517128170Z [inf]  aiohttp.client_exceptions.ClientResponseError: 400, message='Bad Request', url='https://fapi.binance.com/fapi/v1/order'
2025-10-28T11:27:04.517133931Z [inf]  
2025-10-28T11:27:04.517135396Z [inf]      raise BinanceRequestError(
2025-10-28T11:27:04.517139732Z [inf]  During handling of the above exception, another exception occurred:
2025-10-28T11:27:04.517140780Z [inf]    File "/app/src/core/unified_scheduler.py", line 393, in _execute_signal
2025-10-28T11:27:04.517145150Z [inf]  src.clients.binance_errors.BinanceRequestError: HTTP 400: Bad Request
2025-10-28T11:27:04.517147609Z [inf]  
2025-10-28T11:27:04.517152677Z [inf]      order_result = await self.binance_client.place_order(
2025-10-28T11:27:04.517154799Z [inf]  2025-10-28 11:27:04,495 - src.strategies.self_learning_trader - WARNING -    âš ï¸ ç„¡æ³•ç²å– SHELLUSDT æœ€å°æ•¸é‡: '<' not supported between instances of 'float' and 'coroutine'
2025-10-28T11:27:04.517155901Z [inf]  Traceback (most recent call last):
2025-10-28T11:27:04.517160480Z [inf]                     ^^^^^^^^^^^^^^^^^^^^^^^^^^^^^^^^^^^^^^
2025-10-28T11:27:04.517165729Z [inf]    File "/app/src/clients/binance_client.py", line 583, in place_order
2025-10-28T11:27:04.517171082Z [inf]      return await self.create_order(symbol, side, order_type, quantity, price, stop_price, **kwargs)
2025-10-28T11:27:04.517177092Z [inf]             ^^^^^^^^^^^^^^^^^^^^^^^^^^^^^^^^^^^^^^^^^^^^^^^^^^^^^^^^^^^^^^^^^^^^^^^^^^^^^^^^^^^^^^^^
2025-10-28T11:27:04.517182328Z [inf]    File "/app/src/clients/binance_client.py", line 556, in create_order
2025-10-28T11:27:04.517188672Z [inf]      return await self._request("POST", "/fapi/v1/order", params=params, signed=True)
2025-10-28T11:27:04.517195521Z [inf]             ^^^^^^^^^^^^^^^^^^^^^^^^^^^^^^^^^^^^^^^^^^^^^^^^^^^^^^^^^^^^^^^^^^^^^^^^^
2025-10-28T11:27:04.517202294Z [inf]    File "/app/src/clients/binance_client.py", line 195, in _request
2025-10-28T11:27:04.518597297Z [inf]  2025-10-28 11:27:04,495 - src.strategies.self_learning_trader - INFO -    ğŸ’° å€‰ä½è¨ˆç®—: æ¬Šç›Š=$21.51 | æ§“æ¡¿=12.3x | åç¾©åƒ¹å€¼=$211.14 | æ•¸é‡=1909.049499 | å¯¦éš›åƒ¹å€¼=$211.14
2025-10-28T11:27:04.518602865Z [inf]  2025-10-28 11:27:04,496 - src.core.circuit_breaker - WARNING - âš ï¸  ç†”æ–·å™¨è­¦å‘Šç´š: å¤±æ•—1æ¬¡ (æ“ä½œ: generic, å„ªå…ˆç´š: NORMAL)
2025-10-28T11:27:04.576701194Z [inf]  2025-10-28 11:27:04,573 - src.core.circuit_breaker - WARNING - ğŸ”„ ç†”æ–·å™¨ç´šåˆ¥è®ŠåŒ–: warning â†’ normal (å¤±æ•—æ¬¡æ•¸: 0)
2025-10-28T11:27:04.576715922Z [inf]  2025-10-28 11:27:04,574 - src.clients.binance_client - INFO - å‰µå»ºè¨‚å–®: SHELLUSDT BUY MARKET 1909.0
2025-10-28T11:27:04.663250111Z [inf]  2025-10-28 11:27:04,657 - src.clients.binance_client - ERROR - Binance API éŒ¯èª¤ 400: code=-4061, msg=Order's position side does not match user's setting., endpoint=/fapi/v1/order, params={'symbol': 'SHELLUSDT', 'side': 'BUY', 'type': 'MARKET', 'quantity': 1909.0, 'timestamp': 1761650824574, 'signature': 'da4aa30963f1686ae2f48b08c45c9d13b2c11bd25cb792409656925faea42f46'}
2025-10-28T11:27:04.663259710Z [inf]  2025-10-28 11:27:04,658 - src.core.circuit_breaker - WARNING - ğŸ”„ ç†”æ–·å™¨ç´šåˆ¥è®ŠåŒ–: normal â†’ warning (å¤±æ•—æ¬¡æ•¸: 1)
2025-10-28T11:27:04.663265781Z [inf]  2025-10-28 11:27:04,658 - src.clients.binance_client - ERROR - API è«‹æ±‚å¤±æ•—: /fapi/v1/order - HTTP 400: Bad Request
2025-10-28T11:27:04.663273785Z [inf]  2025-10-28 11:27:04,658 - src.core.unified_scheduler - ERROR -    âŒ åŸ·è¡Œä¿¡è™Ÿå¤±æ•—: HTTP 400: Bad Request
2025-10-28T11:27:04.663280569Z [inf]  Traceback (most recent call last):
2025-10-28T11:27:04.663287274Z [inf]    File "/app/src/clients/binance_client.py", line 191, in _request
2025-10-28T11:27:04.663293486Z [inf]      result = await self.circuit_breaker.call_async(_do_request)
2025-10-28T11:27:04.663299855Z [inf]               ^^^^^^^^^^^^^^^^^^^^^^^^^^^^^^^^^^^^^^^^^^^^^^^^^^
2025-10-28T11:27:04.663307097Z [inf]    File "/app/src/core/circuit_breaker.py", line 339, in call_async
2025-10-28T11:27:04.663313069Z [inf]      raise e
2025-10-28T11:27:04.663318648Z [inf]    File "/app/src/core/circuit_breaker.py", line 334, in call_async
2025-10-28T11:27:04.663325081Z [inf]      result = await func(*args, **kwargs)
2025-10-28T11:27:04.663331033Z [inf]               ^^^^^^^^^^^^^^^^^^^^^^^^^^^
2025-10-28T11:27:04.663339009Z [inf]    File "/app/src/clients/binance_client.py", line 154, in _do_request
2025-10-28T11:27:04.663344511Z [inf]      response.raise_for_status()
2025-10-28T11:27:04.663351927Z [inf]    File "/opt/venv/lib/python3.11/site-packages/aiohttp/client_reqrep.py", line 636, in raise_for_status
2025-10-28T11:27:04.665561342Z [inf]      raise ClientResponseError(
2025-10-28T11:27:04.665571415Z [inf]  aiohttp.client_exceptions.ClientResponseError: 400, message='Bad Request', url='https://fapi.binance.com/fapi/v1/order'
2025-10-28T11:27:04.665578088Z [inf]  
2025-10-28T11:27:04.665583936Z [inf]  During handling of the above exception, another exception occurred:
2025-10-28T11:27:04.665590015Z [inf]  
2025-10-28T11:27:04.665596035Z [inf]  Traceback (most recent call last):
2025-10-28T11:27:04.665601622Z [inf]    File "/app/src/core/unified_scheduler.py", line 393, in _execute_signal
2025-10-28T11:27:04.665607214Z [inf]      order_result = await self.binance_client.place_order(
2025-10-28T11:27:04.665612537Z [inf]                     ^^^^^^^^^^^^^^^^^^^^^^^^^^^^^^^^^^^^^^
2025-10-28T11:27:04.665618531Z [inf]    File "/app/src/clients/binance_client.py", line 583, in place_order
2025-10-28T11:27:04.665623506Z [inf]      return await self.create_order(symbol, side, order_type, quantity, price, stop_price, **kwargs)
2025-10-28T11:27:04.665630732Z [inf]             ^^^^^^^^^^^^^^^^^^^^^^^^^^^^^^^^^^^^^^^^^^^^^^^^^^^^^^^^^^^^^^^^^^^^^^^^^^^^^^^^^^^^^^^^
2025-10-28T11:27:04.665635683Z [inf]    File "/app/src/clients/binance_client.py", line 556, in create_order
2025-10-28T11:27:04.665640594Z [inf]      return await self._request("POST", "/fapi/v1/order", params=params, signed=True)
2025-10-28T11:27:04.665645486Z [inf]             ^^^^^^^^^^^^^^^^^^^^^^^^^^^^^^^^^^^^^^^^^^^^^^^^^^^^^^^^^^^^^^^^^^^^^^^^^
2025-10-28T11:27:04.665650604Z [inf]    File "/app/src/clients/binance_client.py", line 195, in _request
2025-10-28T11:27:04.665656238Z [inf]      raise BinanceRequestError(
2025-10-28T11:27:04.665661788Z [inf]  src.clients.binance_errors.BinanceRequestError: HTTP 400: Bad Request
2025-10-28T11:27:04.665669581Z [inf]  2025-10-28 11:27:04,658 - src.strategies.self_learning_trader - WARNING -    âš ï¸ ç„¡æ³•ç²å– FORTHUSDT æœ€å°æ•¸é‡: '<' not supported between instances of 'float' and 'coroutine'
2025-10-28T11:27:04.667222760Z [inf]  2025-10-28 11:27:04,658 - src.strategies.self_learning_trader - INFO -    ğŸ’° å€‰ä½è¨ˆç®—: æ¬Šç›Š=$21.51 | æ§“æ¡¿=11.8x | åç¾©åƒ¹å€¼=$202.91 | æ•¸é‡=86.752718 | å¯¦éš›åƒ¹å€¼=$202.91
2025-10-28T11:27:04.667230821Z [inf]  2025-10-28 11:27:04,658 - src.core.circuit_breaker - WARNING - âš ï¸  ç†”æ–·å™¨è­¦å‘Šç´š: å¤±æ•—1æ¬¡ (æ“ä½œ: generic, å„ªå…ˆç´š: NORMAL)
2025-10-28T11:27:05.235775633Z [inf]  2025-10-28 11:27:04,877 - src.core.circuit_breaker - WARNING - ğŸ”„ ç†”æ–·å™¨ç´šåˆ¥è®ŠåŒ–: warning â†’ normal (å¤±æ•—æ¬¡æ•¸: 0)
2025-10-28T11:27:05.235781490Z [inf]  2025-10-28 11:27:04,878 - src.clients.binance_client - INFO - å‰µå»ºè¨‚å–®: FORTHUSDT BUY MARKET 86.7
2025-10-28T11:27:05.235787944Z [inf]  2025-10-28 11:27:04,954 - src.clients.binance_client - ERROR - Binance API éŒ¯èª¤ 400: code=-4061, msg=Order's position side does not match user's setting., endpoint=/fapi/v1/order, params={'symbol': 'FORTHUSDT', 'side': 'BUY', 'type': 'MARKET', 'quantity': 86.7, 'timestamp': 1761650824878, 'signature': '0874aae63c0150603f63ace813ff3a8b51cf36758e1f198f380bbfe78b0f44a9'}
2025-10-28T11:27:05.235792954Z [inf]               ^^^^^^^^^^^^^^^^^^^^^^^^^^^
2025-10-28T11:27:05.235794355Z [inf]  2025-10-28 11:27:04,954 - src.core.circuit_breaker - WARNING - ğŸ”„ ç†”æ–·å™¨ç´šåˆ¥è®ŠåŒ–: normal â†’ warning (å¤±æ•—æ¬¡æ•¸: 1)
2025-10-28T11:27:05.235802390Z [inf]  2025-10-28 11:27:04,954 - src.clients.binance_client - ERROR - API è«‹æ±‚å¤±æ•—: /fapi/v1/order - HTTP 400: Bad Request
2025-10-28T11:27:05.235809018Z [inf]  2025-10-28 11:27:04,954 - src.core.unified_scheduler - ERROR -    âŒ åŸ·è¡Œä¿¡è™Ÿå¤±æ•—: HTTP 400: Bad Request
2025-10-28T11:27:05.235814363Z [inf]  Traceback (most recent call last):
2025-10-28T11:27:05.235824347Z [inf]    File "/app/src/clients/binance_client.py", line 191, in _request
2025-10-28T11:27:05.235831207Z [inf]    File "/app/src/core/circuit_breaker.py", line 339, in call_async
2025-10-28T11:27:05.235834068Z [inf]      result = await self.circuit_breaker.call_async(_do_request)
2025-10-28T11:27:05.235840103Z [inf]               ^^^^^^^^^^^^^^^^^^^^^^^^^^^^^^^^^^^^^^^^^^^^^^^^^^
2025-10-28T11:27:05.235840458Z [inf]      raise e
2025-10-28T11:27:05.235850642Z [inf]    File "/app/src/core/circuit_breaker.py", line 334, in call_async
2025-10-28T11:27:05.235857037Z [inf]      result = await func(*args, **kwargs)
2025-10-28T11:27:05.236851066Z [inf]    File "/app/src/clients/binance_client.py", line 154, in _do_request
2025-10-28T11:27:05.236856920Z [inf]      response.raise_for_status()
2025-10-28T11:27:05.236862455Z [inf]    File "/opt/venv/lib/python3.11/site-packages/aiohttp/client_reqrep.py", line 636, in raise_for_status
2025-10-28T11:27:05.236868768Z [inf]      raise ClientResponseError(
2025-10-28T11:27:05.236874631Z [inf]  aiohttp.client_exceptions.ClientResponseError: 400, message='Bad Request', url='https://fapi.binance.com/fapi/v1/order'
2025-10-28T11:27:05.236880572Z [inf]  
2025-10-28T11:27:05.236885999Z [inf]  During handling of the above exception, another exception occurred:
2025-10-28T11:27:05.236891942Z [inf]  
2025-10-28T11:27:05.236897802Z [inf]  Traceback (most recent call last):
2025-10-28T11:27:05.236903631Z [inf]    File "/app/src/core/unified_scheduler.py", line 393, in _execute_signal
2025-10-28T11:27:05.236908536Z [inf]      order_result = await self.binance_client.place_order(
2025-10-28T11:27:05.236913498Z [inf]                     ^^^^^^^^^^^^^^^^^^^^^^^^^^^^^^^^^^^^^^
2025-10-28T11:27:05.236918055Z [inf]    File "/app/src/clients/binance_client.py", line 583, in place_order
2025-10-28T11:27:05.236923210Z [inf]      return await self.create_order(symbol, side, order_type, quantity, price, stop_price, **kwargs)
2025-10-28T11:27:05.236926954Z [inf]             ^^^^^^^^^^^^^^^^^^^^^^^^^^^^^^^^^^^^^^^^^^^^^^^^^^^^^^^^^^^^^^^^^^^^^^^^^^^^^^^^^^^^^^^^
2025-10-28T11:27:05.236931240Z [inf]    File "/app/src/clients/binance_client.py", line 556, in create_order
2025-10-28T11:27:05.236935899Z [inf]      return await self._request("POST", "/fapi/v1/order", params=params, signed=True)
2025-10-28T11:27:05.236941108Z [inf]             ^^^^^^^^^^^^^^^^^^^^^^^^^^^^^^^^^^^^^^^^^^^^^^^^^^^^^^^^^^^^^^^^^^^^^^^^^
2025-10-28T11:27:05.236945393Z [inf]    File "/app/src/clients/binance_client.py", line 195, in _request
2025-10-28T11:27:05.237665772Z [inf]      raise BinanceRequestError(
2025-10-28T11:27:05.237666246Z [inf]  2025-10-28 11:27:05,033 - src.clients.binance_client - INFO - å‰µå»ºè¨‚å–®: OGUSDT SELL MARKET 16.6
2025-10-28T11:27:05.237671644Z [inf]  src.clients.binance_errors.BinanceRequestError: HTTP 400: Bad Request
2025-10-28T11:27:05.237676541Z [inf]  2025-10-28 11:27:04,955 - src.strategies.self_learning_trader - WARNING -    âš ï¸ ç„¡æ³•ç²å– OGUSDT æœ€å°æ•¸é‡: '<' not supported between instances of 'float' and 'coroutine'
2025-10-28T11:27:05.237681070Z [inf]  2025-10-28 11:27:04,955 - src.strategies.self_learning_trader - INFO -    ğŸ’° å€‰ä½è¨ˆç®—: æ¬Šç›Š=$21.51 | æ§“æ¡¿=13.1x | åç¾©åƒ¹å€¼=$224.85 | æ•¸é‡=16.640862 | å¯¦éš›åƒ¹å€¼=$224.85
2025-10-28T11:27:05.237684947Z [inf]  2025-10-28 11:27:04,955 - src.core.circuit_breaker - WARNING - âš ï¸  ç†”æ–·å™¨è­¦å‘Šç´š: å¤±æ•—1æ¬¡ (æ“ä½œ: generic, å„ªå…ˆç´š: NORMAL)
2025-10-28T11:27:05.237689259Z [inf]  2025-10-28 11:27:05,032 - src.core.circuit_breaker - WARNING - ğŸ”„ ç†”æ–·å™¨ç´šåˆ¥è®ŠåŒ–: warning â†’ normal (å¤±æ•—æ¬¡æ•¸: 0)
2025-10-28T11:27:05.251407157Z [inf]               ^^^^^^^^^^^^^^^^^^^^^^^^^^^
2025-10-28T11:27:05.251416523Z [inf]    File "/app/src/clients/binance_client.py", line 154, in _do_request
2025-10-28T11:27:05.251422902Z [inf]      response.raise_for_status()
2025-10-28T11:27:05.251424596Z [inf]  2025-10-28 11:27:05,247 - src.clients.binance_client - ERROR - Binance API éŒ¯èª¤ 400: code=-4061, msg=Order's position side does not match user's setting., endpoint=/fapi/v1/order, params={'symbol': 'OGUSDT', 'side': 'SELL', 'type': 'MARKET', 'quantity': 16.6, 'timestamp': 1761650825033, 'signature': 'e66eda176d4140847e75bdc386cc4ace23746c662e200172b1d4a8ecbfa6b81b'}
2025-10-28T11:27:05.251428368Z [inf]    File "/opt/venv/lib/python3.11/site-packages/aiohttp/client_reqrep.py", line 636, in raise_for_status
2025-10-28T11:27:05.251434513Z [inf]  2025-10-28 11:27:05,248 - src.core.circuit_breaker - WARNING - ğŸ”„ ç†”æ–·å™¨ç´šåˆ¥è®ŠåŒ–: normal â†’ warning (å¤±æ•—æ¬¡æ•¸: 1)
2025-10-28T11:27:05.251440505Z [inf]  2025-10-28 11:27:05,248 - src.clients.binance_client - ERROR - API è«‹æ±‚å¤±æ•—: /fapi/v1/order - HTTP 400: Bad Request
2025-10-28T11:27:05.251447196Z [inf]  2025-10-28 11:27:05,248 - src.core.unified_scheduler - ERROR -    âŒ åŸ·è¡Œä¿¡è™Ÿå¤±æ•—: HTTP 400: Bad Request
2025-10-28T11:27:05.251453954Z [inf]  Traceback (most recent call last):
2025-10-28T11:27:05.251463207Z [inf]    File "/app/src/clients/binance_client.py", line 191, in _request
2025-10-28T11:27:05.251469256Z [inf]      result = await self.circuit_breaker.call_async(_do_request)
2025-10-28T11:27:05.251474037Z [inf]               ^^^^^^^^^^^^^^^^^^^^^^^^^^^^^^^^^^^^^^^^^^^^^^^^^^
2025-10-28T11:27:05.251478240Z [inf]    File "/app/src/core/circuit_breaker.py", line 339, in call_async
2025-10-28T11:27:05.251483451Z [inf]      raise e
2025-10-28T11:27:05.251488547Z [inf]    File "/app/src/core/circuit_breaker.py", line 334, in call_async
2025-10-28T11:27:05.251492692Z [inf]      result = await func(*args, **kwargs)
2025-10-28T11:27:05.252670958Z [inf]      raise ClientResponseError(
2025-10-28T11:27:05.252676336Z [inf]  aiohttp.client_exceptions.ClientResponseError: 400, message='Bad Request', url='https://fapi.binance.com/fapi/v1/order'
2025-10-28T11:27:05.252679990Z [inf]  
2025-10-28T11:27:05.252683832Z [inf]  During handling of the above exception, another exception occurred:
2025-10-28T11:27:05.252689056Z [inf]  
2025-10-28T11:27:05.252693684Z [inf]  Traceback (most recent call last):
2025-10-28T11:27:05.252697471Z [inf]    File "/app/src/core/unified_scheduler.py", line 393, in _execute_signal
2025-10-28T11:27:05.252701260Z [inf]      order_result = await self.binance_client.place_order(
2025-10-28T11:27:05.252706430Z [inf]                     ^^^^^^^^^^^^^^^^^^^^^^^^^^^^^^^^^^^^^^
2025-10-28T11:27:05.252711533Z [inf]    File "/app/src/clients/binance_client.py", line 583, in place_order
2025-10-28T11:27:05.252716671Z [inf]      return await self.create_order(symbol, side, order_type, quantity, price, stop_price, **kwargs)
2025-10-28T11:27:05.252722175Z [inf]             ^^^^^^^^^^^^^^^^^^^^^^^^^^^^^^^^^^^^^^^^^^^^^^^^^^^^^^^^^^^^^^^^^^^^^^^^^^^^^^^^^^^^^^^^
2025-10-28T11:27:05.252727716Z [inf]    File "/app/src/clients/binance_client.py", line 556, in create_order
2025-10-28T11:27:05.252732248Z [inf]      return await self._request("POST", "/fapi/v1/order", params=params, signed=True)
2025-10-28T11:27:05.252742723Z [inf]             ^^^^^^^^^^^^^^^^^^^^^^^^^^^^^^^^^^^^^^^^^^^^^^^^^^^^^^^^^^^^^^^^^^^^^^^^^
2025-10-28T11:27:05.252747335Z [inf]    File "/app/src/clients/binance_client.py", line 195, in _request
2025-10-28T11:27:05.252751668Z [inf]      raise BinanceRequestError(
2025-10-28T11:27:05.252755764Z [inf]  src.clients.binance_errors.BinanceRequestError: HTTP 400: Bad Request
2025-10-28T11:27:05.252759598Z [inf]  2025-10-28 11:27:05,249 - src.strategies.self_learning_trader - WARNING -    âš ï¸ ç„¡æ³•ç²å– BUSDT æœ€å°æ•¸é‡: '<' not supported between instances of 'float' and 'coroutine'
2025-10-28T11:27:05.254299176Z [inf]  2025-10-28 11:27:05,249 - src.strategies.self_learning_trader - INFO -    ğŸ’° å€‰ä½è¨ˆç®—: æ¬Šç›Š=$21.51 | æ§“æ¡¿=11.5x | åç¾©åƒ¹å€¼=$197.43 | æ•¸é‡=999.141843 | å¯¦éš›åƒ¹å€¼=$197.43
2025-10-28T11:27:05.254307606Z [inf]  2025-10-28 11:27:05,249 - src.core.circuit_breaker - WARNING - âš ï¸  ç†”æ–·å™¨è­¦å‘Šç´š: å¤±æ•—1æ¬¡ (æ“ä½œ: generic, å„ªå…ˆç´š: NORMAL)
2025-10-28T11:27:05.329027947Z [inf]  2025-10-28 11:27:05,326 - src.core.circuit_breaker - WARNING - ğŸ”„ ç†”æ–·å™¨ç´šåˆ¥è®ŠåŒ–: warning â†’ normal (å¤±æ•—æ¬¡æ•¸: 0)
2025-10-28T11:27:05.329038221Z [inf]  2025-10-28 11:27:05,326 - src.clients.binance_client - INFO - å‰µå»ºè¨‚å–®: BUSDT BUY MARKET 999.0
2025-10-28T11:27:05.404533111Z [inf]  2025-10-28 11:27:05,401 - src.clients.binance_client - ERROR - Binance API éŒ¯èª¤ 400: code=-4061, msg=Order's position side does not match user's setting., endpoint=/fapi/v1/order, params={'symbol': 'BUSDT', 'side': 'BUY', 'type': 'MARKET', 'quantity': 999.0, 'timestamp': 1761650825326, 'signature': '234e5142f2772b527757a7e29a08d25896eba348b58ff014a0b4ac16199d0b68'}
2025-10-28T11:27:05.404539912Z [inf]  2025-10-28 11:27:05,402 - src.core.circuit_breaker - WARNING - ğŸ”„ ç†”æ–·å™¨ç´šåˆ¥è®ŠåŒ–: normal â†’ warning (å¤±æ•—æ¬¡æ•¸: 1)
2025-10-28T11:27:05.404546424Z [inf]  2025-10-28 11:27:05,402 - src.clients.binance_client - ERROR - API è«‹æ±‚å¤±æ•—: /fapi/v1/order - HTTP 400: Bad Request
2025-10-28T11:27:05.404574594Z [inf]  2025-10-28 11:27:05,402 - src.core.unified_scheduler - ERROR -    âŒ åŸ·è¡Œä¿¡è™Ÿå¤±æ•—: HTTP 400: Bad Request
2025-10-28T11:27:05.404582499Z [inf]  Traceback (most recent call last):
2025-10-28T11:27:05.404589442Z [inf]    File "/app/src/clients/binance_client.py", line 191, in _request
2025-10-28T11:27:05.404608824Z [inf]      result = await self.circuit_breaker.call_async(_do_request)
2025-10-28T11:27:05.404616751Z [inf]               ^^^^^^^^^^^^^^^^^^^^^^^^^^^^^^^^^^^^^^^^^^^^^^^^^^
2025-10-28T11:27:05.404624644Z [inf]    File "/app/src/core/circuit_breaker.py", line 339, in call_async
2025-10-28T11:27:05.404630619Z [inf]      raise e
2025-10-28T11:27:05.404636605Z [inf]    File "/app/src/core/circuit_breaker.py", line 334, in call_async
2025-10-28T11:27:05.404643369Z [inf]      result = await func(*args, **kwargs)
2025-10-28T11:27:05.404649342Z [inf]               ^^^^^^^^^^^^^^^^^^^^^^^^^^^
2025-10-28T11:27:05.404655133Z [inf]    File "/app/src/clients/binance_client.py", line 154, in _do_request
2025-10-28T11:27:05.404660225Z [inf]      response.raise_for_status()
2025-10-28T11:27:05.404666881Z [inf]    File "/opt/venv/lib/python3.11/site-packages/aiohttp/client_reqrep.py", line 636, in raise_for_status
2025-10-28T11:27:05.406773372Z [inf]      raise ClientResponseError(
2025-10-28T11:27:05.406783479Z [inf]  aiohttp.client_exceptions.ClientResponseError: 400, message='Bad Request', url='https://fapi.binance.com/fapi/v1/order'
2025-10-28T11:27:05.406789581Z [inf]      return await self.create_order(symbol, side, order_type, quantity, price, stop_price, **kwargs)
2025-10-28T11:27:05.406791612Z [inf]  
2025-10-28T11:27:05.406799279Z [inf]             ^^^^^^^^^^^^^^^^^^^^^^^^^^^^^^^^^^^^^^^^^^^^^^^^^^^^^^^^^^^^^^^^^^^^^^^^^^^^^^^^^^^^^^^^
2025-10-28T11:27:05.406805055Z [inf]    File "/app/src/clients/binance_client.py", line 556, in create_order
2025-10-28T11:27:05.406810572Z [inf]      return await self._request("POST", "/fapi/v1/order", params=params, signed=True)
2025-10-28T11:27:05.406815432Z [inf]             ^^^^^^^^^^^^^^^^^^^^^^^^^^^^^^^^^^^^^^^^^^^^^^^^^^^^^^^^^^^^^^^^^^^^^^^^^
2025-10-28T11:27:05.406820571Z [inf]    File "/app/src/clients/binance_client.py", line 195, in _request
2025-10-28T11:27:05.406824780Z [inf]      raise BinanceRequestError(
2025-10-28T11:27:05.406829894Z [inf]  src.clients.binance_errors.BinanceRequestError: HTTP 400: Bad Request
2025-10-28T11:27:05.406834830Z [inf]  2025-10-28 11:27:05,403 - src.strategies.self_learning_trader - WARNING -    âš ï¸ ç„¡æ³•ç²å– PUMPUSDT æœ€å°æ•¸é‡: '<' not supported between instances of 'float' and 'coroutine'
2025-10-28T11:27:05.406886167Z [inf]  During handling of the above exception, another exception occurred:
2025-10-28T11:27:05.406894739Z [inf]  
2025-10-28T11:27:05.406900802Z [inf]  Traceback (most recent call last):
2025-10-28T11:27:05.406911773Z [inf]    File "/app/src/core/unified_scheduler.py", line 393, in _execute_signal
2025-10-28T11:27:05.406918278Z [inf]      order_result = await self.binance_client.place_order(
2025-10-28T11:27:05.406923962Z [inf]                     ^^^^^^^^^^^^^^^^^^^^^^^^^^^^^^^^^^^^^^
2025-10-28T11:27:05.406929579Z [inf]    File "/app/src/clients/binance_client.py", line 583, in place_order
2025-10-28T11:27:05.408013171Z [inf]  2025-10-28 11:27:05,403 - src.strategies.self_learning_trader - INFO -    ğŸ’° å€‰ä½è¨ˆç®—: æ¬Šç›Š=$21.51 | æ§“æ¡¿=13.1x | åç¾©åƒ¹å€¼=$224.85 | æ•¸é‡=44036.686451 | å¯¦éš›åƒ¹å€¼=$224.85
2025-10-28T11:27:05.408019980Z [inf]  2025-10-28 11:27:05,403 - src.core.circuit_breaker - WARNING - âš ï¸  ç†”æ–·å™¨è­¦å‘Šç´š: å¤±æ•—1æ¬¡ (æ“ä½œ: generic, å„ªå…ˆç´š: NORMAL)
2025-10-28T11:27:05.485736138Z [inf]  2025-10-28 11:27:05,478 - src.core.circuit_breaker - WARNING - ğŸ”„ ç†”æ–·å™¨ç´šåˆ¥è®ŠåŒ–: warning â†’ normal (å¤±æ•—æ¬¡æ•¸: 0)
2025-10-28T11:27:05.485744552Z [inf]  2025-10-28 11:27:05,479 - src.clients.binance_client - INFO - å‰µå»ºè¨‚å–®: PUMPUSDT BUY MARKET 44036.0
2025-10-28T11:27:05.579508771Z [inf]  2025-10-28 11:27:05,562 - src.clients.binance_client - ERROR - Binance API éŒ¯èª¤ 400: code=-4061, msg=Order's position side does not match user's setting., endpoint=/fapi/v1/order, params={'symbol': 'PUMPUSDT', 'side': 'BUY', 'type': 'MARKET', 'quantity': 44036.0, 'timestamp': 1761650825479, 'signature': '7f23e2e613179c564d30f585b48906b7a03c2d4bf045f17471cfb749719800b9'}
2025-10-28T11:27:05.579523375Z [inf]  2025-10-28 11:27:05,563 - src.core.circuit_breaker - WARNING - ğŸ”„ ç†”æ–·å™¨ç´šåˆ¥è®ŠåŒ–: normal â†’ warning (å¤±æ•—æ¬¡æ•¸: 1)
2025-10-28T11:27:05.579531478Z [inf]  2025-10-28 11:27:05,563 - src.clients.binance_client - ERROR - API è«‹æ±‚å¤±æ•—: /fapi/v1/order - HTTP 400: Bad Request
2025-10-28T11:27:05.579537938Z [inf]  2025-10-28 11:27:05,563 - src.core.unified_scheduler - ERROR -    âŒ åŸ·è¡Œä¿¡è™Ÿå¤±æ•—: HTTP 400: Bad Request
2025-10-28T11:27:05.579544531Z [inf]  Traceback (most recent call last):
2025-10-28T11:27:05.579551205Z [inf]    File "/app/src/clients/binance_client.py", line 191, in _request
2025-10-28T11:27:05.579558446Z [inf]      result = await self.circuit_breaker.call_async(_do_request)
2025-10-28T11:27:05.579564960Z [inf]               ^^^^^^^^^^^^^^^^^^^^^^^^^^^^^^^^^^^^^^^^^^^^^^^^^^
2025-10-28T11:27:05.579571114Z [inf]    File "/app/src/core/circuit_breaker.py", line 339, in call_async
2025-10-28T11:27:05.579578035Z [inf]      raise e
2025-10-28T11:27:05.579584893Z [inf]    File "/app/src/core/circuit_breaker.py", line 334, in call_async
2025-10-28T11:27:05.579590978Z [inf]      result = await func(*args, **kwargs)
2025-10-28T11:27:05.579596710Z [inf]               ^^^^^^^^^^^^^^^^^^^^^^^^^^^
2025-10-28T11:27:05.579602793Z [inf]    File "/app/src/clients/binance_client.py", line 154, in _do_request
2025-10-28T11:27:05.579608862Z [inf]      response.raise_for_status()
2025-10-28T11:27:05.579615210Z [inf]    File "/opt/venv/lib/python3.11/site-packages/aiohttp/client_reqrep.py", line 636, in raise_for_status
2025-10-28T11:27:05.581452249Z [inf]      raise ClientResponseError(
2025-10-28T11:27:05.581459808Z [inf]  aiohttp.client_exceptions.ClientResponseError: 400, message='Bad Request', url='https://fapi.binance.com/fapi/v1/order'
2025-10-28T11:27:05.581467607Z [inf]  
2025-10-28T11:27:05.581477820Z [inf]  During handling of the above exception, another exception occurred:
2025-10-28T11:27:05.581486577Z [inf]  
2025-10-28T11:27:05.581507215Z [inf]  Traceback (most recent call last):
2025-10-28T11:27:05.581515440Z [inf]    File "/app/src/core/unified_scheduler.py", line 393, in _execute_signal
2025-10-28T11:27:05.581521314Z [inf]      order_result = await self.binance_client.place_order(
2025-10-28T11:27:05.581527836Z [inf]                     ^^^^^^^^^^^^^^^^^^^^^^^^^^^^^^^^^^^^^^
2025-10-28T11:27:05.581535052Z [inf]    File "/app/src/clients/binance_client.py", line 583, in place_order
2025-10-28T11:27:05.581545802Z [inf]      return await self.create_order(symbol, side, order_type, quantity, price, stop_price, **kwargs)
2025-10-28T11:27:05.581551038Z [inf]             ^^^^^^^^^^^^^^^^^^^^^^^^^^^^^^^^^^^^^^^^^^^^^^^^^^^^^^^^^^^^^^^^^^^^^^^^^^^^^^^^^^^^^^^^
2025-10-28T11:27:05.581560634Z [inf]    File "/app/src/clients/binance_client.py", line 556, in create_order
2025-10-28T11:27:05.581567776Z [inf]      return await self._request("POST", "/fapi/v1/order", params=params, signed=True)
2025-10-28T11:27:05.581573309Z [inf]             ^^^^^^^^^^^^^^^^^^^^^^^^^^^^^^^^^^^^^^^^^^^^^^^^^^^^^^^^^^^^^^^^^^^^^^^^^
2025-10-28T11:27:05.581580472Z [inf]    File "/app/src/clients/binance_client.py", line 195, in _request
2025-10-28T11:27:05.581587404Z [inf]      raise BinanceRequestError(
2025-10-28T11:27:05.581594526Z [inf]  src.clients.binance_errors.BinanceRequestError: HTTP 400: Bad Request
2025-10-28T11:27:05.581600910Z [inf]  2025-10-28 11:27:05,564 - src.strategies.self_learning_trader - WARNING -    âš ï¸ ç„¡æ³•ç²å– TAKEUSDT æœ€å°æ•¸é‡: '<' not supported between instances of 'float' and 'coroutine'
2025-10-28T11:27:05.583017370Z [inf]  2025-10-28 11:27:05,564 - src.strategies.self_learning_trader - INFO -    ğŸ’° å€‰ä½è¨ˆç®—: æ¬Šç›Š=$21.51 | æ§“æ¡¿=12.7x | åç¾©åƒ¹å€¼=$219.37 | æ•¸é‡=780.610428 | å¯¦éš›åƒ¹å€¼=$219.37
2025-10-28T11:27:05.583025952Z [inf]  2025-10-28 11:27:05,564 - src.core.circuit_breaker - WARNING - âš ï¸  ç†”æ–·å™¨è­¦å‘Šç´š: å¤±æ•—1æ¬¡ (æ“ä½œ: generic, å„ªå…ˆç´š: NORMAL)
2025-10-28T11:27:05.791748339Z [inf]  2025-10-28 11:27:05,781 - src.core.circuit_breaker - WARNING - ğŸ”„ ç†”æ–·å™¨ç´šåˆ¥è®ŠåŒ–: warning â†’ normal (å¤±æ•—æ¬¡æ•¸: 0)
2025-10-28T11:27:05.791757626Z [inf]  2025-10-28 11:27:05,781 - src.clients.binance_client - INFO - å‰µå»ºè¨‚å–®: TAKEUSDT SELL MARKET 780.0
2025-10-28T11:27:05.861159628Z [inf]  2025-10-28 11:27:05,858 - src.clients.binance_client - ERROR - Binance API éŒ¯èª¤ 400: code=-4061, msg=Order's position side does not match user's setting., endpoint=/fapi/v1/order, params={'symbol': 'TAKEUSDT', 'side': 'SELL', 'type': 'MARKET', 'quantity': 780.0, 'timestamp': 1761650825781, 'signature': '168075167d7e4f7cdcad0c59fedea4c16984e95da0dee4e7136d560060fe2407'}
2025-10-28T11:27:05.861178816Z [inf]  2025-10-28 11:27:05,859 - src.core.circuit_breaker - WARNING - ğŸ”„ ç†”æ–·å™¨ç´šåˆ¥è®ŠåŒ–: normal â†’ warning (å¤±æ•—æ¬¡æ•¸: 1)
2025-10-28T11:27:05.861190556Z [inf]  2025-10-28 11:27:05,859 - src.clients.binance_client - ERROR - API è«‹æ±‚å¤±æ•—: /fapi/v1/order - HTTP 400: Bad Request
2025-10-28T11:27:05.861199305Z [inf]  2025-10-28 11:27:05,859 - src.core.unified_scheduler - ERROR -    âŒ åŸ·è¡Œä¿¡è™Ÿå¤±æ•—: HTTP 400: Bad Request
2025-10-28T11:27:05.861209589Z [inf]  Traceback (most recent call last):
2025-10-28T11:27:05.861220356Z [inf]    File "/app/src/clients/binance_client.py", line 191, in _request
2025-10-28T11:27:05.861229781Z [inf]      result = await self.circuit_breaker.call_async(_do_request)
2025-10-28T11:27:05.861238175Z [inf]               ^^^^^^^^^^^^^^^^^^^^^^^^^^^^^^^^^^^^^^^^^^^^^^^^^^
2025-10-28T11:27:05.861246464Z [inf]    File "/app/src/core/circuit_breaker.py", line 339, in call_async
2025-10-28T11:27:05.861256206Z [inf]      raise e
2025-10-28T11:27:05.861264355Z [inf]    File "/app/src/core/circuit_breaker.py", line 334, in call_async
2025-10-28T11:27:05.861272436Z [inf]      result = await func(*args, **kwargs)
2025-10-28T11:27:05.861280205Z [inf]               ^^^^^^^^^^^^^^^^^^^^^^^^^^^
2025-10-28T11:27:05.861287280Z [inf]    File "/app/src/clients/binance_client.py", line 154, in _do_request
2025-10-28T11:27:05.861294919Z [inf]      response.raise_for_status()
2025-10-28T11:27:05.861305241Z [inf]    File "/opt/venv/lib/python3.11/site-packages/aiohttp/client_reqrep.py", line 636, in raise_for_status
2025-10-28T11:27:05.862909641Z [inf]      raise ClientResponseError(
2025-10-28T11:27:05.862919114Z [inf]  aiohttp.client_exceptions.ClientResponseError: 400, message='Bad Request', url='https://fapi.binance.com/fapi/v1/order'
2025-10-28T11:27:05.862925670Z [inf]  
2025-10-28T11:27:05.862932214Z [inf]  During handling of the above exception, another exception occurred:
2025-10-28T11:27:05.862939044Z [inf]  
2025-10-28T11:27:05.862946037Z [inf]  Traceback (most recent call last):
2025-10-28T11:27:05.862954488Z [inf]    File "/app/src/core/unified_scheduler.py", line 393, in _execute_signal
2025-10-28T11:27:05.862961026Z [inf]      order_result = await self.binance_client.place_order(
2025-10-28T11:27:05.862968093Z [inf]                     ^^^^^^^^^^^^^^^^^^^^^^^^^^^^^^^^^^^^^^
2025-10-28T11:27:05.862974955Z [inf]    File "/app/src/clients/binance_client.py", line 583, in place_order
2025-10-28T11:27:05.862982954Z [inf]      return await self.create_order(symbol, side, order_type, quantity, price, stop_price, **kwargs)
2025-10-28T11:27:05.862990506Z [inf]             ^^^^^^^^^^^^^^^^^^^^^^^^^^^^^^^^^^^^^^^^^^^^^^^^^^^^^^^^^^^^^^^^^^^^^^^^^^^^^^^^^^^^^^^^
2025-10-28T11:27:05.862997190Z [inf]    File "/app/src/clients/binance_client.py", line 556, in create_order
2025-10-28T11:27:05.863004772Z [inf]      return await self._request("POST", "/fapi/v1/order", params=params, signed=True)
2025-10-28T11:27:05.863011040Z [inf]             ^^^^^^^^^^^^^^^^^^^^^^^^^^^^^^^^^^^^^^^^^^^^^^^^^^^^^^^^^^^^^^^^^^^^^^^^^
2025-10-28T11:27:05.863017082Z [inf]    File "/app/src/clients/binance_client.py", line 195, in _request
2025-10-28T11:27:05.863023704Z [inf]      raise BinanceRequestError(
2025-10-28T11:27:05.863031277Z [inf]  src.clients.binance_errors.BinanceRequestError: HTTP 400: Bad Request
2025-10-28T11:27:05.863037448Z [inf]  2025-10-28 11:27:05,859 - src.strategies.self_learning_trader - WARNING -    âš ï¸ ç„¡æ³•ç²å– TRADOORUSDT æœ€å°æ•¸é‡: '<' not supported between instances of 'float' and 'coroutine'
2025-10-28T11:27:05.864378288Z [inf]  2025-10-28 11:27:05,860 - src.strategies.self_learning_trader - INFO -    ğŸ’° å€‰ä½è¨ˆç®—: æ¬Šç›Š=$21.51 | æ§“æ¡¿=11.2x | åç¾©åƒ¹å€¼=$191.95 | æ•¸é‡=66.394414 | å¯¦éš›åƒ¹å€¼=$191.95
2025-10-28T11:27:05.864386969Z [inf]  2025-10-28 11:27:05,860 - src.core.circuit_breaker - WARNING - âš ï¸  ç†”æ–·å™¨è­¦å‘Šç´š: å¤±æ•—1æ¬¡ (æ“ä½œ: generic, å„ªå…ˆç´š: NORMAL)
2025-10-28T11:27:06.249083371Z [inf]    File "/app/src/core/circuit_breaker.py", line 334, in call_async
2025-10-28T11:27:06.249098625Z [inf]      result = await func(*args, **kwargs)
2025-10-28T11:27:06.249106618Z [inf]               ^^^^^^^^^^^^^^^^^^^^^^^^^^^
2025-10-28T11:27:06.249132606Z [inf]  2025-10-28 11:27:06,072 - src.clients.binance_client - INFO - å‰µå»ºè¨‚å–®: TRADOORUSDT BUY MARKET 66.0
2025-10-28T11:27:06.249139952Z [inf]  2025-10-28 11:27:06,147 - src.clients.binance_client - ERROR - Binance API éŒ¯èª¤ 400: code=-4061, msg=Order's position side does not match user's setting., endpoint=/fapi/v1/order, params={'symbol': 'TRADOORUSDT', 'side': 'BUY', 'type': 'MARKET', 'quantity': 66.0, 'timestamp': 1761650826072, 'signature': 'c37d30cd7ff630c0c1fa07c9e8acfa06818d139510d03f9e622ced29ade1231a'}
2025-10-28T11:27:06.249146321Z [inf]  2025-10-28 11:27:06,147 - src.core.circuit_breaker - WARNING - ğŸ”„ ç†”æ–·å™¨ç´šåˆ¥è®ŠåŒ–: normal â†’ warning (å¤±æ•—æ¬¡æ•¸: 1)
2025-10-28T11:27:06.249152754Z [inf]  2025-10-28 11:27:06,148 - src.clients.binance_client - ERROR - API è«‹æ±‚å¤±æ•—: /fapi/v1/order - HTTP 400: Bad Request
2025-10-28T11:27:06.249159487Z [inf]  2025-10-28 11:27:06,148 - src.core.unified_scheduler - ERROR -    âŒ åŸ·è¡Œä¿¡è™Ÿå¤±æ•—: HTTP 400: Bad Request
2025-10-28T11:27:06.249164423Z [inf]  Traceback (most recent call last):
2025-10-28T11:27:06.249172331Z [inf]    File "/app/src/clients/binance_client.py", line 191, in _request
2025-10-28T11:27:06.249177342Z [inf]      result = await self.circuit_breaker.call_async(_do_request)
2025-10-28T11:27:06.249183665Z [inf]               ^^^^^^^^^^^^^^^^^^^^^^^^^^^^^^^^^^^^^^^^^^^^^^^^^^
2025-10-28T11:27:06.249186988Z [inf]    File "/app/src/core/unified_scheduler.py", line 393, in _execute_signal
2025-10-28T11:27:06.249189955Z [inf]    File "/app/src/core/circuit_breaker.py", line 339, in call_async
2025-10-28T11:27:06.249196238Z [inf]      raise e
2025-10-28T11:27:06.249199835Z [inf]      order_result = await self.binance_client.place_order(
2025-10-28T11:27:06.249233924Z [inf]             ^^^^^^^^^^^^^^^^^^^^^^^^^^^^^^^^^^^^^^^^^^^^^^^^^^^^^^^^^^^^^^^^^^^^^^^^^
2025-10-28T11:27:06.249236327Z [inf]    File "/app/src/clients/binance_client.py", line 154, in _do_request
2025-10-28T11:27:06.249239766Z [inf]    File "/app/src/clients/binance_client.py", line 195, in _request
2025-10-28T11:27:06.249245470Z [inf]      response.raise_for_status()
2025-10-28T11:27:06.249252801Z [inf]    File "/opt/venv/lib/python3.11/site-packages/aiohttp/client_reqrep.py", line 636, in raise_for_status
2025-10-28T11:27:06.249260944Z [inf]      raise ClientResponseError(
2025-10-28T11:27:06.249266721Z [inf]    File "/app/src/clients/binance_client.py", line 556, in create_order
2025-10-28T11:27:06.249267850Z [inf]      return await self.create_order(symbol, side, order_type, quantity, price, stop_price, **kwargs)
2025-10-28T11:27:06.249277837Z [inf]  aiohttp.client_exceptions.ClientResponseError: 400, message='Bad Request', url='https://fapi.binance.com/fapi/v1/order'
2025-10-28T11:27:06.249284114Z [inf]             ^^^^^^^^^^^^^^^^^^^^^^^^^^^^^^^^^^^^^^^^^^^^^^^^^^^^^^^^^^^^^^^^^^^^^^^^^^^^^^^^^^^^^^^^
2025-10-28T11:27:06.249287900Z [inf]  
2025-10-28T11:27:06.249289822Z [inf]      return await self._request("POST", "/fapi/v1/order", params=params, signed=True)
2025-10-28T11:27:06.249290091Z [inf]  
2025-10-28T11:27:06.249297769Z [inf]                     ^^^^^^^^^^^^^^^^^^^^^^^^^^^^^^^^^^^^^^
2025-10-28T11:27:06.249300261Z [inf]  During handling of the above exception, another exception occurred:
2025-10-28T11:27:06.249302284Z [inf]  Traceback (most recent call last):
2025-10-28T11:27:06.249309622Z [inf]    File "/app/src/clients/binance_client.py", line 583, in place_order
2025-10-28T11:27:06.249330975Z [inf]  2025-10-28 11:27:06,072 - src.core.circuit_breaker - WARNING - ğŸ”„ ç†”æ–·å™¨ç´šåˆ¥è®ŠåŒ–: warning â†’ normal (å¤±æ•—æ¬¡æ•¸: 0)
2025-10-28T11:27:06.251016869Z [inf]      raise BinanceRequestError(
2025-10-28T11:27:06.251024016Z [inf]  src.clients.binance_errors.BinanceRequestError: HTTP 400: Bad Request
2025-10-28T11:27:06.251032727Z [inf]  2025-10-28 11:27:06,149 - src.strategies.self_learning_trader - WARNING -    âš ï¸ ç„¡æ³•ç²å– 4USDT æœ€å°æ•¸é‡: '<' not supported between instances of 'float' and 'coroutine'
2025-10-28T11:27:06.251039858Z [inf]  2025-10-28 11:27:06,149 - src.strategies.self_learning_trader - INFO -    ğŸ’° å€‰ä½è¨ˆç®—: æ¬Šç›Š=$21.51 | æ§“æ¡¿=11.9x | åç¾©åƒ¹å€¼=$205.66 | æ•¸é‡=1823.359305 | å¯¦éš›åƒ¹å€¼=$205.66
2025-10-28T11:27:06.251045960Z [inf]  2025-10-28 11:27:06,149 - src.core.circuit_breaker - WARNING - âš ï¸  ç†”æ–·å™¨è­¦å‘Šç´š: å¤±æ•—1æ¬¡ (æ“ä½œ: generic, å„ªå…ˆç´š: NORMAL)
2025-10-28T11:27:06.251052596Z [inf]  2025-10-28 11:27:06,225 - src.core.circuit_breaker - WARNING - ğŸ”„ ç†”æ–·å™¨ç´šåˆ¥è®ŠåŒ–: warning â†’ normal (å¤±æ•—æ¬¡æ•¸: 0)
2025-10-28T11:27:06.251059593Z [inf]  2025-10-28 11:27:06,226 - src.clients.binance_client - INFO - å‰µå»ºè¨‚å–®: 4USDT SELL MARKET 1823.0
2025-10-28T11:27:06.310397202Z [inf]  2025-10-28 11:27:06,303 - src.clients.binance_client - ERROR - Binance API éŒ¯èª¤ 400: code=-4061, msg=Order's position side does not match user's setting., endpoint=/fapi/v1/order, params={'symbol': '4USDT', 'side': 'SELL', 'type': 'MARKET', 'quantity': 1823.0, 'timestamp': 1761650826226, 'signature': 'f07b4a757dae0bcb9ecb3d94b7bae55dcec0a1034d56c13dcfef7a2927d45a3a'}
2025-10-28T11:27:06.310398520Z [inf]      response.raise_for_status()
2025-10-28T11:27:06.310403063Z [inf]    File "/app/src/clients/binance_client.py", line 191, in _request
2025-10-28T11:27:06.310417392Z [inf]      result = await self.circuit_breaker.call_async(_do_request)
2025-10-28T11:27:06.310418004Z [inf]    File "/opt/venv/lib/python3.11/site-packages/aiohttp/client_reqrep.py", line 636, in raise_for_status
2025-10-28T11:27:06.310429715Z [inf]               ^^^^^^^^^^^^^^^^^^^^^^^^^^^^^^^^^^^^^^^^^^^^^^^^^^
2025-10-28T11:27:06.310440174Z [inf]    File "/app/src/core/circuit_breaker.py", line 339, in call_async
2025-10-28T11:27:06.310448244Z [inf]      raise e
2025-10-28T11:27:06.310458067Z [inf]    File "/app/src/core/circuit_breaker.py", line 334, in call_async
2025-10-28T11:27:06.310470318Z [inf]      result = await func(*args, **kwargs)
2025-10-28T11:27:06.310479050Z [inf]               ^^^^^^^^^^^^^^^^^^^^^^^^^^^
2025-10-28T11:27:06.310480284Z [inf]  2025-10-28 11:27:06,303 - src.core.circuit_breaker - WARNING - ğŸ”„ ç†”æ–·å™¨ç´šåˆ¥è®ŠåŒ–: normal â†’ warning (å¤±æ•—æ¬¡æ•¸: 1)
2025-10-28T11:27:06.310489486Z [inf]    File "/app/src/clients/binance_client.py", line 154, in _do_request
2025-10-28T11:27:06.310493333Z [inf]  2025-10-28 11:27:06,303 - src.clients.binance_client - ERROR - API è«‹æ±‚å¤±æ•—: /fapi/v1/order - HTTP 400: Bad Request
2025-10-28T11:27:06.310501438Z [inf]  2025-10-28 11:27:06,303 - src.core.unified_scheduler - ERROR -    âŒ åŸ·è¡Œä¿¡è™Ÿå¤±æ•—: HTTP 400: Bad Request
2025-10-28T11:27:06.310508860Z [inf]  Traceback (most recent call last):
2025-10-28T11:27:06.311975350Z [inf]      raise ClientResponseError(
2025-10-28T11:27:06.311977966Z [inf]      return await self._request("POST", "/fapi/v1/order", params=params, signed=True)
2025-10-28T11:27:06.311983781Z [inf]  aiohttp.client_exceptions.ClientResponseError: 400, message='Bad Request', url='https://fapi.binance.com/fapi/v1/order'
2025-10-28T11:27:06.311989183Z [inf]             ^^^^^^^^^^^^^^^^^^^^^^^^^^^^^^^^^^^^^^^^^^^^^^^^^^^^^^^^^^^^^^^^^^^^^^^^^
2025-10-28T11:27:06.311990157Z [inf]  
2025-10-28T11:27:06.311995992Z [inf]  During handling of the above exception, another exception occurred:
2025-10-28T11:27:06.311998366Z [inf]    File "/app/src/clients/binance_client.py", line 195, in _request
2025-10-28T11:27:06.312002351Z [inf]  
2025-10-28T11:27:06.312008240Z [inf]      raise BinanceRequestError(
2025-10-28T11:27:06.312008758Z [inf]  Traceback (most recent call last):
2025-10-28T11:27:06.312015896Z [inf]  src.clients.binance_errors.BinanceRequestError: HTTP 400: Bad Request
2025-10-28T11:27:06.312017393Z [inf]    File "/app/src/core/unified_scheduler.py", line 393, in _execute_signal
2025-10-28T11:27:06.312025009Z [inf]  2025-10-28 11:27:06,304 - src.strategies.self_learning_trader - WARNING -    âš ï¸ ç„¡æ³•ç²å– MONUSDT æœ€å°æ•¸é‡: '<' not supported between instances of 'float' and 'coroutine'
2025-10-28T11:27:06.312025292Z [inf]      order_result = await self.binance_client.place_order(
2025-10-28T11:27:06.312031819Z [inf]                     ^^^^^^^^^^^^^^^^^^^^^^^^^^^^^^^^^^^^^^
2025-10-28T11:27:06.312036842Z [inf]    File "/app/src/clients/binance_client.py", line 583, in place_order
2025-10-28T11:27:06.312041962Z [inf]      return await self.create_order(symbol, side, order_type, quantity, price, stop_price, **kwargs)
2025-10-28T11:27:06.312046942Z [inf]             ^^^^^^^^^^^^^^^^^^^^^^^^^^^^^^^^^^^^^^^^^^^^^^^^^^^^^^^^^^^^^^^^^^^^^^^^^^^^^^^^^^^^^^^^
2025-10-28T11:27:06.312051951Z [inf]    File "/app/src/clients/binance_client.py", line 556, in create_order
2025-10-28T11:27:06.313424571Z [inf]  2025-10-28 11:27:06,304 - src.strategies.self_learning_trader - INFO -    ğŸ’° å€‰ä½è¨ˆç®—: æ¬Šç›Š=$21.51 | æ§“æ¡¿=12.3x | åç¾©åƒ¹å€¼=$211.14 | æ•¸é‡=3708.780513 | å¯¦éš›åƒ¹å€¼=$211.14
2025-10-28T11:27:06.313429760Z [inf]  2025-10-28 11:27:06,304 - src.core.circuit_breaker - WARNING - âš ï¸  ç†”æ–·å™¨è­¦å‘Šç´š: å¤±æ•—1æ¬¡ (æ“ä½œ: generic, å„ªå…ˆç´š: NORMAL)
2025-10-28T11:27:06.396649978Z [inf]  2025-10-28 11:27:06,386 - src.clients.binance_client - ERROR - Binance API éŒ¯èª¤ 400: code=-4028, msg=Leverage 12 is not valid, endpoint=/fapi/v1/leverage, params={'symbol': 'MONUSDT', 'leverage': 12, 'timestamp': 1761650826304, 'signature': 'c2dc6c6445bdd56dc790e64aa027b2825f79b2487de841cf3a661acfc4c6f953'}
2025-10-28T11:27:06.396652398Z [inf]      result = await func(*args, **kwargs)
2025-10-28T11:27:06.396654968Z [inf]  2025-10-28 11:27:06,386 - src.clients.binance_client - ERROR - API è«‹æ±‚å¤±æ•—: /fapi/v1/leverage - HTTP 400: Bad Request
2025-10-28T11:27:06.396661266Z [inf]  2025-10-28 11:27:06,386 - src.core.unified_scheduler - ERROR -    âŒ åŸ·è¡Œä¿¡è™Ÿå¤±æ•—: HTTP 400: Bad Request
2025-10-28T11:27:06.396664277Z [inf]               ^^^^^^^^^^^^^^^^^^^^^^^^^^^
2025-10-28T11:27:06.396667247Z [inf]  Traceback (most recent call last):
2025-10-28T11:27:06.396672546Z [inf]    File "/app/src/clients/binance_client.py", line 191, in _request
2025-10-28T11:27:06.396672886Z [inf]    File "/app/src/clients/binance_client.py", line 154, in _do_request
2025-10-28T11:27:06.396677140Z [inf]      result = await self.circuit_breaker.call_async(_do_request)
2025-10-28T11:27:06.396679994Z [inf]      response.raise_for_status()
2025-10-28T11:27:06.396686647Z [inf]    File "/opt/venv/lib/python3.11/site-packages/aiohttp/client_reqrep.py", line 636, in raise_for_status
2025-10-28T11:27:06.396687856Z [inf]               ^^^^^^^^^^^^^^^^^^^^^^^^^^^^^^^^^^^^^^^^^^^^^^^^^^
2025-10-28T11:27:06.396692943Z [inf]    File "/app/src/core/circuit_breaker.py", line 339, in call_async
2025-10-28T11:27:06.396695100Z [inf]      raise ClientResponseError(
2025-10-28T11:27:06.396698364Z [inf]      raise e
2025-10-28T11:27:06.396701990Z [inf]  aiohttp.client_exceptions.ClientResponseError: 400, message='Bad Request', url='https://fapi.binance.com/fapi/v1/leverage'
2025-10-28T11:27:06.396704813Z [inf]    File "/app/src/core/circuit_breaker.py", line 334, in call_async
2025-10-28T11:27:06.398216900Z [inf]  
2025-10-28T11:27:06.398224245Z [inf]  During handling of the above exception, another exception occurred:
2025-10-28T11:27:06.398226751Z [inf]  2025-10-28 11:27:06,387 - src.strategies.self_learning_trader - WARNING -    âš ï¸ ç„¡æ³•ç²å– TURTLEUSDT æœ€å°æ•¸é‡: '<' not supported between instances of 'float' and 'coroutine'
2025-10-28T11:27:06.398231206Z [inf]  
2025-10-28T11:27:06.398236046Z [inf]  Traceback (most recent call last):
2025-10-28T11:27:06.398238490Z [inf]  2025-10-28 11:27:06,387 - src.strategies.self_learning_trader - INFO -    ğŸ’° å€‰ä½è¨ˆç®—: æ¬Šç›Š=$21.51 | æ§“æ¡¿=12.7x | åç¾©åƒ¹å€¼=$219.37 | æ•¸é‡=1416.185555 | å¯¦éš›åƒ¹å€¼=$219.37
2025-10-28T11:27:06.398243323Z [inf]    File "/app/src/core/unified_scheduler.py", line 388, in _execute_signal
2025-10-28T11:27:06.398246403Z [inf]  2025-10-28 11:27:06,387 - src.core.circuit_breaker - WARNING - âš ï¸  ç†”æ–·å™¨è­¦å‘Šç´š: å¤±æ•—2æ¬¡ (æ“ä½œ: generic, å„ªå…ˆç´š: NORMAL)
2025-10-28T11:27:06.398252282Z [inf]      await self.binance_client.set_leverage(symbol, int(leverage))
2025-10-28T11:27:06.398256779Z [inf]      return await self._request("POST", "/fapi/v1/leverage", params=params, signed=True)
2025-10-28T11:27:06.398259248Z [inf]    File "/app/src/clients/binance_client.py", line 640, in set_leverage
2025-10-28T11:27:06.398270079Z [inf]             ^^^^^^^^^^^^^^^^^^^^^^^^^^^^^^^^^^^^^^^^^^^^^^^^^^^^^^^^^^^^^^^^^^^^^^^^^^^^
2025-10-28T11:27:06.398278874Z [inf]    File "/app/src/clients/binance_client.py", line 195, in _request
2025-10-28T11:27:06.398287149Z [inf]      raise BinanceRequestError(
2025-10-28T11:27:06.398295455Z [inf]  src.clients.binance_errors.BinanceRequestError: HTTP 400: Bad Request
2025-10-28T11:27:06.465327900Z [inf]  2025-10-28 11:27:06,464 - src.clients.binance_client - INFO - å‰µå»ºè¨‚å–®: TURTLEUSDT SELL MARKET 1416.0
2025-10-28T11:27:06.465334137Z [inf]  2025-10-28 11:27:06,464 - src.core.circuit_breaker - WARNING - âš ï¸  ç†”æ–·å™¨è­¦å‘Šç´š: å¤±æ•—1æ¬¡ (æ“ä½œ: generic, å„ªå…ˆç´š: NORMAL)
2025-10-28T11:27:06.542216972Z [inf]  2025-10-28 11:27:06,539 - src.clients.binance_client - ERROR - Binance API éŒ¯èª¤ 400: code=-4061, msg=Order's position side does not match user's setting., endpoint=/fapi/v1/order, params={'symbol': 'TURTLEUSDT', 'side': 'SELL', 'type': 'MARKET', 'quantity': 1416.0, 'timestamp': 1761650826464, 'signature': 'f1fa47db2a3ac255c7cb209e3420ed86239878cd0bf72d9c9287d8203e780668'}
2025-10-28T11:27:06.542232465Z [inf]  2025-10-28 11:27:06,539 - src.clients.binance_client - ERROR - API è«‹æ±‚å¤±æ•—: /fapi/v1/order - HTTP 400: Bad Request
2025-10-28T11:27:06.542241760Z [inf]  2025-10-28 11:27:06,539 - src.core.unified_scheduler - ERROR -    âŒ åŸ·è¡Œä¿¡è™Ÿå¤±æ•—: HTTP 400: Bad Request
2025-10-28T11:27:06.542249178Z [inf]  Traceback (most recent call last):
2025-10-28T11:27:06.542258368Z [inf]    File "/app/src/clients/binance_client.py", line 191, in _request
2025-10-28T11:27:06.542269128Z [inf]      result = await self.circuit_breaker.call_async(_do_request)
2025-10-28T11:27:06.542277217Z [inf]               ^^^^^^^^^^^^^^^^^^^^^^^^^^^^^^^^^^^^^^^^^^^^^^^^^^
2025-10-28T11:27:06.542288566Z [inf]    File "/app/src/core/circuit_breaker.py", line 339, in call_async
2025-10-28T11:27:06.542296425Z [inf]      raise e
2025-10-28T11:27:06.542306389Z [inf]    File "/app/src/core/circuit_breaker.py", line 334, in call_async
2025-10-28T11:27:06.542314740Z [inf]      result = await func(*args, **kwargs)
2025-10-28T11:27:06.542323394Z [inf]               ^^^^^^^^^^^^^^^^^^^^^^^^^^^
2025-10-28T11:27:06.542331470Z [inf]    File "/app/src/clients/binance_client.py", line 154, in _do_request
2025-10-28T11:27:06.542340026Z [inf]      response.raise_for_status()
2025-10-28T11:27:06.542348211Z [inf]    File "/opt/venv/lib/python3.11/site-packages/aiohttp/client_reqrep.py", line 636, in raise_for_status
2025-10-28T11:27:06.542356600Z [inf]      raise ClientResponseError(
2025-10-28T11:27:06.542369351Z [inf]  aiohttp.client_exceptions.ClientResponseError: 400, message='Bad Request', url='https://fapi.binance.com/fapi/v1/order'
2025-10-28T11:27:06.543936420Z [inf]  
2025-10-28T11:27:06.543951570Z [inf]  During handling of the above exception, another exception occurred:
2025-10-28T11:27:06.543960191Z [inf]  
2025-10-28T11:27:06.543967723Z [inf]  Traceback (most recent call last):
2025-10-28T11:27:06.543975556Z [inf]    File "/app/src/core/unified_scheduler.py", line 393, in _execute_signal
2025-10-28T11:27:06.543984320Z [inf]      order_result = await self.binance_client.place_order(
2025-10-28T11:27:06.543991282Z [inf]                     ^^^^^^^^^^^^^^^^^^^^^^^^^^^^^^^^^^^^^^
2025-10-28T11:27:06.543997860Z [inf]    File "/app/src/clients/binance_client.py", line 583, in place_order
2025-10-28T11:27:06.544003833Z [inf]      return await self.create_order(symbol, side, order_type, quantity, price, stop_price, **kwargs)
2025-10-28T11:27:06.544010053Z [inf]             ^^^^^^^^^^^^^^^^^^^^^^^^^^^^^^^^^^^^^^^^^^^^^^^^^^^^^^^^^^^^^^^^^^^^^^^^^^^^^^^^^^^^^^^^
2025-10-28T11:27:06.544015920Z [inf]    File "/app/src/clients/binance_client.py", line 556, in create_order
2025-10-28T11:27:06.544022043Z [inf]      return await self._request("POST", "/fapi/v1/order", params=params, signed=True)
2025-10-28T11:27:06.544028471Z [inf]             ^^^^^^^^^^^^^^^^^^^^^^^^^^^^^^^^^^^^^^^^^^^^^^^^^^^^^^^^^^^^^^^^^^^^^^^^^
2025-10-28T11:27:06.544034717Z [inf]    File "/app/src/clients/binance_client.py", line 195, in _request
2025-10-28T11:27:06.544041189Z [inf]      raise BinanceRequestError(
2025-10-28T11:27:06.544047990Z [inf]  src.clients.binance_errors.BinanceRequestError: HTTP 400: Bad Request
2025-10-28T11:27:06.544055148Z [inf]  2025-10-28 11:27:06,540 - src.core.unified_scheduler - INFO - âœ… é€±æœŸå®Œæˆ | è€—æ™‚: 10.0s | æ–°æˆäº¤: 0
2025-10-28T11:27:06.544062220Z [inf]  2025-10-28 11:27:06,540 - src.core.unified_scheduler - INFO - ================================================================================
2025-10-28T11:27:09.216510259Z [inf]  2025-10-28 11:27:08,994 - src.core.circuit_breaker - WARNING - âš ï¸  ç†”æ–·å™¨è­¦å‘Šç´š: å¤±æ•—2æ¬¡ (æ“ä½œ: generic, å„ªå…ˆç´š: NORMAL)