2025-10-28T10:39:53.044315332Z [inf]  Traceback (most recent call last):
2025-10-28T10:39:53.044322696Z [inf]    File "/app/src/core/unified_scheduler.py", line 393, in _execute_signal
2025-10-28T10:39:53.044330799Z [inf]      order_result = await self.binance_client.place_order(
2025-10-28T10:39:53.044338329Z [inf]                     ^^^^^^^^^^^^^^^^^^^^^^^^^^^^^^^^^^^^^^
2025-10-28T10:39:53.044346932Z [inf]    File "/app/src/clients/binance_client.py", line 470, in place_order
2025-10-28T10:39:53.044353320Z [inf]      return await self.create_order(symbol, side, order_type, quantity, price, stop_price, **kwargs)
2025-10-28T10:39:53.044365166Z [inf]             ^^^^^^^^^^^^^^^^^^^^^^^^^^^^^^^^^^^^^^^^^^^^^^^^^^^^^^^^^^^^^^^^^^^^^^^^^^^^^^^^^^^^^^^^
2025-10-28T10:39:53.044372633Z [inf]    File "/app/src/clients/binance_client.py", line 443, in create_order
2025-10-28T10:39:53.044377748Z [inf]      return await self._request("POST", "/fapi/v1/order", params=params, signed=True)
2025-10-28T10:39:53.044382809Z [inf]             ^^^^^^^^^^^^^^^^^^^^^^^^^^^^^^^^^^^^^^^^^^^^^^^^^^^^^^^^^^^^^^^^^^^^^^^^^
2025-10-28T10:39:53.044388841Z [inf]    File "/app/src/clients/binance_client.py", line 195, in _request
2025-10-28T10:39:53.044396564Z [inf]      raise BinanceRequestError(
2025-10-28T10:39:53.044401750Z [inf]  src.clients.binance_errors.BinanceRequestError: HTTP 400: Bad Request
2025-10-28T10:39:53.044411888Z [inf]  2025-10-28 10:39:53,029 - src.strategies.self_learning_trader - WARNING -    âš ï¸ ç„¡æ³•ç²å– KAIAUSDT æœ€å°æ•¸é‡: 'BinanceClient' object has no attribute 'get_min_quantity'
2025-10-28T10:39:53.044417175Z [inf]  2025-10-28 10:39:53,029 - src.strategies.self_learning_trader - INFO -    ğŸ’° å€‰ä½è¨ˆç®—: æ¬Šç›Š=$21.51 | æ§“æ¡¿=11.9x | åç¾©åƒ¹å€¼=$205.66 | æ•¸é‡=1842.801936 | å¯¦éš›åƒ¹å€¼=$205.66
2025-10-28T10:39:53.046560704Z [inf]  2025-10-28 10:39:53,029 - src.core.circuit_breaker - WARNING - âš ï¸  ç†”æ–·å™¨è­¦å‘Šç´š: å¤±æ•—2æ¬¡ (æ“ä½œ: generic, å„ªå…ˆç´š: NORMAL)
2025-10-28T10:39:53.652848652Z [inf]  2025-10-28 10:39:53,115 - src.clients.binance_client - INFO - å‰µå»ºè¨‚å–®: KAIAUSDT BUY MARKET 1842.8019359498205
2025-10-28T10:39:53.652859335Z [inf]  2025-10-28 10:39:53,116 - src.core.circuit_breaker - WARNING - âš ï¸  ç†”æ–·å™¨è­¦å‘Šç´š: å¤±æ•—1æ¬¡ (æ“ä½œ: generic, å„ªå…ˆç´š: NORMAL)
2025-10-28T10:39:53.652920979Z [inf]  2025-10-28 10:39:53,194 - src.core.unified_scheduler - ERROR -    âŒ åŸ·è¡Œä¿¡è™Ÿå¤±æ•—: HTTP 400: Bad Request
2025-10-28T10:39:53.652949134Z [inf]  2025-10-28 10:39:53,194 - src.clients.binance_client - ERROR - Binance API éŒ¯èª¤ 400: code=-1111, msg=Precision is over the maximum defined for this asset., endpoint=/fapi/v1/order, params={'symbol': 'KAIAUSDT', 'side': 'BUY', 'type': 'MARKET', 'quantity': 1842.8019359498205, 'timestamp': 1761647993116, 'signature': 'fb46c183165d392e109284f3481d0d74a60f05ce15994a7c30637470d7a4e101'}
2025-10-28T10:39:53.652966365Z [inf]  Traceback (most recent call last):
2025-10-28T10:39:53.652966945Z [inf]  2025-10-28 10:39:53,194 - src.clients.binance_client - ERROR - API è«‹æ±‚å¤±æ•—: /fapi/v1/order - HTTP 400: Bad Request
2025-10-28T10:39:53.652983288Z [inf]    File "/app/src/clients/binance_client.py", line 191, in _request
2025-10-28T10:39:53.652992180Z [inf]      result = await self.circuit_breaker.call_async(_do_request)
2025-10-28T10:39:53.654315698Z [inf]               ^^^^^^^^^^^^^^^^^^^^^^^^^^^^^^^^^^^^^^^^^^^^^^^^^^
2025-10-28T10:39:53.654326117Z [inf]    File "/app/src/core/circuit_breaker.py", line 339, in call_async
2025-10-28T10:39:53.654334220Z [inf]      raise e
2025-10-28T10:39:53.654341705Z [inf]    File "/app/src/core/circuit_breaker.py", line 334, in call_async
2025-10-28T10:39:53.654349746Z [inf]      result = await func(*args, **kwargs)
2025-10-28T10:39:53.654355972Z [inf]               ^^^^^^^^^^^^^^^^^^^^^^^^^^^
2025-10-28T10:39:53.654362594Z [inf]    File "/app/src/clients/binance_client.py", line 154, in _do_request
2025-10-28T10:39:53.654819765Z [inf]                     ^^^^^^^^^^^^^^^^^^^^^^^^^^^^^^^^^^^^^^
2025-10-28T10:39:53.654832639Z [inf]    File "/app/src/clients/binance_client.py", line 470, in place_order
2025-10-28T10:39:53.654842406Z [inf]      return await self.create_order(symbol, side, order_type, quantity, price, stop_price, **kwargs)
2025-10-28T10:39:53.654851704Z [inf]             ^^^^^^^^^^^^^^^^^^^^^^^^^^^^^^^^^^^^^^^^^^^^^^^^^^^^^^^^^^^^^^^^^^^^^^^^^^^^^^^^^^^^^^^^
2025-10-28T10:39:53.654863501Z [inf]    File "/app/src/clients/binance_client.py", line 443, in create_order
2025-10-28T10:39:53.654873555Z [inf]      return await self._request("POST", "/fapi/v1/order", params=params, signed=True)
2025-10-28T10:39:53.654884059Z [inf]             ^^^^^^^^^^^^^^^^^^^^^^^^^^^^^^^^^^^^^^^^^^^^^^^^^^^^^^^^^^^^^^^^^^^^^^^^^
2025-10-28T10:39:53.654892445Z [inf]    File "/app/src/clients/binance_client.py", line 195, in _request
2025-10-28T10:39:53.654900247Z [inf]      raise BinanceRequestError(
2025-10-28T10:39:53.654909068Z [inf]  src.clients.binance_errors.BinanceRequestError: HTTP 400: Bad Request
2025-10-28T10:39:53.654932576Z [inf]      response.raise_for_status()
2025-10-28T10:39:53.654940295Z [inf]    File "/opt/venv/lib/python3.11/site-packages/aiohttp/client_reqrep.py", line 636, in raise_for_status
2025-10-28T10:39:53.654947282Z [inf]      raise ClientResponseError(
2025-10-28T10:39:53.654953646Z [inf]  aiohttp.client_exceptions.ClientResponseError: 400, message='Bad Request', url='https://fapi.binance.com/fapi/v1/order'
2025-10-28T10:39:53.654960578Z [inf]  
2025-10-28T10:39:53.654966276Z [inf]  During handling of the above exception, another exception occurred:
2025-10-28T10:39:53.654971274Z [inf]  
2025-10-28T10:39:53.654976654Z [inf]  Traceback (most recent call last):
2025-10-28T10:39:53.654981172Z [inf]    File "/app/src/core/unified_scheduler.py", line 393, in _execute_signal
2025-10-28T10:39:53.654985609Z [inf]      order_result = await self.binance_client.place_order(
2025-10-28T10:39:53.655912769Z [inf]  2025-10-28 10:39:53,195 - src.strategies.self_learning_trader - WARNING -    âš ï¸ ç„¡æ³•ç²å– SONICUSDT æœ€å°æ•¸é‡: 'BinanceClient' object has no attribute 'get_min_quantity'
2025-10-28T10:39:53.655958997Z [inf]  2025-10-28 10:39:53,195 - src.strategies.self_learning_trader - INFO -    ğŸ’° å€‰ä½è¨ˆç®—: æ¬Šç›Š=$21.51 | æ§“æ¡¿=11.9x | åç¾©åƒ¹å€¼=$205.66 | æ•¸é‡=1501.143767 | å¯¦éš›åƒ¹å€¼=$205.66
2025-10-28T10:39:53.655965158Z [inf]  2025-10-28 10:39:53,195 - src.core.circuit_breaker - WARNING - âš ï¸  ç†”æ–·å™¨è­¦å‘Šç´š: å¤±æ•—2æ¬¡ (æ“ä½œ: generic, å„ªå…ˆç´š: NORMAL)
2025-10-28T10:39:53.655970503Z [inf]  2025-10-28 10:39:53,272 - src.clients.binance_client - INFO - å‰µå»ºè¨‚å–®: SONICUSDT BUY MARKET 1501.1437668029193
2025-10-28T10:39:53.655977834Z [inf]  2025-10-28 10:39:53,272 - src.core.circuit_breaker - WARNING - âš ï¸  ç†”æ–·å™¨è­¦å‘Šç´š: å¤±æ•—1æ¬¡ (æ“ä½œ: generic, å„ªå…ˆç´š: NORMAL)
2025-10-28T10:39:53.655982456Z [inf]  2025-10-28 10:39:53,350 - src.clients.binance_client - ERROR - Binance API éŒ¯èª¤ 400: code=-1111, msg=Precision is over the maximum defined for this asset., endpoint=/fapi/v1/order, params={'symbol': 'SONICUSDT', 'side': 'BUY', 'type': 'MARKET', 'quantity': 1501.1437668029193, 'timestamp': 1761647993272, 'signature': '467f3107a01962f03d897a6485c30ba6a936526987312d089744b48cf23b3bbe'}
2025-10-28T10:39:53.655986644Z [inf]  2025-10-28 10:39:53,350 - src.clients.binance_client - ERROR - API è«‹æ±‚å¤±æ•—: /fapi/v1/order - HTTP 400: Bad Request
2025-10-28T10:39:53.655993078Z [inf]  2025-10-28 10:39:53,350 - src.core.unified_scheduler - ERROR -    âŒ åŸ·è¡Œä¿¡è™Ÿå¤±æ•—: HTTP 400: Bad Request
2025-10-28T10:39:53.655998248Z [inf]  Traceback (most recent call last):
2025-10-28T10:39:53.656003534Z [inf]    File "/app/src/clients/binance_client.py", line 191, in _request
2025-10-28T10:39:53.656008893Z [inf]      result = await self.circuit_breaker.call_async(_do_request)
2025-10-28T10:39:53.656013191Z [inf]               ^^^^^^^^^^^^^^^^^^^^^^^^^^^^^^^^^^^^^^^^^^^^^^^^^^
2025-10-28T10:39:53.658199019Z [inf]    File "/app/src/core/circuit_breaker.py", line 339, in call_async
2025-10-28T10:39:53.658211218Z [inf]      raise e
2025-10-28T10:39:53.658220497Z [inf]    File "/app/src/core/circuit_breaker.py", line 334, in call_async
2025-10-28T10:39:53.658228245Z [inf]      result = await func(*args, **kwargs)
2025-10-28T10:39:53.658234426Z [inf]               ^^^^^^^^^^^^^^^^^^^^^^^^^^^
2025-10-28T10:39:53.658254674Z [inf]    File "/app/src/clients/binance_client.py", line 154, in _do_request
2025-10-28T10:39:53.658260364Z [inf]      response.raise_for_status()
2025-10-28T10:39:53.658267239Z [inf]    File "/opt/venv/lib/python3.11/site-packages/aiohttp/client_reqrep.py", line 636, in raise_for_status
2025-10-28T10:39:53.658274253Z [inf]      raise ClientResponseError(
2025-10-28T10:39:53.658281433Z [inf]  aiohttp.client_exceptions.ClientResponseError: 400, message='Bad Request', url='https://fapi.binance.com/fapi/v1/order'
2025-10-28T10:39:53.658289160Z [inf]  
2025-10-28T10:39:53.658295102Z [inf]  During handling of the above exception, another exception occurred:
2025-10-28T10:39:53.658301441Z [inf]  
2025-10-28T10:39:53.658309444Z [inf]  Traceback (most recent call last):
2025-10-28T10:39:53.658318222Z [inf]    File "/app/src/core/unified_scheduler.py", line 393, in _execute_signal
2025-10-28T10:39:53.658324167Z [inf]      order_result = await self.binance_client.place_order(
2025-10-28T10:39:53.658331233Z [inf]                     ^^^^^^^^^^^^^^^^^^^^^^^^^^^^^^^^^^^^^^
2025-10-28T10:39:53.658337391Z [inf]    File "/app/src/clients/binance_client.py", line 470, in place_order
2025-10-28T10:39:53.658345127Z [inf]      return await self.create_order(symbol, side, order_type, quantity, price, stop_price, **kwargs)
2025-10-28T10:39:53.658351308Z [inf]             ^^^^^^^^^^^^^^^^^^^^^^^^^^^^^^^^^^^^^^^^^^^^^^^^^^^^^^^^^^^^^^^^^^^^^^^^^^^^^^^^^^^^^^^^
2025-10-28T10:39:53.658356775Z [inf]    File "/app/src/clients/binance_client.py", line 443, in create_order
2025-10-28T10:39:53.659801001Z [inf]      return await self._request("POST", "/fapi/v1/order", params=params, signed=True)
2025-10-28T10:39:53.659813113Z [inf]             ^^^^^^^^^^^^^^^^^^^^^^^^^^^^^^^^^^^^^^^^^^^^^^^^^^^^^^^^^^^^^^^^^^^^^^^^^
2025-10-28T10:39:53.659828101Z [inf]    File "/app/src/clients/binance_client.py", line 195, in _request
2025-10-28T10:39:53.659840399Z [inf]      raise BinanceRequestError(
2025-10-28T10:39:53.659849782Z [inf]  src.clients.binance_errors.BinanceRequestError: HTTP 400: Bad Request
2025-10-28T10:39:53.659858827Z [inf]  2025-10-28 10:39:53,352 - src.strategies.self_learning_trader - WARNING -    âš ï¸ ç„¡æ³•ç²å– XNYUSDT æœ€å°æ•¸é‡: 'BinanceClient' object has no attribute 'get_min_quantity'
2025-10-28T10:39:53.659876763Z [inf]  2025-10-28 10:39:53,352 - src.strategies.self_learning_trader - INFO -    ğŸ’° å€‰ä½è¨ˆç®—: æ¬Šç›Š=$21.51 | æ§“æ¡¿=11.5x | åç¾©åƒ¹å€¼=$197.43 | æ•¸é‡=26233.115627 | å¯¦éš›åƒ¹å€¼=$197.43
2025-10-28T10:39:53.659884836Z [inf]  2025-10-28 10:39:53,352 - src.core.circuit_breaker - WARNING - âš ï¸  ç†”æ–·å™¨è­¦å‘Šç´š: å¤±æ•—2æ¬¡ (æ“ä½œ: generic, å„ªå…ˆç´š: NORMAL)
2025-10-28T10:39:53.659893505Z [inf]  2025-10-28 10:39:53,429 - src.clients.binance_client - INFO - å‰µå»ºè¨‚å–®: XNYUSDT BUY MARKET 26233.115627148552
2025-10-28T10:39:53.659900751Z [inf]  2025-10-28 10:39:53,429 - src.core.circuit_breaker - WARNING - âš ï¸  ç†”æ–·å™¨è­¦å‘Šç´š: å¤±æ•—1æ¬¡ (æ“ä½œ: generic, å„ªå…ˆç´š: NORMAL)
2025-10-28T10:39:53.659908060Z [inf]  2025-10-28 10:39:53,507 - src.clients.binance_client - ERROR - Binance API éŒ¯èª¤ 400: code=-1111, msg=Precision is over the maximum defined for this asset., endpoint=/fapi/v1/order, params={'symbol': 'XNYUSDT', 'side': 'BUY', 'type': 'MARKET', 'quantity': 26233.115627148552, 'timestamp': 1761647993429, 'signature': '373debfa54fb262e732a67f40ee6f2a9d151671004c22c9fd800063f19a27220'}
2025-10-28T10:39:53.659914635Z [inf]  2025-10-28 10:39:53,507 - src.clients.binance_client - ERROR - API è«‹æ±‚å¤±æ•—: /fapi/v1/order - HTTP 400: Bad Request
2025-10-28T10:39:53.661957517Z [inf]  2025-10-28 10:39:53,507 - src.core.unified_scheduler - ERROR -    âŒ åŸ·è¡Œä¿¡è™Ÿå¤±æ•—: HTTP 400: Bad Request
2025-10-28T10:39:53.661977725Z [inf]  Traceback (most recent call last):
2025-10-28T10:39:53.661986025Z [inf]    File "/app/src/clients/binance_client.py", line 191, in _request
2025-10-28T10:39:53.661993784Z [inf]      result = await self.circuit_breaker.call_async(_do_request)
2025-10-28T10:39:53.662003170Z [inf]               ^^^^^^^^^^^^^^^^^^^^^^^^^^^^^^^^^^^^^^^^^^^^^^^^^^
2025-10-28T10:39:53.662024772Z [inf]    File "/app/src/core/circuit_breaker.py", line 339, in call_async
2025-10-28T10:39:53.662032948Z [inf]      raise e
2025-10-28T10:39:53.662038374Z [inf]    File "/app/src/core/circuit_breaker.py", line 334, in call_async
2025-10-28T10:39:53.662045381Z [inf]      result = await func(*args, **kwargs)
2025-10-28T10:39:53.662053306Z [inf]               ^^^^^^^^^^^^^^^^^^^^^^^^^^^
2025-10-28T10:39:53.662062009Z [inf]    File "/app/src/clients/binance_client.py", line 154, in _do_request
2025-10-28T10:39:53.662070337Z [inf]      response.raise_for_status()
2025-10-28T10:39:53.662075688Z [inf]    File "/opt/venv/lib/python3.11/site-packages/aiohttp/client_reqrep.py", line 636, in raise_for_status
2025-10-28T10:39:53.662080700Z [inf]      raise ClientResponseError(
2025-10-28T10:39:53.662087647Z [inf]  aiohttp.client_exceptions.ClientResponseError: 400, message='Bad Request', url='https://fapi.binance.com/fapi/v1/order'
2025-10-28T10:39:53.662093903Z [inf]  
2025-10-28T10:39:53.662099160Z [inf]  During handling of the above exception, another exception occurred:
2025-10-28T10:39:53.662105818Z [inf]  
2025-10-28T10:39:53.662112995Z [inf]  Traceback (most recent call last):
2025-10-28T10:39:53.662119228Z [inf]    File "/app/src/core/unified_scheduler.py", line 393, in _execute_signal
2025-10-28T10:39:53.662126881Z [inf]      order_result = await self.binance_client.place_order(
2025-10-28T10:39:53.663979755Z [inf]                     ^^^^^^^^^^^^^^^^^^^^^^^^^^^^^^^^^^^^^^
2025-10-28T10:39:53.663991918Z [inf]    File "/app/src/clients/binance_client.py", line 470, in place_order
2025-10-28T10:39:53.664003721Z [inf]      return await self.create_order(symbol, side, order_type, quantity, price, stop_price, **kwargs)
2025-10-28T10:39:53.664010858Z [inf]             ^^^^^^^^^^^^^^^^^^^^^^^^^^^^^^^^^^^^^^^^^^^^^^^^^^^^^^^^^^^^^^^^^^^^^^^^^^^^^^^^^^^^^^^^
2025-10-28T10:39:53.664019565Z [inf]    File "/app/src/clients/binance_client.py", line 443, in create_order
2025-10-28T10:39:53.664026586Z [inf]      return await self._request("POST", "/fapi/v1/order", params=params, signed=True)
2025-10-28T10:39:53.664032216Z [inf]             ^^^^^^^^^^^^^^^^^^^^^^^^^^^^^^^^^^^^^^^^^^^^^^^^^^^^^^^^^^^^^^^^^^^^^^^^^
2025-10-28T10:39:53.664038499Z [inf]    File "/app/src/clients/binance_client.py", line 195, in _request
2025-10-28T10:39:53.664045039Z [inf]      raise BinanceRequestError(
2025-10-28T10:39:53.664054823Z [inf]  src.clients.binance_errors.BinanceRequestError: HTTP 400: Bad Request
2025-10-28T10:39:53.664061183Z [inf]  2025-10-28 10:39:53,508 - src.strategies.self_learning_trader - WARNING -    âš ï¸ ç„¡æ³•ç²å– UBUSDT æœ€å°æ•¸é‡: 'BinanceClient' object has no attribute 'get_min_quantity'
2025-10-28T10:39:53.664068014Z [inf]  2025-10-28 10:39:53,509 - src.strategies.self_learning_trader - INFO -    ğŸ’° å€‰ä½è¨ˆç®—: æ¬Šç›Š=$21.51 | æ§“æ¡¿=11.8x | åç¾©åƒ¹å€¼=$202.91 | æ•¸é‡=2462.824905 | å¯¦éš›åƒ¹å€¼=$202.91
2025-10-28T10:39:53.664076233Z [inf]  2025-10-28 10:39:53,509 - src.core.circuit_breaker - WARNING - âš ï¸  ç†”æ–·å™¨è­¦å‘Šç´š: å¤±æ•—2æ¬¡ (æ“ä½œ: generic, å„ªå…ˆç´š: NORMAL)
2025-10-28T10:39:53.664083161Z [inf]  2025-10-28 10:39:53,585 - src.clients.binance_client - INFO - å‰µå»ºè¨‚å–®: UBUSDT BUY MARKET 2462.8249052846354
2025-10-28T10:39:53.664089840Z [inf]  2025-10-28 10:39:53,585 - src.core.circuit_breaker - WARNING - âš ï¸  ç†”æ–·å™¨è­¦å‘Šç´š: å¤±æ•—1æ¬¡ (æ“ä½œ: generic, å„ªå…ˆç´š: NORMAL)
2025-10-28T10:39:53.667080596Z [inf]  2025-10-28 10:39:53,663 - src.clients.binance_client - ERROR - Binance API éŒ¯èª¤ 400: code=-1111, msg=Precision is over the maximum defined for this asset., endpoint=/fapi/v1/order, params={'symbol': 'UBUSDT', 'side': 'BUY', 'type': 'MARKET', 'quantity': 2462.8249052846354, 'timestamp': 1761647993585, 'signature': 'efa96526d4aadbcb248069b06023f505bac272bf5706f49c62540c009e1e4b64'}
2025-10-28T10:39:53.667090071Z [inf]  2025-10-28 10:39:53,663 - src.clients.binance_client - ERROR - API è«‹æ±‚å¤±æ•—: /fapi/v1/order - HTTP 400: Bad Request
2025-10-28T10:39:53.667096715Z [inf]  2025-10-28 10:39:53,663 - src.core.unified_scheduler - ERROR -    âŒ åŸ·è¡Œä¿¡è™Ÿå¤±æ•—: HTTP 400: Bad Request
2025-10-28T10:39:53.667102204Z [inf]  Traceback (most recent call last):
2025-10-28T10:39:53.667108074Z [inf]    File "/app/src/clients/binance_client.py", line 191, in _request
2025-10-28T10:39:53.667113949Z [inf]      result = await self.circuit_breaker.call_async(_do_request)
2025-10-28T10:39:53.667120896Z [inf]               ^^^^^^^^^^^^^^^^^^^^^^^^^^^^^^^^^^^^^^^^^^^^^^^^^^
2025-10-28T10:39:53.667126668Z [inf]    File "/app/src/core/circuit_breaker.py", line 339, in call_async
2025-10-28T10:39:53.667131427Z [inf]      raise e
2025-10-28T10:39:53.667137186Z [inf]    File "/app/src/core/circuit_breaker.py", line 334, in call_async
2025-10-28T10:39:53.667142471Z [inf]      result = await func(*args, **kwargs)
2025-10-28T10:39:53.667148890Z [inf]               ^^^^^^^^^^^^^^^^^^^^^^^^^^^
2025-10-28T10:39:53.667154590Z [inf]    File "/app/src/clients/binance_client.py", line 154, in _do_request
2025-10-28T10:39:53.667161100Z [inf]      response.raise_for_status()
2025-10-28T10:39:53.667169105Z [inf]    File "/opt/venv/lib/python3.11/site-packages/aiohttp/client_reqrep.py", line 636, in raise_for_status
2025-10-28T10:39:53.667176961Z [inf]      raise ClientResponseError(
2025-10-28T10:39:53.667183701Z [inf]  aiohttp.client_exceptions.ClientResponseError: 400, message='Bad Request', url='https://fapi.binance.com/fapi/v1/order'
2025-10-28T10:39:53.669478458Z [inf]  
2025-10-28T10:39:53.669490967Z [inf]  During handling of the above exception, another exception occurred:
2025-10-28T10:39:53.669499400Z [inf]  
2025-10-28T10:39:53.669508604Z [inf]  Traceback (most recent call last):
2025-10-28T10:39:53.669518178Z [inf]    File "/app/src/core/unified_scheduler.py", line 393, in _execute_signal
2025-10-28T10:39:53.669526586Z [inf]      order_result = await self.binance_client.place_order(
2025-10-28T10:39:53.669535541Z [inf]                     ^^^^^^^^^^^^^^^^^^^^^^^^^^^^^^^^^^^^^^
2025-10-28T10:39:53.669543942Z [inf]    File "/app/src/clients/binance_client.py", line 470, in place_order
2025-10-28T10:39:53.669552109Z [inf]      return await self.create_order(symbol, side, order_type, quantity, price, stop_price, **kwargs)
2025-10-28T10:39:53.669559975Z [inf]             ^^^^^^^^^^^^^^^^^^^^^^^^^^^^^^^^^^^^^^^^^^^^^^^^^^^^^^^^^^^^^^^^^^^^^^^^^^^^^^^^^^^^^^^^
2025-10-28T10:39:53.669567518Z [inf]    File "/app/src/clients/binance_client.py", line 443, in create_order
2025-10-28T10:39:53.669576114Z [inf]      return await self._request("POST", "/fapi/v1/order", params=params, signed=True)
2025-10-28T10:39:53.669584319Z [inf]             ^^^^^^^^^^^^^^^^^^^^^^^^^^^^^^^^^^^^^^^^^^^^^^^^^^^^^^^^^^^^^^^^^^^^^^^^^
2025-10-28T10:39:53.669594167Z [inf]    File "/app/src/clients/binance_client.py", line 195, in _request
2025-10-28T10:39:53.669603065Z [inf]      raise BinanceRequestError(
2025-10-28T10:39:53.669611431Z [inf]  src.clients.binance_errors.BinanceRequestError: HTTP 400: Bad Request
2025-10-28T10:39:53.669619711Z [inf]  2025-10-28 10:39:53,664 - src.core.unified_scheduler - INFO - âœ… é€±æœŸå®Œæˆ | è€—æ™‚: 8.4s | æ–°æˆäº¤: 0
2025-10-28T10:39:53.669628954Z [inf]  2025-10-28 10:39:53,664 - src.core.unified_scheduler - INFO - ================================================================================
2025-10-28T10:39:54.805999941Z [inf]  2025-10-28 10:39:54,798 - src.core.position_controller - ERROR - âŒ ç²å–æŒå€‰å¤±æ•—: 'BinanceClient' object has no attribute 'get_position_info_async'
2025-10-28T10:39:54.806012598Z [inf]  Traceback (most recent call last):
2025-10-28T10:39:54.806020669Z [inf]    File "/app/src/core/position_controller.py", line 135, in _fetch_all_positions
2025-10-28T10:39:54.806032084Z [inf]      raw_positions = await self.binance_client.get_position_info_async()
2025-10-28T10:39:54.806037767Z [inf]                            ^^^^^^^^^^^^^^^^^^^^^^^^^^^^^^^^^^^^^^^^^^^
2025-10-28T10:39:54.806045235Z [inf]  AttributeError: 'BinanceClient' object has no attribute 'get_position_info_async'
2025-10-28T10:39:56.828325094Z [inf]  2025-10-28 10:39:56,800 - src.core.position_controller - ERROR - âŒ ç²å–æŒå€‰å¤±æ•—: 'BinanceClient' object has no attribute 'get_position_info_async'
2025-10-28T10:39:56.828332673Z [inf]  Traceback (most recent call last):
2025-10-28T10:39:56.828343789Z [inf]    File "/app/src/core/position_controller.py", line 135, in _fetch_all_positions
2025-10-28T10:39:56.828356591Z [inf]      raw_positions = await self.binance_client.get_position_info_async()
2025-10-28T10:39:56.828364550Z [inf]                            ^^^^^^^^^^^^^^^^^^^^^^^^^^^^^^^^^^^^^^^^^^^
2025-10-28T10:39:56.828371502Z [inf]  AttributeError: 'BinanceClient' object has no attribute 'get_position_info_async'
2025-10-28T10:39:58.808413709Z [inf]  2025-10-28 10:39:58,802 - src.core.position_controller - ERROR - âŒ ç²å–æŒå€‰å¤±æ•—: 'BinanceClient' object has no attribute 'get_position_info_async'
2025-10-28T10:39:58.808419185Z [inf]  Traceback (most recent call last):
2025-10-28T10:39:58.808424997Z [inf]    File "/app/src/core/position_controller.py", line 135, in _fetch_all_positions
2025-10-28T10:39:58.808429881Z [inf]      raw_positions = await self.binance_client.get_position_info_async()
2025-10-28T10:39:58.808436954Z [inf]                            ^^^^^^^^^^^^^^^^^^^^^^^^^^^^^^^^^^^^^^^^^^^
2025-10-28T10:39:58.808441153Z [inf]  AttributeError: 'BinanceClient' object has no attribute 'get_position_info_async'
2025-10-28T10:40:00.808196802Z [inf]  2025-10-28 10:40:00,804 - src.core.position_controller - ERROR - âŒ ç²å–æŒå€‰å¤±æ•—: 'BinanceClient' object has no attribute 'get_position_info_async'
2025-10-28T10:40:00.808205319Z [inf]  Traceback (most recent call last):
2025-10-28T10:40:00.808211676Z [inf]    File "/app/src/core/position_controller.py", line 135, in _fetch_all_positions
2025-10-28T10:40:00.808218355Z [inf]      raw_positions = await self.binance_client.get_position_info_async()
2025-10-28T10:40:00.808224360Z [inf]                            ^^^^^^^^^^^^^^^^^^^^^^^^^^^^^^^^^^^^^^^^^^^
2025-10-28T10:40:00.808238023Z [inf]  AttributeError: 'BinanceClient' object has no attribute 'get_position_info_async'
2025-10-28T10:40:02.811884939Z [inf]  AttributeError: 'BinanceClient' object has no attribute 'get_position_info_async'
2025-10-28T10:40:02.812150425Z [inf]  2025-10-28 10:40:02,807 - src.core.position_controller - ERROR - âŒ ç²å–æŒå€‰å¤±æ•—: 'BinanceClient' object has no attribute 'get_position_info_async'
2025-10-28T10:40:02.812157622Z [inf]  Traceback (most recent call last):
2025-10-28T10:40:02.812162269Z [inf]    File "/app/src/core/position_controller.py", line 135, in _fetch_all_positions
2025-10-28T10:40:02.812166993Z [inf]      raw_positions = await self.binance_client.get_position_info_async()
2025-10-28T10:40:02.812172055Z [inf]                            ^^^^^^^^^^^^^^^^^^^^^^^^^^^^^^^^^^^^^^^^^^^
2025-10-28T10:40:04.814577397Z [inf]  2025-10-28 10:40:04,808 - src.core.position_controller - ERROR - âŒ ç²å–æŒå€‰å¤±æ•—: 'BinanceClient' object has no attribute 'get_position_info_async'
2025-10-28T10:40:04.814587180Z [inf]  Traceback (most recent call last):
2025-10-28T10:40:04.814595910Z [inf]    File "/app/src/core/position_controller.py", line 135, in _fetch_all_positions
2025-10-28T10:40:04.814609755Z [inf]      raw_positions = await self.binance_client.get_position_info_async()
2025-10-28T10:40:04.814616995Z [inf]                            ^^^^^^^^^^^^^^^^^^^^^^^^^^^^^^^^^^^^^^^^^^^
2025-10-28T10:40:04.814624292Z [inf]  AttributeError: 'BinanceClient' object has no attribute 'get_position_info_async'
2025-10-28T10:40:06.815447810Z [inf]  2025-10-28 10:40:06,810 - src.core.position_controller - ERROR - âŒ ç²å–æŒå€‰å¤±æ•—: 'BinanceClient' object has no attribute 'get_position_info_async'
2025-10-28T10:40:06.815454325Z [inf]  Traceback (most recent call last):
2025-10-28T10:40:06.815462609Z [inf]    File "/app/src/core/position_controller.py", line 135, in _fetch_all_positions
2025-10-28T10:40:06.815469582Z [inf]      raw_positions = await self.binance_client.get_position_info_async()
2025-10-28T10:40:06.815476021Z [inf]                            ^^^^^^^^^^^^^^^^^^^^^^^^^^^^^^^^^^^^^^^^^^^
2025-10-28T10:40:06.815482884Z [inf]  AttributeError: 'BinanceClient' object has no attribute 'get_position_info_async'
2025-10-28T10:40:08.898955137Z [inf]      raw_positions = await self.binance_client.get_position_info_async()
2025-10-28T10:40:08.898963039Z [inf]                            ^^^^^^^^^^^^^^^^^^^^^^^^^^^^^^^^^^^^^^^^^^^
2025-10-28T10:40:08.898974339Z [inf]  AttributeError: 'BinanceClient' object has no attribute 'get_position_info_async'
2025-10-28T10:40:08.898976765Z [inf]  2025-10-28 10:40:08,812 - src.core.position_controller - ERROR - âŒ ç²å–æŒå€‰å¤±æ•—: 'BinanceClient' object has no attribute 'get_position_info_async'
2025-10-28T10:40:08.898991724Z [inf]  Traceback (most recent call last):
2025-10-28T10:40:08.899001522Z [inf]    File "/app/src/core/position_controller.py", line 135, in _fetch_all_positions
2025-10-28T10:40:10.975915736Z [inf]  2025-10-28 10:40:10,814 - src.core.position_controller - ERROR - âŒ ç²å–æŒå€‰å¤±æ•—: 'BinanceClient' object has no attribute 'get_position_info_async'
2025-10-28T10:40:10.975922988Z [inf]  Traceback (most recent call last):
2025-10-28T10:40:10.975929502Z [inf]    File "/app/src/core/position_controller.py", line 135, in _fetch_all_positions
2025-10-28T10:40:10.975936288Z [inf]      raw_positions = await self.binance_client.get_position_info_async()
2025-10-28T10:40:10.975942903Z [inf]                            ^^^^^^^^^^^^^^^^^^^^^^^^^^^^^^^^^^^^^^^^^^^
2025-10-28T10:40:10.975949888Z [inf]  AttributeError: 'BinanceClient' object has no attribute 'get_position_info_async'
2025-10-28T10:40:12.950881718Z [inf]  2025-10-28 10:40:12,817 - src.core.position_controller - ERROR - âŒ ç²å–æŒå€‰å¤±æ•—: 'BinanceClient' object has no attribute 'get_position_info_async'
2025-10-28T10:40:12.950889011Z [inf]  Traceback (most recent call last):
2025-10-28T10:40:12.950896796Z [inf]    File "/app/src/core/position_controller.py", line 135, in _fetch_all_positions
2025-10-28T10:40:12.950904187Z [inf]      raw_positions = await self.binance_client.get_position_info_async()
2025-10-28T10:40:12.950911164Z [inf]                            ^^^^^^^^^^^^^^^^^^^^^^^^^^^^^^^^^^^^^^^^^^^
2025-10-28T10:40:12.950918778Z [inf]  AttributeError: 'BinanceClient' object has no attribute 'get_position_info_async'
2025-10-28T10:40:14.974320963Z [inf]  AttributeError: 'BinanceClient' object has no attribute 'get_position_info_async'
2025-10-28T10:40:14.974596631Z [inf]  2025-10-28 10:40:14,818 - src.core.position_controller - ERROR - âŒ ç²å–æŒå€‰å¤±æ•—: 'BinanceClient' object has no attribute 'get_position_info_async'
2025-10-28T10:40:14.974611013Z [inf]  Traceback (most recent call last):
2025-10-28T10:40:14.974618299Z [inf]    File "/app/src/core/position_controller.py", line 135, in _fetch_all_positions
2025-10-28T10:40:14.974625787Z [inf]      raw_positions = await self.binance_client.get_position_info_async()
2025-10-28T10:40:14.974635779Z [inf]                            ^^^^^^^^^^^^^^^^^^^^^^^^^^^^^^^^^^^^^^^^^^^
2025-10-28T10:40:16.913754954Z [inf]  2025-10-28 10:40:16,820 - src.core.position_controller - ERROR - âŒ ç²å–æŒå€‰å¤±æ•—: 'BinanceClient' object has no attribute 'get_position_info_async'
2025-10-28T10:40:16.913767210Z [inf]  Traceback (most recent call last):
2025-10-28T10:40:16.913774929Z [inf]    File "/app/src/core/position_controller.py", line 135, in _fetch_all_positions
2025-10-28T10:40:16.913783502Z [inf]      raw_positions = await self.binance_client.get_position_info_async()
2025-10-28T10:40:16.913791316Z [inf]                            ^^^^^^^^^^^^^^^^^^^^^^^^^^^^^^^^^^^^^^^^^^^
2025-10-28T10:40:16.913802065Z [inf]  AttributeError: 'BinanceClient' object has no attribute 'get_position_info_async'
2025-10-28T10:40:18.847145997Z [inf]                            ^^^^^^^^^^^^^^^^^^^^^^^^^^^^^^^^^^^^^^^^^^^
2025-10-28T10:40:18.847158289Z [inf]  AttributeError: 'BinanceClient' object has no attribute 'get_position_info_async'
2025-10-28T10:40:18.847246898Z [inf]  2025-10-28 10:40:18,823 - src.core.position_controller - ERROR - âŒ ç²å–æŒå€‰å¤±æ•—: 'BinanceClient' object has no attribute 'get_position_info_async'
2025-10-28T10:40:18.847255126Z [inf]  Traceback (most recent call last):
2025-10-28T10:40:18.847262529Z [inf]    File "/app/src/core/position_controller.py", line 135, in _fetch_all_positions
2025-10-28T10:40:18.847272558Z [inf]      raw_positions = await self.binance_client.get_position_info_async()
2025-10-28T10:40:20.843848056Z [inf]  2025-10-28 10:40:20,824 - src.core.position_controller - ERROR - âŒ ç²å–æŒå€‰å¤±æ•—: 'BinanceClient' object has no attribute 'get_position_info_async'
2025-10-28T10:40:20.843857302Z [inf]  Traceback (most recent call last):
2025-10-28T10:40:20.843861387Z [inf]    File "/app/src/core/position_controller.py", line 135, in _fetch_all_positions
2025-10-28T10:40:20.843866634Z [inf]      raw_positions = await self.binance_client.get_position_info_async()
2025-10-28T10:40:20.843871309Z [inf]                            ^^^^^^^^^^^^^^^^^^^^^^^^^^^^^^^^^^^^^^^^^^^
2025-10-28T10:40:20.843876925Z [inf]  AttributeError: 'BinanceClient' object has no attribute 'get_position_info_async'
2025-10-28T10:40:22.931956854Z [inf]  2025-10-28 10:40:22,826 - src.core.position_controller - ERROR - âŒ ç²å–æŒå€‰å¤±æ•—: 'BinanceClient' object has no attribute 'get_position_info_async'
2025-10-28T10:40:22.931961892Z [inf]  Traceback (most recent call last):
2025-10-28T10:40:22.931969675Z [inf]    File "/app/src/core/position_controller.py", line 135, in _fetch_all_positions
2025-10-28T10:40:22.931976149Z [inf]      raw_positions = await self.binance_client.get_position_info_async()
2025-10-28T10:40:22.931981721Z [inf]                            ^^^^^^^^^^^^^^^^^^^^^^^^^^^^^^^^^^^^^^^^^^^
2025-10-28T10:40:22.931986450Z [inf]  AttributeError: 'BinanceClient' object has no attribute 'get_position_info_async'
2025-10-28T10:40:24.988299792Z [inf]  AttributeError: 'BinanceClient' object has no attribute 'get_position_info_async'
2025-10-28T10:40:24.988417962Z [inf]  2025-10-28 10:40:24,829 - src.core.position_controller - ERROR - âŒ ç²å–æŒå€‰å¤±æ•—: 'BinanceClient' object has no attribute 'get_position_info_async'
2025-10-28T10:40:24.988430982Z [inf]  Traceback (most recent call last):
2025-10-28T10:40:24.988440319Z [inf]    File "/app/src/core/position_controller.py", line 135, in _fetch_all_positions
2025-10-28T10:40:24.988447215Z [inf]      raw_positions = await self.binance_client.get_position_info_async()
2025-10-28T10:40:24.988453820Z [inf]                            ^^^^^^^^^^^^^^^^^^^^^^^^^^^^^^^^^^^^^^^^^^^
2025-10-28T10:40:26.963368730Z [inf]  Traceback (most recent call last):
2025-10-28T10:40:26.963391928Z [inf]    File "/app/src/core/position_controller.py", line 135, in _fetch_all_positions
2025-10-28T10:40:26.963403586Z [inf]      raw_positions = await self.binance_client.get_position_info_async()
2025-10-28T10:40:26.963416123Z [inf]                            ^^^^^^^^^^^^^^^^^^^^^^^^^^^^^^^^^^^^^^^^^^^
2025-10-28T10:40:26.963428585Z [inf]  AttributeError: 'BinanceClient' object has no attribute 'get_position_info_async'
2025-10-28T10:40:26.963545026Z [inf]  2025-10-28 10:40:26,831 - src.core.position_controller - ERROR - âŒ ç²å–æŒå€‰å¤±æ•—: 'BinanceClient' object has no attribute 'get_position_info_async'
2025-10-28T10:40:28.999947010Z [inf]  2025-10-28 10:40:28,834 - src.core.position_controller - ERROR - âŒ ç²å–æŒå€‰å¤±æ•—: 'BinanceClient' object has no attribute 'get_position_info_async'
2025-10-28T10:40:28.999960345Z [inf]  Traceback (most recent call last):
2025-10-28T10:40:28.999970957Z [inf]    File "/app/src/core/position_controller.py", line 135, in _fetch_all_positions
2025-10-28T10:40:28.999980323Z [inf]      raw_positions = await self.binance_client.get_position_info_async()
2025-10-28T10:40:28.999988538Z [inf]                            ^^^^^^^^^^^^^^^^^^^^^^^^^^^^^^^^^^^^^^^^^^^
2025-10-28T10:40:29.000011700Z [inf]  AttributeError: 'BinanceClient' object has no attribute 'get_position_info_async'
2025-10-28T10:40:30.965162734Z [inf]    File "/app/src/core/position_controller.py", line 135, in _fetch_all_positions
2025-10-28T10:40:30.965174768Z [inf]      raw_positions = await self.binance_client.get_position_info_async()
2025-10-28T10:40:30.965181860Z [inf]                            ^^^^^^^^^^^^^^^^^^^^^^^^^^^^^^^^^^^^^^^^^^^
2025-10-28T10:40:30.965191217Z [inf]  AttributeError: 'BinanceClient' object has no attribute 'get_position_info_async'
2025-10-28T10:40:30.965263999Z [inf]  2025-10-28 10:40:30,838 - src.core.position_controller - ERROR - âŒ ç²å–æŒå€‰å¤±æ•—: 'BinanceClient' object has no attribute 'get_position_info_async'
2025-10-28T10:40:30.965271156Z [inf]  Traceback (most recent call last):
2025-10-28T10:40:32.923326020Z [inf]  2025-10-28 10:40:32,841 - src.core.position_controller - ERROR - âŒ ç²å–æŒå€‰å¤±æ•—: 'BinanceClient' object has no attribute 'get_position_info_async'
2025-10-28T10:40:32.923332370Z [inf]  Traceback (most recent call last):
2025-10-28T10:40:32.923338459Z [inf]    File "/app/src/core/position_controller.py", line 135, in _fetch_all_positions
2025-10-28T10:40:32.923393827Z [inf]      raw_positions = await self.binance_client.get_position_info_async()
2025-10-28T10:40:32.923400328Z [inf]                            ^^^^^^^^^^^^^^^^^^^^^^^^^^^^^^^^^^^^^^^^^^^
2025-10-28T10:40:32.923406645Z [inf]  AttributeError: 'BinanceClient' object has no attribute 'get_position_info_async'
2025-10-28T10:40:34.991117955Z [inf]  AttributeError: 'BinanceClient' object has no attribute 'get_position_info_async'
2025-10-28T10:40:34.991133678Z [inf]  Traceback (most recent call last):
2025-10-28T10:40:34.991140676Z [inf]    File "/app/src/core/position_controller.py", line 135, in _fetch_all_positions
2025-10-28T10:40:34.991146153Z [inf]      raw_positions = await self.binance_client.get_position_info_async()
2025-10-28T10:40:34.991152015Z [inf]                            ^^^^^^^^^^^^^^^^^^^^^^^^^^^^^^^^^^^^^^^^^^^
2025-10-28T10:40:34.991209162Z [inf]  2025-10-28 10:40:34,842 - src.core.position_controller - ERROR - âŒ ç²å–æŒå€‰å¤±æ•—: 'BinanceClient' object has no attribute 'get_position_info_async'
2025-10-28T10:40:37.048950199Z [inf]  2025-10-28 10:40:36,845 - src.core.position_controller - ERROR - âŒ ç²å–æŒå€‰å¤±æ•—: 'BinanceClient' object has no attribute 'get_position_info_async'
2025-10-28T10:40:37.048955388Z [inf]  Traceback (most recent call last):
2025-10-28T10:40:37.048960339Z [inf]    File "/app/src/core/position_controller.py", line 135, in _fetch_all_positions
2025-10-28T10:40:37.048964802Z [inf]      raw_positions = await self.binance_client.get_position_info_async()
2025-10-28T10:40:37.048970332Z [inf]                            ^^^^^^^^^^^^^^^^^^^^^^^^^^^^^^^^^^^^^^^^^^^
2025-10-28T10:40:37.048974918Z [inf]  AttributeError: 'BinanceClient' object has no attribute 'get_position_info_async'
2025-10-28T10:40:38.976668023Z [inf]  2025-10-28 10:40:38,847 - src.core.position_controller - ERROR - âŒ ç²å–æŒå€‰å¤±æ•—: 'BinanceClient' object has no attribute 'get_position_info_async'
2025-10-28T10:40:38.976676645Z [inf]  Traceback (most recent call last):
2025-10-28T10:40:38.976684671Z [inf]    File "/app/src/core/position_controller.py", line 135, in _fetch_all_positions
2025-10-28T10:40:38.976691526Z [inf]      raw_positions = await self.binance_client.get_position_info_async()
2025-10-28T10:40:38.976698551Z [inf]                            ^^^^^^^^^^^^^^^^^^^^^^^^^^^^^^^^^^^^^^^^^^^
2025-10-28T10:40:38.976712631Z [inf]  AttributeError: 'BinanceClient' object has no attribute 'get_position_info_async'
2025-10-28T10:40:41.009950038Z [inf]  2025-10-28 10:40:40,850 - src.core.position_controller - ERROR - âŒ ç²å–æŒå€‰å¤±æ•—: 'BinanceClient' object has no attribute 'get_position_info_async'
2025-10-28T10:40:41.009960458Z [inf]  Traceback (most recent call last):
2025-10-28T10:40:41.009976548Z [inf]    File "/app/src/core/position_controller.py", line 135, in _fetch_all_positions
2025-10-28T10:40:41.009986636Z [inf]      raw_positions = await self.binance_client.get_position_info_async()
2025-10-28T10:40:41.009995618Z [inf]                            ^^^^^^^^^^^^^^^^^^^^^^^^^^^^^^^^^^^^^^^^^^^
2025-10-28T10:40:41.010005268Z [inf]  AttributeError: 'BinanceClient' object has no attribute 'get_position_info_async'
2025-10-28T10:40:43.072544120Z [inf]  2025-10-28 10:40:42,852 - src.core.position_controller - ERROR - âŒ ç²å–æŒå€‰å¤±æ•—: 'BinanceClient' object has no attribute 'get_position_info_async'
2025-10-28T10:40:43.072549842Z [inf]  Traceback (most recent call last):
2025-10-28T10:40:43.072555428Z [inf]    File "/app/src/core/position_controller.py", line 135, in _fetch_all_positions
2025-10-28T10:40:43.072561290Z [inf]      raw_positions = await self.binance_client.get_position_info_async()
2025-10-28T10:40:43.072568309Z [inf]                            ^^^^^^^^^^^^^^^^^^^^^^^^^^^^^^^^^^^^^^^^^^^
2025-10-28T10:40:43.072574571Z [inf]  AttributeError: 'BinanceClient' object has no attribute 'get_position_info_async'
2025-10-28T10:40:45.044117022Z [inf]  2025-10-28 10:40:44,855 - src.core.position_controller - ERROR - âŒ ç²å–æŒå€‰å¤±æ•—: 'BinanceClient' object has no attribute 'get_position_info_async'
2025-10-28T10:40:45.044125871Z [inf]  Traceback (most recent call last):
2025-10-28T10:40:45.044133570Z [inf]    File "/app/src/core/position_controller.py", line 135, in _fetch_all_positions
2025-10-28T10:40:45.044144218Z [inf]      raw_positions = await self.binance_client.get_position_info_async()
2025-10-28T10:40:45.044151785Z [inf]                            ^^^^^^^^^^^^^^^^^^^^^^^^^^^^^^^^^^^^^^^^^^^
2025-10-28T10:40:45.044159659Z [inf]  AttributeError: 'BinanceClient' object has no attribute 'get_position_info_async'
2025-10-28T10:40:47.187641576Z [inf]  Traceback (most recent call last):
2025-10-28T10:40:47.187653263Z [inf]    File "/app/src/core/position_controller.py", line 135, in _fetch_all_positions
2025-10-28T10:40:47.187664365Z [inf]      raw_positions = await self.binance_client.get_position_info_async()
2025-10-28T10:40:47.187673633Z [inf]                            ^^^^^^^^^^^^^^^^^^^^^^^^^^^^^^^^^^^^^^^^^^^
2025-10-28T10:40:47.187687969Z [inf]  AttributeError: 'BinanceClient' object has no attribute 'get_position_info_async'
2025-10-28T10:40:47.187718399Z [inf]  2025-10-28 10:40:46,858 - src.core.position_controller - ERROR - âŒ ç²å–æŒå€‰å¤±æ•—: 'BinanceClient' object has no attribute 'get_position_info_async'
2025-10-28T10:40:49.182905734Z [inf]    File "/app/src/core/position_controller.py", line 135, in _fetch_all_positions
2025-10-28T10:40:49.182922291Z [inf]      raw_positions = await self.binance_client.get_position_info_async()
2025-10-28T10:40:49.182930167Z [inf]                            ^^^^^^^^^^^^^^^^^^^^^^^^^^^^^^^^^^^^^^^^^^^
2025-10-28T10:40:49.182938364Z [inf]  AttributeError: 'BinanceClient' object has no attribute 'get_position_info_async'
2025-10-28T10:40:49.182995271Z [inf]  2025-10-28 10:40:48,861 - src.core.position_controller - ERROR - âŒ ç²å–æŒå€‰å¤±æ•—: 'BinanceClient' object has no attribute 'get_position_info_async'
2025-10-28T10:40:49.183003023Z [inf]  Traceback (most recent call last):
2025-10-28T10:40:51.154517940Z [inf]    File "/app/src/core/position_controller.py", line 135, in _fetch_all_positions
2025-10-28T10:40:51.154520886Z [inf]  2025-10-28 10:40:50,864 - src.core.position_controller - ERROR - âŒ ç²å–æŒå€‰å¤±æ•—: 'BinanceClient' object has no attribute 'get_position_info_async'
2025-10-28T10:40:51.154532621Z [inf]      raw_positions = await self.binance_client.get_position_info_async()
2025-10-28T10:40:51.154532714Z [inf]  Traceback (most recent call last):
2025-10-28T10:40:51.154543476Z [inf]                            ^^^^^^^^^^^^^^^^^^^^^^^^^^^^^^^^^^^^^^^^^^^
2025-10-28T10:40:51.154552727Z [inf]  AttributeError: 'BinanceClient' object has no attribute 'get_position_info_async'
2025-10-28T10:40:53.193134165Z [inf]  2025-10-28 10:40:52,866 - src.core.position_controller - ERROR - âŒ ç²å–æŒå€‰å¤±æ•—: 'BinanceClient' object has no attribute 'get_position_info_async'
2025-10-28T10:40:53.193144589Z [inf]  Traceback (most recent call last):
2025-10-28T10:40:53.193151892Z [inf]    File "/app/src/core/position_controller.py", line 135, in _fetch_all_positions
2025-10-28T10:40:53.193158555Z [inf]      raw_positions = await self.binance_client.get_position_info_async()
2025-10-28T10:40:53.193165985Z [inf]                            ^^^^^^^^^^^^^^^^^^^^^^^^^^^^^^^^^^^^^^^^^^^
2025-10-28T10:40:53.193172864Z [inf]  AttributeError: 'BinanceClient' object has no attribute 'get_position_info_async'
2025-10-28T10:40:53.670304429Z [inf]  2025-10-28 10:40:53,666 - src.core.unified_scheduler - INFO - ================================================================================
2025-10-28T10:40:53.670311987Z [inf]  2025-10-28 10:40:53,666 - src.core.unified_scheduler - INFO - ğŸ”„ äº¤æ˜“é€±æœŸ #9 | 2025-10-28 10:40:53 UTC
2025-10-28T10:40:53.670321852Z [inf]  2025-10-28 10:40:53,666 - src.core.unified_scheduler - INFO - ================================================================================
2025-10-28T10:40:53.670329052Z [inf]  2025-10-28 10:40:53,668 - src.core.circuit_breaker - WARNING - âš ï¸  ç†”æ–·å™¨è­¦å‘Šç´š: å¤±æ•—2æ¬¡ (æ“ä½œ: generic, å„ªå…ˆç´š: NORMAL)
2025-10-28T10:40:54.168901911Z [inf]  2025-10-28 10:40:53,859 - src.core.circuit_breaker - WARNING - ğŸ”„ ç†”æ–·å™¨ç´šåˆ¥è®ŠåŒ–: warning â†’ normal (å¤±æ•—æ¬¡æ•¸: 0)
2025-10-28T10:40:54.168943447Z [inf]  2025-10-28 10:40:53,779 - src.core.unified_scheduler - INFO - ğŸ’° è³¬æˆ¶æ¬Šç›Š: $21.51 | æœªå¯¦ç¾ç›ˆè™§: $+0.00
2025-10-28T10:40:54.168960004Z [inf]  2025-10-28 10:40:53,780 - src.core.unified_scheduler - INFO - ğŸ“Š æƒæåˆ° 528 å€‹ USDT æ°¸çºŒåˆç´„ï¼Œç›£æ§å‰ 999 å€‹
2025-10-28T10:40:54.168977276Z [inf]  2025-10-28 10:40:53,780 - src.core.unified_scheduler - INFO - ğŸ“Š æƒæ 528 å€‹äº¤æ˜“å°ä¸­...
2025-10-28T10:40:54.168985144Z [inf]  2025-10-28 10:40:53,780 - src.core.circuit_breaker - WARNING - âš ï¸  ç†”æ–·å™¨è­¦å‘Šç´š: å¤±æ•—1æ¬¡ (æ“ä½œ: generic, å„ªå…ˆç´š: NORMAL)
2025-10-28T10:40:54.168995199Z [inf]  2025-10-28 10:40:53,781 - src.core.circuit_breaker - WARNING - âš ï¸  ç†”æ–·å™¨è­¦å‘Šç´š: å¤±æ•—1æ¬¡ (æ“ä½œ: generic, å„ªå…ˆç´š: NORMAL)
2025-10-28T10:40:54.169011051Z [inf]  2025-10-28 10:40:53,781 - src.core.circuit_breaker - WARNING - âš ï¸  ç†”æ–·å™¨è­¦å‘Šç´š: å¤±æ•—1æ¬¡ (æ“ä½œ: generic, å„ªå…ˆç´š: NORMAL)
2025-10-28T10:40:54.169016137Z [inf]  2025-10-28 10:40:53,779 - src.core.unified_scheduler - INFO - ğŸ“¦ ç•¶å‰æŒå€‰: ç„¡
2025-10-28T10:40:54.214795299Z [inf]  2025-10-28 10:40:54,212 - src.strategies.rule_based_signal_generator - ERROR - âŒ XRPUSDT ä¿¡è™Ÿç”Ÿæˆå¤±æ•—: 'zone'
2025-10-28T10:40:54.214811673Z [inf]  Traceback (most recent call last):
2025-10-28T10:40:54.214821826Z [inf]    File "/app/src/strategies/rule_based_signal_generator.py", line 112, in generate_signal
2025-10-28T10:40:54.214829559Z [inf]      confidence_score, sub_scores = self._calculate_confidence(
2025-10-28T10:40:54.214836939Z [inf]                                     ^^^^^^^^^^^^^^^^^^^^^^^^^^^
2025-10-28T10:40:54.214848216Z [inf]    File "/app/src/strategies/rule_based_signal_generator.py", line 375, in _calculate_confidence
2025-10-28T10:40:54.214868181Z [inf]      nearest_ob = min(relevant_obs, key=lambda x: abs(x['zone'][0] - current_price))
2025-10-28T10:40:54.214877404Z [inf]                   ^^^^^^^^^^^^^^^^^^^^^^^^^^^^^^^^^^^^^^^^^^^^^^^^^^^^^^^^^^^^^^^^^^
2025-10-28T10:40:54.214884791Z [inf]    File "/app/src/strategies/rule_based_signal_generator.py", line 375, in <lambda>
2025-10-28T10:40:54.214892567Z [inf]      nearest_ob = min(relevant_obs, key=lambda x: abs(x['zone'][0] - current_price))
2025-10-28T10:40:54.214899666Z [inf]                                                       ~^^^^^^^^
2025-10-28T10:40:54.214906549Z [inf]  KeyError: 'zone'
2025-10-28T10:40:55.128527525Z [inf]      raw_positions = await self.binance_client.get_position_info_async()
2025-10-28T10:40:55.128540885Z [inf]                            ^^^^^^^^^^^^^^^^^^^^^^^^^^^^^^^^^^^^^^^^^^^
2025-10-28T10:40:55.128549601Z [inf]  AttributeError: 'BinanceClient' object has no attribute 'get_position_info_async'
2025-10-28T10:40:55.128638819Z [inf]  2025-10-28 10:40:54,867 - src.core.position_controller - ERROR - âŒ ç²å–æŒå€‰å¤±æ•—: 'BinanceClient' object has no attribute 'get_position_info_async'
2025-10-28T10:40:55.128644603Z [inf]  Traceback (most recent call last):
2025-10-28T10:40:55.128649883Z [inf]    File "/app/src/core/position_controller.py", line 135, in _fetch_all_positions
2025-10-28T10:40:57.195011634Z [inf]      raw_positions = await self.binance_client.get_position_info_async()
2025-10-28T10:40:57.195025259Z [inf]                            ^^^^^^^^^^^^^^^^^^^^^^^^^^^^^^^^^^^^^^^^^^^
2025-10-28T10:40:57.195034879Z [inf]  AttributeError: 'BinanceClient' object has no attribute 'get_position_info_async'
2025-10-28T10:40:57.195125592Z [inf]  2025-10-28 10:40:56,868 - src.core.position_controller - ERROR - âŒ ç²å–æŒå€‰å¤±æ•—: 'BinanceClient' object has no attribute 'get_position_info_async'
2025-10-28T10:40:57.195134584Z [inf]  Traceback (most recent call last):
2025-10-28T10:40:57.195149384Z [inf]    File "/app/src/core/position_controller.py", line 135, in _fetch_all_positions
2025-10-28T10:40:59.159598458Z [inf]  2025-10-28 10:40:58,869 - src.core.position_controller - ERROR - âŒ ç²å–æŒå€‰å¤±æ•—: 'BinanceClient' object has no attribute 'get_position_info_async'
2025-10-28T10:40:59.159603876Z [inf]  Traceback (most recent call last):
2025-10-28T10:40:59.159610658Z [inf]    File "/app/src/core/position_controller.py", line 135, in _fetch_all_positions
2025-10-28T10:40:59.159616546Z [inf]      raw_positions = await self.binance_client.get_position_info_async()
2025-10-28T10:40:59.159622454Z [inf]                            ^^^^^^^^^^^^^^^^^^^^^^^^^^^^^^^^^^^^^^^^^^^
2025-10-28T10:40:59.159627747Z [inf]  AttributeError: 'BinanceClient' object has no attribute 'get_position_info_async'
2025-10-28T10:41:01.205466544Z [inf]  2025-10-28 10:41:00,871 - src.core.position_controller - ERROR - âŒ ç²å–æŒå€‰å¤±æ•—: 'BinanceClient' object has no attribute 'get_position_info_async'
2025-10-28T10:41:01.205477006Z [inf]  Traceback (most recent call last):
2025-10-28T10:41:01.205487412Z [inf]    File "/app/src/core/position_controller.py", line 135, in _fetch_all_positions
2025-10-28T10:41:01.205496075Z [inf]      raw_positions = await self.binance_client.get_position_info_async()
2025-10-28T10:41:01.205505367Z [inf]                            ^^^^^^^^^^^^^^^^^^^^^^^^^^^^^^^^^^^^^^^^^^^
2025-10-28T10:41:01.205511946Z [inf]  AttributeError: 'BinanceClient' object has no attribute 'get_position_info_async'
2025-10-28T10:41:03.268323342Z [inf]                            ^^^^^^^^^^^^^^^^^^^^^^^^^^^^^^^^^^^^^^^^^^^
2025-10-28T10:41:03.268339119Z [inf]  AttributeError: 'BinanceClient' object has no attribute 'get_position_info_async'
2025-10-28T10:41:03.268394777Z [inf]  Traceback (most recent call last):
2025-10-28T10:41:03.268410411Z [inf]  2025-10-28 10:41:02,872 - src.core.position_controller - ERROR - âŒ ç²å–æŒå€‰å¤±æ•—: 'BinanceClient' object has no attribute 'get_position_info_async'
2025-10-28T10:41:03.268413588Z [inf]    File "/app/src/core/position_controller.py", line 135, in _fetch_all_positions
2025-10-28T10:41:03.268425234Z [inf]      raw_positions = await self.binance_client.get_position_info_async()
2025-10-28T10:41:05.264184343Z [inf]  2025-10-28 10:41:04,873 - src.core.position_controller - ERROR - âŒ ç²å–æŒå€‰å¤±æ•—: 'BinanceClient' object has no attribute 'get_position_info_async'
2025-10-28T10:41:05.264191214Z [inf]  Traceback (most recent call last):
2025-10-28T10:41:05.264199015Z [inf]    File "/app/src/core/position_controller.py", line 135, in _fetch_all_positions
2025-10-28T10:41:05.264207175Z [inf]      raw_positions = await self.binance_client.get_position_info_async()
2025-10-28T10:41:05.264214287Z [inf]                            ^^^^^^^^^^^^^^^^^^^^^^^^^^^^^^^^^^^^^^^^^^^
2025-10-28T10:41:05.264220888Z [inf]  AttributeError: 'BinanceClient' object has no attribute 'get_position_info_async'
2025-10-28T10:41:07.260364314Z [inf]  2025-10-28 10:41:06,874 - src.core.position_controller - ERROR - âŒ ç²å–æŒå€‰å¤±æ•—: 'BinanceClient' object has no attribute 'get_position_info_async'
2025-10-28T10:41:07.260369342Z [inf]  Traceback (most recent call last):
2025-10-28T10:41:07.260373850Z [inf]    File "/app/src/core/position_controller.py", line 135, in _fetch_all_positions
2025-10-28T10:41:07.260378841Z [inf]      raw_positions = await self.binance_client.get_position_info_async()
2025-10-28T10:41:07.260383782Z [inf]                            ^^^^^^^^^^^^^^^^^^^^^^^^^^^^^^^^^^^^^^^^^^^
2025-10-28T10:41:07.260388790Z [inf]  AttributeError: 'BinanceClient' object has no attribute 'get_position_info_async'
2025-10-28T10:41:08.249604253Z [inf]                                                       ~^^^^^^^^
2025-10-28T10:41:08.249615521Z [inf]  KeyError: 'zone'
2025-10-28T10:41:08.249622436Z [inf]  2025-10-28 10:41:08,067 - src.strategies.rule_based_signal_generator - INFO - âœ… GMXUSDT ä¿¡è™Ÿç”Ÿæˆ: SHORT | ä¿¡å¿ƒåº¦=67.0% | å‹ç‡=59.5% | R:R=1.50
2025-10-28T10:41:08.249784374Z [inf]  2025-10-28 10:41:07,964 - src.strategies.rule_based_signal_generator - ERROR - âŒ PHBUSDT ä¿¡è™Ÿç”Ÿæˆå¤±æ•—: 'zone'
2025-10-28T10:41:08.249796350Z [inf]  Traceback (most recent call last):
2025-10-28T10:41:08.249804426Z [inf]    File "/app/src/strategies/rule_based_signal_generator.py", line 112, in generate_signal
2025-10-28T10:41:08.249812533Z [inf]      confidence_score, sub_scores = self._calculate_confidence(
2025-10-28T10:41:08.249820235Z [inf]                                     ^^^^^^^^^^^^^^^^^^^^^^^^^^^
2025-10-28T10:41:08.249827738Z [inf]    File "/app/src/strategies/rule_based_signal_generator.py", line 375, in _calculate_confidence
2025-10-28T10:41:08.249836170Z [inf]      nearest_ob = min(relevant_obs, key=lambda x: abs(x['zone'][0] - current_price))
2025-10-28T10:41:08.249842879Z [inf]                   ^^^^^^^^^^^^^^^^^^^^^^^^^^^^^^^^^^^^^^^^^^^^^^^^^^^^^^^^^^^^^^^^^^
2025-10-28T10:41:08.249851432Z [inf]    File "/app/src/strategies/rule_based_signal_generator.py", line 375, in <lambda>
2025-10-28T10:41:08.249858491Z [inf]      nearest_ob = min(relevant_obs, key=lambda x: abs(x['zone'][0] - current_price))
2025-10-28T10:41:09.227531834Z [inf]  2025-10-28 10:41:08,878 - src.core.position_controller - ERROR - âŒ ç²å–æŒå€‰å¤±æ•—: 'BinanceClient' object has no attribute 'get_position_info_async'
2025-10-28T10:41:09.227547433Z [inf]  Traceback (most recent call last):
2025-10-28T10:41:09.227554269Z [inf]    File "/app/src/core/position_controller.py", line 135, in _fetch_all_positions
2025-10-28T10:41:09.227559568Z [inf]      raw_positions = await self.binance_client.get_position_info_async()
2025-10-28T10:41:09.227564262Z [inf]                            ^^^^^^^^^^^^^^^^^^^^^^^^^^^^^^^^^^^^^^^^^^^
2025-10-28T10:41:09.227570321Z [inf]  AttributeError: 'BinanceClient' object has no attribute 'get_position_info_async'
2025-10-28T10:41:10.534175218Z [inf]  2025-10-28 10:41:10,530 - src.strategies.rule_based_signal_generator - INFO - âœ… MAVUSDT ä¿¡è™Ÿç”Ÿæˆ: SHORT | ä¿¡å¿ƒåº¦=69.0% | å‹ç‡=59.5% | R:R=1.50
2025-10-28T10:41:11.271310678Z [inf]      nearest_ob = min(relevant_obs, key=lambda x: abs(x['zone'][0] - current_price))
2025-10-28T10:41:11.271320563Z [inf]                                                       ~^^^^^^^^
2025-10-28T10:41:11.271323288Z [inf]    File "/app/src/core/position_controller.py", line 135, in _fetch_all_positions
2025-10-28T10:41:11.271336105Z [inf]      raw_positions = await self.binance_client.get_position_info_async()
2025-10-28T10:41:11.271345536Z [inf]  2025-10-28 10:41:11,139 - src.strategies.rule_based_signal_generator - ERROR - âŒ AGLDUSDT ä¿¡è™Ÿç”Ÿæˆå¤±æ•—: 'zone'
2025-10-28T10:41:11.271346045Z [inf]                            ^^^^^^^^^^^^^^^^^^^^^^^^^^^^^^^^^^^^^^^^^^^
2025-10-28T10:41:11.271351479Z [inf]  Traceback (most recent call last):
2025-10-28T10:41:11.271356297Z [inf]  AttributeError: 'BinanceClient' object has no attribute 'get_position_info_async'
2025-10-28T10:41:11.271357092Z [inf]    File "/app/src/strategies/rule_based_signal_generator.py", line 112, in generate_signal
2025-10-28T10:41:11.271359728Z [inf]    File "/app/src/strategies/rule_based_signal_generator.py", line 375, in _calculate_confidence
2025-10-28T10:41:11.271363319Z [inf]      confidence_score, sub_scores = self._calculate_confidence(
2025-10-28T10:41:11.271369484Z [inf]                                     ^^^^^^^^^^^^^^^^^^^^^^^^^^^
2025-10-28T10:41:11.271371482Z [inf]      nearest_ob = min(relevant_obs, key=lambda x: abs(x['zone'][0] - current_price))
2025-10-28T10:41:11.271380481Z [inf]                   ^^^^^^^^^^^^^^^^^^^^^^^^^^^^^^^^^^^^^^^^^^^^^^^^^^^^^^^^^^^^^^^^^^
2025-10-28T10:41:11.271385622Z [inf]    File "/app/src/strategies/rule_based_signal_generator.py", line 375, in <lambda>
2025-10-28T10:41:11.271522390Z [inf]  2025-10-28 10:41:10,879 - src.core.position_controller - ERROR - âŒ ç²å–æŒå€‰å¤±æ•—: 'BinanceClient' object has no attribute 'get_position_info_async'
2025-10-28T10:41:11.271527743Z [inf]  Traceback (most recent call last):
2025-10-28T10:41:11.274173113Z [inf]  KeyError: 'zone'
2025-10-28T10:41:13.295874785Z [inf]  Traceback (most recent call last):
2025-10-28T10:41:13.295889216Z [inf]    File "/app/src/core/position_controller.py", line 135, in _fetch_all_positions
2025-10-28T10:41:13.295899154Z [inf]      raw_positions = await self.binance_client.get_position_info_async()
2025-10-28T10:41:13.295907592Z [inf]                            ^^^^^^^^^^^^^^^^^^^^^^^^^^^^^^^^^^^^^^^^^^^
2025-10-28T10:41:13.295924139Z [inf]  AttributeError: 'BinanceClient' object has no attribute 'get_position_info_async'
2025-10-28T10:41:13.296053021Z [inf]  2025-10-28 10:41:12,892 - src.core.position_controller - ERROR - âŒ ç²å–æŒå€‰å¤±æ•—: 'BinanceClient' object has no attribute 'get_position_info_async'
2025-10-28T10:41:15.358422189Z [inf]  2025-10-28 10:41:14,815 - src.strategies.rule_based_signal_generator - INFO - âœ… 1000RATSUSDT ä¿¡è™Ÿç”Ÿæˆ: LONG | ä¿¡å¿ƒåº¦=69.0% | å‹ç‡=59.5% | R:R=1.50
2025-10-28T10:41:15.358434935Z [inf]  2025-10-28 10:41:14,897 - src.core.position_controller - ERROR - âŒ ç²å–æŒå€‰å¤±æ•—: 'BinanceClient' object has no attribute 'get_position_info_async'
2025-10-28T10:41:15.358440995Z [inf]  Traceback (most recent call last):
2025-10-28T10:41:15.358447033Z [inf]    File "/app/src/core/position_controller.py", line 135, in _fetch_all_positions
2025-10-28T10:41:15.358548343Z [inf]      raw_positions = await self.binance_client.get_position_info_async()
2025-10-28T10:41:15.358562811Z [inf]                            ^^^^^^^^^^^^^^^^^^^^^^^^^^^^^^^^^^^^^^^^^^^
2025-10-28T10:41:15.358571704Z [inf]  AttributeError: 'BinanceClient' object has no attribute 'get_position_info_async'
2025-10-28T10:41:17.319895341Z [inf]  2025-10-28 10:41:16,881 - src.strategies.rule_based_signal_generator - INFO - âœ… TONUSDT ä¿¡è™Ÿç”Ÿæˆ: LONG | ä¿¡å¿ƒåº¦=62.0% | å‹ç‡=59.5% | R:R=1.50
2025-10-28T10:41:17.319901762Z [inf]  2025-10-28 10:41:16,899 - src.core.position_controller - ERROR - âŒ ç²å–æŒå€‰å¤±æ•—: 'BinanceClient' object has no attribute 'get_position_info_async'
2025-10-28T10:41:17.319906614Z [inf]  Traceback (most recent call last):
2025-10-28T10:41:17.319912623Z [inf]    File "/app/src/core/position_controller.py", line 135, in _fetch_all_positions
2025-10-28T10:41:17.319918988Z [inf]      raw_positions = await self.binance_client.get_position_info_async()
2025-10-28T10:41:17.319923869Z [inf]                            ^^^^^^^^^^^^^^^^^^^^^^^^^^^^^^^^^^^^^^^^^^^
2025-10-28T10:41:17.319929530Z [inf]  AttributeError: 'BinanceClient' object has no attribute 'get_position_info_async'
2025-10-28T10:41:18.322953485Z [inf]  Traceback (most recent call last):
2025-10-28T10:41:18.322966441Z [inf]    File "/app/src/strategies/rule_based_signal_generator.py", line 112, in generate_signal
2025-10-28T10:41:18.322974677Z [inf]      confidence_score, sub_scores = self._calculate_confidence(
2025-10-28T10:41:18.322982109Z [inf]                                     ^^^^^^^^^^^^^^^^^^^^^^^^^^^
2025-10-28T10:41:18.322988691Z [inf]    File "/app/src/strategies/rule_based_signal_generator.py", line 375, in _calculate_confidence
2025-10-28T10:41:18.322999248Z [inf]      nearest_ob = min(relevant_obs, key=lambda x: abs(x['zone'][0] - current_price))
2025-10-28T10:41:18.323006252Z [inf]                   ^^^^^^^^^^^^^^^^^^^^^^^^^^^^^^^^^^^^^^^^^^^^^^^^^^^^^^^^^^^^^^^^^^
2025-10-28T10:41:18.323014203Z [inf]    File "/app/src/strategies/rule_based_signal_generator.py", line 375, in <lambda>
2025-10-28T10:41:18.323020972Z [inf]      nearest_ob = min(relevant_obs, key=lambda x: abs(x['zone'][0] - current_price))
2025-10-28T10:41:18.323027984Z [inf]                                                       ~^^^^^^^^
2025-10-28T10:41:18.323034488Z [inf]  KeyError: 'zone'
2025-10-28T10:41:18.323050552Z [inf]  2025-10-28 10:41:18,221 - src.strategies.rule_based_signal_generator - ERROR - âŒ TAOUSDT ä¿¡è™Ÿç”Ÿæˆå¤±æ•—: 'zone'
2025-10-28T10:41:19.312011230Z [inf]      raw_positions = await self.binance_client.get_position_info_async()
2025-10-28T10:41:19.312023289Z [inf]                            ^^^^^^^^^^^^^^^^^^^^^^^^^^^^^^^^^^^^^^^^^^^
2025-10-28T10:41:19.312031814Z [inf]  AttributeError: 'BinanceClient' object has no attribute 'get_position_info_async'
2025-10-28T10:41:19.312072011Z [inf]  2025-10-28 10:41:18,900 - src.core.position_controller - ERROR - âŒ ç²å–æŒå€‰å¤±æ•—: 'BinanceClient' object has no attribute 'get_position_info_async'
2025-10-28T10:41:19.312078691Z [inf]  Traceback (most recent call last):
2025-10-28T10:41:19.312087340Z [inf]    File "/app/src/core/position_controller.py", line 135, in _fetch_all_positions
2025-10-28T10:41:19.330265916Z [inf]  2025-10-28 10:41:19,326 - src.strategies.rule_based_signal_generator - ERROR - âŒ BANANAUSDT ä¿¡è™Ÿç”Ÿæˆå¤±æ•—: 'zone'
2025-10-28T10:41:19.330274385Z [inf]  Traceback (most recent call last):
2025-10-28T10:41:19.330280282Z [inf]    File "/app/src/strategies/rule_based_signal_generator.py", line 112, in generate_signal
2025-10-28T10:41:19.330286242Z [inf]      confidence_score, sub_scores = self._calculate_confidence(
2025-10-28T10:41:19.330297280Z [inf]                                     ^^^^^^^^^^^^^^^^^^^^^^^^^^^
2025-10-28T10:41:19.330304292Z [inf]    File "/app/src/strategies/rule_based_signal_generator.py", line 375, in _calculate_confidence
2025-10-28T10:41:19.330309584Z [inf]      nearest_ob = min(relevant_obs, key=lambda x: abs(x['zone'][0] - current_price))
2025-10-28T10:41:19.330314740Z [inf]                   ^^^^^^^^^^^^^^^^^^^^^^^^^^^^^^^^^^^^^^^^^^^^^^^^^^^^^^^^^^^^^^^^^^
2025-10-28T10:41:19.330319929Z [inf]    File "/app/src/strategies/rule_based_signal_generator.py", line 375, in <lambda>
2025-10-28T10:41:19.330326772Z [inf]      nearest_ob = min(relevant_obs, key=lambda x: abs(x['zone'][0] - current_price))
2025-10-28T10:41:19.330331525Z [inf]                                                       ~^^^^^^^^
2025-10-28T10:41:19.330350468Z [inf]  KeyError: 'zone'
2025-10-28T10:41:20.473862365Z [inf]  2025-10-28 10:41:20,467 - src.strategies.rule_based_signal_generator - ERROR - âŒ CHESSUSDT ä¿¡è™Ÿç”Ÿæˆå¤±æ•—: 'zone'
2025-10-28T10:41:20.473870884Z [inf]  Traceback (most recent call last):
2025-10-28T10:41:20.473879439Z [inf]    File "/app/src/strategies/rule_based_signal_generator.py", line 112, in generate_signal
2025-10-28T10:41:20.473888780Z [inf]      confidence_score, sub_scores = self._calculate_confidence(
2025-10-28T10:41:20.473898375Z [inf]                                     ^^^^^^^^^^^^^^^^^^^^^^^^^^^
2025-10-28T10:41:20.473908135Z [inf]    File "/app/src/strategies/rule_based_signal_generator.py", line 375, in _calculate_confidence
2025-10-28T10:41:20.473916195Z [inf]      nearest_ob = min(relevant_obs, key=lambda x: abs(x['zone'][0] - current_price))
2025-10-28T10:41:20.473924187Z [inf]                   ^^^^^^^^^^^^^^^^^^^^^^^^^^^^^^^^^^^^^^^^^^^^^^^^^^^^^^^^^^^^^^^^^^
2025-10-28T10:41:20.473931867Z [inf]    File "/app/src/strategies/rule_based_signal_generator.py", line 375, in <lambda>
2025-10-28T10:41:20.473940209Z [inf]      nearest_ob = min(relevant_obs, key=lambda x: abs(x['zone'][0] - current_price))
2025-10-28T10:41:20.473948051Z [inf]                                                       ~^^^^^^^^
2025-10-28T10:41:20.473957103Z [inf]  KeyError: 'zone'
2025-10-28T10:41:21.331763147Z [inf]  2025-10-28 10:41:20,901 - src.core.position_controller - ERROR - âŒ ç²å–æŒå€‰å¤±æ•—: 'BinanceClient' object has no attribute 'get_position_info_async'
2025-10-28T10:41:21.331769817Z [inf]  Traceback (most recent call last):
2025-10-28T10:41:21.331776910Z [inf]    File "/app/src/core/position_controller.py", line 135, in _fetch_all_positions
2025-10-28T10:41:21.331783707Z [inf]      raw_positions = await self.binance_client.get_position_info_async()
2025-10-28T10:41:21.331792920Z [inf]                            ^^^^^^^^^^^^^^^^^^^^^^^^^^^^^^^^^^^^^^^^^^^
2025-10-28T10:41:21.331801111Z [inf]  AttributeError: 'BinanceClient' object has no attribute 'get_position_info_async'
2025-10-28T10:41:23.354271483Z [inf]      raw_positions = await self.binance_client.get_position_info_async()
2025-10-28T10:41:23.354284296Z [inf]                            ^^^^^^^^^^^^^^^^^^^^^^^^^^^^^^^^^^^^^^^^^^^
2025-10-28T10:41:23.354291586Z [inf]  AttributeError: 'BinanceClient' object has no attribute 'get_position_info_async'
2025-10-28T10:41:23.354767795Z [inf]  2025-10-28 10:41:22,902 - src.core.position_controller - ERROR - âŒ ç²å–æŒå€‰å¤±æ•—: 'BinanceClient' object has no attribute 'get_position_info_async'
2025-10-28T10:41:23.354773697Z [inf]  Traceback (most recent call last):
2025-10-28T10:41:23.354781311Z [inf]    File "/app/src/core/position_controller.py", line 135, in _fetch_all_positions
2025-10-28T10:41:23.781320723Z [inf]  2025-10-28 10:41:23,776 - src.strategies.rule_based_signal_generator - INFO - âœ… HIPPOUSDT ä¿¡è™Ÿç”Ÿæˆ: LONG | ä¿¡å¿ƒåº¦=69.0% | å‹ç‡=59.5% | R:R=1.50
2025-10-28T10:41:24.358746041Z [inf]  2025-10-28 10:41:23,978 - src.strategies.rule_based_signal_generator - INFO - âœ… DEGENUSDT ä¿¡è™Ÿç”Ÿæˆ: LONG | ä¿¡å¿ƒåº¦=77.0% | å‹ç‡=64.5% | R:R=1.50
2025-10-28T10:41:24.358759286Z [inf]  2025-10-28 10:41:23,978 - src.strategies.self_learning_trader - INFO -    ğŸ“Š æ§“æ¡¿è¨ˆç®—: å‹ç‡=64.50% â†’ win_leverage=7.97x | ä¿¡å¿ƒåº¦=77.00% â†’ conf_factor=1.54x | æœ€çµ‚æ§“æ¡¿=12.27x
2025-10-28T10:41:24.358766004Z [inf]  2025-10-28 10:41:23,978 - src.strategies.self_learning_trader - INFO -    ğŸ¯ SL/TP èª¿æ•´: æ§“æ¡¿=12.3x â†’ scale=1.56x | åŸºç¤ SL=1.51% â†’ èª¿æ•´å¾Œ=2.36% | SL=$0.00 | TP=$0.00
2025-10-28T10:41:24.358772981Z [inf]  2025-10-28 10:41:23,978 - src.strategies.self_learning_trader - INFO - ğŸ¯ DEGENUSDT å®Œæ•´ä¿¡è™Ÿ: LONG @ 0.00 | æ§“æ¡¿=12.3x | SL=0.00 | TP=0.00 | å‹ç‡=64.5% | ä¿¡å¿ƒåº¦=77.0%
2025-10-28T10:41:24.895295275Z [inf]  2025-10-28 10:41:24,875 - src.strategies.rule_based_signal_generator - INFO - âœ… KAIAUSDT ä¿¡è™Ÿç”Ÿæˆ: LONG | ä¿¡å¿ƒåº¦=65.0% | å‹ç‡=59.5% | R:R=1.50
2025-10-28T10:41:25.358547093Z [inf]  Traceback (most recent call last):
2025-10-28T10:41:25.358560597Z [inf]    File "/app/src/core/position_controller.py", line 135, in _fetch_all_positions
2025-10-28T10:41:25.358570088Z [inf]      raw_positions = await self.binance_client.get_position_info_async()
2025-10-28T10:41:25.358580189Z [inf]                            ^^^^^^^^^^^^^^^^^^^^^^^^^^^^^^^^^^^^^^^^^^^
2025-10-28T10:41:25.358587786Z [inf]  AttributeError: 'BinanceClient' object has no attribute 'get_position_info_async'
2025-10-28T10:41:25.358595122Z [inf]  2025-10-28 10:41:25,171 - src.strategies.rule_based_signal_generator - ERROR - âŒ ORCAUSDT ä¿¡è™Ÿç”Ÿæˆå¤±æ•—: 'zone'
2025-10-28T10:41:25.358602160Z [inf]  Traceback (most recent call last):
2025-10-28T10:41:25.358610041Z [inf]    File "/app/src/strategies/rule_based_signal_generator.py", line 112, in generate_signal
2025-10-28T10:41:25.358617148Z [inf]      confidence_score, sub_scores = self._calculate_confidence(
2025-10-28T10:41:25.358625774Z [inf]                                     ^^^^^^^^^^^^^^^^^^^^^^^^^^^
2025-10-28T10:41:25.358633671Z [inf]    File "/app/src/strategies/rule_based_signal_generator.py", line 375, in _calculate_confidence
2025-10-28T10:41:25.358644048Z [inf]      nearest_ob = min(relevant_obs, key=lambda x: abs(x['zone'][0] - current_price))
2025-10-28T10:41:25.358652105Z [inf]                   ^^^^^^^^^^^^^^^^^^^^^^^^^^^^^^^^^^^^^^^^^^^^^^^^^^^^^^^^^^^^^^^^^^
2025-10-28T10:41:25.358659929Z [inf]    File "/app/src/strategies/rule_based_signal_generator.py", line 375, in <lambda>
2025-10-28T10:41:25.358667376Z [inf]      nearest_ob = min(relevant_obs, key=lambda x: abs(x['zone'][0] - current_price))
2025-10-28T10:41:25.358674364Z [inf]                                                       ~^^^^^^^^
2025-10-28T10:41:25.358684670Z [inf]  2025-10-28 10:41:24,903 - src.core.position_controller - ERROR - âŒ ç²å–æŒå€‰å¤±æ•—: 'BinanceClient' object has no attribute 'get_position_info_async'
2025-10-28T10:41:25.359912371Z [inf]  KeyError: 'zone'
2025-10-28T10:41:27.405222488Z [inf]                                     ^^^^^^^^^^^^^^^^^^^^^^^^^^^
2025-10-28T10:41:27.405240247Z [inf]    File "/app/src/strategies/rule_based_signal_generator.py", line 375, in _calculate_confidence
2025-10-28T10:41:27.405242853Z [inf]  Traceback (most recent call last):
2025-10-28T10:41:27.405254643Z [inf]      nearest_ob = min(relevant_obs, key=lambda x: abs(x['zone'][0] - current_price))
2025-10-28T10:41:27.405258797Z [inf]    File "/app/src/core/position_controller.py", line 135, in _fetch_all_positions
2025-10-28T10:41:27.405269438Z [inf]      raw_positions = await self.binance_client.get_position_info_async()
2025-10-28T10:41:27.405276114Z [inf]                   ^^^^^^^^^^^^^^^^^^^^^^^^^^^^^^^^^^^^^^^^^^^^^^^^^^^^^^^^^^^^^^^^^^
2025-10-28T10:41:27.405280855Z [inf]                            ^^^^^^^^^^^^^^^^^^^^^^^^^^^^^^^^^^^^^^^^^^^
2025-10-28T10:41:27.405287127Z [inf]    File "/app/src/strategies/rule_based_signal_generator.py", line 375, in <lambda>
2025-10-28T10:41:27.405296546Z [inf]      nearest_ob = min(relevant_obs, key=lambda x: abs(x['zone'][0] - current_price))
2025-10-28T10:41:27.405308268Z [inf]  AttributeError: 'BinanceClient' object has no attribute 'get_position_info_async'
2025-10-28T10:41:27.405310518Z [inf]                                                       ~^^^^^^^^
2025-10-28T10:41:27.405312958Z [inf]  2025-10-28 10:41:26,905 - src.core.position_controller - ERROR - âŒ ç²å–æŒå€‰å¤±æ•—: 'BinanceClient' object has no attribute 'get_position_info_async'
2025-10-28T10:41:27.405321644Z [inf]  2025-10-28 10:41:26,949 - src.strategies.rule_based_signal_generator - ERROR - âŒ FARTCOINUSDT ä¿¡è™Ÿç”Ÿæˆå¤±æ•—: 'zone'
2025-10-28T10:41:27.405329170Z [inf]  Traceback (most recent call last):
2025-10-28T10:41:27.405335819Z [inf]    File "/app/src/strategies/rule_based_signal_generator.py", line 112, in generate_signal
2025-10-28T10:41:27.405342013Z [inf]      confidence_score, sub_scores = self._calculate_confidence(
2025-10-28T10:41:27.407757380Z [inf]  KeyError: 'zone'
2025-10-28T10:41:27.606900140Z [inf]  2025-10-28 10:41:27,562 - src.strategies.rule_based_signal_generator - ERROR - âŒ DFUSDT ä¿¡è™Ÿç”Ÿæˆå¤±æ•—: 'zone'
2025-10-28T10:41:27.606906958Z [inf]  Traceback (most recent call last):
2025-10-28T10:41:27.606912568Z [inf]    File "/app/src/strategies/rule_based_signal_generator.py", line 112, in generate_signal
2025-10-28T10:41:27.606918702Z [inf]      confidence_score, sub_scores = self._calculate_confidence(
2025-10-28T10:41:27.606925429Z [inf]                                     ^^^^^^^^^^^^^^^^^^^^^^^^^^^
2025-10-28T10:41:27.606930921Z [inf]    File "/app/src/strategies/rule_based_signal_generator.py", line 375, in _calculate_confidence
2025-10-28T10:41:27.606937366Z [inf]      nearest_ob = min(relevant_obs, key=lambda x: abs(x['zone'][0] - current_price))
2025-10-28T10:41:27.606942472Z [inf]                   ^^^^^^^^^^^^^^^^^^^^^^^^^^^^^^^^^^^^^^^^^^^^^^^^^^^^^^^^^^^^^^^^^^
2025-10-28T10:41:27.606948083Z [inf]    File "/app/src/strategies/rule_based_signal_generator.py", line 375, in <lambda>
2025-10-28T10:41:27.606954668Z [inf]      nearest_ob = min(relevant_obs, key=lambda x: abs(x['zone'][0] - current_price))
2025-10-28T10:41:27.606959864Z [inf]                                                       ~^^^^^^^^
2025-10-28T10:41:27.606965633Z [inf]  KeyError: 'zone'
2025-10-28T10:41:28.430281677Z [inf]  2025-10-28 10:41:28,387 - src.strategies.rule_based_signal_generator - INFO - âœ… SONICUSDT ä¿¡è™Ÿç”Ÿæˆ: LONG | ä¿¡å¿ƒåº¦=75.0% | å‹ç‡=64.5% | R:R=1.50
2025-10-28T10:41:28.430287559Z [inf]  2025-10-28 10:41:28,388 - src.strategies.self_learning_trader - INFO -    ğŸ“Š æ§“æ¡¿è¨ˆç®—: å‹ç‡=64.50% â†’ win_leverage=7.97x | ä¿¡å¿ƒåº¦=75.00% â†’ conf_factor=1.50x | æœ€çµ‚æ§“æ¡¿=11.95x
2025-10-28T10:41:28.430292528Z [inf]  2025-10-28 10:41:28,388 - src.strategies.self_learning_trader - INFO -    ğŸ¯ SL/TP èª¿æ•´: æ§“æ¡¿=11.9x â†’ scale=1.55x | åŸºç¤ SL=0.75% â†’ èª¿æ•´å¾Œ=1.17% | SL=$0.14 | TP=$0.14
2025-10-28T10:41:28.430298236Z [inf]  2025-10-28 10:41:28,388 - src.strategies.self_learning_trader - INFO - ğŸ¯ SONICUSDT å®Œæ•´ä¿¡è™Ÿ: LONG @ 0.14 | æ§“æ¡¿=11.9x | SL=0.14 | TP=0.14 | å‹ç‡=64.5% | ä¿¡å¿ƒåº¦=75.0%
2025-10-28T10:41:29.395139823Z [inf]  2025-10-28 10:41:28,915 - src.core.position_controller - ERROR - âŒ ç²å–æŒå€‰å¤±æ•—: 'BinanceClient' object has no attribute 'get_position_info_async'
2025-10-28T10:41:29.395150562Z [inf]  Traceback (most recent call last):
2025-10-28T10:41:29.395159729Z [inf]    File "/app/src/core/position_controller.py", line 135, in _fetch_all_positions
2025-10-28T10:41:29.395168858Z [inf]      raw_positions = await self.binance_client.get_position_info_async()
2025-10-28T10:41:29.395177499Z [inf]                            ^^^^^^^^^^^^^^^^^^^^^^^^^^^^^^^^^^^^^^^^^^^
2025-10-28T10:41:29.395187193Z [inf]  AttributeError: 'BinanceClient' object has no attribute 'get_position_info_async'
2025-10-28T10:41:30.604467078Z [inf]  2025-10-28 10:41:30,585 - src.strategies.rule_based_signal_generator - ERROR - âŒ SHELLUSDT ä¿¡è™Ÿç”Ÿæˆå¤±æ•—: 'zone'
2025-10-28T10:41:30.604477347Z [inf]  Traceback (most recent call last):
2025-10-28T10:41:30.604484578Z [inf]    File "/app/src/strategies/rule_based_signal_generator.py", line 112, in generate_signal
2025-10-28T10:41:30.604491969Z [inf]      confidence_score, sub_scores = self._calculate_confidence(
2025-10-28T10:41:30.604499989Z [inf]                                     ^^^^^^^^^^^^^^^^^^^^^^^^^^^
2025-10-28T10:41:30.604507094Z [inf]    File "/app/src/strategies/rule_based_signal_generator.py", line 375, in _calculate_confidence
2025-10-28T10:41:30.604514385Z [inf]      nearest_ob = min(relevant_obs, key=lambda x: abs(x['zone'][0] - current_price))
2025-10-28T10:41:30.604521406Z [inf]                   ^^^^^^^^^^^^^^^^^^^^^^^^^^^^^^^^^^^^^^^^^^^^^^^^^^^^^^^^^^^^^^^^^^
2025-10-28T10:41:30.604531440Z [inf]    File "/app/src/strategies/rule_based_signal_generator.py", line 375, in <lambda>
2025-10-28T10:41:30.604538374Z [inf]      nearest_ob = min(relevant_obs, key=lambda x: abs(x['zone'][0] - current_price))
2025-10-28T10:41:30.604544926Z [inf]                                                       ~^^^^^^^^
2025-10-28T10:41:30.604552371Z [inf]  KeyError: 'zone'
2025-10-28T10:41:30.892125670Z [inf]  2025-10-28 10:41:30,888 - src.strategies.rule_based_signal_generator - INFO - âœ… VICUSDT ä¿¡è™Ÿç”Ÿæˆ: SHORT | ä¿¡å¿ƒåº¦=69.0% | å‹ç‡=59.5% | R:R=1.50
2025-10-28T10:41:30.920743417Z [inf]  2025-10-28 10:41:30,917 - src.core.position_controller - ERROR - âŒ ç²å–æŒå€‰å¤±æ•—: 'BinanceClient' object has no attribute 'get_position_info_async'
2025-10-28T10:41:30.920747993Z [inf]  Traceback (most recent call last):
2025-10-28T10:41:30.920752442Z [inf]    File "/app/src/core/position_controller.py", line 135, in _fetch_all_positions
2025-10-28T10:41:30.920757083Z [inf]      raw_positions = await self.binance_client.get_position_info_async()
2025-10-28T10:41:30.920763685Z [inf]                            ^^^^^^^^^^^^^^^^^^^^^^^^^^^^^^^^^^^^^^^^^^^
2025-10-28T10:41:30.920768358Z [inf]  AttributeError: 'BinanceClient' object has no attribute 'get_position_info_async'
2025-10-28T10:41:32.627071911Z [inf]  2025-10-28 10:41:32,607 - src.strategies.rule_based_signal_generator - ERROR - âŒ PAXGUSDT ä¿¡è™Ÿç”Ÿæˆå¤±æ•—: 'zone'
2025-10-28T10:41:32.627081848Z [inf]  Traceback (most recent call last):
2025-10-28T10:41:32.627088114Z [inf]    File "/app/src/strategies/rule_based_signal_generator.py", line 112, in generate_signal
2025-10-28T10:41:32.627093929Z [inf]      confidence_score, sub_scores = self._calculate_confidence(
2025-10-28T10:41:32.627100070Z [inf]                                     ^^^^^^^^^^^^^^^^^^^^^^^^^^^
2025-10-28T10:41:32.627109505Z [inf]    File "/app/src/strategies/rule_based_signal_generator.py", line 375, in _calculate_confidence
2025-10-28T10:41:32.627116554Z [inf]      nearest_ob = min(relevant_obs, key=lambda x: abs(x['zone'][0] - current_price))
2025-10-28T10:41:32.627123046Z [inf]                   ^^^^^^^^^^^^^^^^^^^^^^^^^^^^^^^^^^^^^^^^^^^^^^^^^^^^^^^^^^^^^^^^^^
2025-10-28T10:41:32.627130350Z [inf]    File "/app/src/strategies/rule_based_signal_generator.py", line 375, in <lambda>
2025-10-28T10:41:32.627135503Z [inf]      nearest_ob = min(relevant_obs, key=lambda x: abs(x['zone'][0] - current_price))
2025-10-28T10:41:32.627140738Z [inf]                                                       ~^^^^^^^^
2025-10-28T10:41:32.627146481Z [inf]  KeyError: 'zone'
2025-10-28T10:41:32.746063108Z [inf]  2025-10-28 10:41:32,709 - src.strategies.rule_based_signal_generator - INFO - âœ… WALUSDT ä¿¡è™Ÿç”Ÿæˆ: SHORT | ä¿¡å¿ƒåº¦=69.0% | å‹ç‡=59.5% | R:R=1.50
2025-10-28T10:41:32.937114754Z [inf]  2025-10-28 10:41:32,919 - src.core.position_controller - ERROR - âŒ ç²å–æŒå€‰å¤±æ•—: 'BinanceClient' object has no attribute 'get_position_info_async'
2025-10-28T10:41:32.937122198Z [inf]  Traceback (most recent call last):
2025-10-28T10:41:32.937129412Z [inf]    File "/app/src/core/position_controller.py", line 135, in _fetch_all_positions
2025-10-28T10:41:32.937135333Z [inf]      raw_positions = await self.binance_client.get_position_info_async()
2025-10-28T10:41:32.937142800Z [inf]                            ^^^^^^^^^^^^^^^^^^^^^^^^^^^^^^^^^^^^^^^^^^^
2025-10-28T10:41:32.937150496Z [inf]  AttributeError: 'BinanceClient' object has no attribute 'get_position_info_async'
2025-10-28T10:41:34.461685019Z [inf]      confidence_score, sub_scores = self._calculate_confidence(
2025-10-28T10:41:34.461703964Z [inf]                                     ^^^^^^^^^^^^^^^^^^^^^^^^^^^
2025-10-28T10:41:34.461715032Z [inf]  2025-10-28 10:41:34,458 - src.strategies.rule_based_signal_generator - ERROR - âŒ EPTUSDT ä¿¡è™Ÿç”Ÿæˆå¤±æ•—: 'zone'
2025-10-28T10:41:34.461726880Z [inf]  Traceback (most recent call last):
2025-10-28T10:41:34.461733067Z [inf]    File "/app/src/strategies/rule_based_signal_generator.py", line 112, in generate_signal
2025-10-28T10:41:34.461764394Z [inf]    File "/app/src/strategies/rule_based_signal_generator.py", line 375, in _calculate_confidence
2025-10-28T10:41:34.461774740Z [inf]      nearest_ob = min(relevant_obs, key=lambda x: abs(x['zone'][0] - current_price))
2025-10-28T10:41:34.461781760Z [inf]                   ^^^^^^^^^^^^^^^^^^^^^^^^^^^^^^^^^^^^^^^^^^^^^^^^^^^^^^^^^^^^^^^^^^
2025-10-28T10:41:34.461788628Z [inf]    File "/app/src/strategies/rule_based_signal_generator.py", line 375, in <lambda>
2025-10-28T10:41:34.461794642Z [inf]      nearest_ob = min(relevant_obs, key=lambda x: abs(x['zone'][0] - current_price))
2025-10-28T10:41:34.461801002Z [inf]                                                       ~^^^^^^^^
2025-10-28T10:41:34.461810673Z [inf]  KeyError: 'zone'
2025-10-28T10:41:34.925545477Z [inf]  2025-10-28 10:41:34,920 - src.core.position_controller - ERROR - âŒ ç²å–æŒå€‰å¤±æ•—: 'BinanceClient' object has no attribute 'get_position_info_async'
2025-10-28T10:41:34.925561602Z [inf]  Traceback (most recent call last):
2025-10-28T10:41:34.925567767Z [inf]    File "/app/src/core/position_controller.py", line 135, in _fetch_all_positions
2025-10-28T10:41:34.925575472Z [inf]      raw_positions = await self.binance_client.get_position_info_async()
2025-10-28T10:41:34.925583594Z [inf]                            ^^^^^^^^^^^^^^^^^^^^^^^^^^^^^^^^^^^^^^^^^^^
2025-10-28T10:41:34.925589141Z [inf]  AttributeError: 'BinanceClient' object has no attribute 'get_position_info_async'
2025-10-28T10:41:36.452417053Z [inf]    File "/app/src/strategies/rule_based_signal_generator.py", line 375, in <lambda>
2025-10-28T10:41:36.452450463Z [inf]      nearest_ob = min(relevant_obs, key=lambda x: abs(x['zone'][0] - current_price))
2025-10-28T10:41:36.452451944Z [inf]      confidence_score, sub_scores = self._calculate_confidence(
2025-10-28T10:41:36.452460098Z [inf]                                                       ~^^^^^^^^
2025-10-28T10:41:36.452465994Z [inf]    File "/app/src/strategies/rule_based_signal_generator.py", line 375, in _calculate_confidence
2025-10-28T10:41:36.452470327Z [inf]                                     ^^^^^^^^^^^^^^^^^^^^^^^^^^^
2025-10-28T10:41:36.452472902Z [inf]  KeyError: 'zone'
2025-10-28T10:41:36.452479613Z [inf]      nearest_ob = min(relevant_obs, key=lambda x: abs(x['zone'][0] - current_price))
2025-10-28T10:41:36.452495178Z [inf]                   ^^^^^^^^^^^^^^^^^^^^^^^^^^^^^^^^^^^^^^^^^^^^^^^^^^^^^^^^^^^^^^^^^^
2025-10-28T10:41:36.452496820Z [inf]  Traceback (most recent call last):
2025-10-28T10:41:36.452506725Z [inf]    File "/app/src/strategies/rule_based_signal_generator.py", line 112, in generate_signal
2025-10-28T10:41:36.452529835Z [inf]  2025-10-28 10:41:36,412 - src.strategies.rule_based_signal_generator - ERROR - âŒ OGUSDT ä¿¡è™Ÿç”Ÿæˆå¤±æ•—: 'zone'
2025-10-28T10:41:36.925787332Z [inf]  2025-10-28 10:41:36,922 - src.core.position_controller - ERROR - âŒ ç²å–æŒå€‰å¤±æ•—: 'BinanceClient' object has no attribute 'get_position_info_async'
2025-10-28T10:41:36.925795894Z [inf]  Traceback (most recent call last):
2025-10-28T10:41:36.925801241Z [inf]    File "/app/src/core/position_controller.py", line 135, in _fetch_all_positions
2025-10-28T10:41:36.925806499Z [inf]      raw_positions = await self.binance_client.get_position_info_async()
2025-10-28T10:41:36.925811464Z [inf]                            ^^^^^^^^^^^^^^^^^^^^^^^^^^^^^^^^^^^^^^^^^^^
2025-10-28T10:41:36.925817611Z [inf]  AttributeError: 'BinanceClient' object has no attribute 'get_position_info_async'
2025-10-28T10:41:37.449375004Z [inf]                                     ^^^^^^^^^^^^^^^^^^^^^^^^^^^
2025-10-28T10:41:37.449388295Z [inf]    File "/app/src/strategies/rule_based_signal_generator.py", line 375, in _calculate_confidence
2025-10-28T10:41:37.449397212Z [inf]    File "/app/src/strategies/rule_based_signal_generator.py", line 112, in generate_signal
2025-10-28T10:41:37.449409401Z [inf]      confidence_score, sub_scores = self._calculate_confidence(
2025-10-28T10:41:37.449409907Z [inf]      nearest_ob = min(relevant_obs, key=lambda x: abs(x['zone'][0] - current_price))
2025-10-28T10:41:37.449418757Z [inf]                                     ^^^^^^^^^^^^^^^^^^^^^^^^^^^
2025-10-28T10:41:37.449420611Z [inf]                                                       ~^^^^^^^^
2025-10-28T10:41:37.449428460Z [inf]  KeyError: 'zone'
2025-10-28T10:41:37.449429086Z [inf]    File "/app/src/strategies/rule_based_signal_generator.py", line 375, in _calculate_confidence
2025-10-28T10:41:37.449436908Z [inf]  2025-10-28 10:41:37,240 - src.strategies.rule_based_signal_generator - ERROR - âŒ SOONUSDT ä¿¡è™Ÿç”Ÿæˆå¤±æ•—: 'zone'
2025-10-28T10:41:37.449438152Z [inf]      nearest_ob = min(relevant_obs, key=lambda x: abs(x['zone'][0] - current_price))
2025-10-28T10:41:37.449448102Z [inf]  Traceback (most recent call last):
2025-10-28T10:41:37.449449492Z [inf]                   ^^^^^^^^^^^^^^^^^^^^^^^^^^^^^^^^^^^^^^^^^^^^^^^^^^^^^^^^^^^^^^^^^^
2025-10-28T10:41:37.449453378Z [inf]  2025-10-28 10:41:37,118 - src.strategies.rule_based_signal_generator - ERROR - âŒ BUSDT ä¿¡è™Ÿç”Ÿæˆå¤±æ•—: 'zone'
2025-10-28T10:41:37.449460823Z [inf]    File "/app/src/strategies/rule_based_signal_generator.py", line 375, in <lambda>
2025-10-28T10:41:37.449464813Z [inf]  Traceback (most recent call last):
2025-10-28T10:41:37.449465203Z [inf]    File "/app/src/strategies/rule_based_signal_generator.py", line 112, in generate_signal
2025-10-28T10:41:37.449475290Z [inf]      confidence_score, sub_scores = self._calculate_confidence(
2025-10-28T10:41:37.450226865Z [inf]      nearest_ob = min(relevant_obs, key=lambda x: abs(x['zone'][0] - current_price))
2025-10-28T10:41:37.450236046Z [inf]                   ^^^^^^^^^^^^^^^^^^^^^^^^^^^^^^^^^^^^^^^^^^^^^^^^^^^^^^^^^^^^^^^^^^
2025-10-28T10:41:37.450242324Z [inf]    File "/app/src/strategies/rule_based_signal_generator.py", line 375, in <lambda>
2025-10-28T10:41:37.450249305Z [inf]      nearest_ob = min(relevant_obs, key=lambda x: abs(x['zone'][0] - current_price))
2025-10-28T10:41:37.450256222Z [inf]                                                       ~^^^^^^^^
2025-10-28T10:41:37.450264559Z [inf]  KeyError: 'zone'
2025-10-28T10:41:38.930360653Z [inf]  2025-10-28 10:41:38,923 - src.core.position_controller - ERROR - âŒ ç²å–æŒå€‰å¤±æ•—: 'BinanceClient' object has no attribute 'get_position_info_async'
2025-10-28T10:41:38.930370337Z [inf]  Traceback (most recent call last):
2025-10-28T10:41:38.930399844Z [inf]    File "/app/src/core/position_controller.py", line 135, in _fetch_all_positions
2025-10-28T10:41:38.930409541Z [inf]      raw_positions = await self.binance_client.get_position_info_async()
2025-10-28T10:41:38.930416386Z [inf]                            ^^^^^^^^^^^^^^^^^^^^^^^^^^^^^^^^^^^^^^^^^^^
2025-10-28T10:41:38.930424134Z [inf]  AttributeError: 'BinanceClient' object has no attribute 'get_position_info_async'
2025-10-28T10:41:40.471043407Z [inf]      nearest_ob = min(relevant_obs, key=lambda x: abs(x['zone'][0] - current_price))
2025-10-28T10:41:40.471062605Z [inf]                                                       ~^^^^^^^^
2025-10-28T10:41:40.471062613Z [inf]                                     ^^^^^^^^^^^^^^^^^^^^^^^^^^^
2025-10-28T10:41:40.471071552Z [inf]  KeyError: 'zone'
2025-10-28T10:41:40.471077059Z [inf]    File "/app/src/strategies/rule_based_signal_generator.py", line 375, in _calculate_confidence
2025-10-28T10:41:40.471084789Z [inf]      nearest_ob = min(relevant_obs, key=lambda x: abs(x['zone'][0] - current_price))
2025-10-28T10:41:40.471092078Z [inf]                   ^^^^^^^^^^^^^^^^^^^^^^^^^^^^^^^^^^^^^^^^^^^^^^^^^^^^^^^^^^^^^^^^^^
2025-10-28T10:41:40.471099939Z [inf]    File "/app/src/strategies/rule_based_signal_generator.py", line 375, in <lambda>
2025-10-28T10:41:40.471189883Z [inf]  2025-10-28 10:41:40,261 - src.strategies.rule_based_signal_generator - ERROR - âŒ PUMPUSDT ä¿¡è™Ÿç”Ÿæˆå¤±æ•—: 'zone'
2025-10-28T10:41:40.471197031Z [inf]  Traceback (most recent call last):
2025-10-28T10:41:40.471204304Z [inf]    File "/app/src/strategies/rule_based_signal_generator.py", line 112, in generate_signal
2025-10-28T10:41:40.471216301Z [inf]      confidence_score, sub_scores = self._calculate_confidence(
2025-10-28T10:41:40.928387842Z [inf]  2025-10-28 10:41:40,924 - src.core.position_controller - ERROR - âŒ ç²å–æŒå€‰å¤±æ•—: 'BinanceClient' object has no attribute 'get_position_info_async'
2025-10-28T10:41:40.928397399Z [inf]  Traceback (most recent call last):
2025-10-28T10:41:40.928404027Z [inf]    File "/app/src/core/position_controller.py", line 135, in _fetch_all_positions
2025-10-28T10:41:40.928413310Z [inf]      raw_positions = await self.binance_client.get_position_info_async()
2025-10-28T10:41:40.928420015Z [inf]                            ^^^^^^^^^^^^^^^^^^^^^^^^^^^^^^^^^^^^^^^^^^^
2025-10-28T10:41:40.928426305Z [inf]  AttributeError: 'BinanceClient' object has no attribute 'get_position_info_async'
2025-10-28T10:41:42.516258067Z [inf]                   ^^^^^^^^^^^^^^^^^^^^^^^^^^^^^^^^^^^^^^^^^^^^^^^^^^^^^^^^^^^^^^^^^^
2025-10-28T10:41:42.516273899Z [inf]    File "/app/src/strategies/rule_based_signal_generator.py", line 375, in <lambda>
2025-10-28T10:41:42.516282719Z [inf]      nearest_ob = min(relevant_obs, key=lambda x: abs(x['zone'][0] - current_price))
2025-10-28T10:41:42.516356171Z [inf]  2025-10-28 10:41:42,331 - src.strategies.rule_based_signal_generator - INFO - âœ… XNYUSDT ä¿¡è™Ÿç”Ÿæˆ: LONG | ä¿¡å¿ƒåº¦=72.0% | å‹ç‡=64.5% | R:R=1.50
2025-10-28T10:41:42.516365923Z [inf]  2025-10-28 10:41:42,331 - src.strategies.self_learning_trader - INFO -    ğŸ“Š æ§“æ¡¿è¨ˆç®—: å‹ç‡=64.50% â†’ win_leverage=7.97x | ä¿¡å¿ƒåº¦=72.00% â†’ conf_factor=1.44x | æœ€çµ‚æ§“æ¡¿=11.47x
2025-10-28T10:41:42.516373973Z [inf]  2025-10-28 10:41:42,331 - src.strategies.self_learning_trader - INFO -    ğŸ¯ SL/TP èª¿æ•´: æ§“æ¡¿=11.5x â†’ scale=1.52x | åŸºç¤ SL=1.75% â†’ èª¿æ•´å¾Œ=2.66% | SL=$0.01 | TP=$0.01
2025-10-28T10:41:42.516383368Z [inf]  2025-10-28 10:41:42,331 - src.strategies.self_learning_trader - INFO - ğŸ¯ XNYUSDT å®Œæ•´ä¿¡è™Ÿ: LONG @ 0.01 | æ§“æ¡¿=11.5x | SL=0.01 | TP=0.01 | å‹ç‡=64.5% | ä¿¡å¿ƒåº¦=72.0%
2025-10-28T10:41:42.516393722Z [inf]  2025-10-28 10:41:42,357 - src.strategies.rule_based_signal_generator - ERROR - âŒ DAMUSDT ä¿¡è™Ÿç”Ÿæˆå¤±æ•—: 'zone'
2025-10-28T10:41:42.516406845Z [inf]  Traceback (most recent call last):
2025-10-28T10:41:42.516416400Z [inf]    File "/app/src/strategies/rule_based_signal_generator.py", line 112, in generate_signal
2025-10-28T10:41:42.516426889Z [inf]      confidence_score, sub_scores = self._calculate_confidence(
2025-10-28T10:41:42.516438482Z [inf]                                     ^^^^^^^^^^^^^^^^^^^^^^^^^^^
2025-10-28T10:41:42.516446623Z [inf]    File "/app/src/strategies/rule_based_signal_generator.py", line 375, in _calculate_confidence
2025-10-28T10:41:42.516455591Z [inf]      nearest_ob = min(relevant_obs, key=lambda x: abs(x['zone'][0] - current_price))
2025-10-28T10:41:42.519432909Z [inf]                                                       ~^^^^^^^^
2025-10-28T10:41:42.519439876Z [inf]  KeyError: 'zone'
2025-10-28T10:41:42.637906434Z [inf]  2025-10-28 10:41:42,635 - src.strategies.rule_based_signal_generator - INFO - âœ… UBUSDT ä¿¡è™Ÿç”Ÿæˆ: LONG | ä¿¡å¿ƒåº¦=74.0% | å‹ç‡=64.5% | R:R=1.50
2025-10-28T10:41:42.637919573Z [inf]  2025-10-28 10:41:42,635 - src.strategies.self_learning_trader - INFO -    ğŸ“Š æ§“æ¡¿è¨ˆç®—: å‹ç‡=64.50% â†’ win_leverage=7.97x | ä¿¡å¿ƒåº¦=74.00% â†’ conf_factor=1.48x | æœ€çµ‚æ§“æ¡¿=11.79x
2025-10-28T10:41:42.637926778Z [inf]  2025-10-28 10:41:42,635 - src.strategies.self_learning_trader - INFO -    ğŸ¯ SL/TP èª¿æ•´: æ§“æ¡¿=11.8x â†’ scale=1.54x | åŸºç¤ SL=1.68% â†’ èª¿æ•´å¾Œ=2.58% | SL=$0.08 | TP=$0.09
2025-10-28T10:41:42.637932082Z [inf]  2025-10-28 10:41:42,635 - src.strategies.self_learning_trader - INFO - ğŸ¯ UBUSDT å®Œæ•´ä¿¡è™Ÿ: LONG @ 0.08 | æ§“æ¡¿=11.8x | SL=0.08 | TP=0.09 | å‹ç‡=64.5% | ä¿¡å¿ƒåº¦=74.0%
2025-10-28T10:41:42.758247700Z [inf]  2025-10-28 10:41:42,740 - src.strategies.rule_based_signal_generator - INFO - âœ… TRADOORUSDT ä¿¡è™Ÿç”Ÿæˆ: LONG | ä¿¡å¿ƒåº¦=65.0% | å‹ç‡=59.5% | R:R=1.50
2025-10-28T10:41:42.785882161Z [inf]  2025-10-28 10:41:42,783 - src.strategies.rule_based_signal_generator - INFO - âœ… COAIUSDT ä¿¡è™Ÿç”Ÿæˆ: SHORT | ä¿¡å¿ƒåº¦=65.0% | å‹ç‡=59.5% | R:R=1.50
2025-10-28T10:41:42.931085030Z [inf]  2025-10-28 10:41:42,926 - src.core.position_controller - ERROR - âŒ ç²å–æŒå€‰å¤±æ•—: 'BinanceClient' object has no attribute 'get_position_info_async'
2025-10-28T10:41:42.931098718Z [inf]  Traceback (most recent call last):
2025-10-28T10:41:42.931104390Z [inf]    File "/app/src/core/position_controller.py", line 135, in _fetch_all_positions
2025-10-28T10:41:42.931112249Z [inf]      raw_positions = await self.binance_client.get_position_info_async()
2025-10-28T10:41:42.931117433Z [inf]                            ^^^^^^^^^^^^^^^^^^^^^^^^^^^^^^^^^^^^^^^^^^^
2025-10-28T10:41:42.931122917Z [inf]  AttributeError: 'BinanceClient' object has no attribute 'get_position_info_async'
2025-10-28T10:41:42.960640526Z [inf]  2025-10-28 10:41:42,949 - src.strategies.rule_based_signal_generator - ERROR - âŒ LYNUSDT ä¿¡è™Ÿç”Ÿæˆå¤±æ•—: 'zone'
2025-10-28T10:41:42.960656433Z [inf]  Traceback (most recent call last):
2025-10-28T10:41:42.960666068Z [inf]    File "/app/src/strategies/rule_based_signal_generator.py", line 112, in generate_signal
2025-10-28T10:41:42.960674059Z [inf]      confidence_score, sub_scores = self._calculate_confidence(
2025-10-28T10:41:42.960681139Z [inf]                                     ^^^^^^^^^^^^^^^^^^^^^^^^^^^
2025-10-28T10:41:42.960688575Z [inf]    File "/app/src/strategies/rule_based_signal_generator.py", line 375, in _calculate_confidence
2025-10-28T10:41:42.960696068Z [inf]      nearest_ob = min(relevant_obs, key=lambda x: abs(x['zone'][0] - current_price))
2025-10-28T10:41:42.960706764Z [inf]                   ^^^^^^^^^^^^^^^^^^^^^^^^^^^^^^^^^^^^^^^^^^^^^^^^^^^^^^^^^^^^^^^^^^
2025-10-28T10:41:42.960714638Z [inf]    File "/app/src/strategies/rule_based_signal_generator.py", line 375, in <lambda>
2025-10-28T10:41:42.960722389Z [inf]      nearest_ob = min(relevant_obs, key=lambda x: abs(x['zone'][0] - current_price))
2025-10-28T10:41:42.960730033Z [inf]                                                       ~^^^^^^^^
2025-10-28T10:41:42.960739873Z [inf]  KeyError: 'zone'
2025-10-28T10:41:42.964047910Z [inf]  2025-10-28 10:41:42,962 - src.strategies.rule_based_signal_generator - INFO - âœ… KGENUSDT ä¿¡è™Ÿç”Ÿæˆ: SHORT | ä¿¡å¿ƒåº¦=64.0% | å‹ç‡=59.5% | R:R=1.50
2025-10-28T10:41:43.010115560Z [inf]  2025-10-28 10:41:43,001 - src.strategies.rule_based_signal_generator - ERROR - âŒ MONUSDT ä¿¡è™Ÿç”Ÿæˆå¤±æ•—: 'zone'
2025-10-28T10:41:43.010122077Z [inf]  Traceback (most recent call last):
2025-10-28T10:41:43.010128325Z [inf]    File "/app/src/strategies/rule_based_signal_generator.py", line 112, in generate_signal
2025-10-28T10:41:43.010135109Z [inf]      confidence_score, sub_scores = self._calculate_confidence(
2025-10-28T10:41:43.010141096Z [inf]                                     ^^^^^^^^^^^^^^^^^^^^^^^^^^^
2025-10-28T10:41:43.010146247Z [inf]    File "/app/src/strategies/rule_based_signal_generator.py", line 375, in _calculate_confidence
2025-10-28T10:41:43.010151330Z [inf]      nearest_ob = min(relevant_obs, key=lambda x: abs(x['zone'][0] - current_price))
2025-10-28T10:41:43.010156684Z [inf]                   ^^^^^^^^^^^^^^^^^^^^^^^^^^^^^^^^^^^^^^^^^^^^^^^^^^^^^^^^^^^^^^^^^^
2025-10-28T10:41:43.010162490Z [inf]    File "/app/src/strategies/rule_based_signal_generator.py", line 375, in <lambda>
2025-10-28T10:41:43.010168685Z [inf]      nearest_ob = min(relevant_obs, key=lambda x: abs(x['zone'][0] - current_price))
2025-10-28T10:41:43.010174623Z [inf]                                                       ~^^^^^^^^
2025-10-28T10:41:43.010180783Z [inf]  KeyError: 'zone'
2025-10-28T10:41:43.514234421Z [inf]      nearest_ob = min(relevant_obs, key=lambda x: abs(x['zone'][0] - current_price))
2025-10-28T10:41:43.514249928Z [inf]                                                       ~^^^^^^^^
2025-10-28T10:41:43.514259364Z [inf]  KeyError: 'zone'
2025-10-28T10:41:43.514267715Z [inf]  2025-10-28 10:41:43,195 - src.core.unified_scheduler - INFO - âœ… ç™¼ç¾ 4 å€‹äº¤æ˜“ä¿¡è™Ÿ
2025-10-28T10:41:43.514275030Z [inf]  2025-10-28 10:41:43,195 - src.strategies.self_learning_trader - WARNING -    âš ï¸ ç„¡æ³•ç²å– DEGENUSDT æœ€å°æ•¸é‡: 'BinanceClient' object has no attribute 'get_min_quantity'
2025-10-28T10:41:43.514552153Z [inf]  2025-10-28 10:41:43,092 - src.strategies.rule_based_signal_generator - INFO - âœ… ZBTUSDT ä¿¡è™Ÿç”Ÿæˆ: SHORT | ä¿¡å¿ƒåº¦=65.0% | å‹ç‡=59.5% | R:R=1.50
2025-10-28T10:41:43.514559562Z [inf]  2025-10-28 10:41:43,156 - src.strategies.rule_based_signal_generator - INFO - âœ… BLUAIUSDT ä¿¡è™Ÿç”Ÿæˆ: SHORT | ä¿¡å¿ƒåº¦=69.0% | å‹ç‡=59.5% | R:R=1.50
2025-10-28T10:41:43.514568285Z [inf]  2025-10-28 10:41:43,169 - src.strategies.rule_based_signal_generator - ERROR - âŒ TURTLEUSDT ä¿¡è™Ÿç”Ÿæˆå¤±æ•—: 'zone'
2025-10-28T10:41:43.514576090Z [inf]  Traceback (most recent call last):
2025-10-28T10:41:43.514583591Z [inf]    File "/app/src/strategies/rule_based_signal_generator.py", line 112, in generate_signal
2025-10-28T10:41:43.514590035Z [inf]      confidence_score, sub_scores = self._calculate_confidence(
2025-10-28T10:41:43.514596758Z [inf]                                     ^^^^^^^^^^^^^^^^^^^^^^^^^^^
2025-10-28T10:41:43.514606250Z [inf]    File "/app/src/strategies/rule_based_signal_generator.py", line 375, in _calculate_confidence
2025-10-28T10:41:43.514614330Z [inf]      nearest_ob = min(relevant_obs, key=lambda x: abs(x['zone'][0] - current_price))
2025-10-28T10:41:43.514622294Z [inf]                   ^^^^^^^^^^^^^^^^^^^^^^^^^^^^^^^^^^^^^^^^^^^^^^^^^^^^^^^^^^^^^^^^^^
2025-10-28T10:41:43.514631596Z [inf]    File "/app/src/strategies/rule_based_signal_generator.py", line 375, in <lambda>
2025-10-28T10:41:43.517369769Z [inf]  2025-10-28 10:41:43,195 - src.strategies.self_learning_trader - INFO -    ğŸ’° å€‰ä½è¨ˆç®—: æ¬Šç›Š=$21.51 | æ§“æ¡¿=12.3x | åç¾©åƒ¹å€¼=$211.14 | æ•¸é‡=97076.264190 | å¯¦éš›åƒ¹å€¼=$211.14
2025-10-28T10:41:43.517376090Z [inf]  2025-10-28 10:41:43,276 - src.clients.binance_client - INFO - å‰µå»ºè¨‚å–®: DEGENUSDT BUY MARKET 97076.26419006263
2025-10-28T10:41:43.517383441Z [inf]  2025-10-28 10:41:43,355 - src.clients.binance_client - ERROR - Binance API éŒ¯èª¤ 400: code=-1111, msg=Precision is over the maximum defined for this asset., endpoint=/fapi/v1/order, params={'symbol': 'DEGENUSDT', 'side': 'BUY', 'type': 'MARKET', 'quantity': 97076.26419006263, 'timestamp': 1761648103276, 'signature': '1d7233ca240963f126edd417ca69195390abe9b84b14960e80438f26cbf66131'}
2025-10-28T10:41:43.517389861Z [inf]  2025-10-28 10:41:43,355 - src.core.circuit_breaker - WARNING - ğŸ”„ ç†”æ–·å™¨ç´šåˆ¥è®ŠåŒ–: normal â†’ warning (å¤±æ•—æ¬¡æ•¸: 1)
2025-10-28T10:41:43.517401280Z [inf]  2025-10-28 10:41:43,355 - src.clients.binance_client - ERROR - API è«‹æ±‚å¤±æ•—: /fapi/v1/order - HTTP 400: Bad Request
2025-10-28T10:41:43.517407492Z [inf]  2025-10-28 10:41:43,355 - src.core.unified_scheduler - ERROR -    âŒ åŸ·è¡Œä¿¡è™Ÿå¤±æ•—: HTTP 400: Bad Request
2025-10-28T10:41:43.517412863Z [inf]  Traceback (most recent call last):
2025-10-28T10:41:43.517418740Z [inf]    File "/app/src/clients/binance_client.py", line 191, in _request
2025-10-28T10:41:43.517423820Z [inf]      result = await self.circuit_breaker.call_async(_do_request)
2025-10-28T10:41:43.517430264Z [inf]               ^^^^^^^^^^^^^^^^^^^^^^^^^^^^^^^^^^^^^^^^^^^^^^^^^^
2025-10-28T10:41:43.517436493Z [inf]    File "/app/src/core/circuit_breaker.py", line 339, in call_async
2025-10-28T10:41:43.517444355Z [inf]      raise e
2025-10-28T10:41:43.517450568Z [inf]    File "/app/src/core/circuit_breaker.py", line 334, in call_async
2025-10-28T10:41:43.517455802Z [inf]      result = await func(*args, **kwargs)
2025-10-28T10:41:43.517462371Z [inf]               ^^^^^^^^^^^^^^^^^^^^^^^^^^^
2025-10-28T10:41:43.517468274Z [inf]    File "/app/src/clients/binance_client.py", line 154, in _do_request
2025-10-28T10:41:43.517476093Z [inf]      response.raise_for_status()
2025-10-28T10:41:43.517484829Z [inf]    File "/opt/venv/lib/python3.11/site-packages/aiohttp/client_reqrep.py", line 636, in raise_for_status
2025-10-28T10:41:43.517491956Z [inf]      raise ClientResponseError(
2025-10-28T10:41:43.517501115Z [inf]  aiohttp.client_exceptions.ClientResponseError: 400, message='Bad Request', url='https://fapi.binance.com/fapi/v1/order'
2025-10-28T10:41:43.517508338Z [inf]  
2025-10-28T10:41:43.517515367Z [inf]  During handling of the above exception, another exception occurred:
2025-10-28T10:41:43.517522269Z [inf]  
2025-10-28T10:41:43.517528426Z [inf]  Traceback (most recent call last):
2025-10-28T10:41:43.517534886Z [inf]    File "/app/src/core/unified_scheduler.py", line 393, in _execute_signal
2025-10-28T10:41:43.517541756Z [inf]      order_result = await self.binance_client.place_order(
2025-10-28T10:41:43.517547129Z [inf]                     ^^^^^^^^^^^^^^^^^^^^^^^^^^^^^^^^^^^^^^
2025-10-28T10:41:43.517552033Z [inf]    File "/app/src/clients/binance_client.py", line 470, in place_order
2025-10-28T10:41:43.517556797Z [inf]      return await self.create_order(symbol, side, order_type, quantity, price, stop_price, **kwargs)
2025-10-28T10:41:43.517561783Z [inf]             ^^^^^^^^^^^^^^^^^^^^^^^^^^^^^^^^^^^^^^^^^^^^^^^^^^^^^^^^^^^^^^^^^^^^^^^^^^^^^^^^^^^^^^^^
2025-10-28T10:41:43.517567893Z [inf]    File "/app/src/clients/binance_client.py", line 443, in create_order
2025-10-28T10:41:43.517573392Z [inf]      return await self._request("POST", "/fapi/v1/order", params=params, signed=True)
2025-10-28T10:41:43.517579046Z [inf]             ^^^^^^^^^^^^^^^^^^^^^^^^^^^^^^^^^^^^^^^^^^^^^^^^^^^^^^^^^^^^^^^^^^^^^^^^^
2025-10-28T10:41:43.517586370Z [inf]    File "/app/src/clients/binance_client.py", line 195, in _request
2025-10-28T10:41:43.518287811Z [inf]      raise BinanceRequestError(
2025-10-28T10:41:43.518297620Z [inf]  src.clients.binance_errors.BinanceRequestError: HTTP 400: Bad Request
2025-10-28T10:41:43.518304904Z [inf]  2025-10-28 10:41:43,356 - src.strategies.self_learning_trader - WARNING -    âš ï¸ ç„¡æ³•ç²å– SONICUSDT æœ€å°æ•¸é‡: 'BinanceClient' object has no attribute 'get_min_quantity'
2025-10-28T10:41:43.518311832Z [inf]  2025-10-28 10:41:43,356 - src.strategies.self_learning_trader - INFO -    ğŸ’° å€‰ä½è¨ˆç®—: æ¬Šç›Š=$21.51 | æ§“æ¡¿=11.9x | åç¾©åƒ¹å€¼=$205.66 | æ•¸é‡=1505.539503 | å¯¦éš›åƒ¹å€¼=$205.66
2025-10-28T10:41:43.518317352Z [inf]  2025-10-28 10:41:43,356 - src.core.circuit_breaker - WARNING - âš ï¸  ç†”æ–·å™¨è­¦å‘Šç´š: å¤±æ•—1æ¬¡ (æ“ä½œ: generic, å„ªå…ˆç´š: NORMAL)
2025-10-28T10:41:43.518325915Z [inf]  2025-10-28 10:41:43,431 - src.core.circuit_breaker - WARNING - ğŸ”„ ç†”æ–·å™¨ç´šåˆ¥è®ŠåŒ–: warning â†’ normal (å¤±æ•—æ¬¡æ•¸: 0)
2025-10-28T10:41:43.518331884Z [inf]  2025-10-28 10:41:43,432 - src.clients.binance_client - INFO - å‰µå»ºè¨‚å–®: SONICUSDT BUY MARKET 1505.5395025768667
2025-10-28T10:41:43.518338238Z [inf]  2025-10-28 10:41:43,509 - src.clients.binance_client - ERROR - Binance API éŒ¯èª¤ 400: code=-1111, msg=Precision is over the maximum defined for this asset., endpoint=/fapi/v1/order, params={'symbol': 'SONICUSDT', 'side': 'BUY', 'type': 'MARKET', 'quantity': 1505.5395025768667, 'timestamp': 1761648103432, 'signature': '2097316f8b38df2a4cc1873bc9fae2b2a64ab00d0e27cd589c78fedf87cdf316'}
2025-10-28T10:41:43.518346542Z [inf]  2025-10-28 10:41:43,509 - src.core.circuit_breaker - WARNING - ğŸ”„ ç†”æ–·å™¨ç´šåˆ¥è®ŠåŒ–: normal â†’ warning (å¤±æ•—æ¬¡æ•¸: 1)
2025-10-28T10:41:43.518353893Z [inf]  2025-10-28 10:41:43,509 - src.clients.binance_client - ERROR - API è«‹æ±‚å¤±æ•—: /fapi/v1/order - HTTP 400: Bad Request
2025-10-28T10:41:43.518360993Z [inf]  2025-10-28 10:41:43,509 - src.core.unified_scheduler - ERROR -    âŒ åŸ·è¡Œä¿¡è™Ÿå¤±æ•—: HTTP 400: Bad Request
2025-10-28T10:41:43.520180285Z [inf]  aiohttp.client_exceptions.ClientResponseError: 400, message='Bad Request', url='https://fapi.binance.com/fapi/v1/order'
2025-10-28T10:41:43.520191835Z [inf]  
2025-10-28T10:41:43.520200075Z [inf]  Traceback (most recent call last):
2025-10-28T10:41:43.520205763Z [inf]  During handling of the above exception, another exception occurred:
2025-10-28T10:41:43.520214847Z [inf]    File "/app/src/clients/binance_client.py", line 191, in _request
2025-10-28T10:41:43.520217288Z [inf]  
2025-10-28T10:41:43.520226984Z [inf]      result = await self.circuit_breaker.call_async(_do_request)
2025-10-28T10:41:43.520229872Z [inf]  Traceback (most recent call last):
2025-10-28T10:41:43.520239900Z [inf]               ^^^^^^^^^^^^^^^^^^^^^^^^^^^^^^^^^^^^^^^^^^^^^^^^^^
2025-10-28T10:41:43.520243659Z [inf]    File "/app/src/core/unified_scheduler.py", line 393, in _execute_signal
2025-10-28T10:41:43.520251431Z [inf]    File "/app/src/core/circuit_breaker.py", line 339, in call_async
2025-10-28T10:41:43.520257448Z [inf]      order_result = await self.binance_client.place_order(
2025-10-28T10:41:43.520265056Z [inf]      raise e
2025-10-28T10:41:43.520274536Z [inf]    File "/app/src/core/circuit_breaker.py", line 334, in call_async
2025-10-28T10:41:43.520277437Z [inf]                     ^^^^^^^^^^^^^^^^^^^^^^^^^^^^^^^^^^^^^^
2025-10-28T10:41:43.520286865Z [inf]      result = await func(*args, **kwargs)
2025-10-28T10:41:43.520290699Z [inf]    File "/app/src/clients/binance_client.py", line 470, in place_order
2025-10-28T10:41:43.520296452Z [inf]               ^^^^^^^^^^^^^^^^^^^^^^^^^^^
2025-10-28T10:41:43.520303865Z [inf]    File "/app/src/clients/binance_client.py", line 154, in _do_request
2025-10-28T10:41:43.520311189Z [inf]      response.raise_for_status()
2025-10-28T10:41:43.520318977Z [inf]    File "/opt/venv/lib/python3.11/site-packages/aiohttp/client_reqrep.py", line 636, in raise_for_status
2025-10-28T10:41:43.520325414Z [inf]      raise ClientResponseError(
2025-10-28T10:41:43.522367621Z [inf]      return await self.create_order(symbol, side, order_type, quantity, price, stop_price, **kwargs)
2025-10-28T10:41:43.522466238Z [inf]             ^^^^^^^^^^^^^^^^^^^^^^^^^^^^^^^^^^^^^^^^^^^^^^^^^^^^^^^^^^^^^^^^^^^^^^^^^^^^^^^^^^^^^^^^
2025-10-28T10:41:43.522475727Z [inf]    File "/app/src/clients/binance_client.py", line 443, in create_order
2025-10-28T10:41:43.522483639Z [inf]      return await self._request("POST", "/fapi/v1/order", params=params, signed=True)
2025-10-28T10:41:43.522491720Z [inf]             ^^^^^^^^^^^^^^^^^^^^^^^^^^^^^^^^^^^^^^^^^^^^^^^^^^^^^^^^^^^^^^^^^^^^^^^^^
2025-10-28T10:41:43.522499484Z [inf]    File "/app/src/clients/binance_client.py", line 195, in _request
2025-10-28T10:41:43.522507180Z [inf]      raise BinanceRequestError(
2025-10-28T10:41:43.522519059Z [inf]  src.clients.binance_errors.BinanceRequestError: HTTP 400: Bad Request
2025-10-28T10:41:43.522528768Z [inf]  2025-10-28 10:41:43,510 - src.strategies.self_learning_trader - WARNING -    âš ï¸ ç„¡æ³•ç²å– XNYUSDT æœ€å°æ•¸é‡: 'BinanceClient' object has no attribute 'get_min_quantity'
2025-10-28T10:41:43.522535908Z [inf]  2025-10-28 10:41:43,510 - src.strategies.self_learning_trader - INFO -    ğŸ’° å€‰ä½è¨ˆç®—: æ¬Šç›Š=$21.51 | æ§“æ¡¿=11.5x | åç¾©åƒ¹å€¼=$197.43 | æ•¸é‡=26233.115627 | å¯¦éš›åƒ¹å€¼=$197.43
2025-10-28T10:41:43.522543587Z [inf]  2025-10-28 10:41:43,510 - src.core.circuit_breaker - WARNING - âš ï¸  ç†”æ–·å™¨è­¦å‘Šç´š: å¤±æ•—1æ¬¡ (æ“ä½œ: generic, å„ªå…ˆç´š: NORMAL)
2025-10-28T10:41:43.594723121Z [inf]  2025-10-28 10:41:43,586 - src.core.circuit_breaker - WARNING - ğŸ”„ ç†”æ–·å™¨ç´šåˆ¥è®ŠåŒ–: warning â†’ normal (å¤±æ•—æ¬¡æ•¸: 0)
2025-10-28T10:41:43.594729900Z [inf]  2025-10-28 10:41:43,586 - src.clients.binance_client - INFO - å‰µå»ºè¨‚å–®: XNYUSDT BUY MARKET 26233.115627148552
2025-10-28T10:41:43.677323501Z [inf]  2025-10-28 10:41:43,660 - src.clients.binance_client - ERROR - Binance API éŒ¯èª¤ 400: code=-1111, msg=Precision is over the maximum defined for this asset., endpoint=/fapi/v1/order, params={'symbol': 'XNYUSDT', 'side': 'BUY', 'type': 'MARKET', 'quantity': 26233.115627148552, 'timestamp': 1761648103586, 'signature': 'a3db96ec4b24896b2c1177d806331a7374428a035e95409bb1cb06be62e4c0fc'}
2025-10-28T10:41:43.677328395Z [inf]  2025-10-28 10:41:43,660 - src.core.circuit_breaker - WARNING - ğŸ”„ ç†”æ–·å™¨ç´šåˆ¥è®ŠåŒ–: normal â†’ warning (å¤±æ•—æ¬¡æ•¸: 1)
2025-10-28T10:41:43.677333061Z [inf]  2025-10-28 10:41:43,660 - src.clients.binance_client - ERROR - API è«‹æ±‚å¤±æ•—: /fapi/v1/order - HTTP 400: Bad Request
2025-10-28T10:41:43.677338227Z [inf]  2025-10-28 10:41:43,660 - src.core.unified_scheduler - ERROR -    âŒ åŸ·è¡Œä¿¡è™Ÿå¤±æ•—: HTTP 400: Bad Request
2025-10-28T10:41:43.677342514Z [inf]  Traceback (most recent call last):
2025-10-28T10:41:43.677346460Z [inf]    File "/app/src/clients/binance_client.py", line 191, in _request
2025-10-28T10:41:43.677350785Z [inf]      result = await self.circuit_breaker.call_async(_do_request)
2025-10-28T10:41:43.677356038Z [inf]               ^^^^^^^^^^^^^^^^^^^^^^^^^^^^^^^^^^^^^^^^^^^^^^^^^^
2025-10-28T10:41:43.677363327Z [inf]    File "/app/src/core/circuit_breaker.py", line 339, in call_async
2025-10-28T10:41:43.677368314Z [inf]      raise e
2025-10-28T10:41:43.677372460Z [inf]    File "/app/src/core/circuit_breaker.py", line 334, in call_async
2025-10-28T10:41:43.677376671Z [inf]      result = await func(*args, **kwargs)
2025-10-28T10:41:43.677383311Z [inf]               ^^^^^^^^^^^^^^^^^^^^^^^^^^^
2025-10-28T10:41:43.677387235Z [inf]    File "/app/src/clients/binance_client.py", line 154, in _do_request
2025-10-28T10:41:43.677391387Z [inf]      response.raise_for_status()
2025-10-28T10:41:43.677395218Z [inf]    File "/opt/venv/lib/python3.11/site-packages/aiohttp/client_reqrep.py", line 636, in raise_for_status
2025-10-28T10:41:43.679246339Z [inf]      raise ClientResponseError(
2025-10-28T10:41:43.679255384Z [inf]  aiohttp.client_exceptions.ClientResponseError: 400, message='Bad Request', url='https://fapi.binance.com/fapi/v1/order'
2025-10-28T10:41:43.679261291Z [inf]  
2025-10-28T10:41:43.679265733Z [inf]  During handling of the above exception, another exception occurred:
2025-10-28T10:41:43.679270048Z [inf]  
2025-10-28T10:41:43.679274233Z [inf]  Traceback (most recent call last):
2025-10-28T10:41:43.679279990Z [inf]    File "/app/src/core/unified_scheduler.py", line 393, in _execute_signal
2025-10-28T10:41:43.679287635Z [inf]      order_result = await self.binance_client.place_order(
2025-10-28T10:41:43.679294661Z [inf]                     ^^^^^^^^^^^^^^^^^^^^^^^^^^^^^^^^^^^^^^
2025-10-28T10:41:43.679300831Z [inf]    File "/app/src/clients/binance_client.py", line 470, in place_order
2025-10-28T10:41:43.679305118Z [inf]      return await self.create_order(symbol, side, order_type, quantity, price, stop_price, **kwargs)
2025-10-28T10:41:43.679308761Z [inf]             ^^^^^^^^^^^^^^^^^^^^^^^^^^^^^^^^^^^^^^^^^^^^^^^^^^^^^^^^^^^^^^^^^^^^^^^^^^^^^^^^^^^^^^^^
2025-10-28T10:41:43.679313881Z [inf]    File "/app/src/clients/binance_client.py", line 443, in create_order
2025-10-28T10:41:43.679318620Z [inf]      return await self._request("POST", "/fapi/v1/order", params=params, signed=True)
2025-10-28T10:41:43.679323157Z [inf]             ^^^^^^^^^^^^^^^^^^^^^^^^^^^^^^^^^^^^^^^^^^^^^^^^^^^^^^^^^^^^^^^^^^^^^^^^^
2025-10-28T10:41:43.679327898Z [inf]    File "/app/src/clients/binance_client.py", line 195, in _request
2025-10-28T10:41:43.679332718Z [inf]      raise BinanceRequestError(
2025-10-28T10:41:43.679339502Z [inf]  src.clients.binance_errors.BinanceRequestError: HTTP 400: Bad Request
2025-10-28T10:41:43.679344163Z [inf]  2025-10-28 10:41:43,661 - src.strategies.self_learning_trader - WARNING -    âš ï¸ ç„¡æ³•ç²å– UBUSDT æœ€å°æ•¸é‡: 'BinanceClient' object has no attribute 'get_min_quantity'
2025-10-28T10:41:43.679673825Z [inf]  2025-10-28 10:41:43,661 - src.strategies.self_learning_trader - INFO -    ğŸ’° å€‰ä½è¨ˆç®—: æ¬Šç›Š=$21.51 | æ§“æ¡¿=11.8x | åç¾©åƒ¹å€¼=$202.91 | æ•¸é‡=2462.824905 | å¯¦éš›åƒ¹å€¼=$202.91
2025-10-28T10:41:43.679681614Z [inf]  2025-10-28 10:41:43,661 - src.core.circuit_breaker - WARNING - âš ï¸  ç†”æ–·å™¨è­¦å‘Šç´š: å¤±æ•—1æ¬¡ (æ“ä½œ: generic, å„ªå…ˆç´š: NORMAL)
2025-10-28T10:41:43.747283194Z [inf]  2025-10-28 10:41:43,738 - src.core.circuit_breaker - WARNING - ğŸ”„ ç†”æ–·å™¨ç´šåˆ¥è®ŠåŒ–: warning â†’ normal (å¤±æ•—æ¬¡æ•¸: 0)
2025-10-28T10:41:43.747293685Z [inf]  2025-10-28 10:41:43,738 - src.clients.binance_client - INFO - å‰µå»ºè¨‚å–®: UBUSDT BUY MARKET 2462.8249052846354
2025-10-28T10:41:43.815966324Z [inf]  2025-10-28 10:41:43,814 - src.clients.binance_client - ERROR - Binance API éŒ¯èª¤ 400: code=-1111, msg=Precision is over the maximum defined for this asset., endpoint=/fapi/v1/order, params={'symbol': 'UBUSDT', 'side': 'BUY', 'type': 'MARKET', 'quantity': 2462.8249052846354, 'timestamp': 1761648103738, 'signature': '4dee3d87f85045bd6dcac3f07e74a69b7257dfbecbd6179fb13915fa25dce65f'}
2025-10-28T10:41:43.815974175Z [inf]  2025-10-28 10:41:43,814 - src.core.circuit_breaker - WARNING - ğŸ”„ ç†”æ–·å™¨ç´šåˆ¥è®ŠåŒ–: normal â†’ warning (å¤±æ•—æ¬¡æ•¸: 1)
2025-10-28T10:41:43.815979420Z [inf]  2025-10-28 10:41:43,814 - src.clients.binance_client - ERROR - API è«‹æ±‚å¤±æ•—: /fapi/v1/order - HTTP 400: Bad Request
2025-10-28T10:41:43.818022286Z [inf]  2025-10-28 10:41:43,814 - src.core.unified_scheduler - ERROR -    âŒ åŸ·è¡Œä¿¡è™Ÿå¤±æ•—: HTTP 400: Bad Request
2025-10-28T10:41:43.818023870Z [inf]      order_result = await self.binance_client.place_order(
2025-10-28T10:41:43.818033127Z [inf]  Traceback (most recent call last):
2025-10-28T10:41:43.818039756Z [inf]    File "/app/src/clients/binance_client.py", line 191, in _request
2025-10-28T10:41:43.818045752Z [inf]      result = await self.circuit_breaker.call_async(_do_request)
2025-10-28T10:41:43.818052633Z [inf]               ^^^^^^^^^^^^^^^^^^^^^^^^^^^^^^^^^^^^^^^^^^^^^^^^^^
2025-10-28T10:41:43.818058761Z [inf]    File "/app/src/core/circuit_breaker.py", line 339, in call_async
2025-10-28T10:41:43.818064713Z [inf]      raise e
2025-10-28T10:41:43.818070292Z [inf]    File "/app/src/core/circuit_breaker.py", line 334, in call_async
2025-10-28T10:41:43.818076543Z [inf]      result = await func(*args, **kwargs)
2025-10-28T10:41:43.818085520Z [inf]               ^^^^^^^^^^^^^^^^^^^^^^^^^^^
2025-10-28T10:41:43.818093131Z [inf]    File "/app/src/clients/binance_client.py", line 154, in _do_request
2025-10-28T10:41:43.818100265Z [inf]      response.raise_for_status()
2025-10-28T10:41:43.818112858Z [inf]    File "/opt/venv/lib/python3.11/site-packages/aiohttp/client_reqrep.py", line 636, in raise_for_status
2025-10-28T10:41:43.818122135Z [inf]      raise ClientResponseError(
2025-10-28T10:41:43.818129386Z [inf]  aiohttp.client_exceptions.ClientResponseError: 400, message='Bad Request', url='https://fapi.binance.com/fapi/v1/order'
2025-10-28T10:41:43.818136353Z [inf]  
2025-10-28T10:41:43.818142911Z [inf]  During handling of the above exception, another exception occurred:
2025-10-28T10:41:43.818149887Z [inf]  
2025-10-28T10:41:43.818155943Z [inf]  Traceback (most recent call last):
2025-10-28T10:41:43.818162763Z [inf]    File "/app/src/core/unified_scheduler.py", line 393, in _execute_signal
2025-10-28T10:41:43.819569147Z [inf]                     ^^^^^^^^^^^^^^^^^^^^^^^^^^^^^^^^^^^^^^
2025-10-28T10:41:43.819576266Z [inf]      return await self._request("POST", "/fapi/v1/order", params=params, signed=True)
2025-10-28T10:41:43.819581656Z [inf]    File "/app/src/clients/binance_client.py", line 470, in place_order
2025-10-28T10:41:43.819592032Z [inf]             ^^^^^^^^^^^^^^^^^^^^^^^^^^^^^^^^^^^^^^^^^^^^^^^^^^^^^^^^^^^^^^^^^^^^^^^^^
2025-10-28T10:41:43.819592446Z [inf]      return await self.create_order(symbol, side, order_type, quantity, price, stop_price, **kwargs)
2025-10-28T10:41:43.819602773Z [inf]             ^^^^^^^^^^^^^^^^^^^^^^^^^^^^^^^^^^^^^^^^^^^^^^^^^^^^^^^^^^^^^^^^^^^^^^^^^^^^^^^^^^^^^^^^
2025-10-28T10:41:43.819603851Z [inf]    File "/app/src/clients/binance_client.py", line 195, in _request
2025-10-28T10:41:43.819614890Z [inf]      raise BinanceRequestError(
2025-10-28T10:41:43.819615968Z [inf]    File "/app/src/clients/binance_client.py", line 443, in create_order
2025-10-28T10:41:43.819623202Z [inf]  src.clients.binance_errors.BinanceRequestError: HTTP 400: Bad Request
2025-10-28T10:41:43.819629649Z [inf]  2025-10-28 10:41:43,815 - src.core.unified_scheduler - INFO - âœ… é€±æœŸå®Œæˆ | è€—æ™‚: 50.1s | æ–°æˆäº¤: 0
2025-10-28T10:41:43.819634351Z [inf]  2025-10-28 10:41:43,815 - src.core.unified_scheduler - INFO - ================================================================================
2025-10-28T10:41:44.937681536Z [inf]  2025-10-28 10:41:44,928 - src.core.position_controller - ERROR - âŒ ç²å–æŒå€‰å¤±æ•—: 'BinanceClient' object has no attribute 'get_position_info_async'
2025-10-28T10:41:44.937696885Z [inf]  Traceback (most recent call last):
2025-10-28T10:41:44.937703990Z [inf]    File "/app/src/core/position_controller.py", line 135, in _fetch_all_positions
2025-10-28T10:41:44.937710626Z [inf]      raw_positions = await self.binance_client.get_position_info_async()
2025-10-28T10:41:44.937718063Z [inf]                            ^^^^^^^^^^^^^^^^^^^^^^^^^^^^^^^^^^^^^^^^^^^
2025-10-28T10:41:44.937724431Z [inf]  AttributeError: 'BinanceClient' object has no attribute 'get_position_info_async'
2025-10-28T10:41:46.944121886Z [inf]  2025-10-28 10:41:46,930 - src.core.position_controller - ERROR - âŒ ç²å–æŒå€‰å¤±æ•—: 'BinanceClient' object has no attribute 'get_position_info_async'
2025-10-28T10:41:46.944130464Z [inf]  Traceback (most recent call last):
2025-10-28T10:41:46.944218198Z [inf]    File "/app/src/core/position_controller.py", line 135, in _fetch_all_positions
2025-10-28T10:41:46.944233041Z [inf]      raw_positions = await self.binance_client.get_position_info_async()
2025-10-28T10:41:46.944241136Z [inf]                            ^^^^^^^^^^^^^^^^^^^^^^^^^^^^^^^^^^^^^^^^^^^
2025-10-28T10:41:46.944249125Z [inf]  AttributeError: 'BinanceClient' object has no attribute 'get_position_info_async'
2025-10-28T10:41:48.941680431Z [inf]  2025-10-28 10:41:48,933 - src.core.position_controller - ERROR - âŒ ç²å–æŒå€‰å¤±æ•—: 'BinanceClient' object has no attribute 'get_position_info_async'
2025-10-28T10:41:48.941690976Z [inf]  Traceback (most recent call last):
2025-10-28T10:41:48.941698494Z [inf]    File "/app/src/core/position_controller.py", line 135, in _fetch_all_positions
2025-10-28T10:41:48.941706424Z [inf]      raw_positions = await self.binance_client.get_position_info_async()
2025-10-28T10:41:48.941713741Z [inf]                            ^^^^^^^^^^^^^^^^^^^^^^^^^^^^^^^^^^^^^^^^^^^
2025-10-28T10:41:48.941721410Z [inf]  AttributeError: 'BinanceClient' object has no attribute 'get_position_info_async'
2025-10-28T10:41:50.938260845Z [inf]  2025-10-28 10:41:50,936 - src.core.position_controller - ERROR - âŒ ç²å–æŒå€‰å¤±æ•—: 'BinanceClient' object has no attribute 'get_position_info_async'
2025-10-28T10:41:50.938266564Z [inf]  Traceback (most recent call last):
2025-10-28T10:41:50.938273365Z [inf]    File "/app/src/core/position_controller.py", line 135, in _fetch_all_positions
2025-10-28T10:41:50.938280708Z [inf]      raw_positions = await self.binance_client.get_position_info_async()
2025-10-28T10:41:50.938286559Z [inf]                            ^^^^^^^^^^^^^^^^^^^^^^^^^^^^^^^^^^^^^^^^^^^
2025-10-28T10:41:50.938294689Z [inf]  AttributeError: 'BinanceClient' object has no attribute 'get_position_info_async'
2025-10-28T10:41:52.944639199Z [inf]  2025-10-28 10:41:52,938 - src.core.position_controller - ERROR - âŒ ç²å–æŒå€‰å¤±æ•—: 'BinanceClient' object has no attribute 'get_position_info_async'
2025-10-28T10:41:52.944650300Z [inf]  Traceback (most recent call last):
2025-10-28T10:41:52.944658714Z [inf]    File "/app/src/core/position_controller.py", line 135, in _fetch_all_positions
2025-10-28T10:41:52.944666802Z [inf]      raw_positions = await self.binance_client.get_position_info_async()
2025-10-28T10:41:52.944674556Z [inf]                            ^^^^^^^^^^^^^^^^^^^^^^^^^^^^^^^^^^^^^^^^^^^
2025-10-28T10:41:52.944680550Z [inf]  AttributeError: 'BinanceClient' object has no attribute 'get_position_info_async'
2025-10-28T10:41:54.950641236Z [inf]  2025-10-28 10:41:54,939 - src.core.position_controller - ERROR - âŒ ç²å–æŒå€‰å¤±æ•—: 'BinanceClient' object has no attribute 'get_position_info_async'
2025-10-28T10:41:54.950649638Z [inf]  Traceback (most recent call last):
2025-10-28T10:41:54.950656125Z [inf]    File "/app/src/core/position_controller.py", line 135, in _fetch_all_positions
2025-10-28T10:41:54.950662519Z [inf]      raw_positions = await self.binance_client.get_position_info_async()
2025-10-28T10:41:54.950668498Z [inf]                            ^^^^^^^^^^^^^^^^^^^^^^^^^^^^^^^^^^^^^^^^^^^
2025-10-28T10:41:54.950674004Z [inf]  AttributeError: 'BinanceClient' object has no attribute 'get_position_info_async'
2025-10-28T10:41:56.947853228Z [inf]  2025-10-28 10:41:56,941 - src.core.position_controller - ERROR - âŒ ç²å–æŒå€‰å¤±æ•—: 'BinanceClient' object has no attribute 'get_position_info_async'
2025-10-28T10:41:56.947859865Z [inf]  Traceback (most recent call last):
2025-10-28T10:41:56.947869678Z [inf]    File "/app/src/core/position_controller.py", line 135, in _fetch_all_positions
2025-10-28T10:41:56.947876396Z [inf]      raw_positions = await self.binance_client.get_position_info_async()
2025-10-28T10:41:56.947882436Z [inf]                            ^^^^^^^^^^^^^^^^^^^^^^^^^^^^^^^^^^^^^^^^^^^
2025-10-28T10:41:56.947887824Z [inf]  AttributeError: 'BinanceClient' object has no attribute 'get_position_info_async'
2025-10-28T10:41:58.977396787Z [inf]  2025-10-28 10:41:58,944 - src.core.position_controller - ERROR - âŒ ç²å–æŒå€‰å¤±æ•—: 'BinanceClient' object has no attribute 'get_position_info_async'
2025-10-28T10:41:58.977406195Z [inf]  Traceback (most recent call last):
2025-10-28T10:41:58.977412924Z [inf]    File "/app/src/core/position_controller.py", line 135, in _fetch_all_positions
2025-10-28T10:41:58.977419670Z [inf]      raw_positions = await self.binance_client.get_position_info_async()
2025-10-28T10:41:58.977425993Z [inf]                            ^^^^^^^^^^^^^^^^^^^^^^^^^^^^^^^^^^^^^^^^^^^
2025-10-28T10:41:58.977432377Z [inf]  AttributeError: 'BinanceClient' object has no attribute 'get_position_info_async'
2025-10-28T10:42:00.975145119Z [inf]  2025-10-28 10:42:00,946 - src.core.position_controller - ERROR - âŒ ç²å–æŒå€‰å¤±æ•—: 'BinanceClient' object has no attribute 'get_position_info_async'
2025-10-28T10:42:00.975152778Z [inf]  Traceback (most recent call last):
2025-10-28T10:42:00.975159073Z [inf]    File "/app/src/core/position_controller.py", line 135, in _fetch_all_positions
2025-10-28T10:42:00.975163532Z [inf]      raw_positions = await self.binance_client.get_position_info_async()
2025-10-28T10:42:00.975168691Z [inf]                            ^^^^^^^^^^^^^^^^^^^^^^^^^^^^^^^^^^^^^^^^^^^
2025-10-28T10:42:00.975173896Z [inf]  AttributeError: 'BinanceClient' object has no attribute 'get_position_info_async'
2025-10-28T10:42:02.956972667Z [inf]  2025-10-28 10:42:02,949 - src.core.position_controller - ERROR - âŒ ç²å–æŒå€‰å¤±æ•—: 'BinanceClient' object has no attribute 'get_position_info_async'
2025-10-28T10:42:02.956981049Z [inf]  Traceback (most recent call last):
2025-10-28T10:42:02.956987142Z [inf]    File "/app/src/core/position_controller.py", line 135, in _fetch_all_positions
2025-10-28T10:42:02.956994726Z [inf]      raw_positions = await self.binance_client.get_position_info_async()
2025-10-28T10:42:02.957000278Z [inf]                            ^^^^^^^^^^^^^^^^^^^^^^^^^^^^^^^^^^^^^^^^^^^
2025-10-28T10:42:02.957013086Z [inf]  AttributeError: 'BinanceClient' object has no attribute 'get_position_info_async'
2025-10-28T10:42:04.964568922Z [inf]  2025-10-28 10:42:04,950 - src.core.position_controller - ERROR - âŒ ç²å–æŒå€‰å¤±æ•—: 'BinanceClient' object has no attribute 'get_position_info_async'
2025-10-28T10:42:04.964577471Z [inf]  Traceback (most recent call last):
2025-10-28T10:42:04.964584656Z [inf]    File "/app/src/core/position_controller.py", line 135, in _fetch_all_positions
2025-10-28T10:42:04.964590495Z [inf]      raw_positions = await self.binance_client.get_position_info_async()
2025-10-28T10:42:04.964597728Z [inf]                            ^^^^^^^^^^^^^^^^^^^^^^^^^^^^^^^^^^^^^^^^^^^
2025-10-28T10:42:04.964603782Z [inf]  AttributeError: 'BinanceClient' object has no attribute 'get_position_info_async'
2025-10-28T10:42:06.962934239Z [inf]  2025-10-28 10:42:06,953 - src.core.position_controller - ERROR - âŒ ç²å–æŒå€‰å¤±æ•—: 'BinanceClient' object has no attribute 'get_position_info_async'
2025-10-28T10:42:06.962939034Z [inf]  Traceback (most recent call last):
2025-10-28T10:42:06.962944381Z [inf]    File "/app/src/core/position_controller.py", line 135, in _fetch_all_positions
2025-10-28T10:42:06.962949702Z [inf]      raw_positions = await self.binance_client.get_position_info_async()
2025-10-28T10:42:06.962955093Z [inf]                            ^^^^^^^^^^^^^^^^^^^^^^^^^^^^^^^^^^^^^^^^^^^
2025-10-28T10:42:06.962959625Z [inf]  AttributeError: 'BinanceClient' object has no attribute 'get_position_info_async'
2025-10-28T10:42:08.967886489Z [inf]  2025-10-28 10:42:08,954 - src.core.position_controller - ERROR - âŒ ç²å–æŒå€‰å¤±æ•—: 'BinanceClient' object has no attribute 'get_position_info_async'
2025-10-28T10:42:08.967893794Z [inf]  Traceback (most recent call last):
2025-10-28T10:42:08.967899974Z [inf]    File "/app/src/core/position_controller.py", line 135, in _fetch_all_positions
2025-10-28T10:42:08.967905862Z [inf]      raw_positions = await self.binance_client.get_position_info_async()
2025-10-28T10:42:08.967911147Z [inf]                            ^^^^^^^^^^^^^^^^^^^^^^^^^^^^^^^^^^^^^^^^^^^
2025-10-28T10:42:08.967916911Z [inf]  AttributeError: 'BinanceClient' object has no attribute 'get_position_info_async'
2025-10-28T10:42:10.961121802Z [inf]  2025-10-28 10:42:10,957 - src.core.position_controller - ERROR - âŒ ç²å–æŒå€‰å¤±æ•—: 'BinanceClient' object has no attribute 'get_position_info_async'
2025-10-28T10:42:10.961131451Z [inf]  Traceback (most recent call last):
2025-10-28T10:42:10.961157715Z [inf]    File "/app/src/core/position_controller.py", line 135, in _fetch_all_positions
2025-10-28T10:42:10.961172446Z [inf]      raw_positions = await self.binance_client.get_position_info_async()
2025-10-28T10:42:10.961178855Z [inf]                            ^^^^^^^^^^^^^^^^^^^^^^^^^^^^^^^^^^^^^^^^^^^
2025-10-28T10:42:10.961185052Z [inf]  AttributeError: 'BinanceClient' object has no attribute 'get_position_info_async'
2025-10-28T10:42:12.987811984Z [inf]  2025-10-28 10:42:12,958 - src.core.position_controller - ERROR - âŒ ç²å–æŒå€‰å¤±æ•—: 'BinanceClient' object has no attribute 'get_position_info_async'
2025-10-28T10:42:12.987819901Z [inf]  Traceback (most recent call last):
2025-10-28T10:42:12.987824641Z [inf]    File "/app/src/core/position_controller.py", line 135, in _fetch_all_positions
2025-10-28T10:42:12.987830535Z [inf]      raw_positions = await self.binance_client.get_position_info_async()
2025-10-28T10:42:12.987837967Z [inf]                            ^^^^^^^^^^^^^^^^^^^^^^^^^^^^^^^^^^^^^^^^^^^
2025-10-28T10:42:12.987843014Z [inf]  AttributeError: 'BinanceClient' object has no attribute 'get_position_info_async'
2025-10-28T10:42:14.965292000Z [inf]  2025-10-28 10:42:14,961 - src.core.position_controller - ERROR - âŒ ç²å–æŒå€‰å¤±æ•—: 'BinanceClient' object has no attribute 'get_position_info_async'
2025-10-28T10:42:14.965301688Z [inf]  Traceback (most recent call last):
2025-10-28T10:42:14.965308931Z [inf]    File "/app/src/core/position_controller.py", line 135, in _fetch_all_positions
2025-10-28T10:42:14.965316273Z [inf]      raw_positions = await self.binance_client.get_position_info_async()
2025-10-28T10:42:14.965323240Z [inf]                            ^^^^^^^^^^^^^^^^^^^^^^^^^^^^^^^^^^^^^^^^^^^
2025-10-28T10:42:14.965328270Z [inf]  AttributeError: 'BinanceClient' object has no attribute 'get_position_info_async'