2025-10-29T03:31:48.587101565Z [inf]  2025-10-29 03:31:48,571 - src.services.data_service - ERROR - 獲取 K線數據失敗 LDOUSDT 1h: 熔斷器阻斷(失敗6次)，請60秒後重試
2025-10-29T03:31:48.587107810Z [inf]  2025-10-29 03:31:48,571 - src.core.circuit_breaker - ERROR - 🔴 熔斷器阻斷(失敗6次)，請60秒後重試 | 操作: generic | 優先級: NORMAL
2025-10-29T03:31:48.588744554Z [inf]  2025-10-29 03:31:48,571 - src.clients.binance_client - ERROR - API 請求失敗: /fapi/v1/klines - 熔斷器阻斷(失敗6次)，請60秒後重試
2025-10-29T03:31:48.588755299Z [inf]  2025-10-29 03:31:48,571 - src.services.data_service - ERROR - 獲取 K線數據失敗 LDOUSDT 15m: 熔斷器阻斷(失敗6次)，請60秒後重試
2025-10-29T03:31:48.588763699Z [inf]  2025-10-29 03:31:48,571 - src.core.circuit_breaker - ERROR - 🔴 熔斷器阻斷(失敗6次)，請60秒後重試 | 操作: generic | 優先級: NORMAL
2025-10-29T03:31:48.588771904Z [inf]  2025-10-29 03:31:48,571 - src.clients.binance_client - ERROR - API 請求失敗: /fapi/v1/klines - 熔斷器阻斷(失敗6次)，請60秒後重試
2025-10-29T03:31:48.588779547Z [inf]  2025-10-29 03:31:48,571 - src.services.data_service - ERROR - 獲取 K線數據失敗 LDOUSDT 5m: 熔斷器阻斷(失敗6次)，請60秒後重試
2025-10-29T03:31:48.588788609Z [inf]  2025-10-29 03:31:48,572 - src.core.circuit_breaker - ERROR - 🔴 熔斷器阻斷(失敗6次)，請60秒後重試 | 操作: generic | 優先級: NORMAL
2025-10-29T03:31:48.588795118Z [inf]  2025-10-29 03:31:48,572 - src.clients.binance_client - ERROR - API 請求失敗: /fapi/v1/klines - 熔斷器阻斷(失敗6次)，請60秒後重試
2025-10-29T03:31:48.588806249Z [inf]  2025-10-29 03:31:48,572 - src.services.data_service - ERROR - 獲取 K線數據失敗 ICPUSDT 1h: 熔斷器阻斷(失敗6次)，請60秒後重試
2025-10-29T03:31:48.588817174Z [inf]  2025-10-29 03:31:48,572 - src.core.circuit_breaker - ERROR - 🔴 熔斷器阻斷(失敗6次)，請60秒後重試 | 操作: generic | 優先級: NORMAL
2025-10-29T03:31:48.588825776Z [inf]  2025-10-29 03:31:48,572 - src.clients.binance_client - ERROR - API 請求失敗: /fapi/v1/klines - 熔斷器阻斷(失敗6次)，請60秒後重試
2025-10-29T03:31:48.588834654Z [inf]  2025-10-29 03:31:48,572 - src.services.data_service - ERROR - 獲取 K線數據失敗 ICPUSDT 15m: 熔斷器阻斷(失敗6次)，請60秒後重試
2025-10-29T03:31:48.590533468Z [inf]  2025-10-29 03:31:48,573 - src.clients.binance_client - ERROR - API 請求失敗: /fapi/v1/klines - 熔斷器阻斷(失敗6次)，請60秒後重試
2025-10-29T03:31:48.590569574Z [inf]  2025-10-29 03:31:48,572 - src.core.circuit_breaker - ERROR - 🔴 熔斷器阻斷(失敗6次)，請60秒後重試 | 操作: generic | 優先級: NORMAL
2025-10-29T03:31:48.590587375Z [inf]  2025-10-29 03:31:48,572 - src.clients.binance_client - ERROR - API 請求失敗: /fapi/v1/klines - 熔斷器阻斷(失敗6次)，請60秒後重試
2025-10-29T03:31:48.590596209Z [inf]  2025-10-29 03:31:48,572 - src.services.data_service - ERROR - 獲取 K線數據失敗 ICPUSDT 5m: 熔斷器阻斷(失敗6次)，請60秒後重試
2025-10-29T03:31:48.590604538Z [inf]  2025-10-29 03:31:48,572 - src.core.circuit_breaker - ERROR - 🔴 熔斷器阻斷(失敗6次)，請60秒後重試 | 操作: generic | 優先級: NORMAL
2025-10-29T03:31:48.590613463Z [inf]  2025-10-29 03:31:48,572 - src.clients.binance_client - ERROR - API 請求失敗: /fapi/v1/klines - 熔斷器阻斷(失敗6次)，請60秒後重試
2025-10-29T03:31:48.590621925Z [inf]  2025-10-29 03:31:48,572 - src.services.data_service - ERROR - 獲取 K線數據失敗 APTUSDT 1h: 熔斷器阻斷(失敗6次)，請60秒後重試
2025-10-29T03:31:48.590630828Z [inf]  2025-10-29 03:31:48,572 - src.core.circuit_breaker - ERROR - 🔴 熔斷器阻斷(失敗6次)，請60秒後重試 | 操作: generic | 優先級: NORMAL
2025-10-29T03:31:48.590638334Z [inf]  2025-10-29 03:31:48,572 - src.clients.binance_client - ERROR - API 請求失敗: /fapi/v1/klines - 熔斷器阻斷(失敗6次)，請60秒後重試
2025-10-29T03:31:48.590645422Z [inf]  2025-10-29 03:31:48,573 - src.services.data_service - ERROR - 獲取 K線數據失敗 APTUSDT 15m: 熔斷器阻斷(失敗6次)，請60秒後重試
2025-10-29T03:31:48.590653801Z [inf]  2025-10-29 03:31:48,573 - src.core.circuit_breaker - ERROR - 🔴 熔斷器阻斷(失敗6次)，請60秒後重試 | 操作: generic | 優先級: NORMAL
2025-10-29T03:31:48.592695860Z [inf]  2025-10-29 03:31:48,573 - src.services.data_service - ERROR - 獲取 K線數據失敗 APTUSDT 5m: 熔斷器阻斷(失敗6次)，請60秒後重試
2025-10-29T03:31:48.592713054Z [inf]  2025-10-29 03:31:48,573 - src.core.circuit_breaker - ERROR - 🔴 熔斷器阻斷(失敗6次)，請60秒後重試 | 操作: generic | 優先級: NORMAL
2025-10-29T03:31:48.592729727Z [inf]  2025-10-29 03:31:48,573 - src.clients.binance_client - ERROR - API 請求失敗: /fapi/v1/klines - 熔斷器阻斷(失敗6次)，請60秒後重試
2025-10-29T03:31:48.592738475Z [inf]  2025-10-29 03:31:48,573 - src.services.data_service - ERROR - 獲取 K線數據失敗 QNTUSDT 1h: 熔斷器阻斷(失敗6次)，請60秒後重試
2025-10-29T03:31:48.592747158Z [inf]  2025-10-29 03:31:48,573 - src.core.circuit_breaker - ERROR - 🔴 熔斷器阻斷(失敗6次)，請60秒後重試 | 操作: generic | 優先級: NORMAL
2025-10-29T03:31:48.592755803Z [inf]  2025-10-29 03:31:48,573 - src.clients.binance_client - ERROR - API 請求失敗: /fapi/v1/klines - 熔斷器阻斷(失敗6次)，請60秒後重試
2025-10-29T03:31:48.592763890Z [inf]  2025-10-29 03:31:48,573 - src.services.data_service - ERROR - 獲取 K線數據失敗 QNTUSDT 15m: 熔斷器阻斷(失敗6次)，請60秒後重試
2025-10-29T03:31:48.592773353Z [inf]  2025-10-29 03:31:48,573 - src.core.circuit_breaker - ERROR - 🔴 熔斷器阻斷(失敗6次)，請60秒後重試 | 操作: generic | 優先級: NORMAL
2025-10-29T03:31:48.592782615Z [inf]  2025-10-29 03:31:48,573 - src.clients.binance_client - ERROR - API 請求失敗: /fapi/v1/klines - 熔斷器阻斷(失敗6次)，請60秒後重試
2025-10-29T03:31:48.592790551Z [inf]  2025-10-29 03:31:48,573 - src.services.data_service - ERROR - 獲取 K線數據失敗 QNTUSDT 5m: 熔斷器阻斷(失敗6次)，請60秒後重試
2025-10-29T03:31:48.592797354Z [inf]  2025-10-29 03:31:48,574 - src.core.circuit_breaker - ERROR - 🔴 熔斷器阻斷(失敗6次)，請60秒後重試 | 操作: generic | 優先級: NORMAL
2025-10-29T03:31:48.594651495Z [inf]  2025-10-29 03:31:48,574 - src.clients.binance_client - ERROR - API 請求失敗: /fapi/v1/klines - 熔斷器阻斷(失敗6次)，請60秒後重試
2025-10-29T03:31:48.594657362Z [inf]  2025-10-29 03:31:48,574 - src.services.data_service - ERROR - 獲取 K線數據失敗 FETUSDT 1h: 熔斷器阻斷(失敗6次)，請60秒後重試
2025-10-29T03:31:48.594661520Z [inf]  2025-10-29 03:31:48,574 - src.core.circuit_breaker - ERROR - 🔴 熔斷器阻斷(失敗6次)，請60秒後重試 | 操作: generic | 優先級: NORMAL
2025-10-29T03:31:48.594665351Z [inf]  2025-10-29 03:31:48,574 - src.clients.binance_client - ERROR - API 請求失敗: /fapi/v1/klines - 熔斷器阻斷(失敗6次)，請60秒後重試
2025-10-29T03:31:48.594668952Z [inf]  2025-10-29 03:31:48,574 - src.services.data_service - ERROR - 獲取 K線數據失敗 FETUSDT 15m: 熔斷器阻斷(失敗6次)，請60秒後重試
2025-10-29T03:31:48.594672870Z [inf]  2025-10-29 03:31:48,574 - src.core.circuit_breaker - ERROR - 🔴 熔斷器阻斷(失敗6次)，請60秒後重試 | 操作: generic | 優先級: NORMAL
2025-10-29T03:31:48.594677128Z [inf]  2025-10-29 03:31:48,574 - src.clients.binance_client - ERROR - API 請求失敗: /fapi/v1/klines - 熔斷器阻斷(失敗6次)，請60秒後重試
2025-10-29T03:31:48.594681369Z [inf]  2025-10-29 03:31:48,574 - src.services.data_service - ERROR - 獲取 K線數據失敗 FETUSDT 5m: 熔斷器阻斷(失敗6次)，請60秒後重試
2025-10-29T03:31:48.594685378Z [inf]  2025-10-29 03:31:48,574 - src.core.circuit_breaker - ERROR - 🔴 熔斷器阻斷(失敗6次)，請60秒後重試 | 操作: generic | 優先級: NORMAL
2025-10-29T03:31:48.594690895Z [inf]  2025-10-29 03:31:48,574 - src.clients.binance_client - ERROR - API 請求失敗: /fapi/v1/klines - 熔斷器阻斷(失敗6次)，請60秒後重試
2025-10-29T03:31:48.594695174Z [inf]  2025-10-29 03:31:48,574 - src.services.data_service - ERROR - 獲取 K線數據失敗 FXSUSDT 1h: 熔斷器阻斷(失敗6次)，請60秒後重試
2025-10-29T03:31:48.596340055Z [inf]  2025-10-29 03:31:48,574 - src.core.circuit_breaker - ERROR - 🔴 熔斷器阻斷(失敗6次)，請60秒後重試 | 操作: generic | 優先級: NORMAL
2025-10-29T03:31:48.596351795Z [inf]  2025-10-29 03:31:48,574 - src.clients.binance_client - ERROR - API 請求失敗: /fapi/v1/klines - 熔斷器阻斷(失敗6次)，請60秒後重試
2025-10-29T03:31:48.596359571Z [inf]  2025-10-29 03:31:48,574 - src.services.data_service - ERROR - 獲取 K線數據失敗 FXSUSDT 15m: 熔斷器阻斷(失敗6次)，請60秒後重試
2025-10-29T03:31:48.596368533Z [inf]  2025-10-29 03:31:48,575 - src.core.circuit_breaker - ERROR - 🔴 熔斷器阻斷(失敗6次)，請60秒後重試 | 操作: generic | 優先級: NORMAL
2025-10-29T03:31:48.596375827Z [inf]  2025-10-29 03:31:48,575 - src.clients.binance_client - ERROR - API 請求失敗: /fapi/v1/klines - 熔斷器阻斷(失敗6次)，請60秒後重試
2025-10-29T03:31:48.596383124Z [inf]  2025-10-29 03:31:48,575 - src.services.data_service - ERROR - 獲取 K線數據失敗 FXSUSDT 5m: 熔斷器阻斷(失敗6次)，請60秒後重試
2025-10-29T03:31:48.596392392Z [inf]  2025-10-29 03:31:48,575 - src.core.circuit_breaker - ERROR - 🔴 熔斷器阻斷(失敗6次)，請60秒後重試 | 操作: generic | 優先級: NORMAL
2025-10-29T03:31:48.596399788Z [inf]  2025-10-29 03:31:48,575 - src.clients.binance_client - ERROR - API 請求失敗: /fapi/v1/klines - 熔斷器阻斷(失敗6次)，請60秒後重試
2025-10-29T03:31:48.596405827Z [inf]  2025-10-29 03:31:48,575 - src.services.data_service - ERROR - 獲取 K線數據失敗 HOOKUSDT 1h: 熔斷器阻斷(失敗6次)，請60秒後重試
2025-10-29T03:31:48.596412890Z [inf]  2025-10-29 03:31:48,575 - src.core.circuit_breaker - ERROR - 🔴 熔斷器阻斷(失敗6次)，請60秒後重試 | 操作: generic | 優先級: NORMAL
2025-10-29T03:31:48.596420260Z [inf]  2025-10-29 03:31:48,575 - src.clients.binance_client - ERROR - API 請求失敗: /fapi/v1/klines - 熔斷器阻斷(失敗6次)，請60秒後重試
2025-10-29T03:31:48.598135403Z [inf]  2025-10-29 03:31:48,575 - src.services.data_service - ERROR - 獲取 K線數據失敗 HOOKUSDT 15m: 熔斷器阻斷(失敗6次)，請60秒後重試
2025-10-29T03:31:48.598149499Z [inf]  2025-10-29 03:31:48,575 - src.core.circuit_breaker - ERROR - 🔴 熔斷器阻斷(失敗6次)，請60秒後重試 | 操作: generic | 優先級: NORMAL
2025-10-29T03:31:48.598161117Z [inf]  2025-10-29 03:31:48,575 - src.clients.binance_client - ERROR - API 請求失敗: /fapi/v1/klines - 熔斷器阻斷(失敗6次)，請60秒後重試
2025-10-29T03:31:48.598171663Z [inf]  2025-10-29 03:31:48,575 - src.services.data_service - ERROR - 獲取 K線數據失敗 HOOKUSDT 5m: 熔斷器阻斷(失敗6次)，請60秒後重試
2025-10-29T03:31:48.598180257Z [inf]  2025-10-29 03:31:48,575 - src.core.circuit_breaker - ERROR - 🔴 熔斷器阻斷(失敗6次)，請60秒後重試 | 操作: generic | 優先級: NORMAL
2025-10-29T03:31:48.598194516Z [inf]  2025-10-29 03:31:48,575 - src.clients.binance_client - ERROR - API 請求失敗: /fapi/v1/klines - 熔斷器阻斷(失敗6次)，請60秒後重試
2025-10-29T03:31:48.598203540Z [inf]  2025-10-29 03:31:48,575 - src.services.data_service - ERROR - 獲取 K線數據失敗 MAGICUSDT 1h: 熔斷器阻斷(失敗6次)，請60秒後重試
2025-10-29T03:31:48.598212015Z [inf]  2025-10-29 03:31:48,576 - src.core.circuit_breaker - ERROR - 🔴 熔斷器阻斷(失敗6次)，請60秒後重試 | 操作: generic | 優先級: NORMAL
2025-10-29T03:31:48.598221364Z [inf]  2025-10-29 03:31:48,576 - src.clients.binance_client - ERROR - API 請求失敗: /fapi/v1/klines - 熔斷器阻斷(失敗6次)，請60秒後重試
2025-10-29T03:31:48.598233307Z [inf]  2025-10-29 03:31:48,576 - src.services.data_service - ERROR - 獲取 K線數據失敗 MAGICUSDT 15m: 熔斷器阻斷(失敗6次)，請60秒後重試
2025-10-29T03:31:48.598242711Z [inf]  2025-10-29 03:31:48,576 - src.core.circuit_breaker - ERROR - 🔴 熔斷器阻斷(失敗6次)，請60秒後重試 | 操作: generic | 優先級: NORMAL
2025-10-29T03:31:48.599946680Z [inf]  2025-10-29 03:31:48,576 - src.clients.binance_client - ERROR - API 請求失敗: /fapi/v1/klines - 熔斷器阻斷(失敗6次)，請60秒後重試
2025-10-29T03:31:48.599954978Z [inf]  2025-10-29 03:31:48,576 - src.services.data_service - ERROR - 獲取 K線數據失敗 MAGICUSDT 5m: 熔斷器阻斷(失敗6次)，請60秒後重試
2025-10-29T03:31:48.599960047Z [inf]  2025-10-29 03:31:48,576 - src.core.circuit_breaker - ERROR - 🔴 熔斷器阻斷(失敗6次)，請60秒後重試 | 操作: generic | 優先級: NORMAL
2025-10-29T03:31:48.599964494Z [inf]  2025-10-29 03:31:48,576 - src.clients.binance_client - ERROR - API 請求失敗: /fapi/v1/klines - 熔斷器阻斷(失敗6次)，請60秒後重試
2025-10-29T03:31:48.599969354Z [inf]  2025-10-29 03:31:48,576 - src.services.data_service - ERROR - 獲取 K線數據失敗 TUSDT 1h: 熔斷器阻斷(失敗6次)，請60秒後重試
2025-10-29T03:31:48.599974424Z [inf]  2025-10-29 03:31:48,576 - src.core.circuit_breaker - ERROR - 🔴 熔斷器阻斷(失敗6次)，請60秒後重試 | 操作: generic | 優先級: NORMAL
2025-10-29T03:31:48.599979073Z [inf]  2025-10-29 03:31:48,576 - src.clients.binance_client - ERROR - API 請求失敗: /fapi/v1/klines - 熔斷器阻斷(失敗6次)，請60秒後重試
2025-10-29T03:31:48.599983843Z [inf]  2025-10-29 03:31:48,576 - src.services.data_service - ERROR - 獲取 K線數據失敗 TUSDT 15m: 熔斷器阻斷(失敗6次)，請60秒後重試
2025-10-29T03:31:48.599988348Z [inf]  2025-10-29 03:31:48,576 - src.core.circuit_breaker - ERROR - 🔴 熔斷器阻斷(失敗6次)，請60秒後重試 | 操作: generic | 優先級: NORMAL
2025-10-29T03:31:48.599993587Z [inf]  2025-10-29 03:31:48,576 - src.clients.binance_client - ERROR - API 請求失敗: /fapi/v1/klines - 熔斷器阻斷(失敗6次)，請60秒後重試
2025-10-29T03:31:48.599997912Z [inf]  2025-10-29 03:31:48,576 - src.services.data_service - ERROR - 獲取 K線數據失敗 TUSDT 5m: 熔斷器阻斷(失敗6次)，請60秒後重試
2025-10-29T03:31:48.602011373Z [inf]  2025-10-29 03:31:48,577 - src.core.circuit_breaker - ERROR - 🔴 熔斷器阻斷(失敗6次)，請60秒後重試 | 操作: generic | 優先級: NORMAL
2025-10-29T03:31:48.602022887Z [inf]  2025-10-29 03:31:48,577 - src.clients.binance_client - ERROR - API 請求失敗: /fapi/v1/klines - 熔斷器阻斷(失敗6次)，請60秒後重試
2025-10-29T03:31:48.602030987Z [inf]  2025-10-29 03:31:48,577 - src.services.data_service - ERROR - 獲取 K線數據失敗 HIGHUSDT 1h: 熔斷器阻斷(失敗6次)，請60秒後重試
2025-10-29T03:31:48.602040243Z [inf]  2025-10-29 03:31:48,577 - src.core.circuit_breaker - ERROR - 🔴 熔斷器阻斷(失敗6次)，請60秒後重試 | 操作: generic | 優先級: NORMAL
2025-10-29T03:31:48.602048467Z [inf]  2025-10-29 03:31:48,577 - src.clients.binance_client - ERROR - API 請求失敗: /fapi/v1/klines - 熔斷器阻斷(失敗6次)，請60秒後重試
2025-10-29T03:31:48.602057282Z [inf]  2025-10-29 03:31:48,577 - src.services.data_service - ERROR - 獲取 K線數據失敗 HIGHUSDT 15m: 熔斷器阻斷(失敗6次)，請60秒後重試
2025-10-29T03:31:48.602065654Z [inf]  2025-10-29 03:31:48,577 - src.core.circuit_breaker - ERROR - 🔴 熔斷器阻斷(失敗6次)，請60秒後重試 | 操作: generic | 優先級: NORMAL
2025-10-29T03:31:48.602073743Z [inf]  2025-10-29 03:31:48,577 - src.clients.binance_client - ERROR - API 請求失敗: /fapi/v1/klines - 熔斷器阻斷(失敗6次)，請60秒後重試
2025-10-29T03:31:48.602081827Z [inf]  2025-10-29 03:31:48,577 - src.services.data_service - ERROR - 獲取 K線數據失敗 HIGHUSDT 5m: 熔斷器阻斷(失敗6次)，請60秒後重試
2025-10-29T03:31:48.602090779Z [inf]  2025-10-29 03:31:48,577 - src.core.circuit_breaker - ERROR - 🔴 熔斷器阻斷(失敗6次)，請60秒後重試 | 操作: generic | 優先級: NORMAL
2025-10-29T03:31:48.602100242Z [inf]  2025-10-29 03:31:48,578 - src.clients.binance_client - ERROR - API 請求失敗: /fapi/v1/klines - 熔斷器阻斷(失敗6次)，請60秒後重試
2025-10-29T03:31:48.603824427Z [inf]  2025-10-29 03:31:48,578 - src.services.data_service - ERROR - 獲取 K線數據失敗 MINAUSDT 1h: 熔斷器阻斷(失敗6次)，請60秒後重試
2025-10-29T03:31:48.603834462Z [inf]  2025-10-29 03:31:48,578 - src.core.circuit_breaker - ERROR - 🔴 熔斷器阻斷(失敗6次)，請60秒後重試 | 操作: generic | 優先級: NORMAL
2025-10-29T03:31:48.603841395Z [inf]  2025-10-29 03:31:48,578 - src.clients.binance_client - ERROR - API 請求失敗: /fapi/v1/klines - 熔斷器阻斷(失敗6次)，請60秒後重試
2025-10-29T03:31:48.603848082Z [inf]  2025-10-29 03:31:48,578 - src.services.data_service - ERROR - 獲取 K線數據失敗 MINAUSDT 15m: 熔斷器阻斷(失敗6次)，請60秒後重試
2025-10-29T03:31:48.603854081Z [inf]  2025-10-29 03:31:48,578 - src.core.circuit_breaker - ERROR - 🔴 熔斷器阻斷(失敗6次)，請60秒後重試 | 操作: generic | 優先級: NORMAL
2025-10-29T03:31:48.603860980Z [inf]  2025-10-29 03:31:48,578 - src.clients.binance_client - ERROR - API 請求失敗: /fapi/v1/klines - 熔斷器阻斷(失敗6次)，請60秒後重試
2025-10-29T03:31:48.603868166Z [inf]  2025-10-29 03:31:48,578 - src.services.data_service - ERROR - 獲取 K線數據失敗 MINAUSDT 5m: 熔斷器阻斷(失敗6次)，請60秒後重試
2025-10-29T03:31:48.603876285Z [inf]  2025-10-29 03:31:48,578 - src.core.circuit_breaker - ERROR - 🔴 熔斷器阻斷(失敗6次)，請60秒後重試 | 操作: generic | 優先級: NORMAL
2025-10-29T03:31:48.603884959Z [inf]  2025-10-29 03:31:48,578 - src.clients.binance_client - ERROR - API 請求失敗: /fapi/v1/klines - 熔斷器阻斷(失敗6次)，請60秒後重試
2025-10-29T03:31:48.603892363Z [inf]  2025-10-29 03:31:48,578 - src.services.data_service - ERROR - 獲取 K線數據失敗 ASTRUSDT 1h: 熔斷器阻斷(失敗6次)，請60秒後重試
2025-10-29T03:31:48.603898273Z [inf]  2025-10-29 03:31:48,579 - src.core.circuit_breaker - ERROR - 🔴 熔斷器阻斷(失敗6次)，請60秒後重試 | 操作: generic | 優先級: NORMAL
2025-10-29T03:31:48.605767057Z [inf]  2025-10-29 03:31:48,579 - src.clients.binance_client - ERROR - API 請求失敗: /fapi/v1/klines - 熔斷器阻斷(失敗6次)，請60秒後重試
2025-10-29T03:31:48.605780546Z [inf]  2025-10-29 03:31:48,579 - src.services.data_service - ERROR - 獲取 K線數據失敗 ASTRUSDT 15m: 熔斷器阻斷(失敗6次)，請60秒後重試
2025-10-29T03:31:48.605789997Z [inf]  2025-10-29 03:31:48,579 - src.core.circuit_breaker - ERROR - 🔴 熔斷器阻斷(失敗6次)，請60秒後重試 | 操作: generic | 優先級: NORMAL
2025-10-29T03:31:48.605798705Z [inf]  2025-10-29 03:31:48,579 - src.clients.binance_client - ERROR - API 請求失敗: /fapi/v1/klines - 熔斷器阻斷(失敗6次)，請60秒後重試
2025-10-29T03:31:48.605807443Z [inf]  2025-10-29 03:31:48,579 - src.services.data_service - ERROR - 獲取 K線數據失敗 ASTRUSDT 5m: 熔斷器阻斷(失敗6次)，請60秒後重試
2025-10-29T03:31:48.605815526Z [inf]  2025-10-29 03:31:48,579 - src.core.circuit_breaker - ERROR - 🔴 熔斷器阻斷(失敗6次)，請60秒後重試 | 操作: generic | 優先級: NORMAL
2025-10-29T03:31:48.605822593Z [inf]  2025-10-29 03:31:48,579 - src.clients.binance_client - ERROR - API 請求失敗: /fapi/v1/klines - 熔斷器阻斷(失敗6次)，請60秒後重試
2025-10-29T03:31:48.605829845Z [inf]  2025-10-29 03:31:48,579 - src.services.data_service - ERROR - 獲取 K線數據失敗 PHBUSDT 1h: 熔斷器阻斷(失敗6次)，請60秒後重試
2025-10-29T03:31:48.605837573Z [inf]  2025-10-29 03:31:48,579 - src.core.circuit_breaker - ERROR - 🔴 熔斷器阻斷(失敗6次)，請60秒後重試 | 操作: generic | 優先級: NORMAL
2025-10-29T03:31:48.605846102Z [inf]  2025-10-29 03:31:48,579 - src.clients.binance_client - ERROR - API 請求失敗: /fapi/v1/klines - 熔斷器阻斷(失敗6次)，請60秒後重試
2025-10-29T03:31:48.605853206Z [inf]  2025-10-29 03:31:48,579 - src.services.data_service - ERROR - 獲取 K線數據失敗 PHBUSDT 15m: 熔斷器阻斷(失敗6次)，請60秒後重試
2025-10-29T03:31:48.607730833Z [inf]  2025-10-29 03:31:48,580 - src.core.circuit_breaker - ERROR - 🔴 熔斷器阻斷(失敗6次)，請60秒後重試 | 操作: generic | 優先級: NORMAL
2025-10-29T03:31:48.607738249Z [inf]  2025-10-29 03:31:48,580 - src.clients.binance_client - ERROR - API 請求失敗: /fapi/v1/klines - 熔斷器阻斷(失敗6次)，請60秒後重試
2025-10-29T03:31:48.607744805Z [inf]  2025-10-29 03:31:48,580 - src.services.data_service - ERROR - 獲取 K線數據失敗 PHBUSDT 5m: 熔斷器阻斷(失敗6次)，請60秒後重試
2025-10-29T03:31:48.607751308Z [inf]  2025-10-29 03:31:48,580 - src.core.circuit_breaker - ERROR - 🔴 熔斷器阻斷(失敗6次)，請60秒後重試 | 操作: generic | 優先級: NORMAL
2025-10-29T03:31:48.607758206Z [inf]  2025-10-29 03:31:48,580 - src.clients.binance_client - ERROR - API 請求失敗: /fapi/v1/klines - 熔斷器阻斷(失敗6次)，請60秒後重試
2025-10-29T03:31:48.607764011Z [inf]  2025-10-29 03:31:48,580 - src.services.data_service - ERROR - 獲取 K線數據失敗 GMXUSDT 1h: 熔斷器阻斷(失敗6次)，請60秒後重試
2025-10-29T03:31:48.607770012Z [inf]  2025-10-29 03:31:48,580 - src.core.circuit_breaker - ERROR - 🔴 熔斷器阻斷(失敗6次)，請60秒後重試 | 操作: generic | 優先級: NORMAL
2025-10-29T03:31:48.607776202Z [inf]  2025-10-29 03:31:48,580 - src.clients.binance_client - ERROR - API 請求失敗: /fapi/v1/klines - 熔斷器阻斷(失敗6次)，請60秒後重試
2025-10-29T03:31:48.607781864Z [inf]  2025-10-29 03:31:48,580 - src.services.data_service - ERROR - 獲取 K線數據失敗 GMXUSDT 15m: 熔斷器阻斷(失敗6次)，請60秒後重試
2025-10-29T03:31:48.607788535Z [inf]  2025-10-29 03:31:48,580 - src.core.circuit_breaker - ERROR - 🔴 熔斷器阻斷(失敗6次)，請60秒後重試 | 操作: generic | 優先級: NORMAL
2025-10-29T03:31:48.607792617Z [inf]  2025-10-29 03:31:48,580 - src.clients.binance_client - ERROR - API 請求失敗: /fapi/v1/klines - 熔斷器阻斷(失敗6次)，請60秒後重試
2025-10-29T03:31:48.609659827Z [inf]  2025-10-29 03:31:48,580 - src.services.data_service - ERROR - 獲取 K線數據失敗 GMXUSDT 5m: 熔斷器阻斷(失敗6次)，請60秒後重試
2025-10-29T03:31:48.609670864Z [inf]  2025-10-29 03:31:48,580 - src.core.circuit_breaker - ERROR - 🔴 熔斷器阻斷(失敗6次)，請60秒後重試 | 操作: generic | 優先級: NORMAL
2025-10-29T03:31:48.609678118Z [inf]  2025-10-29 03:31:48,580 - src.clients.binance_client - ERROR - API 請求失敗: /fapi/v1/klines - 熔斷器阻斷(失敗6次)，請60秒後重試
2025-10-29T03:31:48.609688224Z [inf]  2025-10-29 03:31:48,580 - src.services.data_service - ERROR - 獲取 K線數據失敗 CFXUSDT 1h: 熔斷器阻斷(失敗6次)，請60秒後重試
2025-10-29T03:31:48.609695371Z [inf]  2025-10-29 03:31:48,581 - src.core.circuit_breaker - ERROR - 🔴 熔斷器阻斷(失敗6次)，請60秒後重試 | 操作: generic | 優先級: NORMAL
2025-10-29T03:31:48.609704668Z [inf]  2025-10-29 03:31:48,581 - src.clients.binance_client - ERROR - API 請求失敗: /fapi/v1/klines - 熔斷器阻斷(失敗6次)，請60秒後重試
2025-10-29T03:31:48.609709500Z [inf]  2025-10-29 03:31:48,581 - src.services.data_service - ERROR - 獲取 K線數據失敗 CFXUSDT 15m: 熔斷器阻斷(失敗6次)，請60秒後重試
2025-10-29T03:31:48.609714850Z [inf]  2025-10-29 03:31:48,581 - src.core.circuit_breaker - ERROR - 🔴 熔斷器阻斷(失敗6次)，請60秒後重試 | 操作: generic | 優先級: NORMAL
2025-10-29T03:31:48.609719285Z [inf]  2025-10-29 03:31:48,581 - src.clients.binance_client - ERROR - API 請求失敗: /fapi/v1/klines - 熔斷器阻斷(失敗6次)，請60秒後重試
2025-10-29T03:31:48.609725293Z [inf]  2025-10-29 03:31:48,581 - src.services.data_service - ERROR - 獲取 K線數據失敗 CFXUSDT 5m: 熔斷器阻斷(失敗6次)，請60秒後重試
2025-10-29T03:31:48.609729602Z [inf]  2025-10-29 03:31:48,581 - src.core.circuit_breaker - ERROR - 🔴 熔斷器阻斷(失敗6次)，請60秒後重試 | 操作: generic | 優先級: NORMAL
2025-10-29T03:31:48.612037267Z [inf]  2025-10-29 03:31:48,581 - src.clients.binance_client - ERROR - API 請求失敗: /fapi/v1/klines - 熔斷器阻斷(失敗6次)，請60秒後重試
2025-10-29T03:31:48.612045995Z [inf]  2025-10-29 03:31:48,581 - src.services.data_service - ERROR - 獲取 K線數據失敗 STXUSDT 1h: 熔斷器阻斷(失敗6次)，請60秒後重試
2025-10-29T03:31:48.612052072Z [inf]  2025-10-29 03:31:48,581 - src.core.circuit_breaker - ERROR - 🔴 熔斷器阻斷(失敗6次)，請60秒後重試 | 操作: generic | 優先級: NORMAL
2025-10-29T03:31:48.612056741Z [inf]  2025-10-29 03:31:48,581 - src.clients.binance_client - ERROR - API 請求失敗: /fapi/v1/klines - 熔斷器阻斷(失敗6次)，請60秒後重試
2025-10-29T03:31:48.612061848Z [inf]  2025-10-29 03:31:48,581 - src.services.data_service - ERROR - 獲取 K線數據失敗 STXUSDT 15m: 熔斷器阻斷(失敗6次)，請60秒後重試
2025-10-29T03:31:48.612067334Z [inf]  2025-10-29 03:31:48,582 - src.core.circuit_breaker - ERROR - 🔴 熔斷器阻斷(失敗6次)，請60秒後重試 | 操作: generic | 優先級: NORMAL
2025-10-29T03:31:48.612071423Z [inf]  2025-10-29 03:31:48,582 - src.clients.binance_client - ERROR - API 請求失敗: /fapi/v1/klines - 熔斷器阻斷(失敗6次)，請60秒後重試
2025-10-29T03:31:48.612075688Z [inf]  2025-10-29 03:31:48,582 - src.services.data_service - ERROR - 獲取 K線數據失敗 STXUSDT 5m: 熔斷器阻斷(失敗6次)，請60秒後重試
2025-10-29T03:31:48.612080479Z [inf]  2025-10-29 03:31:48,582 - src.core.circuit_breaker - ERROR - 🔴 熔斷器阻斷(失敗6次)，請60秒後重試 | 操作: generic | 優先級: NORMAL
2025-10-29T03:31:48.612086228Z [inf]  2025-10-29 03:31:48,582 - src.clients.binance_client - ERROR - API 請求失敗: /fapi/v1/klines - 熔斷器阻斷(失敗6次)，請60秒後重試
2025-10-29T03:31:48.612090012Z [inf]  2025-10-29 03:31:48,582 - src.services.data_service - ERROR - 獲取 K線數據失敗 ACHUSDT 1h: 熔斷器阻斷(失敗6次)，請60秒後重試
2025-10-29T03:31:48.614023708Z [inf]  2025-10-29 03:31:48,582 - src.core.circuit_breaker - ERROR - 🔴 熔斷器阻斷(失敗6次)，請60秒後重試 | 操作: generic | 優先級: NORMAL
2025-10-29T03:31:48.614038612Z [inf]  2025-10-29 03:31:48,582 - src.clients.binance_client - ERROR - API 請求失敗: /fapi/v1/klines - 熔斷器阻斷(失敗6次)，請60秒後重試
2025-10-29T03:31:48.614047193Z [inf]  2025-10-29 03:31:48,582 - src.services.data_service - ERROR - 獲取 K線數據失敗 ACHUSDT 15m: 熔斷器阻斷(失敗6次)，請60秒後重試
2025-10-29T03:31:48.614055049Z [inf]  2025-10-29 03:31:48,582 - src.core.circuit_breaker - ERROR - 🔴 熔斷器阻斷(失敗6次)，請60秒後重試 | 操作: generic | 優先級: NORMAL
2025-10-29T03:31:48.614062749Z [inf]  2025-10-29 03:31:48,582 - src.clients.binance_client - ERROR - API 請求失敗: /fapi/v1/klines - 熔斷器阻斷(失敗6次)，請60秒後重試
2025-10-29T03:31:48.614071915Z [inf]  2025-10-29 03:31:48,582 - src.services.data_service - ERROR - 獲取 K線數據失敗 ACHUSDT 5m: 熔斷器阻斷(失敗6次)，請60秒後重試
2025-10-29T03:31:48.614079477Z [inf]  2025-10-29 03:31:48,582 - src.core.circuit_breaker - ERROR - 🔴 熔斷器阻斷(失敗6次)，請60秒後重試 | 操作: generic | 優先級: NORMAL
2025-10-29T03:31:48.614086658Z [inf]  2025-10-29 03:31:48,582 - src.clients.binance_client - ERROR - API 請求失敗: /fapi/v1/klines - 熔斷器阻斷(失敗6次)，請60秒後重試
2025-10-29T03:31:48.614100696Z [inf]  2025-10-29 03:31:48,582 - src.services.data_service - ERROR - 獲取 K線數據失敗 SSVUSDT 1h: 熔斷器阻斷(失敗6次)，請60秒後重試
2025-10-29T03:31:48.614107596Z [inf]  2025-10-29 03:31:48,583 - src.core.circuit_breaker - ERROR - 🔴 熔斷器阻斷(失敗6次)，請60秒後重試 | 操作: generic | 優先級: NORMAL
2025-10-29T03:31:48.614115356Z [inf]  2025-10-29 03:31:48,583 - src.clients.binance_client - ERROR - API 請求失敗: /fapi/v1/klines - 熔斷器阻斷(失敗6次)，請60秒後重試
2025-10-29T03:31:48.615707207Z [inf]  2025-10-29 03:31:48,583 - src.services.data_service - ERROR - 獲取 K線數據失敗 SSVUSDT 15m: 熔斷器阻斷(失敗6次)，請60秒後重試
2025-10-29T03:31:48.615715896Z [inf]  2025-10-29 03:31:48,583 - src.core.circuit_breaker - ERROR - 🔴 熔斷器阻斷(失敗6次)，請60秒後重試 | 操作: generic | 優先級: NORMAL
2025-10-29T03:31:48.615723496Z [inf]  2025-10-29 03:31:48,583 - src.clients.binance_client - ERROR - API 請求失敗: /fapi/v1/klines - 熔斷器阻斷(失敗6次)，請60秒後重試
2025-10-29T03:31:48.615729778Z [inf]  2025-10-29 03:31:48,583 - src.services.data_service - ERROR - 獲取 K線數據失敗 SSVUSDT 5m: 熔斷器阻斷(失敗6次)，請60秒後重試
2025-10-29T03:31:48.615738391Z [inf]  2025-10-29 03:31:48,583 - src.core.circuit_breaker - ERROR - 🔴 熔斷器阻斷(失敗6次)，請60秒後重試 | 操作: generic | 優先級: NORMAL
2025-10-29T03:31:48.615745054Z [inf]  2025-10-29 03:31:48,583 - src.clients.binance_client - ERROR - API 請求失敗: /fapi/v1/klines - 熔斷器阻斷(失敗6次)，請60秒後重試
2025-10-29T03:31:48.615750104Z [inf]  2025-10-29 03:31:48,583 - src.services.data_service - ERROR - 獲取 K線數據失敗 CKBUSDT 1h: 熔斷器阻斷(失敗6次)，請60秒後重試
2025-10-29T03:31:48.615756457Z [inf]  2025-10-29 03:31:48,583 - src.core.circuit_breaker - ERROR - 🔴 熔斷器阻斷(失敗6次)，請60秒後重試 | 操作: generic | 優先級: NORMAL
2025-10-29T03:31:48.615762651Z [inf]  2025-10-29 03:31:48,583 - src.clients.binance_client - ERROR - API 請求失敗: /fapi/v1/klines - 熔斷器阻斷(失敗6次)，請60秒後重試
2025-10-29T03:31:48.615770337Z [inf]  2025-10-29 03:31:48,583 - src.services.data_service - ERROR - 獲取 K線數據失敗 CKBUSDT 15m: 熔斷器阻斷(失敗6次)，請60秒後重試
2025-10-29T03:31:48.615777159Z [inf]  2025-10-29 03:31:48,584 - src.core.circuit_breaker - ERROR - 🔴 熔斷器阻斷(失敗6次)，請60秒後重試 | 操作: generic | 優先級: NORMAL
2025-10-29T03:31:48.617638165Z [inf]  2025-10-29 03:31:48,584 - src.clients.binance_client - ERROR - API 請求失敗: /fapi/v1/klines - 熔斷器阻斷(失敗6次)，請60秒後重試
2025-10-29T03:31:48.617652011Z [inf]  2025-10-29 03:31:48,584 - src.services.data_service - ERROR - 獲取 K線數據失敗 CKBUSDT 5m: 熔斷器阻斷(失敗6次)，請60秒後重試
2025-10-29T03:31:48.617660827Z [inf]  2025-10-29 03:31:48,584 - src.core.circuit_breaker - ERROR - 🔴 熔斷器阻斷(失敗6次)，請60秒後重試 | 操作: generic | 優先級: NORMAL
2025-10-29T03:31:48.617668673Z [inf]  2025-10-29 03:31:48,584 - src.clients.binance_client - ERROR - API 請求失敗: /fapi/v1/klines - 熔斷器阻斷(失敗6次)，請60秒後重試
2025-10-29T03:31:48.617677602Z [inf]  2025-10-29 03:31:48,584 - src.services.data_service - ERROR - 獲取 K線數據失敗 PERPUSDT 1h: 熔斷器阻斷(失敗6次)，請60秒後重試
2025-10-29T03:31:48.617686655Z [inf]  2025-10-29 03:31:48,584 - src.core.circuit_breaker - ERROR - 🔴 熔斷器阻斷(失敗6次)，請60秒後重試 | 操作: generic | 優先級: NORMAL
2025-10-29T03:31:48.617695575Z [inf]  2025-10-29 03:31:48,584 - src.clients.binance_client - ERROR - API 請求失敗: /fapi/v1/klines - 熔斷器阻斷(失敗6次)，請60秒後重試
2025-10-29T03:31:48.617720301Z [inf]  2025-10-29 03:31:48,584 - src.services.data_service - ERROR - 獲取 K線數據失敗 PERPUSDT 15m: 熔斷器阻斷(失敗6次)，請60秒後重試
2025-10-29T03:31:48.617729243Z [inf]  2025-10-29 03:31:48,584 - src.core.circuit_breaker - ERROR - 🔴 熔斷器阻斷(失敗6次)，請60秒後重試 | 操作: generic | 優先級: NORMAL
2025-10-29T03:31:48.617740647Z [inf]  2025-10-29 03:31:48,584 - src.clients.binance_client - ERROR - API 請求失敗: /fapi/v1/klines - 熔斷器阻斷(失敗6次)，請60秒後重試
2025-10-29T03:31:48.617748765Z [inf]  2025-10-29 03:31:48,584 - src.services.data_service - ERROR - 獲取 K線數據失敗 PERPUSDT 5m: 熔斷器阻斷(失敗6次)，請60秒後重試
2025-10-29T03:31:48.619266251Z [inf]  2025-10-29 03:31:48,585 - src.core.circuit_breaker - ERROR - 🔴 熔斷器阻斷(失敗6次)，請60秒後重試 | 操作: generic | 優先級: NORMAL
2025-10-29T03:31:48.619273871Z [inf]  2025-10-29 03:31:48,585 - src.clients.binance_client - ERROR - API 請求失敗: /fapi/v1/klines - 熔斷器阻斷(失敗6次)，請60秒後重試
2025-10-29T03:31:48.619280023Z [inf]  2025-10-29 03:31:48,585 - src.services.data_service - ERROR - 獲取 K線數據失敗 TRUUSDT 1h: 熔斷器阻斷(失敗6次)，請60秒後重試
2025-10-29T03:31:48.619285670Z [inf]  2025-10-29 03:31:48,585 - src.core.circuit_breaker - ERROR - 🔴 熔斷器阻斷(失敗6次)，請60秒後重試 | 操作: generic | 優先級: NORMAL
2025-10-29T03:31:48.619291829Z [inf]  2025-10-29 03:31:48,585 - src.clients.binance_client - ERROR - API 請求失敗: /fapi/v1/klines - 熔斷器阻斷(失敗6次)，請60秒後重試
2025-10-29T03:31:48.619297790Z [inf]  2025-10-29 03:31:48,585 - src.services.data_service - ERROR - 獲取 K線數據失敗 TRUUSDT 15m: 熔斷器阻斷(失敗6次)，請60秒後重試
2025-10-29T03:31:48.619303490Z [inf]  2025-10-29 03:31:48,585 - src.core.circuit_breaker - ERROR - 🔴 熔斷器阻斷(失敗6次)，請60秒後重試 | 操作: generic | 優先級: NORMAL
2025-10-29T03:31:48.619312292Z [inf]  2025-10-29 03:31:48,585 - src.clients.binance_client - ERROR - API 請求失敗: /fapi/v1/klines - 熔斷器阻斷(失敗6次)，請60秒後重試
2025-10-29T03:31:48.619317646Z [inf]  2025-10-29 03:31:48,585 - src.services.data_service - ERROR - 獲取 K線數據失敗 TRUUSDT 5m: 熔斷器阻斷(失敗6次)，請60秒後重試
2025-10-29T03:31:48.619323336Z [inf]  2025-10-29 03:31:48,585 - src.core.circuit_breaker - ERROR - 🔴 熔斷器阻斷(失敗6次)，請60秒後重試 | 操作: generic | 優先級: NORMAL
2025-10-29T03:31:48.619329109Z [inf]  2025-10-29 03:31:48,585 - src.clients.binance_client - ERROR - API 請求失敗: /fapi/v1/klines - 熔斷器阻斷(失敗6次)，請60秒後重試
2025-10-29T03:31:48.621470980Z [inf]  2025-10-29 03:31:48,585 - src.services.data_service - ERROR - 獲取 K線數據失敗 LQTYUSDT 1h: 熔斷器阻斷(失敗6次)，請60秒後重試
2025-10-29T03:31:48.621480550Z [inf]  2025-10-29 03:31:48,585 - src.core.circuit_breaker - ERROR - 🔴 熔斷器阻斷(失敗6次)，請60秒後重試 | 操作: generic | 優先級: NORMAL
2025-10-29T03:31:48.621487384Z [inf]  2025-10-29 03:31:48,585 - src.clients.binance_client - ERROR - API 請求失敗: /fapi/v1/klines - 熔斷器阻斷(失敗6次)，請60秒後重試
2025-10-29T03:31:48.621492862Z [inf]  2025-10-29 03:31:48,585 - src.services.data_service - ERROR - 獲取 K線數據失敗 LQTYUSDT 15m: 熔斷器阻斷(失敗6次)，請60秒後重試
2025-10-29T03:31:48.621500784Z [inf]  2025-10-29 03:31:48,586 - src.core.circuit_breaker - ERROR - 🔴 熔斷器阻斷(失敗6次)，請60秒後重試 | 操作: generic | 優先級: NORMAL
2025-10-29T03:31:48.621507880Z [inf]  2025-10-29 03:31:48,586 - src.clients.binance_client - ERROR - API 請求失敗: /fapi/v1/klines - 熔斷器阻斷(失敗6次)，請60秒後重試
2025-10-29T03:31:48.621515617Z [inf]  2025-10-29 03:31:48,586 - src.services.data_service - ERROR - 獲取 K線數據失敗 LQTYUSDT 5m: 熔斷器阻斷(失敗6次)，請60秒後重試
2025-10-29T03:31:48.621521431Z [inf]  2025-10-29 03:31:48,586 - src.core.circuit_breaker - ERROR - 🔴 熔斷器阻斷(失敗6次)，請60秒後重試 | 操作: generic | 優先級: NORMAL
2025-10-29T03:31:48.621526935Z [inf]  2025-10-29 03:31:48,586 - src.clients.binance_client - ERROR - API 請求失敗: /fapi/v1/klines - 熔斷器阻斷(失敗6次)，請60秒後重試
2025-10-29T03:31:48.621533177Z [inf]  2025-10-29 03:31:48,586 - src.services.data_service - ERROR - 獲取 K線數據失敗 USDCUSDT 1h: 熔斷器阻斷(失敗6次)，請60秒後重試
2025-10-29T03:31:48.621538590Z [inf]  2025-10-29 03:31:48,586 - src.core.circuit_breaker - ERROR - 🔴 熔斷器阻斷(失敗6次)，請60秒後重試 | 操作: generic | 優先級: NORMAL
2025-10-29T03:31:48.623623563Z [inf]  2025-10-29 03:31:48,586 - src.clients.binance_client - ERROR - API 請求失敗: /fapi/v1/klines - 熔斷器阻斷(失敗6次)，請60秒後重試
2025-10-29T03:31:48.623636289Z [inf]  2025-10-29 03:31:48,586 - src.services.data_service - ERROR - 獲取 K線數據失敗 USDCUSDT 15m: 熔斷器阻斷(失敗6次)，請60秒後重試
2025-10-29T03:31:48.623642270Z [inf]  2025-10-29 03:31:48,586 - src.core.circuit_breaker - ERROR - 🔴 熔斷器阻斷(失敗6次)，請60秒後重試 | 操作: generic | 優先級: NORMAL
2025-10-29T03:31:48.623647490Z [inf]  2025-10-29 03:31:48,586 - src.clients.binance_client - ERROR - API 請求失敗: /fapi/v1/klines - 熔斷器阻斷(失敗6次)，請60秒後重試
2025-10-29T03:31:48.623654518Z [inf]  2025-10-29 03:31:48,586 - src.services.data_service - ERROR - 獲取 K線數據失敗 USDCUSDT 5m: 熔斷器阻斷(失敗6次)，請60秒後重試
2025-10-29T03:31:48.623659937Z [inf]  2025-10-29 03:31:48,586 - src.core.circuit_breaker - ERROR - 🔴 熔斷器阻斷(失敗6次)，請60秒後重試 | 操作: generic | 優先級: NORMAL
2025-10-29T03:31:48.623664609Z [inf]  2025-10-29 03:31:48,586 - src.clients.binance_client - ERROR - API 請求失敗: /fapi/v1/klines - 熔斷器阻斷(失敗6次)，請60秒後重試
2025-10-29T03:31:48.623669865Z [inf]  2025-10-29 03:31:48,587 - src.services.data_service - ERROR - 獲取 K線數據失敗 IDUSDT 1h: 熔斷器阻斷(失敗6次)，請60秒後重試
2025-10-29T03:31:48.623676555Z [inf]  2025-10-29 03:31:48,587 - src.core.circuit_breaker - ERROR - 🔴 熔斷器阻斷(失敗6次)，請60秒後重試 | 操作: generic | 優先級: NORMAL
2025-10-29T03:31:48.623681855Z [inf]  2025-10-29 03:31:48,587 - src.clients.binance_client - ERROR - API 請求失敗: /fapi/v1/klines - 熔斷器阻斷(失敗6次)，請60秒後重試
2025-10-29T03:31:48.623687183Z [inf]  2025-10-29 03:31:48,587 - src.services.data_service - ERROR - 獲取 K線數據失敗 IDUSDT 15m: 熔斷器阻斷(失敗6次)，請60秒後重試
2025-10-29T03:31:48.625246710Z [inf]  2025-10-29 03:31:48,587 - src.clients.binance_client - ERROR - API 請求失敗: /fapi/v1/klines - 熔斷器阻斷(失敗6次)，請60秒後重試
2025-10-29T03:31:48.625253618Z [inf]  2025-10-29 03:31:48,587 - src.services.data_service - ERROR - 獲取 K線數據失敗 ARBUSDT 15m: 熔斷器阻斷(失敗6次)，請60秒後重試
2025-10-29T03:31:48.625260149Z [inf]  2025-10-29 03:31:48,587 - src.core.circuit_breaker - ERROR - 🔴 熔斷器阻斷(失敗6次)，請60秒後重試 | 操作: generic | 優先級: NORMAL
2025-10-29T03:31:48.625266232Z [inf]  2025-10-29 03:31:48,587 - src.clients.binance_client - ERROR - API 請求失敗: /fapi/v1/klines - 熔斷器阻斷(失敗6次)，請60秒後重試
2025-10-29T03:31:48.625274484Z [inf]  2025-10-29 03:31:48,587 - src.core.circuit_breaker - ERROR - 🔴 熔斷器阻斷(失敗6次)，請60秒後重試 | 操作: generic | 優先級: NORMAL
2025-10-29T03:31:48.625288898Z [inf]  2025-10-29 03:31:48,587 - src.clients.binance_client - ERROR - API 請求失敗: /fapi/v1/klines - 熔斷器阻斷(失敗6次)，請60秒後重試
2025-10-29T03:31:48.625298718Z [inf]  2025-10-29 03:31:48,587 - src.services.data_service - ERROR - 獲取 K線數據失敗 IDUSDT 5m: 熔斷器阻斷(失敗6次)，請60秒後重試
2025-10-29T03:31:48.625307662Z [inf]  2025-10-29 03:31:48,587 - src.core.circuit_breaker - ERROR - 🔴 熔斷器阻斷(失敗6次)，請60秒後重試 | 操作: generic | 優先級: NORMAL
2025-10-29T03:31:48.625320800Z [inf]  2025-10-29 03:31:48,587 - src.clients.binance_client - ERROR - API 請求失敗: /fapi/v1/klines - 熔斷器阻斷(失敗6次)，請60秒後重試
2025-10-29T03:31:48.625327921Z [inf]  2025-10-29 03:31:48,587 - src.services.data_service - ERROR - 獲取 K線數據失敗 ARBUSDT 1h: 熔斷器阻斷(失敗6次)，請60秒後重試
2025-10-29T03:31:48.625335486Z [inf]  2025-10-29 03:31:48,587 - src.core.circuit_breaker - ERROR - 🔴 熔斷器阻斷(失敗6次)，請60秒後重試 | 操作: generic | 優先級: NORMAL
2025-10-29T03:31:48.627034959Z [inf]  2025-10-29 03:31:48,587 - src.services.data_service - ERROR - 獲取 K線數據失敗 ARBUSDT 5m: 熔斷器阻斷(失敗6次)，請60秒後重試
2025-10-29T03:31:48.627045938Z [inf]  2025-10-29 03:31:48,588 - src.core.circuit_breaker - ERROR - 🔴 熔斷器阻斷(失敗6次)，請60秒後重試 | 操作: generic | 優先級: NORMAL
2025-10-29T03:31:48.627054220Z [inf]  2025-10-29 03:31:48,588 - src.clients.binance_client - ERROR - API 請求失敗: /fapi/v1/klines - 熔斷器阻斷(失敗6次)，請60秒後重試
2025-10-29T03:31:48.627062371Z [inf]  2025-10-29 03:31:48,588 - src.services.data_service - ERROR - 獲取 K線數據失敗 JOEUSDT 1h: 熔斷器阻斷(失敗6次)，請60秒後重試
2025-10-29T03:31:48.627070142Z [inf]  2025-10-29 03:31:48,588 - src.core.circuit_breaker - ERROR - 🔴 熔斷器阻斷(失敗6次)，請60秒後重試 | 操作: generic | 優先級: NORMAL
2025-10-29T03:31:48.627078690Z [inf]  2025-10-29 03:31:48,588 - src.clients.binance_client - ERROR - API 請求失敗: /fapi/v1/klines - 熔斷器阻斷(失敗6次)，請60秒後重試
2025-10-29T03:31:48.627086089Z [inf]  2025-10-29 03:31:48,588 - src.services.data_service - ERROR - 獲取 K線數據失敗 JOEUSDT 15m: 熔斷器阻斷(失敗6次)，請60秒後重試
2025-10-29T03:31:48.627093580Z [inf]  2025-10-29 03:31:48,588 - src.core.circuit_breaker - ERROR - 🔴 熔斷器阻斷(失敗6次)，請60秒後重試 | 操作: generic | 優先級: NORMAL
2025-10-29T03:31:48.627100716Z [inf]  2025-10-29 03:31:48,588 - src.clients.binance_client - ERROR - API 請求失敗: /fapi/v1/klines - 熔斷器阻斷(失敗6次)，請60秒後重試
2025-10-29T03:31:48.627108120Z [inf]  2025-10-29 03:31:48,588 - src.services.data_service - ERROR - 獲取 K線數據失敗 JOEUSDT 5m: 熔斷器阻斷(失敗6次)，請60秒後重試
2025-10-29T03:31:48.627115495Z [inf]  2025-10-29 03:31:48,588 - src.core.circuit_breaker - ERROR - 🔴 熔斷器阻斷(失敗6次)，請60秒後重試 | 操作: generic | 優先級: NORMAL
2025-10-29T03:31:48.629267783Z [inf]  2025-10-29 03:31:48,588 - src.clients.binance_client - ERROR - API 請求失敗: /fapi/v1/klines - 熔斷器阻斷(失敗6次)，請60秒後重試
2025-10-29T03:31:48.629276217Z [inf]  2025-10-29 03:31:48,588 - src.services.data_service - ERROR - 獲取 K線數據失敗 TLMUSDT 1h: 熔斷器阻斷(失敗6次)，請60秒後重試
2025-10-29T03:31:48.629282221Z [inf]  2025-10-29 03:31:48,589 - src.core.circuit_breaker - ERROR - 🔴 熔斷器阻斷(失敗6次)，請60秒後重試 | 操作: generic | 優先級: NORMAL
2025-10-29T03:31:48.629287620Z [inf]  2025-10-29 03:31:48,589 - src.clients.binance_client - ERROR - API 請求失敗: /fapi/v1/klines - 熔斷器阻斷(失敗6次)，請60秒後重試
2025-10-29T03:31:48.629295836Z [inf]  2025-10-29 03:31:48,589 - src.services.data_service - ERROR - 獲取 K線數據失敗 TLMUSDT 15m: 熔斷器阻斷(失敗6次)，請60秒後重試
2025-10-29T03:31:48.629301416Z [inf]  2025-10-29 03:31:48,589 - src.core.circuit_breaker - ERROR - 🔴 熔斷器阻斷(失敗6次)，請60秒後重試 | 操作: generic | 優先級: NORMAL
2025-10-29T03:31:48.629306332Z [inf]  2025-10-29 03:31:48,589 - src.clients.binance_client - ERROR - API 請求失敗: /fapi/v1/klines - 熔斷器阻斷(失敗6次)，請60秒後重試
2025-10-29T03:31:48.629311340Z [inf]  2025-10-29 03:31:48,589 - src.services.data_service - ERROR - 獲取 K線數據失敗 TLMUSDT 5m: 熔斷器阻斷(失敗6次)，請60秒後重試
2025-10-29T03:31:48.629316431Z [inf]  2025-10-29 03:31:48,589 - src.core.circuit_breaker - ERROR - 🔴 熔斷器阻斷(失敗6次)，請60秒後重試 | 操作: generic | 優先級: NORMAL
2025-10-29T03:31:48.629322271Z [inf]  2025-10-29 03:31:48,589 - src.clients.binance_client - ERROR - API 請求失敗: /fapi/v1/klines - 熔斷器阻斷(失敗6次)，請60秒後重試
2025-10-29T03:31:48.629327910Z [inf]  2025-10-29 03:31:48,589 - src.services.data_service - ERROR - 獲取 K線數據失敗 RDNTUSDT 1h: 熔斷器阻斷(失敗6次)，請60秒後重試
2025-10-29T03:31:48.630950483Z [inf]  2025-10-29 03:31:48,589 - src.core.circuit_breaker - ERROR - 🔴 熔斷器阻斷(失敗6次)，請60秒後重試 | 操作: generic | 優先級: NORMAL
2025-10-29T03:31:48.630955737Z [inf]  2025-10-29 03:31:48,589 - src.clients.binance_client - ERROR - API 請求失敗: /fapi/v1/klines - 熔斷器阻斷(失敗6次)，請60秒後重試
2025-10-29T03:31:48.630960777Z [inf]  2025-10-29 03:31:48,589 - src.services.data_service - ERROR - 獲取 K線數據失敗 RDNTUSDT 15m: 熔斷器阻斷(失敗6次)，請60秒後重試
2025-10-29T03:31:48.630965453Z [inf]  2025-10-29 03:31:48,589 - src.core.circuit_breaker - ERROR - 🔴 熔斷器阻斷(失敗6次)，請60秒後重試 | 操作: generic | 優先級: NORMAL
2025-10-29T03:31:48.630970296Z [inf]  2025-10-29 03:31:48,589 - src.clients.binance_client - ERROR - API 請求失敗: /fapi/v1/klines - 熔斷器阻斷(失敗6次)，請60秒後重試
2025-10-29T03:31:48.630974509Z [inf]  2025-10-29 03:31:48,589 - src.services.data_service - ERROR - 獲取 K線數據失敗 RDNTUSDT 5m: 熔斷器阻斷(失敗6次)，請60秒後重試
2025-10-29T03:31:48.630978862Z [inf]  2025-10-29 03:31:48,590 - src.core.circuit_breaker - ERROR - 🔴 熔斷器阻斷(失敗6次)，請60秒後重試 | 操作: generic | 優先級: NORMAL
2025-10-29T03:31:48.630983127Z [inf]  2025-10-29 03:31:48,590 - src.clients.binance_client - ERROR - API 請求失敗: /fapi/v1/klines - 熔斷器阻斷(失敗6次)，請60秒後重試
2025-10-29T03:31:48.630987787Z [inf]  2025-10-29 03:31:48,590 - src.services.data_service - ERROR - 獲取 K線數據失敗 HFTUSDT 1h: 熔斷器阻斷(失敗6次)，請60秒後重試
2025-10-29T03:31:48.630992118Z [inf]  2025-10-29 03:31:48,590 - src.core.circuit_breaker - ERROR - 🔴 熔斷器阻斷(失敗6次)，請60秒後重試 | 操作: generic | 優先級: NORMAL
2025-10-29T03:31:48.630996686Z [inf]  2025-10-29 03:31:48,590 - src.clients.binance_client - ERROR - API 請求失敗: /fapi/v1/klines - 熔斷器阻斷(失敗6次)，請60秒後重試
2025-10-29T03:31:48.633298878Z [inf]  2025-10-29 03:31:48,590 - src.services.data_service - ERROR - 獲取 K線數據失敗 HFTUSDT 15m: 熔斷器阻斷(失敗6次)，請60秒後重試
2025-10-29T03:31:48.633311357Z [inf]  2025-10-29 03:31:48,590 - src.core.circuit_breaker - ERROR - 🔴 熔斷器阻斷(失敗6次)，請60秒後重試 | 操作: generic | 優先級: NORMAL
2025-10-29T03:31:48.633320966Z [inf]  2025-10-29 03:31:48,590 - src.clients.binance_client - ERROR - API 請求失敗: /fapi/v1/klines - 熔斷器阻斷(失敗6次)，請60秒後重試
2025-10-29T03:31:48.633329379Z [inf]  2025-10-29 03:31:48,590 - src.services.data_service - ERROR - 獲取 K線數據失敗 HFTUSDT 5m: 熔斷器阻斷(失敗6次)，請60秒後重試
2025-10-29T03:31:48.633337727Z [inf]  2025-10-29 03:31:48,590 - src.core.circuit_breaker - ERROR - 🔴 熔斷器阻斷(失敗6次)，請60秒後重試 | 操作: generic | 優先級: NORMAL
2025-10-29T03:31:48.633349688Z [inf]  2025-10-29 03:31:48,590 - src.clients.binance_client - ERROR - API 請求失敗: /fapi/v1/klines - 熔斷器阻斷(失敗6次)，請60秒後重試
2025-10-29T03:31:48.633357787Z [inf]  2025-10-29 03:31:48,590 - src.services.data_service - ERROR - 獲取 K線數據失敗 XVSUSDT 1h: 熔斷器阻斷(失敗6次)，請60秒後重試
2025-10-29T03:31:48.633366775Z [inf]  2025-10-29 03:31:48,590 - src.core.circuit_breaker - ERROR - 🔴 熔斷器阻斷(失敗6次)，請60秒後重試 | 操作: generic | 優先級: NORMAL
2025-10-29T03:31:48.633375522Z [inf]  2025-10-29 03:31:48,591 - src.clients.binance_client - ERROR - API 請求失敗: /fapi/v1/klines - 熔斷器阻斷(失敗6次)，請60秒後重試
2025-10-29T03:31:48.633383066Z [inf]  2025-10-29 03:31:48,591 - src.services.data_service - ERROR - 獲取 K線數據失敗 XVSUSDT 15m: 熔斷器阻斷(失敗6次)，請60秒後重試
2025-10-29T03:31:48.633390807Z [inf]  2025-10-29 03:31:48,591 - src.core.circuit_breaker - ERROR - 🔴 熔斷器阻斷(失敗6次)，請60秒後重試 | 操作: generic | 優先級: NORMAL
2025-10-29T03:31:48.634771543Z [inf]  2025-10-29 03:31:48,591 - src.clients.binance_client - ERROR - API 請求失敗: /fapi/v1/klines - 熔斷器阻斷(失敗6次)，請60秒後重試
2025-10-29T03:31:48.634784412Z [inf]  2025-10-29 03:31:48,591 - src.services.data_service - ERROR - 獲取 K線數據失敗 XVSUSDT 5m: 熔斷器阻斷(失敗6次)，請60秒後重試
2025-10-29T03:31:48.634794761Z [inf]  2025-10-29 03:31:48,591 - src.core.circuit_breaker - ERROR - 🔴 熔斷器阻斷(失敗6次)，請60秒後重試 | 操作: generic | 優先級: NORMAL
2025-10-29T03:31:48.634802690Z [inf]  2025-10-29 03:31:48,591 - src.clients.binance_client - ERROR - API 請求失敗: /fapi/v1/klines - 熔斷器阻斷(失敗6次)，請60秒後重試
2025-10-29T03:31:48.634810840Z [inf]  2025-10-29 03:31:48,591 - src.services.data_service - ERROR - 獲取 K線數據失敗 BLURUSDT 1h: 熔斷器阻斷(失敗6次)，請60秒後重試
2025-10-29T03:31:48.634817710Z [inf]  2025-10-29 03:31:48,591 - src.core.circuit_breaker - ERROR - 🔴 熔斷器阻斷(失敗6次)，請60秒後重試 | 操作: generic | 優先級: NORMAL
2025-10-29T03:31:48.634825176Z [inf]  2025-10-29 03:31:48,591 - src.clients.binance_client - ERROR - API 請求失敗: /fapi/v1/klines - 熔斷器阻斷(失敗6次)，請60秒後重試
2025-10-29T03:31:48.634831213Z [inf]  2025-10-29 03:31:48,591 - src.services.data_service - ERROR - 獲取 K線數據失敗 BLURUSDT 15m: 熔斷器阻斷(失敗6次)，請60秒後重試
2025-10-29T03:31:48.634835894Z [inf]  2025-10-29 03:31:48,591 - src.core.circuit_breaker - ERROR - 🔴 熔斷器阻斷(失敗6次)，請60秒後重試 | 操作: generic | 優先級: NORMAL
2025-10-29T03:31:48.634842941Z [inf]  2025-10-29 03:31:48,591 - src.clients.binance_client - ERROR - API 請求失敗: /fapi/v1/klines - 熔斷器阻斷(失敗6次)，請60秒後重試
2025-10-29T03:31:48.634849197Z [inf]  2025-10-29 03:31:48,591 - src.services.data_service - ERROR - 獲取 K線數據失敗 BLURUSDT 5m: 熔斷器阻斷(失敗6次)，請60秒後重試
2025-10-29T03:31:48.637114364Z [inf]  2025-10-29 03:31:48,592 - src.core.circuit_breaker - ERROR - 🔴 熔斷器阻斷(失敗6次)，請60秒後重試 | 操作: generic | 優先級: NORMAL
2025-10-29T03:31:48.637124464Z [inf]  2025-10-29 03:31:48,592 - src.clients.binance_client - ERROR - API 請求失敗: /fapi/v1/klines - 熔斷器阻斷(失敗6次)，請60秒後重試
2025-10-29T03:31:48.637132447Z [inf]  2025-10-29 03:31:48,592 - src.services.data_service - ERROR - 獲取 K線數據失敗 EDUUSDT 1h: 熔斷器阻斷(失敗6次)，請60秒後重試
2025-10-29T03:31:48.637139683Z [inf]  2025-10-29 03:31:48,592 - src.core.circuit_breaker - ERROR - 🔴 熔斷器阻斷(失敗6次)，請60秒後重試 | 操作: generic | 優先級: NORMAL
2025-10-29T03:31:48.637148392Z [inf]  2025-10-29 03:31:48,592 - src.clients.binance_client - ERROR - API 請求失敗: /fapi/v1/klines - 熔斷器阻斷(失敗6次)，請60秒後重試
2025-10-29T03:31:48.637156720Z [inf]  2025-10-29 03:31:48,592 - src.services.data_service - ERROR - 獲取 K線數據失敗 EDUUSDT 15m: 熔斷器阻斷(失敗6次)，請60秒後重試
2025-10-29T03:31:48.637163369Z [inf]  2025-10-29 03:31:48,592 - src.core.circuit_breaker - ERROR - 🔴 熔斷器阻斷(失敗6次)，請60秒後重試 | 操作: generic | 優先級: NORMAL
2025-10-29T03:31:48.637169870Z [inf]  2025-10-29 03:31:48,592 - src.clients.binance_client - ERROR - API 請求失敗: /fapi/v1/klines - 熔斷器阻斷(失敗6次)，請60秒後重試
2025-10-29T03:31:48.637177020Z [inf]  2025-10-29 03:31:48,592 - src.services.data_service - ERROR - 獲取 K線數據失敗 EDUUSDT 5m: 熔斷器阻斷(失敗6次)，請60秒後重試
2025-10-29T03:31:48.637183198Z [inf]  2025-10-29 03:31:48,592 - src.core.circuit_breaker - ERROR - 🔴 熔斷器阻斷(失敗6次)，請60秒後重試 | 操作: generic | 優先級: NORMAL
2025-10-29T03:31:48.637189236Z [inf]  2025-10-29 03:31:48,592 - src.clients.binance_client - ERROR - API 請求失敗: /fapi/v1/klines - 熔斷器阻斷(失敗6次)，請60秒後重試
2025-10-29T03:31:48.639015768Z [inf]  2025-10-29 03:31:48,592 - src.services.data_service - ERROR - 獲取 K線數據失敗 SUIUSDT 1h: 熔斷器阻斷(失敗6次)，請60秒後重試
2025-10-29T03:31:48.639023536Z [inf]  2025-10-29 03:31:48,592 - src.core.circuit_breaker - ERROR - 🔴 熔斷器阻斷(失敗6次)，請60秒後重試 | 操作: generic | 優先級: NORMAL
2025-10-29T03:31:48.639030318Z [inf]  2025-10-29 03:31:48,592 - src.clients.binance_client - ERROR - API 請求失敗: /fapi/v1/klines - 熔斷器阻斷(失敗6次)，請60秒後重試
2025-10-29T03:31:48.639036308Z [inf]  2025-10-29 03:31:48,593 - src.services.data_service - ERROR - 獲取 K線數據失敗 SUIUSDT 15m: 熔斷器阻斷(失敗6次)，請60秒後重試
2025-10-29T03:31:48.639042709Z [inf]  2025-10-29 03:31:48,593 - src.core.circuit_breaker - ERROR - 🔴 熔斷器阻斷(失敗6次)，請60秒後重試 | 操作: generic | 優先級: NORMAL
2025-10-29T03:31:48.639050991Z [inf]  2025-10-29 03:31:48,593 - src.clients.binance_client - ERROR - API 請求失敗: /fapi/v1/klines - 熔斷器阻斷(失敗6次)，請60秒後重試
2025-10-29T03:31:48.639058028Z [inf]  2025-10-29 03:31:48,593 - src.services.data_service - ERROR - 獲取 K線數據失敗 SUIUSDT 5m: 熔斷器阻斷(失敗6次)，請60秒後重試
2025-10-29T03:31:48.639066260Z [inf]  2025-10-29 03:31:48,593 - src.core.circuit_breaker - ERROR - 🔴 熔斷器阻斷(失敗6次)，請60秒後重試 | 操作: generic | 優先級: NORMAL
2025-10-29T03:31:48.639073867Z [inf]  2025-10-29 03:31:48,593 - src.clients.binance_client - ERROR - API 請求失敗: /fapi/v1/klines - 熔斷器阻斷(失敗6次)，請60秒後重試
2025-10-29T03:31:48.639080606Z [inf]  2025-10-29 03:31:48,593 - src.services.data_service - ERROR - 獲取 K線數據失敗 1000PEPEUSDT 1h: 熔斷器阻斷(失敗6次)，請60秒後重試
2025-10-29T03:31:48.639086542Z [inf]  2025-10-29 03:31:48,593 - src.core.circuit_breaker - ERROR - 🔴 熔斷器阻斷(失敗6次)，請60秒後重試 | 操作: generic | 優先級: NORMAL
2025-10-29T03:31:48.641120706Z [inf]  2025-10-29 03:31:48,593 - src.clients.binance_client - ERROR - API 請求失敗: /fapi/v1/klines - 熔斷器阻斷(失敗6次)，請60秒後重試
2025-10-29T03:31:48.641133150Z [inf]  2025-10-29 03:31:48,594 - src.services.data_service - ERROR - 獲取 K線數據失敗 1000FLOKIUSDT 1h: 熔斷器阻斷(失敗6次)，請60秒後重試
2025-10-29T03:31:48.641141317Z [inf]  2025-10-29 03:31:48,594 - src.core.circuit_breaker - ERROR - 🔴 熔斷器阻斷(失敗6次)，請60秒後重試 | 操作: generic | 優先級: NORMAL
2025-10-29T03:31:48.641149794Z [inf]  2025-10-29 03:31:48,594 - src.clients.binance_client - ERROR - API 請求失敗: /fapi/v1/klines - 熔斷器阻斷(失敗6次)，請60秒後重試
2025-10-29T03:31:48.641156829Z [inf]  2025-10-29 03:31:48,594 - src.services.data_service - ERROR - 獲取 K線數據失敗 1000FLOKIUSDT 15m: 熔斷器阻斷(失敗6次)，請60秒後重試
2025-10-29T03:31:48.641204366Z [inf]  2025-10-29 03:31:48,593 - src.clients.binance_client - ERROR - API 請求失敗: /fapi/v1/klines - 熔斷器阻斷(失敗6次)，請60秒後重試
2025-10-29T03:31:48.641209296Z [inf]  2025-10-29 03:31:48,593 - src.services.data_service - ERROR - 獲取 K線數據失敗 1000PEPEUSDT 15m: 熔斷器阻斷(失敗6次)，請60秒後重試
2025-10-29T03:31:48.641214317Z [inf]  2025-10-29 03:31:48,593 - src.core.circuit_breaker - ERROR - 🔴 熔斷器阻斷(失敗6次)，請60秒後重試 | 操作: generic | 優先級: NORMAL
2025-10-29T03:31:48.641219649Z [inf]  2025-10-29 03:31:48,593 - src.clients.binance_client - ERROR - API 請求失敗: /fapi/v1/klines - 熔斷器阻斷(失敗6次)，請60秒後重試
2025-10-29T03:31:48.641233871Z [inf]  2025-10-29 03:31:48,593 - src.services.data_service - ERROR - 獲取 K線數據失敗 1000PEPEUSDT 5m: 熔斷器阻斷(失敗6次)，請60秒後重試
2025-10-29T03:31:48.641239759Z [inf]  2025-10-29 03:31:48,593 - src.core.circuit_breaker - ERROR - 🔴 熔斷器阻斷(失敗6次)，請60秒後重試 | 操作: generic | 優先級: NORMAL
2025-10-29T03:31:48.642730426Z [inf]  2025-10-29 03:31:48,594 - src.core.circuit_breaker - ERROR - 🔴 熔斷器阻斷(失敗6次)，請60秒後重試 | 操作: generic | 優先級: NORMAL
2025-10-29T03:31:48.642734505Z [inf]  2025-10-29 03:31:48,594 - src.clients.binance_client - ERROR - API 請求失敗: /fapi/v1/klines - 熔斷器阻斷(失敗6次)，請60秒後重試
2025-10-29T03:31:48.642739185Z [inf]  2025-10-29 03:31:48,594 - src.services.data_service - ERROR - 獲取 K線數據失敗 1000FLOKIUSDT 5m: 熔斷器阻斷(失敗6次)，請60秒後重試
2025-10-29T03:31:48.642743492Z [inf]  2025-10-29 03:31:48,594 - src.core.circuit_breaker - ERROR - 🔴 熔斷器阻斷(失敗6次)，請60秒後重試 | 操作: generic | 優先級: NORMAL
2025-10-29T03:31:48.642747812Z [inf]  2025-10-29 03:31:48,594 - src.clients.binance_client - ERROR - API 請求失敗: /fapi/v1/klines - 熔斷器阻斷(失敗6次)，請60秒後重試
2025-10-29T03:31:48.642751920Z [inf]  2025-10-29 03:31:48,594 - src.services.data_service - ERROR - 獲取 K線數據失敗 UMAUSDT 1h: 熔斷器阻斷(失敗6次)，請60秒後重試
2025-10-29T03:31:48.642756707Z [inf]  2025-10-29 03:31:48,594 - src.core.circuit_breaker - ERROR - 🔴 熔斷器阻斷(失敗6次)，請60秒後重試 | 操作: generic | 優先級: NORMAL
2025-10-29T03:31:48.642760873Z [inf]  2025-10-29 03:31:48,594 - src.clients.binance_client - ERROR - API 請求失敗: /fapi/v1/klines - 熔斷器阻斷(失敗6次)，請60秒後重試
2025-10-29T03:31:48.642767640Z [inf]  2025-10-29 03:31:48,594 - src.services.data_service - ERROR - 獲取 K線數據失敗 UMAUSDT 15m: 熔斷器阻斷(失敗6次)，請60秒後重試
2025-10-29T03:31:48.642771723Z [inf]  2025-10-29 03:31:48,594 - src.core.circuit_breaker - ERROR - 🔴 熔斷器阻斷(失敗6次)，請60秒後重試 | 操作: generic | 優先級: NORMAL
2025-10-29T03:31:48.642776623Z [inf]  2025-10-29 03:31:48,594 - src.clients.binance_client - ERROR - API 請求失敗: /fapi/v1/klines - 熔斷器阻斷(失敗6次)，請60秒後重試
2025-10-29T03:31:48.644680189Z [inf]  2025-10-29 03:31:48,594 - src.services.data_service - ERROR - 獲取 K線數據失敗 UMAUSDT 5m: 熔斷器阻斷(失敗6次)，請60秒後重試
2025-10-29T03:31:48.644685289Z [inf]  2025-10-29 03:31:48,595 - src.core.circuit_breaker - ERROR - 🔴 熔斷器阻斷(失敗6次)，請60秒後重試 | 操作: generic | 優先級: NORMAL
2025-10-29T03:31:48.644691071Z [inf]  2025-10-29 03:31:48,595 - src.clients.binance_client - ERROR - API 請求失敗: /fapi/v1/klines - 熔斷器阻斷(失敗6次)，請60秒後重試
2025-10-29T03:31:48.644696415Z [inf]  2025-10-29 03:31:48,595 - src.services.data_service - ERROR - 獲取 K線數據失敗 NMRUSDT 1h: 熔斷器阻斷(失敗6次)，請60秒後重試
2025-10-29T03:31:48.644702161Z [inf]  2025-10-29 03:31:48,595 - src.core.circuit_breaker - ERROR - 🔴 熔斷器阻斷(失敗6次)，請60秒後重試 | 操作: generic | 優先級: NORMAL
2025-10-29T03:31:48.644710154Z [inf]  2025-10-29 03:31:48,595 - src.clients.binance_client - ERROR - API 請求失敗: /fapi/v1/klines - 熔斷器阻斷(失敗6次)，請60秒後重試
2025-10-29T03:31:48.644715777Z [inf]  2025-10-29 03:31:48,595 - src.services.data_service - ERROR - 獲取 K線數據失敗 NMRUSDT 15m: 熔斷器阻斷(失敗6次)，請60秒後重試
2025-10-29T03:31:48.644721531Z [inf]  2025-10-29 03:31:48,595 - src.core.circuit_breaker - ERROR - 🔴 熔斷器阻斷(失敗6次)，請60秒後重試 | 操作: generic | 優先級: NORMAL
2025-10-29T03:31:48.644726430Z [inf]  2025-10-29 03:31:48,595 - src.clients.binance_client - ERROR - API 請求失敗: /fapi/v1/klines - 熔斷器阻斷(失敗6次)，請60秒後重試
2025-10-29T03:31:48.644731794Z [inf]  2025-10-29 03:31:48,595 - src.services.data_service - ERROR - 獲取 K線數據失敗 NMRUSDT 5m: 熔斷器阻斷(失敗6次)，請60秒後重試
2025-10-29T03:31:48.644736830Z [inf]  2025-10-29 03:31:48,595 - src.core.circuit_breaker - ERROR - 🔴 熔斷器阻斷(失敗6次)，請60秒後重試 | 操作: generic | 優先級: NORMAL
2025-10-29T03:31:48.646288658Z [inf]  2025-10-29 03:31:48,595 - src.clients.binance_client - ERROR - API 請求失敗: /fapi/v1/klines - 熔斷器阻斷(失敗6次)，請60秒後重試
2025-10-29T03:31:48.646299896Z [inf]  2025-10-29 03:31:48,595 - src.services.data_service - ERROR - 獲取 K線數據失敗 MAVUSDT 1h: 熔斷器阻斷(失敗6次)，請60秒後重試
2025-10-29T03:31:48.646307650Z [inf]  2025-10-29 03:31:48,595 - src.core.circuit_breaker - ERROR - 🔴 熔斷器阻斷(失敗6次)，請60秒後重試 | 操作: generic | 優先級: NORMAL
2025-10-29T03:31:48.646315537Z [inf]  2025-10-29 03:31:48,595 - src.clients.binance_client - ERROR - API 請求失敗: /fapi/v1/klines - 熔斷器阻斷(失敗6次)，請60秒後重試
2025-10-29T03:31:48.646322174Z [inf]  2025-10-29 03:31:48,595 - src.services.data_service - ERROR - 獲取 K線數據失敗 MAVUSDT 15m: 熔斷器阻斷(失敗6次)，請60秒後重試
2025-10-29T03:31:48.646329283Z [inf]  2025-10-29 03:31:48,596 - src.core.circuit_breaker - ERROR - 🔴 熔斷器阻斷(失敗6次)，請60秒後重試 | 操作: generic | 優先級: NORMAL
2025-10-29T03:31:48.646336252Z [inf]  2025-10-29 03:31:48,596 - src.clients.binance_client - ERROR - API 請求失敗: /fapi/v1/klines - 熔斷器阻斷(失敗6次)，請60秒後重試
2025-10-29T03:31:48.646342845Z [inf]  2025-10-29 03:31:48,596 - src.services.data_service - ERROR - 獲取 K線數據失敗 MAVUSDT 5m: 熔斷器阻斷(失敗6次)，請60秒後重試
2025-10-29T03:31:48.646350942Z [inf]  2025-10-29 03:31:48,596 - src.core.circuit_breaker - ERROR - 🔴 熔斷器阻斷(失敗6次)，請60秒後重試 | 操作: generic | 優先級: NORMAL
2025-10-29T03:31:48.646357284Z [inf]  2025-10-29 03:31:48,596 - src.clients.binance_client - ERROR - API 請求失敗: /fapi/v1/klines - 熔斷器阻斷(失敗6次)，請60秒後重試
2025-10-29T03:31:48.646365399Z [inf]  2025-10-29 03:31:48,596 - src.services.data_service - ERROR - 獲取 K線數據失敗 XVGUSDT 1h: 熔斷器阻斷(失敗6次)，請60秒後重試
2025-10-29T03:31:48.647879505Z [inf]  2025-10-29 03:31:48,597 - src.clients.binance_client - ERROR - API 請求失敗: /fapi/v1/klines - 熔斷器阻斷(失敗6次)，請60秒後重試
2025-10-29T03:31:48.647913135Z [inf]  2025-10-29 03:31:48,596 - src.core.circuit_breaker - ERROR - 🔴 熔斷器阻斷(失敗6次)，請60秒後重試 | 操作: generic | 優先級: NORMAL
2025-10-29T03:31:48.647924344Z [inf]  2025-10-29 03:31:48,596 - src.clients.binance_client - ERROR - API 請求失敗: /fapi/v1/klines - 熔斷器阻斷(失敗6次)，請60秒後重試
2025-10-29T03:31:48.647931424Z [inf]  2025-10-29 03:31:48,596 - src.services.data_service - ERROR - 獲取 K線數據失敗 XVGUSDT 15m: 熔斷器阻斷(失敗6次)，請60秒後重試
2025-10-29T03:31:48.647938673Z [inf]  2025-10-29 03:31:48,596 - src.core.circuit_breaker - ERROR - 🔴 熔斷器阻斷(失敗6次)，請60秒後重試 | 操作: generic | 優先級: NORMAL
2025-10-29T03:31:48.647945139Z [inf]  2025-10-29 03:31:48,596 - src.clients.binance_client - ERROR - API 請求失敗: /fapi/v1/klines - 熔斷器阻斷(失敗6次)，請60秒後重試
2025-10-29T03:31:48.647953084Z [inf]  2025-10-29 03:31:48,596 - src.services.data_service - ERROR - 獲取 K線數據失敗 XVGUSDT 5m: 熔斷器阻斷(失敗6次)，請60秒後重試
2025-10-29T03:31:48.647958560Z [inf]  2025-10-29 03:31:48,596 - src.core.circuit_breaker - ERROR - 🔴 熔斷器阻斷(失敗6次)，請60秒後重試 | 操作: generic | 優先級: NORMAL
2025-10-29T03:31:48.647963836Z [inf]  2025-10-29 03:31:48,596 - src.clients.binance_client - ERROR - API 請求失敗: /fapi/v1/klines - 熔斷器阻斷(失敗6次)，請60秒後重試
2025-10-29T03:31:48.647969209Z [inf]  2025-10-29 03:31:48,596 - src.services.data_service - ERROR - 獲取 K線數據失敗 WLDUSDT 1h: 熔斷器阻斷(失敗6次)，請60秒後重試
2025-10-29T03:31:48.647974821Z [inf]  2025-10-29 03:31:48,597 - src.core.circuit_breaker - ERROR - 🔴 熔斷器阻斷(失敗6次)，請60秒後重試 | 操作: generic | 優先級: NORMAL
2025-10-29T03:31:48.650959813Z [inf]  2025-10-29 03:31:48,597 - src.services.data_service - ERROR - 獲取 K線數據失敗 WLDUSDT 15m: 熔斷器阻斷(失敗6次)，請60秒後重試
2025-10-29T03:31:48.650970056Z [inf]  2025-10-29 03:31:48,597 - src.core.circuit_breaker - ERROR - 🔴 熔斷器阻斷(失敗6次)，請60秒後重試 | 操作: generic | 優先級: NORMAL
2025-10-29T03:31:48.650975359Z [inf]  2025-10-29 03:31:48,597 - src.clients.binance_client - ERROR - API 請求失敗: /fapi/v1/klines - 熔斷器阻斷(失敗6次)，請60秒後重試
2025-10-29T03:31:48.650981041Z [inf]  2025-10-29 03:31:48,597 - src.services.data_service - ERROR - 獲取 K線數據失敗 WLDUSDT 5m: 熔斷器阻斷(失敗6次)，請60秒後重試
2025-10-29T03:31:48.650986705Z [inf]  2025-10-29 03:31:48,597 - src.core.circuit_breaker - ERROR - 🔴 熔斷器阻斷(失敗6次)，請60秒後重試 | 操作: generic | 優先級: NORMAL
2025-10-29T03:31:48.650991939Z [inf]  2025-10-29 03:31:48,597 - src.clients.binance_client - ERROR - API 請求失敗: /fapi/v1/klines - 熔斷器阻斷(失敗6次)，請60秒後重試
2025-10-29T03:31:48.650996598Z [inf]  2025-10-29 03:31:48,597 - src.services.data_service - ERROR - 獲取 K線數據失敗 PENDLEUSDT 1h: 熔斷器阻斷(失敗6次)，請60秒後重試
2025-10-29T03:31:48.651001692Z [inf]  2025-10-29 03:31:48,597 - src.core.circuit_breaker - ERROR - 🔴 熔斷器阻斷(失敗6次)，請60秒後重試 | 操作: generic | 優先級: NORMAL
2025-10-29T03:31:48.651007436Z [inf]  2025-10-29 03:31:48,597 - src.clients.binance_client - ERROR - API 請求失敗: /fapi/v1/klines - 熔斷器阻斷(失敗6次)，請60秒後重試
2025-10-29T03:31:48.651012940Z [inf]  2025-10-29 03:31:48,597 - src.services.data_service - ERROR - 獲取 K線數據失敗 PENDLEUSDT 15m: 熔斷器阻斷(失敗6次)，請60秒後重試
2025-10-29T03:31:48.651018049Z [inf]  2025-10-29 03:31:48,597 - src.core.circuit_breaker - ERROR - 🔴 熔斷器阻斷(失敗6次)，請60秒後重試 | 操作: generic | 優先級: NORMAL
2025-10-29T03:31:48.653083410Z [inf]  2025-10-29 03:31:48,598 - src.clients.binance_client - ERROR - API 請求失敗: /fapi/v1/klines - 熔斷器阻斷(失敗6次)，請60秒後重試
2025-10-29T03:31:48.653092715Z [inf]  2025-10-29 03:31:48,598 - src.services.data_service - ERROR - 獲取 K線數據失敗 PENDLEUSDT 5m: 熔斷器阻斷(失敗6次)，請60秒後重試
2025-10-29T03:31:48.653098762Z [inf]  2025-10-29 03:31:48,598 - src.core.circuit_breaker - ERROR - 🔴 熔斷器阻斷(失敗6次)，請60秒後重試 | 操作: generic | 優先級: NORMAL
2025-10-29T03:31:48.653104078Z [inf]  2025-10-29 03:31:48,598 - src.clients.binance_client - ERROR - API 請求失敗: /fapi/v1/klines - 熔斷器阻斷(失敗6次)，請60秒後重試
2025-10-29T03:31:48.653109143Z [inf]  2025-10-29 03:31:48,598 - src.services.data_service - ERROR - 獲取 K線數據失敗 ARKMUSDT 1h: 熔斷器阻斷(失敗6次)，請60秒後重試
2025-10-29T03:31:48.653115246Z [inf]  2025-10-29 03:31:48,598 - src.core.circuit_breaker - ERROR - 🔴 熔斷器阻斷(失敗6次)，請60秒後重試 | 操作: generic | 優先級: NORMAL
2025-10-29T03:31:48.653119866Z [inf]  2025-10-29 03:31:48,598 - src.clients.binance_client - ERROR - API 請求失敗: /fapi/v1/klines - 熔斷器阻斷(失敗6次)，請60秒後重試
2025-10-29T03:31:48.653125715Z [inf]  2025-10-29 03:31:48,598 - src.services.data_service - ERROR - 獲取 K線數據失敗 ARKMUSDT 15m: 熔斷器阻斷(失敗6次)，請60秒後重試
2025-10-29T03:31:48.653130506Z [inf]  2025-10-29 03:31:48,598 - src.core.circuit_breaker - ERROR - 🔴 熔斷器阻斷(失敗6次)，請60秒後重試 | 操作: generic | 優先級: NORMAL
2025-10-29T03:31:48.653136327Z [inf]  2025-10-29 03:31:48,598 - src.clients.binance_client - ERROR - API 請求失敗: /fapi/v1/klines - 熔斷器阻斷(失敗6次)，請60秒後重試
2025-10-29T03:31:48.653140916Z [inf]  2025-10-29 03:31:48,598 - src.services.data_service - ERROR - 獲取 K線數據失敗 ARKMUSDT 5m: 熔斷器阻斷(失敗6次)，請60秒後重試
2025-10-29T03:31:48.654878973Z [inf]  2025-10-29 03:31:48,598 - src.core.circuit_breaker - ERROR - 🔴 熔斷器阻斷(失敗6次)，請60秒後重試 | 操作: generic | 優先級: NORMAL
2025-10-29T03:31:48.654886059Z [inf]  2025-10-29 03:31:48,598 - src.clients.binance_client - ERROR - API 請求失敗: /fapi/v1/klines - 熔斷器阻斷(失敗6次)，請60秒後重試
2025-10-29T03:31:48.654892279Z [inf]  2025-10-29 03:31:48,598 - src.services.data_service - ERROR - 獲取 K線數據失敗 AGLDUSDT 1h: 熔斷器阻斷(失敗6次)，請60秒後重試
2025-10-29T03:31:48.654899492Z [inf]  2025-10-29 03:31:48,599 - src.core.circuit_breaker - ERROR - 🔴 熔斷器阻斷(失敗6次)，請60秒後重試 | 操作: generic | 優先級: NORMAL
2025-10-29T03:31:48.654906630Z [inf]  2025-10-29 03:31:48,599 - src.clients.binance_client - ERROR - API 請求失敗: /fapi/v1/klines - 熔斷器阻斷(失敗6次)，請60秒後重試
2025-10-29T03:31:48.654913093Z [inf]  2025-10-29 03:31:48,599 - src.services.data_service - ERROR - 獲取 K線數據失敗 AGLDUSDT 15m: 熔斷器阻斷(失敗6次)，請60秒後重試
2025-10-29T03:31:48.654919092Z [inf]  2025-10-29 03:31:48,599 - src.core.circuit_breaker - ERROR - 🔴 熔斷器阻斷(失敗6次)，請60秒後重試 | 操作: generic | 優先級: NORMAL
2025-10-29T03:31:48.654925713Z [inf]  2025-10-29 03:31:48,599 - src.clients.binance_client - ERROR - API 請求失敗: /fapi/v1/klines - 熔斷器阻斷(失敗6次)，請60秒後重試
2025-10-29T03:31:48.654931559Z [inf]  2025-10-29 03:31:48,599 - src.services.data_service - ERROR - 獲取 K線數據失敗 AGLDUSDT 5m: 熔斷器阻斷(失敗6次)，請60秒後重試
2025-10-29T03:31:48.654936630Z [inf]  2025-10-29 03:31:48,599 - src.core.circuit_breaker - ERROR - 🔴 熔斷器阻斷(失敗6次)，請60秒後重試 | 操作: generic | 優先級: NORMAL
2025-10-29T03:31:48.654941818Z [inf]  2025-10-29 03:31:48,599 - src.clients.binance_client - ERROR - API 請求失敗: /fapi/v1/klines - 熔斷器阻斷(失敗6次)，請60秒後重試
2025-10-29T03:31:48.656568923Z [inf]  2025-10-29 03:31:48,599 - src.services.data_service - ERROR - 獲取 K線數據失敗 YGGUSDT 1h: 熔斷器阻斷(失敗6次)，請60秒後重試
2025-10-29T03:31:48.656577942Z [inf]  2025-10-29 03:31:48,599 - src.core.circuit_breaker - ERROR - 🔴 熔斷器阻斷(失敗6次)，請60秒後重試 | 操作: generic | 優先級: NORMAL
2025-10-29T03:31:48.656584408Z [inf]  2025-10-29 03:31:48,599 - src.clients.binance_client - ERROR - API 請求失敗: /fapi/v1/klines - 熔斷器阻斷(失敗6次)，請60秒後重試
2025-10-29T03:31:48.656592111Z [inf]  2025-10-29 03:31:48,599 - src.services.data_service - ERROR - 獲取 K線數據失敗 YGGUSDT 15m: 熔斷器阻斷(失敗6次)，請60秒後重試
2025-10-29T03:31:48.656598398Z [inf]  2025-10-29 03:31:48,599 - src.core.circuit_breaker - ERROR - 🔴 熔斷器阻斷(失敗6次)，請60秒後重試 | 操作: generic | 優先級: NORMAL
2025-10-29T03:31:48.656604060Z [inf]  2025-10-29 03:31:48,599 - src.clients.binance_client - ERROR - API 請求失敗: /fapi/v1/klines - 熔斷器阻斷(失敗6次)，請60秒後重試
2025-10-29T03:31:48.656610452Z [inf]  2025-10-29 03:31:48,599 - src.services.data_service - ERROR - 獲取 K線數據失敗 YGGUSDT 5m: 熔斷器阻斷(失敗6次)，請60秒後重試
2025-10-29T03:31:48.656615182Z [inf]  2025-10-29 03:31:48,600 - src.core.circuit_breaker - ERROR - 🔴 熔斷器阻斷(失敗6次)，請60秒後重試 | 操作: generic | 優先級: NORMAL
2025-10-29T03:31:48.656620342Z [inf]  2025-10-29 03:31:48,600 - src.clients.binance_client - ERROR - API 請求失敗: /fapi/v1/klines - 熔斷器阻斷(失敗6次)，請60秒後重試
2025-10-29T03:31:48.656625944Z [inf]  2025-10-29 03:31:48,600 - src.services.data_service - ERROR - 獲取 K線數據失敗 DODOXUSDT 1h: 熔斷器阻斷(失敗6次)，請60秒後重試
2025-10-29T03:31:48.656631371Z [inf]  2025-10-29 03:31:48,600 - src.core.circuit_breaker - ERROR - 🔴 熔斷器阻斷(失敗6次)，請60秒後重試 | 操作: generic | 優先級: NORMAL
2025-10-29T03:31:48.658652976Z [inf]  2025-10-29 03:31:48,600 - src.clients.binance_client - ERROR - API 請求失敗: /fapi/v1/klines - 熔斷器阻斷(失敗6次)，請60秒後重試
2025-10-29T03:31:48.658666867Z [inf]  2025-10-29 03:31:48,600 - src.services.data_service - ERROR - 獲取 K線數據失敗 DODOXUSDT 15m: 熔斷器阻斷(失敗6次)，請60秒後重試
2025-10-29T03:31:48.658676001Z [inf]  2025-10-29 03:31:48,600 - src.core.circuit_breaker - ERROR - 🔴 熔斷器阻斷(失敗6次)，請60秒後重試 | 操作: generic | 優先級: NORMAL
2025-10-29T03:31:48.660529626Z [inf]  2025-10-29 03:31:48,601 - src.core.circuit_breaker - ERROR - 🔴 熔斷器阻斷(失敗6次)，請60秒後重試 | 操作: generic | 優先級: NORMAL
2025-10-29T03:31:48.662299221Z [inf]  2025-10-29 03:31:48,601 - src.services.data_service - ERROR - 獲取 K線數據失敗 OXTUSDT 5m: 熔斷器阻斷(失敗6次)，請60秒後重試
2025-10-29T03:31:48.665432361Z [inf]  2025-10-29 03:31:48,602 - src.clients.binance_client - ERROR - API 請求失敗: /fapi/v1/klines - 熔斷器阻斷(失敗6次)，請60秒後重試
2025-10-29T03:31:48.667267943Z [inf]  2025-10-29 03:31:48,603 - src.core.circuit_breaker - ERROR - 🔴 熔斷器阻斷(失敗6次)，請60秒後重試 | 操作: generic | 優先級: NORMAL
2025-10-29T03:31:48.669461299Z [inf]  2025-10-29 03:31:48,604 - src.services.data_service - ERROR - 獲取 K線數據失敗 BICOUSDT 15m: 熔斷器阻斷(失敗6次)，請60秒後重試
2025-10-29T03:31:48.671087301Z [inf]  2025-10-29 03:31:48,604 - src.clients.binance_client - ERROR - API 請求失敗: /fapi/v1/klines - 熔斷器阻斷(失敗6次)，請60秒後重試
2025-10-29T03:31:48.672665271Z [inf]  2025-10-29 03:31:48,605 - src.core.circuit_breaker - ERROR - 🔴 熔斷器阻斷(失敗6次)，請60秒後重試 | 操作: generic | 優先級: NORMAL
2025-10-29T03:31:48.674600529Z [inf]  2025-10-29 03:31:48,606 - src.services.data_service - ERROR - 獲取 K線數據失敗 RIFUSDT 1h: 熔斷器阻斷(失敗6次)，請60秒後重試
2025-10-29T03:31:48.676569654Z [inf]  2025-10-29 03:31:48,607 - src.clients.binance_client - ERROR - API 請求失敗: /fapi/v1/klines - 熔斷器阻斷(失敗6次)，請60秒後重試
2025-10-29T03:31:48.678565729Z [inf]  2025-10-29 03:31:48,608 - src.core.circuit_breaker - ERROR - 🔴 熔斷器阻斷(失敗6次)，請60秒後重試 | 操作: generic | 優先級: NORMAL
2025-10-29T03:31:48.681202627Z [inf]  2025-10-29 03:31:48,608 - src.services.data_service - ERROR - 獲取 K線數據失敗 POWRUSDT 5m: 熔斷器阻斷(失敗6次)，請60秒後重試
2025-10-29T03:31:48.683067860Z [inf]  2025-10-29 03:31:48,609 - src.clients.binance_client - ERROR - API 請求失敗: /fapi/v1/klines - 熔斷器阻斷(失敗6次)，請60秒後重試
2025-10-29T03:31:48.684899405Z [inf]  2025-10-29 03:31:48,610 - src.core.circuit_breaker - ERROR - 🔴 熔斷器阻斷(失敗6次)，請60秒後重試 | 操作: generic | 優先級: NORMAL
2025-10-29T03:31:48.686935648Z [inf]  2025-10-29 03:31:48,610 - src.services.data_service - ERROR - 獲取 K線數據失敗 TWTUSDT 15m: 熔斷器阻斷(失敗6次)，請60秒後重試
2025-10-29T03:31:48.689168648Z [inf]  2025-10-29 03:31:48,611 - src.clients.binance_client - ERROR - API 請求失敗: /fapi/v1/klines - 熔斷器阻斷(失敗6次)，請60秒後重試
2025-10-29T03:31:48.691201912Z [inf]  2025-10-29 03:31:48,612 - src.core.circuit_breaker - ERROR - 🔴 熔斷器阻斷(失敗6次)，請60秒後重試 | 操作: generic | 優先級: NORMAL
2025-10-29T03:31:48.693871628Z [inf]  2025-10-29 03:31:48,613 - src.services.data_service - ERROR - 獲取 K線數據失敗 ILVUSDT 1h: 熔斷器阻斷(失敗6次)，請60秒後重試
2025-10-29T03:31:48.693881250Z [inf]  2025-10-29 03:31:48,613 - src.core.circuit_breaker - ERROR - 🔴 熔斷器阻斷(失敗6次)，請60秒後重試 | 操作: generic | 優先級: NORMAL
2025-10-29T03:31:48.695643334Z [inf]  2025-10-29 03:31:48,614 - src.clients.binance_client - ERROR - API 請求失敗: /fapi/v1/klines - 熔斷器阻斷(失敗6次)，請60秒後重試
2025-10-29T03:31:48.698086679Z [inf]  2025-10-29 03:31:48,614 - src.core.circuit_breaker - ERROR - 🔴 熔斷器阻斷(失敗6次)，請60秒後重試 | 操作: generic | 優先級: NORMAL
2025-10-29T03:31:48.700509243Z [inf]  2025-10-29 03:31:48,615 - src.services.data_service - ERROR - 獲取 K線數據失敗 BEAMXUSDT 5m: 熔斷器阻斷(失敗6次)，請60秒後重試
2025-10-29T03:31:48.702351965Z [inf]  2025-10-29 03:31:48,616 - src.clients.binance_client - ERROR - API 請求失敗: /fapi/v1/klines - 熔斷器阻斷(失敗6次)，請60秒後重試
2025-10-29T03:31:48.704648217Z [inf]  2025-10-29 03:31:48,617 - src.core.circuit_breaker - ERROR - 🔴 熔斷器阻斷(失敗6次)，請60秒後重試 | 操作: generic | 優先級: NORMAL
2025-10-29T03:31:48.706883139Z [inf]  2025-10-29 03:31:48,617 - src.services.data_service - ERROR - 獲取 K線數據失敗 USTCUSDT 15m: 熔斷器阻斷(失敗6次)，請60秒後重試
2025-10-29T03:31:48.708683055Z [inf]  2025-10-29 03:31:48,618 - src.clients.binance_client - ERROR - API 請求失敗: /fapi/v1/klines - 熔斷器阻斷(失敗6次)，請60秒後重試
2025-10-29T03:31:48.717436498Z [inf]  2025-10-29 03:31:48,619 - src.core.circuit_breaker - ERROR - 🔴 熔斷器阻斷(失敗6次)，請60秒後重試 | 操作: generic | 優先級: NORMAL
2025-10-29T03:31:48.717449997Z [inf]  2025-10-29 03:31:48,619 - src.clients.binance_client - ERROR - API 請求失敗: /fapi/v1/klines - 熔斷器阻斷(失敗6次)，請60秒後重試
2025-10-29T03:31:48.717456862Z [inf]  2025-10-29 03:31:48,619 - src.services.data_service - ERROR - 獲取 K線數據失敗 JTOUSDT 1h: 熔斷器阻斷(失敗6次)，請60秒後重試
2025-10-29T03:31:48.717462714Z [inf]  2025-10-29 03:31:48,619 - src.core.circuit_breaker - ERROR - 🔴 熔斷器阻斷(失敗6次)，請60秒後重試 | 操作: generic | 優先級: NORMAL
2025-10-29T03:31:48.720107047Z [inf]  2025-10-29 03:31:48,620 - src.services.data_service - ERROR - 獲取 K線數據失敗 1000SATSUSDT 1h: 熔斷器阻斷(失敗6次)，請60秒後重試
2025-10-29T03:31:48.720121597Z [inf]  2025-10-29 03:31:48,620 - src.core.circuit_breaker - ERROR - 🔴 熔斷器阻斷(失敗6次)，請60秒後重試 | 操作: generic | 優先級: NORMAL
2025-10-29T03:31:48.722307203Z [inf]  2025-10-29 03:31:48,621 - src.clients.binance_client - ERROR - API 請求失敗: /fapi/v1/klines - 熔斷器阻斷(失敗6次)，請60秒後重試
2025-10-29T03:31:48.723819848Z [inf]  2025-10-29 03:31:48,622 - src.core.circuit_breaker - ERROR - 🔴 熔斷器阻斷(失敗6次)，請60秒後重試 | 操作: generic | 優先級: NORMAL
2025-10-29T03:31:48.727324212Z [inf]  2025-10-29 03:31:48,623 - src.clients.binance_client - ERROR - API 請求失敗: /fapi/v1/klines - 熔斷器阻斷(失敗6次)，請60秒後重試
2025-10-29T03:31:48.729377384Z [inf]  2025-10-29 03:31:48,624 - src.core.circuit_breaker - ERROR - 🔴 熔斷器阻斷(失敗6次)，請60秒後重試 | 操作: generic | 優先級: NORMAL
2025-10-29T03:31:48.731272994Z [inf]  2025-10-29 03:31:48,625 - src.services.data_service - ERROR - 獲取 K線數據失敗 XAIUSDT 15m: 熔斷器阻斷(失敗6次)，請60秒後重試
2025-10-29T03:31:48.733427917Z [inf]  2025-10-29 03:31:48,626 - src.clients.binance_client - ERROR - API 請求失敗: /fapi/v1/klines - 熔斷器阻斷(失敗6次)，請60秒後重試
2025-10-29T03:31:48.736330415Z [inf]  2025-10-29 03:31:48,626 - src.core.circuit_breaker - ERROR - 🔴 熔斷器阻斷(失敗6次)，請60秒後重試 | 操作: generic | 優先級: NORMAL
2025-10-29T03:31:48.736339136Z [inf]  2025-10-29 03:31:48,627 - src.clients.binance_client - ERROR - API 請求失敗: /fapi/v1/klines - 熔斷器阻斷(失敗6次)，請60秒後重試
2025-10-29T03:31:48.738430070Z [inf]  2025-10-29 03:31:48,627 - src.services.data_service - ERROR - 獲取 K線數據失敗 LSKUSDT 1h: 熔斷器阻斷(失敗6次)，請60秒後重試
2025-10-29T03:31:48.739914207Z [inf]  2025-10-29 03:31:48,628 - src.clients.binance_client - ERROR - API 請求失敗: /fapi/v1/klines - 熔斷器阻斷(失敗6次)，請60秒後重試
2025-10-29T03:31:48.742145670Z [inf]  2025-10-29 03:31:48,629 - src.core.circuit_breaker - ERROR - 🔴 熔斷器阻斷(失敗6次)，請60秒後重試 | 操作: generic | 優先級: NORMAL
2025-10-29T03:31:48.744568618Z [inf]  2025-10-29 03:31:48,629 - src.services.data_service - ERROR - 獲取 K線數據失敗 ZETAUSDT 5m: 熔斷器阻斷(失敗6次)，請60秒後重試
2025-10-29T03:31:48.745967944Z [inf]  2025-10-29 03:31:48,630 - src.clients.binance_client - ERROR - API 請求失敗: /fapi/v1/klines - 熔斷器阻斷(失敗6次)，請60秒後重試
2025-10-29T03:31:48.748275620Z [inf]  2025-10-29 03:31:48,631 - src.core.circuit_breaker - ERROR - 🔴 熔斷器阻斷(失敗6次)，請60秒後重試 | 操作: generic | 優先級: NORMAL
2025-10-29T03:31:48.750802786Z [inf]  2025-10-29 03:31:48,632 - src.services.data_service - ERROR - 獲取 K線數據失敗 PIXELUSDT 15m: 熔斷器阻斷(失敗6次)，請60秒後重試
2025-10-29T03:31:48.752388932Z [inf]  2025-10-29 03:31:48,633 - src.clients.binance_client - ERROR - API 請求失敗: /fapi/v1/klines - 熔斷器阻斷(失敗6次)，請60秒後重試
2025-10-29T03:31:48.754182425Z [inf]  2025-10-29 03:31:48,634 - src.core.circuit_breaker - ERROR - 🔴 熔斷器阻斷(失敗6次)，請60秒後重試 | 操作: generic | 優先級: NORMAL
2025-10-29T03:31:48.756485407Z [inf]  2025-10-29 03:31:48,634 - src.services.data_service - ERROR - 獲取 K線數據失敗 TONUSDT 1h: 熔斷器阻斷(失敗6次)，請60秒後重試
2025-10-29T03:31:48.759138251Z [inf]  2025-10-29 03:31:48,635 - src.clients.binance_client - ERROR - API 請求失敗: /fapi/v1/klines - 熔斷器阻斷(失敗6次)，請60秒後重試
2025-10-29T03:31:48.761131722Z [inf]  2025-10-29 03:31:48,636 - src.core.circuit_breaker - ERROR - 🔴 熔斷器阻斷(失敗6次)，請60秒後重試 | 操作: generic | 優先級: NORMAL
2025-10-29T03:31:48.763015110Z [inf]  2025-10-29 03:31:48,636 - src.services.data_service - ERROR - 獲取 K線數據失敗 METISUSDT 5m: 熔斷器阻斷(失敗6次)，請60秒後重試
2025-10-29T03:31:48.765265342Z [inf]  2025-10-29 03:31:48,637 - src.clients.binance_client - ERROR - API 請求失敗: /fapi/v1/klines - 熔斷器阻斷(失敗6次)，請60秒後重試
2025-10-29T03:31:48.767750603Z [inf]  2025-10-29 03:31:48,638 - src.core.circuit_breaker - ERROR - 🔴 熔斷器阻斷(失敗6次)，請60秒後重試 | 操作: generic | 優先級: NORMAL
2025-10-29T03:31:48.767762333Z [inf]  2025-10-29 03:31:48,638 - src.clients.binance_client - ERROR - API 請求失敗: /fapi/v1/klines - 熔斷器阻斷(失敗6次)，請60秒後重試
2025-10-29T03:31:48.769664488Z [inf]  2025-10-29 03:31:48,639 - src.services.data_service - ERROR - 獲取 K線數據失敗 ETHFIUSDT 15m: 熔斷器阻斷(失敗6次)，請60秒後重試
2025-10-29T03:31:48.773185108Z [inf]  2025-10-29 03:31:48,640 - src.core.circuit_breaker - ERROR - 🔴 熔斷器阻斷(失敗6次)，請60秒後重試 | 操作: generic | 優先級: NORMAL
2025-10-29T03:31:48.775173084Z [inf]  2025-10-29 03:31:48,641 - src.services.data_service - ERROR - 獲取 K線數據失敗 SAGAUSDT 1h: 熔斷器阻斷(失敗6次)，請60秒後重試
2025-10-29T03:31:48.776858301Z [inf]  2025-10-29 03:31:48,642 - src.clients.binance_client - ERROR - API 請求失敗: /fapi/v1/klines - 熔斷器阻斷(失敗6次)，請60秒後重試
2025-10-29T03:31:48.778902586Z [inf]  2025-10-29 03:31:48,643 - src.core.circuit_breaker - ERROR - 🔴 熔斷器阻斷(失敗6次)，請60秒後重試 | 操作: generic | 優先級: NORMAL
2025-10-29T03:31:48.780413299Z [inf]  2025-10-29 03:31:48,643 - src.services.data_service - ERROR - 獲取 K線數據失敗 BBUSDT 5m: 熔斷器阻斷(失敗6次)，請60秒後重試
2025-10-29T03:31:48.782082339Z [inf]  2025-10-29 03:31:48,644 - src.clients.binance_client - ERROR - API 請求失敗: /fapi/v1/klines - 熔斷器阻斷(失敗6次)，請60秒後重試
2025-10-29T03:31:48.785331286Z [inf]  2025-10-29 03:31:48,646 - src.services.data_service - ERROR - 獲取 K線數據失敗 ZKUSDT 15m: 熔斷器阻斷(失敗6次)，請60秒後重試
2025-10-29T03:31:48.787848831Z [inf]  2025-10-29 03:31:48,647 - src.clients.binance_client - ERROR - API 請求失敗: /fapi/v1/klines - 熔斷器阻斷(失敗6次)，請60秒後重試
2025-10-29T03:31:48.787864934Z [inf]  2025-10-29 03:31:48,647 - src.services.data_service - ERROR - 獲取 K線數據失敗 MEWUSDT 5m: 熔斷器阻斷(失敗6次)，請60秒後重試
2025-10-29T03:31:48.791137603Z [inf]  2025-10-29 03:31:48,649 - src.services.data_service - ERROR - 獲取 K線數據失敗 RENDERUSDT 1h: 熔斷器阻斷(失敗6次)，請60秒後重試
2025-10-29T03:31:48.793409750Z [inf]  2025-10-29 03:31:48,650 - src.clients.binance_client - ERROR - API 請求失敗: /fapi/v1/klines - 熔斷器阻斷(失敗6次)，請60秒後重試
2025-10-29T03:31:48.794422130Z [inf]  2025-10-29 03:31:48,650 - src.core.circuit_breaker - ERROR - 🔴 熔斷器阻斷(失敗6次)，請60秒後重試 | 操作: generic | 優先級: NORMAL
2025-10-29T03:31:48.796056373Z [inf]  2025-10-29 03:31:48,651 - src.services.data_service - ERROR - 獲取 K線數據失敗 GUSDT 5m: 熔斷器阻斷(失敗6次)，請60秒後重試
2025-10-29T03:31:48.799777088Z [inf]  2025-10-29 03:31:48,653 - src.core.circuit_breaker - ERROR - 🔴 熔斷器阻斷(失敗6次)，請60秒後重試 | 操作: generic | 優先級: NORMAL
2025-10-29T03:31:48.799788205Z [inf]  2025-10-29 03:31:48,653 - src.clients.binance_client - ERROR - API 請求失敗: /fapi/v1/klines - 熔斷器阻斷(失敗6次)，請60秒後重試
2025-10-29T03:31:48.803051895Z [inf]  2025-10-29 03:31:48,654 - src.clients.binance_client - ERROR - API 請求失敗: /fapi/v1/klines - 熔斷器阻斷(失敗6次)，請60秒後重試
2025-10-29T03:31:48.804218188Z [inf]  2025-10-29 03:31:48,655 - src.core.circuit_breaker - ERROR - 🔴 熔斷器阻斷(失敗6次)，請60秒後重試 | 操作: generic | 優先級: NORMAL
2025-10-29T03:31:48.805898029Z [inf]  2025-10-29 03:31:48,655 - src.services.data_service - ERROR - 獲取 K線數據失敗 MBOXUSDT 1h: 熔斷器阻斷(失敗6次)，請60秒後重試
2025-10-29T03:31:48.807830221Z [inf]  2025-10-29 03:31:48,656 - src.clients.binance_client - ERROR - API 請求失敗: /fapi/v1/klines - 熔斷器阻斷(失敗6次)，請60秒後重試
2025-10-29T03:31:48.810576036Z [inf]  2025-10-29 03:31:48,658 - src.services.data_service - ERROR - 獲取 K線數據失敗 QUICKUSDT 5m: 熔斷器阻斷(失敗6次)，請60秒後重試
2025-10-29T03:31:48.812467204Z [inf]  2025-10-29 03:31:48,658 - src.clients.binance_client - ERROR - API 請求失敗: /fapi/v1/klines - 熔斷器阻斷(失敗6次)，請60秒後重試
2025-10-29T03:31:48.813807682Z [inf]  2025-10-29 03:31:48,659 - src.core.circuit_breaker - ERROR - 🔴 熔斷器阻斷(失敗6次)，請60秒後重試 | 操作: generic | 優先級: NORMAL
2025-10-29T03:31:48.816812031Z [inf]  2025-10-29 03:31:48,661 - src.clients.binance_client - ERROR - API 請求失敗: /fapi/v1/klines - 熔斷器阻斷(失敗6次)，請60秒後重試
2025-10-29T03:31:48.818619590Z [inf]  2025-10-29 03:31:48,661 - src.core.circuit_breaker - ERROR - 🔴 熔斷器阻斷(失敗6次)，請60秒後重試 | 操作: generic | 優先級: NORMAL
2025-10-29T03:31:48.819995129Z [inf]  2025-10-29 03:31:48,662 - src.services.data_service - ERROR - 獲取 K線數據失敗 CATIUSDT 1h: 熔斷器阻斷(失敗6次)，請60秒後重試
2025-10-29T03:31:48.822144245Z [inf]  2025-10-29 03:31:48,663 - src.clients.binance_client - ERROR - API 請求失敗: /fapi/v1/klines - 熔斷器阻斷(失敗6次)，請60秒後重試
2025-10-29T03:31:48.823697114Z [inf]  2025-10-29 03:31:48,664 - src.clients.binance_client - ERROR - API 請求失敗: /fapi/v1/klines - 熔斷器阻斷(失敗6次)，請60秒後重試
2025-10-29T03:31:48.826404943Z [inf]  2025-10-29 03:31:48,665 - src.clients.binance_client - ERROR - API 請求失敗: /fapi/v1/klines - 熔斷器阻斷(失敗6次)，請60秒後重試
2025-10-29T03:31:48.828551830Z [inf]  2025-10-29 03:31:48,666 - src.core.circuit_breaker - ERROR - 🔴 熔斷器阻斷(失敗6次)，請60秒後重試 | 操作: generic | 優先級: NORMAL
2025-10-29T03:31:48.830264521Z [inf]  2025-10-29 03:31:48,666 - src.services.data_service - ERROR - 獲取 K線數據失敗 1000CATUSDT 15m: 熔斷器阻斷(失敗6次)，請60秒後重試
2025-10-29T03:31:48.831810407Z [inf]  2025-10-29 03:31:48,667 - src.clients.binance_client - ERROR - API 請求失敗: /fapi/v1/klines - 熔斷器阻斷(失敗6次)，請60秒後重試
2025-10-29T03:31:48.833825157Z [inf]  2025-10-29 03:31:48,668 - src.core.circuit_breaker - ERROR - 🔴 熔斷器阻斷(失敗6次)，請60秒後重試 | 操作: generic | 優先級: NORMAL
2025-10-29T03:31:48.838145684Z [inf]  2025-10-29 03:31:48,669 - src.clients.binance_client - ERROR - API 請求失敗: /fapi/v1/klines - 熔斷器阻斷(失敗6次)，請60秒後重試
2025-10-29T03:31:48.838157347Z [inf]  2025-10-29 03:31:48,669 - src.services.data_service - ERROR - 獲取 K線數據失敗 SANTOSUSDT 15m: 熔斷器阻斷(失敗6次)，請60秒後重試
2025-10-29T03:31:48.839687630Z [inf]  2025-10-29 03:31:48,670 - src.services.data_service - ERROR - 獲取 K線數據失敗 COWUSDT 15m: 熔斷器阻斷(失敗6次)，請60秒後重試
2025-10-29T03:31:48.843038063Z [inf]  2025-10-29 03:31:48,671 - src.clients.binance_client - ERROR - API 請求失敗: /fapi/v1/klines - 熔斷器阻斷(失敗6次)，請60秒後重試
2025-10-29T03:31:48.844878614Z [inf]  2025-10-29 03:31:48,672 - src.core.circuit_breaker - ERROR - 🔴 熔斷器阻斷(失敗6次)，請60秒後重試 | 操作: generic | 優先級: NORMAL
2025-10-29T03:31:48.846460905Z [inf]  2025-10-29 03:31:48,673 - src.services.data_service - ERROR - 獲取 K線數據失敗 DRIFTUSDT 15m: 熔斷器阻斷(失敗6次)，請60秒後重試
2025-10-29T03:31:48.848445846Z [inf]  2025-10-29 03:31:48,673 - src.clients.binance_client - ERROR - API 請求失敗: /fapi/v1/klines - 熔斷器阻斷(失敗6次)，請60秒後重試
2025-10-29T03:31:48.849730155Z [inf]  2025-10-29 03:31:48,674 - src.core.circuit_breaker - ERROR - 🔴 熔斷器阻斷(失敗6次)，請60秒後重試 | 操作: generic | 優先級: NORMAL
2025-10-29T03:31:48.852169871Z [inf]  2025-10-29 03:31:48,675 - src.services.data_service - ERROR - 獲取 K線數據失敗 HIPPOUSDT 1h: 熔斷器阻斷(失敗6次)，請60秒後重試
2025-10-29T03:31:48.853855134Z [inf]  2025-10-29 03:31:48,676 - src.clients.binance_client - ERROR - API 請求失敗: /fapi/v1/klines - 熔斷器阻斷(失敗6次)，請60秒後重試
2025-10-29T03:31:48.857166224Z [inf]  2025-10-29 03:31:48,677 - src.services.data_service - ERROR - 獲取 K線數據失敗 BANUSDT 5m: 熔斷器阻斷(失敗6次)，請60秒後重試
2025-10-29T03:31:48.859268491Z [inf]  2025-10-29 03:31:48,678 - src.clients.binance_client - ERROR - API 請求失敗: /fapi/v1/klines - 熔斷器阻斷(失敗6次)，請60秒後重試
2025-10-29T03:31:48.860828313Z [inf]  2025-10-29 03:31:48,679 - src.core.circuit_breaker - ERROR - 🔴 熔斷器阻斷(失敗6次)，請60秒後重試 | 操作: generic | 優先級: NORMAL
2025-10-29T03:31:48.862314802Z [inf]  2025-10-29 03:31:48,679 - src.services.data_service - ERROR - 獲取 K線數據失敗 1000WHYUSDT 15m: 熔斷器阻斷(失敗6次)，請60秒後重試
2025-10-29T03:31:48.865910940Z [inf]  2025-10-29 03:31:48,681 - src.core.circuit_breaker - ERROR - 🔴 熔斷器阻斷(失敗6次)，請60秒後重試 | 操作: generic | 優先級: NORMAL
2025-10-29T03:31:48.865920803Z [inf]  2025-10-29 03:31:48,681 - src.clients.binance_client - ERROR - API 請求失敗: /fapi/v1/klines - 熔斷器阻斷(失敗6次)，請60秒後重試
2025-10-29T03:31:48.868189524Z [inf]  2025-10-29 03:31:48,682 - src.clients.binance_client - ERROR - API 請求失敗: /fapi/v1/klines - 熔斷器阻斷(失敗6次)，請60秒後重試
2025-10-29T03:31:48.869758975Z [inf]  2025-10-29 03:31:48,683 - src.core.circuit_breaker - ERROR - 🔴 熔斷器阻斷(失敗6次)，請60秒後重試 | 操作: generic | 優先級: NORMAL
2025-10-29T03:31:48.872631410Z [inf]  2025-10-29 03:31:48,684 - src.services.data_service - ERROR - 獲取 K線數據失敗 ORCAUSDT 5m: 熔斷器阻斷(失敗6次)，請60秒後重試
2025-10-29T03:31:48.875137874Z [inf]  2025-10-29 03:31:48,685 - src.core.circuit_breaker - ERROR - 🔴 熔斷器阻斷(失敗6次)，請60秒後重試 | 操作: generic | 優先級: NORMAL
2025-10-29T03:31:48.876279473Z [inf]  2025-10-29 03:31:48,686 - src.services.data_service - ERROR - 獲取 K線數據失敗 VIRTUALUSDT 15m: 熔斷器阻斷(失敗6次)，請60秒後重試
2025-10-29T03:31:48.878449108Z [inf]  2025-10-29 03:31:48,686 - src.clients.binance_client - ERROR - API 請求失敗: /fapi/v1/klines - 熔斷器阻斷(失敗6次)，請60秒後重試
2025-10-29T03:31:48.880527996Z [inf]  2025-10-29 03:31:48,688 - src.services.data_service - ERROR - 獲取 K線數據失敗 DEGOUSDT 1h: 熔斷器阻斷(失敗6次)，請60秒後重試
2025-10-29T03:31:48.882722734Z [inf]  2025-10-29 03:31:48,689 - src.clients.binance_client - ERROR - API 請求失敗: /fapi/v1/klines - 熔斷器阻斷(失敗6次)，請60秒後重試
2025-10-29T03:31:48.883980376Z [inf]  2025-10-29 03:31:48,689 - src.core.circuit_breaker - ERROR - 🔴 熔斷器阻斷(失敗6次)，請60秒後重試 | 操作: generic | 優先級: NORMAL
2025-10-29T03:31:48.886260867Z [inf]  2025-10-29 03:31:48,690 - src.services.data_service - ERROR - 獲取 K線數據失敗 VANAUSDT 5m: 熔斷器阻斷(失敗6次)，請60秒後重試
2025-10-29T03:31:48.887715117Z [inf]  2025-10-29 03:31:48,691 - src.clients.binance_client - ERROR - API 請求失敗: /fapi/v1/klines - 熔斷器阻斷(失敗6次)，請60秒後重試
2025-10-29T03:31:48.892616443Z [inf]  2025-10-29 03:31:48,692 - src.services.data_service - ERROR - 獲取 K線數據失敗 AIXBTUSDT 15m: 熔斷器阻斷(失敗6次)，請60秒後重試
2025-10-29T03:31:48.893570304Z [inf]  2025-10-29 03:31:48,693 - src.clients.binance_client - ERROR - API 請求失敗: /fapi/v1/klines - 熔斷器阻斷(失敗6次)，請60秒後重試
2025-10-29T03:31:48.894930503Z [inf]  2025-10-29 03:31:48,694 - src.core.circuit_breaker - ERROR - 🔴 熔斷器阻斷(失敗6次)，請60秒後重試 | 操作: generic | 優先級: NORMAL
2025-10-29T03:31:48.896498266Z [inf]  2025-10-29 03:31:48,694 - src.services.data_service - ERROR - 獲取 K線數據失敗 HIVEUSDT 1h: 熔斷器阻斷(失敗6次)，請60秒後重試
2025-10-29T03:31:48.898094797Z [inf]  2025-10-29 03:31:48,695 - src.clients.binance_client - ERROR - API 請求失敗: /fapi/v1/klines - 熔斷器阻斷(失敗6次)，請60秒後重試
2025-10-29T03:31:48.902038157Z [inf]  2025-10-29 03:31:48,696 - src.core.circuit_breaker - ERROR - 🔴 熔斷器阻斷(失敗6次)，請60秒後重試 | 操作: generic | 優先級: NORMAL
2025-10-29T03:31:48.902050872Z [inf]  2025-10-29 03:31:48,696 - src.clients.binance_client - ERROR - API 請求失敗: /fapi/v1/klines - 熔斷器阻斷(失敗6次)，請60秒後重試
2025-10-29T03:31:48.903690551Z [inf]  2025-10-29 03:31:48,697 - src.clients.binance_client - ERROR - API 請求失敗: /fapi/v1/klines - 熔斷器阻斷(失敗6次)，請60秒後重試
2025-10-29T03:31:48.906456630Z [inf]  2025-10-29 03:31:48,698 - src.core.circuit_breaker - ERROR - 🔴 熔斷器阻斷(失敗6次)，請60秒後重試 | 操作: generic | 優先級: NORMAL
2025-10-29T03:31:48.907901535Z [inf]  2025-10-29 03:31:48,699 - src.services.data_service - ERROR - 獲取 K線數據失敗 BIOUSDT 15m: 熔斷器阻斷(失敗6次)，請60秒後重試
2025-10-29T03:31:48.911050382Z [inf]  2025-10-29 03:31:48,700 - src.core.circuit_breaker - ERROR - 🔴 熔斷器阻斷(失敗6次)，請60秒後重試 | 操作: generic | 優先級: NORMAL
2025-10-29T03:31:48.912171158Z [inf]  2025-10-29 03:31:48,701 - src.services.data_service - ERROR - 獲取 K線數據失敗 SONICUSDT 1h: 熔斷器阻斷(失敗6次)，請60秒後重試
2025-10-29T03:31:48.914483117Z [inf]  2025-10-29 03:31:48,703 - src.core.circuit_breaker - ERROR - 🔴 熔斷器阻斷(失敗6次)，請60秒後重試 | 操作: generic | 優先級: NORMAL
2025-10-29T03:31:48.916396483Z [inf]  2025-10-29 03:31:48,704 - src.services.data_service - ERROR - 獲取 K線數據失敗 SUSDT 5m: 熔斷器阻斷(失敗6次)，請60秒後重試
2025-10-29T03:31:48.919317592Z [inf]  2025-10-29 03:31:48,705 - src.core.circuit_breaker - ERROR - 🔴 熔斷器阻斷(失敗6次)，請60秒後重試 | 操作: generic | 優先級: NORMAL
2025-10-29T03:31:48.921398761Z [inf]  2025-10-29 03:31:48,706 - src.services.data_service - ERROR - 獲取 K線數據失敗 TRUMPUSDT 15m: 熔斷器阻斷(失敗6次)，請60秒後重試
2025-10-29T03:31:48.922501000Z [inf]  2025-10-29 03:31:48,707 - src.clients.binance_client - ERROR - API 請求失敗: /fapi/v1/klines - 熔斷器阻斷(失敗6次)，請60秒後重試
2025-10-29T03:31:48.924187203Z [inf]  2025-10-29 03:31:48,708 - src.core.circuit_breaker - ERROR - 🔴 熔斷器阻斷(失敗6次)，請60秒後重試 | 操作: generic | 優先級: NORMAL
2025-10-29T03:31:48.927151175Z [inf]  2025-10-29 03:31:48,709 - src.services.data_service - ERROR - 獲取 K線數據失敗 VINEUSDT 1h: 熔斷器阻斷(失敗6次)，請60秒後重試
2025-10-29T03:31:48.928955904Z [inf]  2025-10-29 03:31:48,709 - src.clients.binance_client - ERROR - API 請求失敗: /fapi/v1/klines - 熔斷器阻斷(失敗6次)，請60秒後重試
2025-10-29T03:31:48.930605755Z [inf]  2025-10-29 03:31:48,710 - src.core.circuit_breaker - ERROR - 🔴 熔斷器阻斷(失敗6次)，請60秒後重試 | 操作: generic | 優先級: NORMAL
2025-10-29T03:31:48.932599990Z [inf]  2025-10-29 03:31:48,711 - src.services.data_service - ERROR - 獲取 K線數據失敗 BERAUSDT 5m: 熔斷器阻斷(失敗6次)，請60秒後重試
2025-10-29T03:31:48.934349475Z [inf]  2025-10-29 03:31:48,713 - src.clients.binance_client - ERROR - API 請求失敗: /fapi/v1/klines - 熔斷器阻斷(失敗6次)，請60秒後重試
2025-10-29T03:31:48.936000695Z [inf]  2025-10-29 03:31:48,714 - src.core.circuit_breaker - ERROR - 🔴 熔斷器阻斷(失敗6次)，請60秒後重試 | 操作: generic | 優先級: NORMAL
2025-10-29T03:31:48.938112534Z [inf]  2025-10-29 03:31:48,715 - src.services.data_service - ERROR - 獲取 K線數據失敗 B3USDT 15m: 熔斷器阻斷(失敗6次)，請60秒後重試
2025-10-29T03:31:48.942117230Z [inf]  2025-10-29 03:31:48,717 - src.core.circuit_breaker - ERROR - 🔴 熔斷器阻斷(失敗6次)，請60秒後重試 | 操作: generic | 優先級: NORMAL
2025-10-29T03:31:48.942130641Z [inf]  2025-10-29 03:31:48,717 - src.clients.binance_client - ERROR - API 請求失敗: /fapi/v1/klines - 熔斷器阻斷(失敗6次)，請60秒後重試
2025-10-29T03:31:48.945505972Z [inf]  2025-10-29 03:31:48,718 - src.clients.binance_client - ERROR - API 請求失敗: /fapi/v1/klines - 熔斷器阻斷(失敗6次)，請60秒後重試
2025-10-29T03:31:48.946867549Z [inf]  2025-10-29 03:31:48,719 - src.core.circuit_breaker - ERROR - 🔴 熔斷器阻斷(失敗6次)，請60秒後重試 | 操作: generic | 優先級: NORMAL
2025-10-29T03:31:48.948432664Z [inf]  2025-10-29 03:31:48,720 - src.services.data_service - ERROR - 獲取 K線數據失敗 EPICUSDT 5m: 熔斷器阻斷(失敗6次)，請60秒後重試
2025-10-29T03:31:48.950247524Z [inf]  2025-10-29 03:31:48,721 - src.clients.binance_client - ERROR - API 請求失敗: /fapi/v1/klines - 熔斷器阻斷(失敗6次)，請60秒後重試
2025-10-29T03:31:48.952270570Z [inf]  2025-10-29 03:31:48,722 - src.core.circuit_breaker - ERROR - 🔴 熔斷器阻斷(失敗6次)，請60秒後重試 | 操作: generic | 優先級: NORMAL
2025-10-29T03:31:48.954181028Z [inf]  2025-10-29 03:31:48,722 - src.services.data_service - ERROR - 獲取 K線數據失敗 BIDUSDT 15m: 熔斷器阻斷(失敗6次)，請60秒後重試
2025-10-29T03:31:48.955958491Z [inf]  2025-10-29 03:31:48,723 - src.clients.binance_client - ERROR - API 請求失敗: /fapi/v1/klines - 熔斷器阻斷(失敗6次)，請60秒後重試
2025-10-29T03:31:48.958205436Z [inf]  2025-10-29 03:31:48,724 - src.core.circuit_breaker - ERROR - 🔴 熔斷器阻斷(失敗6次)，請60秒後重試 | 操作: generic | 優先級: NORMAL
2025-10-29T03:31:48.959833952Z [inf]  2025-10-29 03:31:48,725 - src.services.data_service - ERROR - 獲取 K線數據失敗 SIRENUSDT 1h: 熔斷器阻斷(失敗6次)，請60秒後重試
2025-10-29T03:31:48.962050566Z [inf]  2025-10-29 03:31:48,726 - src.clients.binance_client - ERROR - API 請求失敗: /fapi/v1/klines - 熔斷器阻斷(失敗6次)，請60秒後重試
2025-10-29T03:31:48.964314459Z [inf]  2025-10-29 03:31:48,726 - src.core.circuit_breaker - ERROR - 🔴 熔斷器阻斷(失敗6次)，請60秒後重試 | 操作: generic | 優先級: NORMAL
2025-10-29T03:31:48.965793959Z [inf]  2025-10-29 03:31:48,727 - src.services.data_service - ERROR - 獲取 K線數據失敗 PLUMEUSDT 5m: 熔斷器阻斷(失敗6次)，請60秒後重試
2025-10-29T03:31:48.969869449Z [inf]  2025-10-29 03:31:48,729 - src.core.circuit_breaker - ERROR - 🔴 熔斷器阻斷(失敗6次)，請60秒後重試 | 操作: generic | 優先級: NORMAL
2025-10-29T03:31:48.969883537Z [inf]  2025-10-29 03:31:48,729 - src.clients.binance_client - ERROR - API 請求失敗: /fapi/v1/klines - 熔斷器阻斷(失敗6次)，請60秒後重試
2025-10-29T03:31:48.974250397Z [inf]  2025-10-29 03:31:48,730 - src.clients.binance_client - ERROR - API 請求失敗: /fapi/v1/klines - 熔斷器阻斷(失敗6次)，請60秒後重試
2025-10-29T03:31:48.974265465Z [inf]  2025-10-29 03:31:48,730 - src.services.data_service - ERROR - 獲取 K線數據失敗 PAXGUSDT 5m: 熔斷器阻斷(失敗6次)，請60秒後重試
2025-10-29T03:31:48.977878974Z [inf]  2025-10-29 03:31:48,732 - src.services.data_service - ERROR - 獲取 K線數據失敗 MLNUSDT 1h: 熔斷器阻斷(失敗6次)，請60秒後重試
2025-10-29T03:31:48.977894145Z [inf]  2025-10-29 03:31:48,732 - src.core.circuit_breaker - ERROR - 🔴 熔斷器阻斷(失敗6次)，請60秒後重試 | 操作: generic | 優先級: NORMAL
2025-10-29T03:31:48.979924856Z [inf]  2025-10-29 03:31:48,733 - src.clients.binance_client - ERROR - API 請求失敗: /fapi/v1/klines - 熔斷器阻斷(失敗6次)，請60秒後重試
2025-10-29T03:31:49.389940444Z [inf]  2025-10-29 03:31:48,734 - src.clients.binance_client - ERROR - API 請求失敗: /fapi/v1/klines - 熔斷器阻斷(失敗6次)，請60秒後重試
2025-10-29T03:31:49.389952237Z [inf]  2025-10-29 03:31:48,734 - src.services.data_service - ERROR - 獲取 K線數據失敗 BABYUSDT 1h: 熔斷器阻斷(失敗6次)，請60秒後重試
2025-10-29T03:31:49.389960990Z [inf]  2025-10-29 03:31:48,734 - src.core.circuit_breaker - ERROR - 🔴 熔斷器阻斷(失敗6次)，請60秒後重試 | 操作: generic | 優先級: NORMAL
2025-10-29T03:31:49.389967190Z [inf]  2025-10-29 03:31:48,734 - src.clients.binance_client - ERROR - API 請求失敗: /fapi/v1/klines - 熔斷器阻斷(失敗6次)，請60秒後重試
2025-10-29T03:31:49.389975021Z [inf]  2025-10-29 03:31:48,734 - src.services.data_service - ERROR - 獲取 K線數據失敗 BABYUSDT 15m: 熔斷器阻斷(失敗6次)，請60秒後重試
2025-10-29T03:31:49.389982917Z [inf]  2025-10-29 03:31:48,734 - src.core.circuit_breaker - ERROR - 🔴 熔斷器阻斷(失敗6次)，請60秒後重試 | 操作: generic | 優先級: NORMAL
2025-10-29T03:31:49.389990481Z [inf]  2025-10-29 03:31:48,734 - src.clients.binance_client - ERROR - API 請求失敗: /fapi/v1/klines - 熔斷器阻斷(失敗6次)，請60秒後重試
2025-10-29T03:31:49.390201926Z [inf]  2025-10-29 03:31:48,733 - src.core.circuit_breaker - ERROR - 🔴 熔斷器阻斷(失敗6次)，請60秒後重試 | 操作: generic | 優先級: NORMAL
2025-10-29T03:31:49.390212002Z [inf]  2025-10-29 03:31:48,733 - src.clients.binance_client - ERROR - API 請求失敗: /fapi/v1/klines - 熔斷器阻斷(失敗6次)，請60秒後重試
2025-10-29T03:31:49.390219983Z [inf]  2025-10-29 03:31:48,734 - src.services.data_service - ERROR - 獲取 K線數據失敗 ATHUSDT 5m: 熔斷器阻斷(失敗6次)，請60秒後重試
2025-10-29T03:31:49.390228924Z [inf]  2025-10-29 03:31:48,734 - src.core.circuit_breaker - ERROR - 🔴 熔斷器阻斷(失敗6次)，請60秒後重試 | 操作: generic | 優先級: NORMAL
2025-10-29T03:31:49.394072167Z [inf]  2025-10-29 03:31:48,735 - src.services.data_service - ERROR - 獲取 K線數據失敗 XCNUSDT 1h: 熔斷器阻斷(失敗6次)，請60秒後重試
2025-10-29T03:31:49.394268497Z [inf]  2025-10-29 03:31:48,734 - src.services.data_service - ERROR - 獲取 K線數據失敗 BABYUSDT 5m: 熔斷器阻斷(失敗6次)，請60秒後重試
2025-10-29T03:31:49.394279755Z [inf]  2025-10-29 03:31:48,734 - src.core.circuit_breaker - ERROR - 🔴 熔斷器阻斷(失敗6次)，請60秒後重試 | 操作: generic | 優先級: NORMAL
2025-10-29T03:31:49.394294874Z [inf]  2025-10-29 03:31:48,734 - src.clients.binance_client - ERROR - API 請求失敗: /fapi/v1/klines - 熔斷器阻斷(失敗6次)，請60秒後重試
2025-10-29T03:31:49.394302514Z [inf]  2025-10-29 03:31:48,734 - src.services.data_service - ERROR - 獲取 K線數據失敗 FORTHUSDT 1h: 熔斷器阻斷(失敗6次)，請60秒後重試
2025-10-29T03:31:49.394336752Z [inf]  2025-10-29 03:31:48,734 - src.core.circuit_breaker - ERROR - 🔴 熔斷器阻斷(失敗6次)，請60秒後重試 | 操作: generic | 優先級: NORMAL
2025-10-29T03:31:49.394345132Z [inf]  2025-10-29 03:31:48,734 - src.clients.binance_client - ERROR - API 請求失敗: /fapi/v1/klines - 熔斷器阻斷(失敗6次)，請60秒後重試
2025-10-29T03:31:49.394353304Z [inf]  2025-10-29 03:31:48,734 - src.services.data_service - ERROR - 獲取 K線數據失敗 FORTHUSDT 15m: 熔斷器阻斷(失敗6次)，請60秒後重試
2025-10-29T03:31:49.394360821Z [inf]  2025-10-29 03:31:48,735 - src.core.circuit_breaker - ERROR - 🔴 熔斷器阻斷(失敗6次)，請60秒後重試 | 操作: generic | 優先級: NORMAL
2025-10-29T03:31:49.394368170Z [inf]  2025-10-29 03:31:48,735 - src.clients.binance_client - ERROR - API 請求失敗: /fapi/v1/klines - 熔斷器阻斷(失敗6次)，請60秒後重試
2025-10-29T03:31:49.394375460Z [inf]  2025-10-29 03:31:48,735 - src.services.data_service - ERROR - 獲取 K線數據失敗 FORTHUSDT 5m: 熔斷器阻斷(失敗6次)，請60秒後重試
2025-10-29T03:31:49.394382760Z [inf]  2025-10-29 03:31:48,735 - src.core.circuit_breaker - ERROR - 🔴 熔斷器阻斷(失敗6次)，請60秒後重試 | 操作: generic | 優先級: NORMAL
2025-10-29T03:31:49.394872913Z [inf]  2025-10-29 03:31:48,735 - src.clients.binance_client - ERROR - API 請求失敗: /fapi/v1/klines - 熔斷器阻斷(失敗6次)，請60秒後重試
2025-10-29T03:31:49.394880269Z [inf]  2025-10-29 03:31:48,735 - src.services.data_service - ERROR - 獲取 K線數據失敗 PROMPTUSDT 1h: 熔斷器阻斷(失敗6次)，請60秒後重試
2025-10-29T03:31:49.394888064Z [inf]  2025-10-29 03:31:48,735 - src.core.circuit_breaker - ERROR - 🔴 熔斷器阻斷(失敗6次)，請60秒後重試 | 操作: generic | 優先級: NORMAL
2025-10-29T03:31:49.394895876Z [inf]  2025-10-29 03:31:48,735 - src.clients.binance_client - ERROR - API 請求失敗: /fapi/v1/klines - 熔斷器阻斷(失敗6次)，請60秒後重試
2025-10-29T03:31:49.394902477Z [inf]  2025-10-29 03:31:48,735 - src.services.data_service - ERROR - 獲取 K線數據失敗 PROMPTUSDT 15m: 熔斷器阻斷(失敗6次)，請60秒後重試
2025-10-29T03:31:49.394908417Z [inf]  2025-10-29 03:31:48,735 - src.core.circuit_breaker - ERROR - 🔴 熔斷器阻斷(失敗6次)，請60秒後重試 | 操作: generic | 優先級: NORMAL
2025-10-29T03:31:49.394915538Z [inf]  2025-10-29 03:31:48,735 - src.clients.binance_client - ERROR - API 請求失敗: /fapi/v1/klines - 熔斷器阻斷(失敗6次)，請60秒後重試
2025-10-29T03:31:49.394921110Z [inf]  2025-10-29 03:31:48,735 - src.services.data_service - ERROR - 獲取 K線數據失敗 PROMPTUSDT 5m: 熔斷器阻斷(失敗6次)，請60秒後重試
2025-10-29T03:31:49.394926138Z [inf]  2025-10-29 03:31:48,735 - src.core.circuit_breaker - ERROR - 🔴 熔斷器阻斷(失敗6次)，請60秒後重試 | 操作: generic | 優先級: NORMAL
2025-10-29T03:31:49.394931438Z [inf]  2025-10-29 03:31:48,735 - src.clients.binance_client - ERROR - API 請求失敗: /fapi/v1/klines - 熔斷器阻斷(失敗6次)，請60秒後重試
2025-10-29T03:31:49.396898405Z [inf]  2025-10-29 03:31:48,736 - src.core.circuit_breaker - ERROR - 🔴 熔斷器阻斷(失敗6次)，請60秒後重試 | 操作: generic | 優先級: NORMAL
2025-10-29T03:31:49.396903037Z [inf]  2025-10-29 03:31:48,736 - src.clients.binance_client - ERROR - API 請求失敗: /fapi/v1/klines - 熔斷器阻斷(失敗6次)，請60秒後重試
2025-10-29T03:31:49.396907195Z [inf]  2025-10-29 03:31:48,736 - src.services.data_service - ERROR - 獲取 K線數據失敗 XCNUSDT 15m: 熔斷器阻斷(失敗6次)，請60秒後重試
2025-10-29T03:31:49.396911616Z [inf]  2025-10-29 03:31:48,736 - src.core.circuit_breaker - ERROR - 🔴 熔斷器阻斷(失敗6次)，請60秒後重試 | 操作: generic | 優先級: NORMAL
2025-10-29T03:31:49.396916839Z [inf]  2025-10-29 03:31:48,736 - src.clients.binance_client - ERROR - API 請求失敗: /fapi/v1/klines - 熔斷器阻斷(失敗6次)，請60秒後重試
2025-10-29T03:31:49.396922282Z [inf]  2025-10-29 03:31:48,736 - src.services.data_service - ERROR - 獲取 K線數據失敗 XCNUSDT 5m: 熔斷器阻斷(失敗6次)，請60秒後重試
2025-10-29T03:31:49.396926829Z [inf]  2025-10-29 03:31:48,736 - src.core.circuit_breaker - ERROR - 🔴 熔斷器阻斷(失敗6次)，請60秒後重試 | 操作: generic | 優先級: NORMAL
2025-10-29T03:31:49.396931563Z [inf]  2025-10-29 03:31:48,736 - src.clients.binance_client - ERROR - API 請求失敗: /fapi/v1/klines - 熔斷器阻斷(失敗6次)，請60秒後重試
2025-10-29T03:31:49.396938272Z [inf]  2025-10-29 03:31:48,736 - src.services.data_service - ERROR - 獲取 K線數據失敗 STOUSDT 1h: 熔斷器阻斷(失敗6次)，請60秒後重試
2025-10-29T03:31:49.396944093Z [inf]  2025-10-29 03:31:48,737 - src.core.circuit_breaker - ERROR - 🔴 熔斷器阻斷(失敗6次)，請60秒後重試 | 操作: generic | 優先級: NORMAL
2025-10-29T03:31:49.396949332Z [inf]  2025-10-29 03:31:48,737 - src.clients.binance_client - ERROR - API 請求失敗: /fapi/v1/klines - 熔斷器阻斷(失敗6次)，請60秒後重試
2025-10-29T03:31:49.397291110Z [inf]  2025-10-29 03:31:48,737 - src.services.data_service - ERROR - 獲取 K線數據失敗 STOUSDT 15m: 熔斷器阻斷(失敗6次)，請60秒後重試
2025-10-29T03:31:49.397295771Z [inf]  2025-10-29 03:31:48,737 - src.core.circuit_breaker - ERROR - 🔴 熔斷器阻斷(失敗6次)，請60秒後重試 | 操作: generic | 優先級: NORMAL
2025-10-29T03:31:49.397300483Z [inf]  2025-10-29 03:31:48,737 - src.clients.binance_client - ERROR - API 請求失敗: /fapi/v1/klines - 熔斷器阻斷(失敗6次)，請60秒後重試
2025-10-29T03:31:49.397304797Z [inf]  2025-10-29 03:31:48,737 - src.services.data_service - ERROR - 獲取 K線數據失敗 STOUSDT 5m: 熔斷器阻斷(失敗6次)，請60秒後重試
2025-10-29T03:31:49.397310588Z [inf]  2025-10-29 03:31:48,737 - src.core.circuit_breaker - ERROR - 🔴 熔斷器阻斷(失敗6次)，請60秒後重試 | 操作: generic | 優先級: NORMAL
2025-10-29T03:31:49.397315360Z [inf]  2025-10-29 03:31:48,737 - src.clients.binance_client - ERROR - API 請求失敗: /fapi/v1/klines - 熔斷器阻斷(失敗6次)，請60秒後重試
2025-10-29T03:31:49.397320882Z [inf]  2025-10-29 03:31:48,737 - src.services.data_service - ERROR - 獲取 K線數據失敗 FHEUSDT 1h: 熔斷器阻斷(失敗6次)，請60秒後重試
2025-10-29T03:31:49.397325671Z [inf]  2025-10-29 03:31:48,737 - src.core.circuit_breaker - ERROR - 🔴 熔斷器阻斷(失敗6次)，請60秒後重試 | 操作: generic | 優先級: NORMAL
2025-10-29T03:31:49.397330784Z [inf]  2025-10-29 03:31:48,737 - src.clients.binance_client - ERROR - API 請求失敗: /fapi/v1/klines - 熔斷器阻斷(失敗6次)，請60秒後重試
2025-10-29T03:31:49.397336558Z [inf]  2025-10-29 03:31:48,737 - src.services.data_service - ERROR - 獲取 K線數據失敗 FHEUSDT 15m: 熔斷器阻斷(失敗6次)，請60秒後重試
2025-10-29T03:31:49.397342260Z [inf]  2025-10-29 03:31:48,738 - src.core.circuit_breaker - ERROR - 🔴 熔斷器阻斷(失敗6次)，請60秒後重試 | 操作: generic | 優先級: NORMAL
2025-10-29T03:31:49.399973515Z [inf]  2025-10-29 03:31:48,738 - src.clients.binance_client - ERROR - API 請求失敗: /fapi/v1/klines - 熔斷器阻斷(失敗6次)，請60秒後重試
2025-10-29T03:31:49.399984330Z [inf]  2025-10-29 03:31:48,738 - src.services.data_service - ERROR - 獲取 K線數據失敗 FHEUSDT 5m: 熔斷器阻斷(失敗6次)，請60秒後重試
2025-10-29T03:31:49.399995062Z [inf]  2025-10-29 03:31:48,738 - src.core.circuit_breaker - ERROR - 🔴 熔斷器阻斷(失敗6次)，請60秒後重試 | 操作: generic | 優先級: NORMAL
2025-10-29T03:31:49.400001918Z [inf]  2025-10-29 03:31:48,738 - src.clients.binance_client - ERROR - API 請求失敗: /fapi/v1/klines - 熔斷器阻斷(失敗6次)，請60秒後重試
2025-10-29T03:31:49.400009381Z [inf]  2025-10-29 03:31:48,738 - src.services.data_service - ERROR - 獲取 K線數據失敗 KERNELUSDT 1h: 熔斷器阻斷(失敗6次)，請60秒後重試
2025-10-29T03:31:49.400019987Z [inf]  2025-10-29 03:31:48,738 - src.core.circuit_breaker - ERROR - 🔴 熔斷器阻斷(失敗6次)，請60秒後重試 | 操作: generic | 優先級: NORMAL
2025-10-29T03:31:49.400027095Z [inf]  2025-10-29 03:31:48,738 - src.clients.binance_client - ERROR - API 請求失敗: /fapi/v1/klines - 熔斷器阻斷(失敗6次)，請60秒後重試
2025-10-29T03:31:49.400033799Z [inf]  2025-10-29 03:31:48,738 - src.services.data_service - ERROR - 獲取 K線數據失敗 KERNELUSDT 15m: 熔斷器阻斷(失敗6次)，請60秒後重試
2025-10-29T03:31:49.400040980Z [inf]  2025-10-29 03:31:48,738 - src.core.circuit_breaker - ERROR - 🔴 熔斷器阻斷(失敗6次)，請60秒後重試 | 操作: generic | 優先級: NORMAL
2025-10-29T03:31:49.400051378Z [inf]  2025-10-29 03:31:48,738 - src.clients.binance_client - ERROR - API 請求失敗: /fapi/v1/klines - 熔斷器阻斷(失敗6次)，請60秒後重試
2025-10-29T03:31:49.400059798Z [inf]  2025-10-29 03:31:48,738 - src.services.data_service - ERROR - 獲取 K線數據失敗 KERNELUSDT 5m: 熔斷器阻斷(失敗6次)，請60秒後重試
2025-10-29T03:31:49.400890184Z [inf]  2025-10-29 03:31:48,738 - src.core.circuit_breaker - ERROR - 🔴 熔斷器阻斷(失敗6次)，請60秒後重試 | 操作: generic | 優先級: NORMAL
2025-10-29T03:31:49.400897115Z [inf]  2025-10-29 03:31:48,738 - src.clients.binance_client - ERROR - API 請求失敗: /fapi/v1/klines - 熔斷器阻斷(失敗6次)，請60秒後重試
2025-10-29T03:31:49.400901890Z [inf]  2025-10-29 03:31:48,738 - src.services.data_service - ERROR - 獲取 K線數據失敗 WCTUSDT 1h: 熔斷器阻斷(失敗6次)，請60秒後重試
2025-10-29T03:31:49.400905793Z [inf]  2025-10-29 03:31:48,739 - src.core.circuit_breaker - ERROR - 🔴 熔斷器阻斷(失敗6次)，請60秒後重試 | 操作: generic | 優先級: NORMAL
2025-10-29T03:31:49.400910094Z [inf]  2025-10-29 03:31:48,739 - src.clients.binance_client - ERROR - API 請求失敗: /fapi/v1/klines - 熔斷器阻斷(失敗6次)，請60秒後重試
2025-10-29T03:31:49.400914584Z [inf]  2025-10-29 03:31:48,739 - src.services.data_service - ERROR - 獲取 K線數據失敗 WCTUSDT 15m: 熔斷器阻斷(失敗6次)，請60秒後重試
2025-10-29T03:31:49.400918793Z [inf]  2025-10-29 03:31:48,739 - src.core.circuit_breaker - ERROR - 🔴 熔斷器阻斷(失敗6次)，請60秒後重試 | 操作: generic | 優先級: NORMAL
2025-10-29T03:31:49.400924187Z [inf]  2025-10-29 03:31:48,739 - src.clients.binance_client - ERROR - API 請求失敗: /fapi/v1/klines - 熔斷器阻斷(失敗6次)，請60秒後重試
2025-10-29T03:31:49.400928212Z [inf]  2025-10-29 03:31:48,739 - src.services.data_service - ERROR - 獲取 K線數據失敗 WCTUSDT 5m: 熔斷器阻斷(失敗6次)，請60秒後重試
2025-10-29T03:31:49.400932532Z [inf]  2025-10-29 03:31:48,739 - src.core.circuit_breaker - ERROR - 🔴 熔斷器阻斷(失敗6次)，請60秒後重試 | 操作: generic | 優先級: NORMAL
2025-10-29T03:31:49.400936790Z [inf]  2025-10-29 03:31:48,739 - src.clients.binance_client - ERROR - API 請求失敗: /fapi/v1/klines - 熔斷器阻斷(失敗6次)，請60秒後重試
2025-10-29T03:31:49.403077278Z [inf]  2025-10-29 03:31:48,739 - src.services.data_service - ERROR - 獲取 K線數據失敗 INITUSDT 1h: 熔斷器阻斷(失敗6次)，請60秒後重試
2025-10-29T03:31:49.403084688Z [inf]  2025-10-29 03:31:48,739 - src.core.circuit_breaker - ERROR - 🔴 熔斷器阻斷(失敗6次)，請60秒後重試 | 操作: generic | 優先級: NORMAL
2025-10-29T03:31:49.403090375Z [inf]  2025-10-29 03:31:48,739 - src.clients.binance_client - ERROR - API 請求失敗: /fapi/v1/klines - 熔斷器阻斷(失敗6次)，請60秒後重試
2025-10-29T03:31:49.403095734Z [inf]  2025-10-29 03:31:48,739 - src.services.data_service - ERROR - 獲取 K線數據失敗 INITUSDT 15m: 熔斷器阻斷(失敗6次)，請60秒後重試
2025-10-29T03:31:49.403102687Z [inf]  2025-10-29 03:31:48,740 - src.core.circuit_breaker - ERROR - 🔴 熔斷器阻斷(失敗6次)，請60秒後重試 | 操作: generic | 優先級: NORMAL
2025-10-29T03:31:49.403107536Z [inf]  2025-10-29 03:31:48,740 - src.clients.binance_client - ERROR - API 請求失敗: /fapi/v1/klines - 熔斷器阻斷(失敗6次)，請60秒後重試
2025-10-29T03:31:49.403112383Z [inf]  2025-10-29 03:31:48,740 - src.services.data_service - ERROR - 獲取 K線數據失敗 INITUSDT 5m: 熔斷器阻斷(失敗6次)，請60秒後重試
2025-10-29T03:31:49.403117826Z [inf]  2025-10-29 03:31:48,740 - src.core.circuit_breaker - ERROR - 🔴 熔斷器阻斷(失敗6次)，請60秒後重試 | 操作: generic | 優先級: NORMAL
2025-10-29T03:31:49.403122172Z [inf]  2025-10-29 03:31:48,740 - src.clients.binance_client - ERROR - API 請求失敗: /fapi/v1/klines - 熔斷器阻斷(失敗6次)，請60秒後重試
2025-10-29T03:31:49.403126571Z [inf]  2025-10-29 03:31:48,740 - src.services.data_service - ERROR - 獲取 K線數據失敗 AERGOUSDT 1h: 熔斷器阻斷(失敗6次)，請60秒後重試
2025-10-29T03:31:49.403131279Z [inf]  2025-10-29 03:31:48,740 - src.core.circuit_breaker - ERROR - 🔴 熔斷器阻斷(失敗6次)，請60秒後重試 | 操作: generic | 優先級: NORMAL
2025-10-29T03:31:49.404536195Z [inf]  2025-10-29 03:31:48,740 - src.clients.binance_client - ERROR - API 請求失敗: /fapi/v1/klines - 熔斷器阻斷(失敗6次)，請60秒後重試
2025-10-29T03:31:49.404543003Z [inf]  2025-10-29 03:31:48,740 - src.services.data_service - ERROR - 獲取 K線數據失敗 AERGOUSDT 15m: 熔斷器阻斷(失敗6次)，請60秒後重試
2025-10-29T03:31:49.404552565Z [inf]  2025-10-29 03:31:48,740 - src.core.circuit_breaker - ERROR - 🔴 熔斷器阻斷(失敗6次)，請60秒後重試 | 操作: generic | 優先級: NORMAL
2025-10-29T03:31:49.404557979Z [inf]  2025-10-29 03:31:48,740 - src.clients.binance_client - ERROR - API 請求失敗: /fapi/v1/klines - 熔斷器阻斷(失敗6次)，請60秒後重試
2025-10-29T03:31:49.404563373Z [inf]  2025-10-29 03:31:48,740 - src.services.data_service - ERROR - 獲取 K線數據失敗 AERGOUSDT 5m: 熔斷器阻斷(失敗6次)，請60秒後重試
2025-10-29T03:31:49.404569255Z [inf]  2025-10-29 03:31:48,741 - src.core.circuit_breaker - ERROR - 🔴 熔斷器阻斷(失敗6次)，請60秒後重試 | 操作: generic | 優先級: NORMAL
2025-10-29T03:31:49.404574820Z [inf]  2025-10-29 03:31:48,741 - src.clients.binance_client - ERROR - API 請求失敗: /fapi/v1/klines - 熔斷器阻斷(失敗6次)，請60秒後重試
2025-10-29T03:31:49.404580291Z [inf]  2025-10-29 03:31:48,741 - src.services.data_service - ERROR - 獲取 K線數據失敗 BANKUSDT 1h: 熔斷器阻斷(失敗6次)，請60秒後重試
2025-10-29T03:31:49.404585931Z [inf]  2025-10-29 03:31:48,741 - src.core.circuit_breaker - ERROR - 🔴 熔斷器阻斷(失敗6次)，請60秒後重試 | 操作: generic | 優先級: NORMAL
2025-10-29T03:31:49.404592101Z [inf]  2025-10-29 03:31:48,741 - src.clients.binance_client - ERROR - API 請求失敗: /fapi/v1/klines - 熔斷器阻斷(失敗6次)，請60秒後重試
2025-10-29T03:31:49.404602227Z [inf]  2025-10-29 03:31:48,741 - src.services.data_service - ERROR - 獲取 K線數據失敗 BANKUSDT 15m: 熔斷器阻斷(失敗6次)，請60秒後重試
2025-10-29T03:31:49.406684762Z [inf]  2025-10-29 03:31:48,741 - src.core.circuit_breaker - ERROR - 🔴 熔斷器阻斷(失敗6次)，請60秒後重試 | 操作: generic | 優先級: NORMAL
2025-10-29T03:31:49.406695279Z [inf]  2025-10-29 03:31:48,741 - src.clients.binance_client - ERROR - API 請求失敗: /fapi/v1/klines - 熔斷器阻斷(失敗6次)，請60秒後重試
2025-10-29T03:31:49.406702208Z [inf]  2025-10-29 03:31:48,741 - src.services.data_service - ERROR - 獲取 K線數據失敗 BANKUSDT 5m: 熔斷器阻斷(失敗6次)，請60秒後重試
2025-10-29T03:31:49.406708321Z [inf]  2025-10-29 03:31:48,741 - src.core.circuit_breaker - ERROR - 🔴 熔斷器阻斷(失敗6次)，請60秒後重試 | 操作: generic | 優先級: NORMAL
2025-10-29T03:31:49.406715353Z [inf]  2025-10-29 03:31:48,741 - src.clients.binance_client - ERROR - API 請求失敗: /fapi/v1/klines - 熔斷器阻斷(失敗6次)，請60秒後重試
2025-10-29T03:31:49.406722356Z [inf]  2025-10-29 03:31:48,741 - src.services.data_service - ERROR - 獲取 K線數據失敗 EPTUSDT 1h: 熔斷器阻斷(失敗6次)，請60秒後重試
2025-10-29T03:31:49.406728772Z [inf]  2025-10-29 03:31:48,742 - src.core.circuit_breaker - ERROR - 🔴 熔斷器阻斷(失敗6次)，請60秒後重試 | 操作: generic | 優先級: NORMAL
2025-10-29T03:31:49.406735625Z [inf]  2025-10-29 03:31:48,742 - src.clients.binance_client - ERROR - API 請求失敗: /fapi/v1/klines - 熔斷器阻斷(失敗6次)，請60秒後重試
2025-10-29T03:31:49.406741627Z [inf]  2025-10-29 03:31:48,742 - src.services.data_service - ERROR - 獲取 K線數據失敗 EPTUSDT 15m: 熔斷器阻斷(失敗6次)，請60秒後重試
2025-10-29T03:31:49.406748133Z [inf]  2025-10-29 03:31:48,742 - src.core.circuit_breaker - ERROR - 🔴 熔斷器阻斷(失敗6次)，請60秒後重試 | 操作: generic | 優先級: NORMAL
2025-10-29T03:31:49.406754264Z [inf]  2025-10-29 03:31:48,742 - src.clients.binance_client - ERROR - API 請求失敗: /fapi/v1/klines - 熔斷器阻斷(失敗6次)，請60秒後重試
2025-10-29T03:31:49.410006485Z [inf]  2025-10-29 03:31:48,742 - src.services.data_service - ERROR - 獲取 K線數據失敗 EPTUSDT 5m: 熔斷器阻斷(失敗6次)，請60秒後重試
2025-10-29T03:31:49.410018461Z [inf]  2025-10-29 03:31:48,742 - src.core.circuit_breaker - ERROR - 🔴 熔斷器阻斷(失敗6次)，請60秒後重試 | 操作: generic | 優先級: NORMAL
2025-10-29T03:31:49.410031516Z [inf]  2025-10-29 03:31:48,742 - src.clients.binance_client - ERROR - API 請求失敗: /fapi/v1/klines - 熔斷器阻斷(失敗6次)，請60秒後重試
2025-10-29T03:31:49.410042325Z [inf]  2025-10-29 03:31:48,742 - src.services.data_service - ERROR - 獲取 K線數據失敗 DEEPUSDT 1h: 熔斷器阻斷(失敗6次)，請60秒後重試
2025-10-29T03:31:49.410051175Z [inf]  2025-10-29 03:31:48,742 - src.core.circuit_breaker - ERROR - 🔴 熔斷器阻斷(失敗6次)，請60秒後重試 | 操作: generic | 優先級: NORMAL
2025-10-29T03:31:49.410060207Z [inf]  2025-10-29 03:31:48,742 - src.clients.binance_client - ERROR - API 請求失敗: /fapi/v1/klines - 熔斷器阻斷(失敗6次)，請60秒後重試
2025-10-29T03:31:49.410068147Z [inf]  2025-10-29 03:31:48,742 - src.services.data_service - ERROR - 獲取 K線數據失敗 DEEPUSDT 15m: 熔斷器阻斷(失敗6次)，請60秒後重試
2025-10-29T03:31:49.410076565Z [inf]  2025-10-29 03:31:48,742 - src.core.circuit_breaker - ERROR - 🔴 熔斷器阻斷(失敗6次)，請60秒後重試 | 操作: generic | 優先級: NORMAL
2025-10-29T03:31:49.410084564Z [inf]  2025-10-29 03:31:48,742 - src.clients.binance_client - ERROR - API 請求失敗: /fapi/v1/klines - 熔斷器阻斷(失敗6次)，請60秒後重試
2025-10-29T03:31:49.410094723Z [inf]  2025-10-29 03:31:48,743 - src.services.data_service - ERROR - 獲取 K線數據失敗 DEEPUSDT 5m: 熔斷器阻斷(失敗6次)，請60秒後重試
2025-10-29T03:31:49.410102481Z [inf]  2025-10-29 03:31:48,743 - src.core.circuit_breaker - ERROR - 🔴 熔斷器阻斷(失敗6次)，請60秒後重試 | 操作: generic | 優先級: NORMAL
2025-10-29T03:31:49.411597608Z [inf]  2025-10-29 03:31:48,743 - src.clients.binance_client - ERROR - API 請求失敗: /fapi/v1/klines - 熔斷器阻斷(失敗6次)，請60秒後重試
2025-10-29T03:31:49.411607122Z [inf]  2025-10-29 03:31:48,743 - src.services.data_service - ERROR - 獲取 K線數據失敗 HYPERUSDT 1h: 熔斷器阻斷(失敗6次)，請60秒後重試
2025-10-29T03:31:49.411613477Z [inf]  2025-10-29 03:31:48,743 - src.core.circuit_breaker - ERROR - 🔴 熔斷器阻斷(失敗6次)，請60秒後重試 | 操作: generic | 優先級: NORMAL
2025-10-29T03:31:49.411618667Z [inf]  2025-10-29 03:31:48,743 - src.clients.binance_client - ERROR - API 請求失敗: /fapi/v1/klines - 熔斷器阻斷(失敗6次)，請60秒後重試
2025-10-29T03:31:49.411623992Z [inf]  2025-10-29 03:31:48,743 - src.services.data_service - ERROR - 獲取 K線數據失敗 HYPERUSDT 15m: 熔斷器阻斷(失敗6次)，請60秒後重試
2025-10-29T03:31:49.411630423Z [inf]  2025-10-29 03:31:48,743 - src.core.circuit_breaker - ERROR - 🔴 熔斷器阻斷(失敗6次)，請60秒後重試 | 操作: generic | 優先級: NORMAL
2025-10-29T03:31:49.411634784Z [inf]  2025-10-29 03:31:48,743 - src.clients.binance_client - ERROR - API 請求失敗: /fapi/v1/klines - 熔斷器阻斷(失敗6次)，請60秒後重試
2025-10-29T03:31:49.411640010Z [inf]  2025-10-29 03:31:48,743 - src.services.data_service - ERROR - 獲取 K線數據失敗 HYPERUSDT 5m: 熔斷器阻斷(失敗6次)，請60秒後重試
2025-10-29T03:31:49.411644930Z [inf]  2025-10-29 03:31:48,743 - src.core.circuit_breaker - ERROR - 🔴 熔斷器阻斷(失敗6次)，請60秒後重試 | 操作: generic | 優先級: NORMAL
2025-10-29T03:31:49.411650559Z [inf]  2025-10-29 03:31:48,743 - src.clients.binance_client - ERROR - API 請求失敗: /fapi/v1/klines - 熔斷器阻斷(失敗6次)，請60秒後重試
2025-10-29T03:31:49.411655090Z [inf]  2025-10-29 03:31:48,743 - src.services.data_service - ERROR - 獲取 K線數據失敗 FISUSDT 1h: 熔斷器阻斷(失敗6次)，請60秒後重試
2025-10-29T03:31:49.413473631Z [inf]  2025-10-29 03:31:48,744 - src.core.circuit_breaker - ERROR - 🔴 熔斷器阻斷(失敗6次)，請60秒後重試 | 操作: generic | 優先級: NORMAL
2025-10-29T03:31:49.413486549Z [inf]  2025-10-29 03:31:48,744 - src.clients.binance_client - ERROR - API 請求失敗: /fapi/v1/klines - 熔斷器阻斷(失敗6次)，請60秒後重試
2025-10-29T03:31:49.413493360Z [inf]  2025-10-29 03:31:48,744 - src.services.data_service - ERROR - 獲取 K線數據失敗 FISUSDT 15m: 熔斷器阻斷(失敗6次)，請60秒後重試
2025-10-29T03:31:49.413498419Z [inf]  2025-10-29 03:31:48,744 - src.core.circuit_breaker - ERROR - 🔴 熔斷器阻斷(失敗6次)，請60秒後重試 | 操作: generic | 優先級: NORMAL
2025-10-29T03:31:49.413502823Z [inf]  2025-10-29 03:31:48,744 - src.clients.binance_client - ERROR - API 請求失敗: /fapi/v1/klines - 熔斷器阻斷(失敗6次)，請60秒後重試
2025-10-29T03:31:49.413509020Z [inf]  2025-10-29 03:31:48,744 - src.services.data_service - ERROR - 獲取 K線數據失敗 FISUSDT 5m: 熔斷器阻斷(失敗6次)，請60秒後重試
2025-10-29T03:31:49.413515426Z [inf]  2025-10-29 03:31:48,744 - src.core.circuit_breaker - ERROR - 🔴 熔斷器阻斷(失敗6次)，請60秒後重試 | 操作: generic | 優先級: NORMAL
2025-10-29T03:31:49.413522388Z [inf]  2025-10-29 03:31:48,744 - src.clients.binance_client - ERROR - API 請求失敗: /fapi/v1/klines - 熔斷器阻斷(失敗6次)，請60秒後重試
2025-10-29T03:31:49.413536649Z [inf]  2025-10-29 03:31:48,744 - src.services.data_service - ERROR - 獲取 K線數據失敗 JSTUSDT 1h: 熔斷器阻斷(失敗6次)，請60秒後重試
2025-10-29T03:31:49.413541348Z [inf]  2025-10-29 03:31:48,744 - src.core.circuit_breaker - ERROR - 🔴 熔斷器阻斷(失敗6次)，請60秒後重試 | 操作: generic | 優先級: NORMAL
2025-10-29T03:31:49.413548106Z [inf]  2025-10-29 03:31:48,744 - src.clients.binance_client - ERROR - API 請求失敗: /fapi/v1/klines - 熔斷器阻斷(失敗6次)，請60秒後重試
2025-10-29T03:31:49.415306422Z [inf]  2025-10-29 03:31:48,744 - src.services.data_service - ERROR - 獲取 K線數據失敗 JSTUSDT 15m: 熔斷器阻斷(失敗6次)，請60秒後重試
2025-10-29T03:31:49.415315562Z [inf]  2025-10-29 03:31:48,745 - src.core.circuit_breaker - ERROR - 🔴 熔斷器阻斷(失敗6次)，請60秒後重試 | 操作: generic | 優先級: NORMAL
2025-10-29T03:31:49.415323103Z [inf]  2025-10-29 03:31:48,745 - src.clients.binance_client - ERROR - API 請求失敗: /fapi/v1/klines - 熔斷器阻斷(失敗6次)，請60秒後重試
2025-10-29T03:31:49.415333503Z [inf]  2025-10-29 03:31:48,745 - src.services.data_service - ERROR - 獲取 K線數據失敗 JSTUSDT 5m: 熔斷器阻斷(失敗6次)，請60秒後重試
2025-10-29T03:31:49.415340130Z [inf]  2025-10-29 03:31:48,745 - src.core.circuit_breaker - ERROR - 🔴 熔斷器阻斷(失敗6次)，請60秒後重試 | 操作: generic | 優先級: NORMAL
2025-10-29T03:31:49.415346518Z [inf]  2025-10-29 03:31:48,745 - src.clients.binance_client - ERROR - API 請求失敗: /fapi/v1/klines - 熔斷器阻斷(失敗6次)，請60秒後重試
2025-10-29T03:31:49.415356620Z [inf]  2025-10-29 03:31:48,745 - src.services.data_service - ERROR - 獲取 K線數據失敗 SIGNUSDT 1h: 熔斷器阻斷(失敗6次)，請60秒後重試
2025-10-29T03:31:49.415366060Z [inf]  2025-10-29 03:31:48,745 - src.core.circuit_breaker - ERROR - 🔴 熔斷器阻斷(失敗6次)，請60秒後重試 | 操作: generic | 優先級: NORMAL
2025-10-29T03:31:49.415371769Z [inf]  2025-10-29 03:31:48,745 - src.clients.binance_client - ERROR - API 請求失敗: /fapi/v1/klines - 熔斷器阻斷(失敗6次)，請60秒後重試
2025-10-29T03:31:49.415377619Z [inf]  2025-10-29 03:31:48,745 - src.services.data_service - ERROR - 獲取 K線數據失敗 SIGNUSDT 15m: 熔斷器阻斷(失敗6次)，請60秒後重試
2025-10-29T03:31:49.415383425Z [inf]  2025-10-29 03:31:48,745 - src.core.circuit_breaker - ERROR - 🔴 熔斷器阻斷(失敗6次)，請60秒後重試 | 操作: generic | 優先級: NORMAL
2025-10-29T03:31:49.417563047Z [inf]  2025-10-29 03:31:48,745 - src.clients.binance_client - ERROR - API 請求失敗: /fapi/v1/klines - 熔斷器阻斷(失敗6次)，請60秒後重試
2025-10-29T03:31:49.417576282Z [inf]  2025-10-29 03:31:48,745 - src.services.data_service - ERROR - 獲取 K線數據失敗 SIGNUSDT 5m: 熔斷器阻斷(失敗6次)，請60秒後重試
2025-10-29T03:31:49.417584061Z [inf]  2025-10-29 03:31:48,746 - src.core.circuit_breaker - ERROR - 🔴 熔斷器阻斷(失敗6次)，請60秒後重試 | 操作: generic | 優先級: NORMAL
2025-10-29T03:31:49.417592989Z [inf]  2025-10-29 03:31:48,746 - src.clients.binance_client - ERROR - API 請求失敗: /fapi/v1/klines - 熔斷器阻斷(失敗6次)，請60秒後重試
2025-10-29T03:31:49.417602445Z [inf]  2025-10-29 03:31:48,746 - src.services.data_service - ERROR - 獲取 K線數據失敗 PUNDIXUSDT 1h: 熔斷器阻斷(失敗6次)，請60秒後重試
2025-10-29T03:31:49.417610652Z [inf]  2025-10-29 03:31:48,746 - src.core.circuit_breaker - ERROR - 🔴 熔斷器阻斷(失敗6次)，請60秒後重試 | 操作: generic | 優先級: NORMAL
2025-10-29T03:31:49.417617635Z [inf]  2025-10-29 03:31:48,746 - src.clients.binance_client - ERROR - API 請求失敗: /fapi/v1/klines - 熔斷器阻斷(失敗6次)，請60秒後重試
2025-10-29T03:31:49.417628801Z [inf]  2025-10-29 03:31:48,746 - src.services.data_service - ERROR - 獲取 K線數據失敗 PUNDIXUSDT 15m: 熔斷器阻斷(失敗6次)，請60秒後重試
2025-10-29T03:31:49.417637237Z [inf]  2025-10-29 03:31:48,746 - src.core.circuit_breaker - ERROR - 🔴 熔斷器阻斷(失敗6次)，請60秒後重試 | 操作: generic | 優先級: NORMAL
2025-10-29T03:31:49.417644728Z [inf]  2025-10-29 03:31:48,746 - src.clients.binance_client - ERROR - API 請求失敗: /fapi/v1/klines - 熔斷器阻斷(失敗6次)，請60秒後重試
2025-10-29T03:31:49.417653524Z [inf]  2025-10-29 03:31:48,746 - src.services.data_service - ERROR - 獲取 K線數據失敗 PUNDIXUSDT 5m: 熔斷器阻斷(失敗6次)，請60秒後重試
2025-10-29T03:31:49.418488500Z [inf]  2025-10-29 03:31:48,746 - src.core.circuit_breaker - ERROR - 🔴 熔斷器阻斷(失敗6次)，請60秒後重試 | 操作: generic | 優先級: NORMAL
2025-10-29T03:31:49.418503436Z [inf]  2025-10-29 03:31:48,747 - src.clients.binance_client - ERROR - API 請求失敗: /fapi/v1/klines - 熔斷器阻斷(失敗6次)，請60秒後重試
2025-10-29T03:31:49.418513662Z [inf]  2025-10-29 03:31:48,747 - src.services.data_service - ERROR - 獲取 K線數據失敗 CTKUSDT 1h: 熔斷器阻斷(失敗6次)，請60秒後重試
2025-10-29T03:31:49.418522296Z [inf]  2025-10-29 03:31:48,747 - src.core.circuit_breaker - ERROR - 🔴 熔斷器阻斷(失敗6次)，請60秒後重試 | 操作: generic | 優先級: NORMAL
2025-10-29T03:31:49.418530759Z [inf]  2025-10-29 03:31:48,747 - src.clients.binance_client - ERROR - API 請求失敗: /fapi/v1/klines - 熔斷器阻斷(失敗6次)，請60秒後重試
2025-10-29T03:31:49.418539525Z [inf]  2025-10-29 03:31:48,747 - src.services.data_service - ERROR - 獲取 K線數據失敗 CTKUSDT 15m: 熔斷器阻斷(失敗6次)，請60秒後重試
2025-10-29T03:31:49.418549053Z [inf]  2025-10-29 03:31:48,747 - src.core.circuit_breaker - ERROR - 🔴 熔斷器阻斷(失敗6次)，請60秒後重試 | 操作: generic | 優先級: NORMAL
2025-10-29T03:31:49.418560124Z [inf]  2025-10-29 03:31:48,747 - src.clients.binance_client - ERROR - API 請求失敗: /fapi/v1/klines - 熔斷器阻斷(失敗6次)，請60秒後重試
2025-10-29T03:31:49.418570205Z [inf]  2025-10-29 03:31:48,747 - src.services.data_service - ERROR - 獲取 K線數據失敗 CTKUSDT 5m: 熔斷器阻斷(失敗6次)，請60秒後重試
2025-10-29T03:31:49.418582625Z [inf]  2025-10-29 03:31:48,747 - src.core.circuit_breaker - ERROR - 🔴 熔斷器阻斷(失敗6次)，請60秒後重試 | 操作: generic | 優先級: NORMAL
2025-10-29T03:31:49.418591430Z [inf]  2025-10-29 03:31:48,747 - src.clients.binance_client - ERROR - API 請求失敗: /fapi/v1/klines - 熔斷器阻斷(失敗6次)，請60秒後重試
2025-10-29T03:31:49.419721779Z [inf]  2025-10-29 03:31:48,747 - src.services.data_service - ERROR - 獲取 K線數據失敗 AIOTUSDT 1h: 熔斷器阻斷(失敗6次)，請60秒後重試
2025-10-29T03:31:49.419732238Z [inf]  2025-10-29 03:31:48,748 - src.core.circuit_breaker - ERROR - 🔴 熔斷器阻斷(失敗6次)，請60秒後重試 | 操作: generic | 優先級: NORMAL
2025-10-29T03:31:49.419738969Z [inf]  2025-10-29 03:31:48,748 - src.clients.binance_client - ERROR - API 請求失敗: /fapi/v1/klines - 熔斷器阻斷(失敗6次)，請60秒後重試
2025-10-29T03:31:49.419745701Z [inf]  2025-10-29 03:31:48,748 - src.services.data_service - ERROR - 獲取 K線數據失敗 AIOTUSDT 15m: 熔斷器阻斷(失敗6次)，請60秒後重試
2025-10-29T03:31:49.419752570Z [inf]  2025-10-29 03:31:48,748 - src.core.circuit_breaker - ERROR - 🔴 熔斷器阻斷(失敗6次)，請60秒後重試 | 操作: generic | 優先級: NORMAL
2025-10-29T03:31:49.419759176Z [inf]  2025-10-29 03:31:48,748 - src.clients.binance_client - ERROR - API 請求失敗: /fapi/v1/klines - 熔斷器阻斷(失敗6次)，請60秒後重試
2025-10-29T03:31:49.419764786Z [inf]  2025-10-29 03:31:48,748 - src.services.data_service - ERROR - 獲取 K線數據失敗 AIOTUSDT 5m: 熔斷器阻斷(失敗6次)，請60秒後重試
2025-10-29T03:31:49.419770710Z [inf]  2025-10-29 03:31:48,748 - src.core.circuit_breaker - ERROR - 🔴 熔斷器阻斷(失敗6次)，請60秒後重試 | 操作: generic | 優先級: NORMAL
2025-10-29T03:31:49.419776715Z [inf]  2025-10-29 03:31:48,748 - src.clients.binance_client - ERROR - API 請求失敗: /fapi/v1/klines - 熔斷器阻斷(失敗6次)，請60秒後重試
2025-10-29T03:31:49.419781905Z [inf]  2025-10-29 03:31:48,748 - src.services.data_service - ERROR - 獲取 K線數據失敗 DOLOUSDT 1h: 熔斷器阻斷(失敗6次)，請60秒後重試
2025-10-29T03:31:49.419786387Z [inf]  2025-10-29 03:31:48,749 - src.core.circuit_breaker - ERROR - 🔴 熔斷器阻斷(失敗6次)，請60秒後重試 | 操作: generic | 優先級: NORMAL
2025-10-29T03:31:49.421592649Z [inf]  2025-10-29 03:31:48,749 - src.clients.binance_client - ERROR - API 請求失敗: /fapi/v1/klines - 熔斷器阻斷(失敗6次)，請60秒後重試
2025-10-29T03:31:49.421602726Z [inf]  2025-10-29 03:31:48,749 - src.services.data_service - ERROR - 獲取 K線數據失敗 DOLOUSDT 15m: 熔斷器阻斷(失敗6次)，請60秒後重試
2025-10-29T03:31:49.421613138Z [inf]  2025-10-29 03:31:48,749 - src.core.circuit_breaker - ERROR - 🔴 熔斷器阻斷(失敗6次)，請60秒後重試 | 操作: generic | 優先級: NORMAL
2025-10-29T03:31:49.421618810Z [inf]  2025-10-29 03:31:48,749 - src.clients.binance_client - ERROR - API 請求失敗: /fapi/v1/klines - 熔斷器阻斷(失敗6次)，請60秒後重試
2025-10-29T03:31:49.421624282Z [inf]  2025-10-29 03:31:48,749 - src.services.data_service - ERROR - 獲取 K線數據失敗 DOLOUSDT 5m: 熔斷器阻斷(失敗6次)，請60秒後重試
2025-10-29T03:31:49.421632989Z [inf]  2025-10-29 03:31:48,749 - src.core.circuit_breaker - ERROR - 🔴 熔斷器阻斷(失敗6次)，請60秒後重試 | 操作: generic | 優先級: NORMAL
2025-10-29T03:31:49.421637925Z [inf]  2025-10-29 03:31:48,749 - src.clients.binance_client - ERROR - API 請求失敗: /fapi/v1/klines - 熔斷器阻斷(失敗6次)，請60秒後重試
2025-10-29T03:31:49.421643123Z [inf]  2025-10-29 03:31:48,749 - src.services.data_service - ERROR - 獲取 K線數據失敗 HAEDALUSDT 1h: 熔斷器阻斷(失敗6次)，請60秒後重試
2025-10-29T03:31:49.421649062Z [inf]  2025-10-29 03:31:48,750 - src.core.circuit_breaker - ERROR - 🔴 熔斷器阻斷(失敗6次)，請60秒後重試 | 操作: generic | 優先級: NORMAL
2025-10-29T03:31:49.421655091Z [inf]  2025-10-29 03:31:48,750 - src.clients.binance_client - ERROR - API 請求失敗: /fapi/v1/klines - 熔斷器阻斷(失敗6次)，請60秒後重試
2025-10-29T03:31:49.421659263Z [inf]  2025-10-29 03:31:48,750 - src.services.data_service - ERROR - 獲取 K線數據失敗 HAEDALUSDT 15m: 熔斷器阻斷(失敗6次)，請60秒後重試
2025-10-29T03:31:49.423674566Z [inf]  2025-10-29 03:31:48,750 - src.core.circuit_breaker - ERROR - 🔴 熔斷器阻斷(失敗6次)，請60秒後重試 | 操作: generic | 優先級: NORMAL
2025-10-29T03:31:49.423682187Z [inf]  2025-10-29 03:31:48,750 - src.clients.binance_client - ERROR - API 請求失敗: /fapi/v1/klines - 熔斷器阻斷(失敗6次)，請60秒後重試
2025-10-29T03:31:49.423688009Z [inf]  2025-10-29 03:31:48,750 - src.services.data_service - ERROR - 獲取 K線數據失敗 HAEDALUSDT 5m: 熔斷器阻斷(失敗6次)，請60秒後重試
2025-10-29T03:31:49.423692970Z [inf]  2025-10-29 03:31:48,750 - src.core.circuit_breaker - ERROR - 🔴 熔斷器阻斷(失敗6次)，請60秒後重試 | 操作: generic | 優先級: NORMAL
2025-10-29T03:31:49.423697213Z [inf]  2025-10-29 03:31:48,750 - src.clients.binance_client - ERROR - API 請求失敗: /fapi/v1/klines - 熔斷器阻斷(失敗6次)，請60秒後重試
2025-10-29T03:31:49.423703893Z [inf]  2025-10-29 03:31:48,750 - src.services.data_service - ERROR - 獲取 K線數據失敗 SXTUSDT 1h: 熔斷器阻斷(失敗6次)，請60秒後重試
2025-10-29T03:31:49.423708548Z [inf]  2025-10-29 03:31:48,751 - src.core.circuit_breaker - ERROR - 🔴 熔斷器阻斷(失敗6次)，請60秒後重試 | 操作: generic | 優先級: NORMAL
2025-10-29T03:31:49.423713793Z [inf]  2025-10-29 03:31:48,751 - src.clients.binance_client - ERROR - API 請求失敗: /fapi/v1/klines - 熔斷器阻斷(失敗6次)，請60秒後重試
2025-10-29T03:31:49.423718618Z [inf]  2025-10-29 03:31:48,751 - src.services.data_service - ERROR - 獲取 K線數據失敗 SXTUSDT 15m: 熔斷器阻斷(失敗6次)，請60秒後重試
2025-10-29T03:31:49.423724834Z [inf]  2025-10-29 03:31:48,751 - src.core.circuit_breaker - ERROR - 🔴 熔斷器阻斷(失敗6次)，請60秒後重試 | 操作: generic | 優先級: NORMAL
2025-10-29T03:31:49.423729121Z [inf]  2025-10-29 03:31:48,751 - src.clients.binance_client - ERROR - API 請求失敗: /fapi/v1/klines - 熔斷器阻斷(失敗6次)，請60秒後重試
2025-10-29T03:31:49.424911518Z [inf]  2025-10-29 03:31:48,751 - src.services.data_service - ERROR - 獲取 K線數據失敗 SXTUSDT 5m: 熔斷器阻斷(失敗6次)，請60秒後重試
2025-10-29T03:31:49.424930680Z [inf]  2025-10-29 03:31:48,751 - src.core.circuit_breaker - ERROR - 🔴 熔斷器阻斷(失敗6次)，請60秒後重試 | 操作: generic | 優先級: NORMAL
2025-10-29T03:31:49.424948325Z [inf]  2025-10-29 03:31:48,751 - src.clients.binance_client - ERROR - API 請求失敗: /fapi/v1/klines - 熔斷器阻斷(失敗6次)，請60秒後重試
2025-10-29T03:31:49.424955497Z [inf]  2025-10-29 03:31:48,751 - src.services.data_service - ERROR - 獲取 K線數據失敗 ASRUSDT 1h: 熔斷器阻斷(失敗6次)，請60秒後重試
2025-10-29T03:31:49.424961329Z [inf]  2025-10-29 03:31:48,751 - src.core.circuit_breaker - ERROR - 🔴 熔斷器阻斷(失敗6次)，請60秒後重試 | 操作: generic | 優先級: NORMAL
2025-10-29T03:31:49.424978300Z [inf]  2025-10-29 03:31:48,751 - src.clients.binance_client - ERROR - API 請求失敗: /fapi/v1/klines - 熔斷器阻斷(失敗6次)，請60秒後重試
2025-10-29T03:31:49.424984835Z [inf]  2025-10-29 03:31:48,751 - src.services.data_service - ERROR - 獲取 K線數據失敗 ASRUSDT 15m: 熔斷器阻斷(失敗6次)，請60秒後重試
2025-10-29T03:31:49.424990612Z [inf]  2025-10-29 03:31:48,751 - src.core.circuit_breaker - ERROR - 🔴 熔斷器阻斷(失敗6次)，請60秒後重試 | 操作: generic | 優先級: NORMAL
2025-10-29T03:31:49.425003452Z [inf]  2025-10-29 03:31:48,752 - src.clients.binance_client - ERROR - API 請求失敗: /fapi/v1/klines - 熔斷器阻斷(失敗6次)，請60秒後重試
2025-10-29T03:31:49.425010018Z [inf]  2025-10-29 03:31:48,752 - src.services.data_service - ERROR - 獲取 K線數據失敗 ASRUSDT 5m: 熔斷器阻斷(失敗6次)，請60秒後重試
2025-10-29T03:31:49.425028614Z [inf]  2025-10-29 03:31:48,752 - src.core.circuit_breaker - ERROR - 🔴 熔斷器阻斷(失敗6次)，請60秒後重試 | 操作: generic | 優先級: NORMAL
2025-10-29T03:31:49.426958500Z [inf]  2025-10-29 03:31:48,752 - src.clients.binance_client - ERROR - API 請求失敗: /fapi/v1/klines - 熔斷器阻斷(失敗6次)，請60秒後重試
2025-10-29T03:31:49.426972463Z [inf]  2025-10-29 03:31:48,752 - src.services.data_service - ERROR - 獲取 K線數據失敗 ALPINEUSDT 1h: 熔斷器阻斷(失敗6次)，請60秒後重試
2025-10-29T03:31:49.426982562Z [inf]  2025-10-29 03:31:48,752 - src.core.circuit_breaker - ERROR - 🔴 熔斷器阻斷(失敗6次)，請60秒後重試 | 操作: generic | 優先級: NORMAL
2025-10-29T03:31:49.429094475Z [inf]  2025-10-29 03:31:48,753 - src.core.circuit_breaker - ERROR - 🔴 熔斷器阻斷(失敗6次)，請60秒後重試 | 操作: generic | 優先級: NORMAL
2025-10-29T03:31:49.430969628Z [inf]  2025-10-29 03:31:48,753 - src.services.data_service - ERROR - 獲取 K線數據失敗 MILKUSDT 15m: 熔斷器阻斷(失敗6次)，請60秒後重試
2025-10-29T03:31:49.433062609Z [inf]  2025-10-29 03:31:48,754 - src.clients.binance_client - ERROR - API 請求失敗: /fapi/v1/klines - 熔斷器阻斷(失敗6次)，請60秒後重試
2025-10-29T03:31:49.434673805Z [inf]  2025-10-29 03:31:48,755 - src.core.circuit_breaker - ERROR - 🔴 熔斷器阻斷(失敗6次)，請60秒後重試 | 操作: generic | 優先級: NORMAL
2025-10-29T03:31:49.436474028Z [inf]  2025-10-29 03:31:48,756 - src.services.data_service - ERROR - 獲取 K線數據失敗 OGUSDT 1h: 熔斷器阻斷(失敗6次)，請60秒後重試
2025-10-29T03:31:49.438432814Z [inf]  2025-10-29 03:31:48,757 - src.clients.binance_client - ERROR - API 請求失敗: /fapi/v1/klines - 熔斷器阻斷(失敗6次)，請60秒後重試
2025-10-29T03:31:49.440062819Z [inf]  2025-10-29 03:31:48,757 - src.core.circuit_breaker - ERROR - 🔴 熔斷器阻斷(失敗6次)，請60秒後重試 | 操作: generic | 優先級: NORMAL
2025-10-29T03:31:49.442040392Z [inf]  2025-10-29 03:31:48,758 - src.services.data_service - ERROR - 獲取 K線數據失敗 NXPCUSDT 5m: 熔斷器阻斷(失敗6次)，請60秒後重試
2025-10-29T03:31:49.445283662Z [inf]  2025-10-29 03:31:48,760 - src.core.circuit_breaker - ERROR - 🔴 熔斷器阻斷(失敗6次)，請60秒後重試 | 操作: generic | 優先級: NORMAL
2025-10-29T03:31:49.447072571Z [inf]  2025-10-29 03:31:48,761 - src.services.data_service - ERROR - 獲取 K線數據失敗 BUSDT 15m: 熔斷器阻斷(失敗6次)，請60秒後重試
2025-10-29T03:31:49.448601216Z [inf]  2025-10-29 03:31:48,762 - src.clients.binance_client - ERROR - API 請求失敗: /fapi/v1/klines - 熔斷器阻斷(失敗6次)，請60秒後重試
2025-10-29T03:31:49.450901075Z [inf]  2025-10-29 03:31:48,762 - src.core.circuit_breaker - ERROR - 🔴 熔斷器阻斷(失敗6次)，請60秒後重試 | 操作: generic | 優先級: NORMAL
2025-10-29T03:31:49.453163099Z [inf]  2025-10-29 03:31:48,763 - src.services.data_service - ERROR - 獲取 K線數據失敗 SOPHUSDT 1h: 熔斷器阻斷(失敗6次)，請60秒後重試
2025-10-29T03:31:49.454725267Z [inf]  2025-10-29 03:31:48,764 - src.clients.binance_client - ERROR - API 請求失敗: /fapi/v1/klines - 熔斷器阻斷(失敗6次)，請60秒後重試
2025-10-29T03:31:49.456497610Z [inf]  2025-10-29 03:31:48,765 - src.core.circuit_breaker - ERROR - 🔴 熔斷器阻斷(失敗6次)，請60秒後重試 | 操作: generic | 優先級: NORMAL
2025-10-29T03:31:49.458007284Z [inf]  2025-10-29 03:31:48,765 - src.services.data_service - ERROR - 獲取 K線數據失敗 BDXNUSDT 5m: 熔斷器阻斷(失敗6次)，請60秒後重試
2025-10-29T03:31:49.460822482Z [inf]  2025-10-29 03:31:48,766 - src.clients.binance_client - ERROR - API 請求失敗: /fapi/v1/klines - 熔斷器阻斷(失敗6次)，請60秒後重試
2025-10-29T03:31:49.462317887Z [inf]  2025-10-29 03:31:48,767 - src.core.circuit_breaker - ERROR - 🔴 熔斷器阻斷(失敗6次)，請60秒後重試 | 操作: generic | 優先級: NORMAL
2025-10-29T03:31:49.463740367Z [inf]  2025-10-29 03:31:48,768 - src.services.data_service - ERROR - 獲取 K線數據失敗 LAUSDT 15m: 熔斷器阻斷(失敗6次)，請60秒後重試
2025-10-29T03:31:49.466622291Z [inf]  2025-10-29 03:31:48,770 - src.core.circuit_breaker - ERROR - 🔴 熔斷器阻斷(失敗6次)，請60秒後重試 | 操作: generic | 優先級: NORMAL
2025-10-29T03:31:49.467877905Z [inf]  2025-10-29 03:31:48,770 - src.services.data_service - ERROR - 獲取 K線數據失敗 TAIKOUSDT 1h: 熔斷器阻斷(失敗6次)，請60秒後重試
2025-10-29T03:31:49.470012773Z [inf]  2025-10-29 03:31:48,771 - src.clients.binance_client - ERROR - API 請求失敗: /fapi/v1/klines - 熔斷器阻斷(失敗6次)，請60秒後重試
2025-10-29T03:31:49.472535604Z [inf]  2025-10-29 03:31:48,773 - src.services.data_service - ERROR - 獲取 K線數據失敗 SPKUSDT 5m: 熔斷器阻斷(失敗6次)，請60秒後重試
2025-10-29T03:31:49.474313972Z [inf]  2025-10-29 03:31:48,774 - src.clients.binance_client - ERROR - API 請求失敗: /fapi/v1/klines - 熔斷器阻斷(失敗6次)，請60秒後重試
2025-10-29T03:31:49.476624513Z [inf]  2025-10-29 03:31:48,775 - src.services.data_service - ERROR - 獲取 K線數據失敗 DMCUSDT 15m: 熔斷器阻斷(失敗6次)，請60秒後重試
2025-10-29T03:31:49.478116546Z [inf]  2025-10-29 03:31:48,776 - src.clients.binance_client - ERROR - API 請求失敗: /fapi/v1/klines - 熔斷器阻斷(失敗6次)，請60秒後重試
2025-10-29T03:31:49.479991597Z [inf]  2025-10-29 03:31:48,777 - src.core.circuit_breaker - ERROR - 🔴 熔斷器阻斷(失敗6次)，請60秒後重試 | 操作: generic | 優先級: NORMAL
2025-10-29T03:31:49.482818390Z [inf]  2025-10-29 03:31:48,778 - src.clients.binance_client - ERROR - API 請求失敗: /fapi/v1/klines - 熔斷器阻斷(失敗6次)，請60秒後重試
2025-10-29T03:31:49.484685392Z [inf]  2025-10-29 03:31:48,779 - src.core.circuit_breaker - ERROR - 🔴 熔斷器阻斷(失敗6次)，請60秒後重試 | 操作: generic | 優先級: NORMAL
2025-10-29T03:31:49.486207116Z [inf]  2025-10-29 03:31:48,780 - src.services.data_service - ERROR - 獲取 K線數據失敗 MUSDT 5m: 熔斷器阻斷(失敗6次)，請60秒後重試
2025-10-29T03:31:49.489067929Z [inf]  2025-10-29 03:31:48,782 - src.core.circuit_breaker - ERROR - 🔴 熔斷器阻斷(失敗6次)，請60秒後重試 | 操作: generic | 優先級: NORMAL
2025-10-29T03:31:49.490625880Z [inf]  2025-10-29 03:31:48,783 - src.services.data_service - ERROR - 獲取 K線數據失敗 AINUSDT 15m: 熔斷器阻斷(失敗6次)，請60秒後重試
2025-10-29T03:31:49.492009763Z [inf]  2025-10-29 03:31:48,784 - src.clients.binance_client - ERROR - API 請求失敗: /fapi/v1/klines - 熔斷器阻斷(失敗6次)，請60秒後重試
2025-10-29T03:31:49.493856898Z [inf]  2025-10-29 03:31:48,784 - src.core.circuit_breaker - ERROR - 🔴 熔斷器阻斷(失敗6次)，請60秒後重試 | 操作: generic | 優先級: NORMAL
2025-10-29T03:31:49.496881864Z [inf]  2025-10-29 03:31:48,786 - src.clients.binance_client - ERROR - API 請求失敗: /fapi/v1/klines - 熔斷器阻斷(失敗6次)，請60秒後重試
2025-10-29T03:31:49.498723692Z [inf]  2025-10-29 03:31:48,787 - src.core.circuit_breaker - ERROR - 🔴 熔斷器阻斷(失敗6次)，請60秒後重試 | 操作: generic | 優先級: NORMAL
2025-10-29T03:31:49.500114787Z [inf]  2025-10-29 03:31:48,788 - src.services.data_service - ERROR - 獲取 K線數據失敗 SLPUSDT 5m: 熔斷器阻斷(失敗6次)，請60秒後重試
2025-10-29T03:31:49.501797148Z [inf]  2025-10-29 03:31:48,789 - src.clients.binance_client - ERROR - API 請求失敗: /fapi/v1/klines - 熔斷器阻斷(失敗6次)，請60秒後重試
2025-10-29T03:31:49.504930093Z [inf]  2025-10-29 03:31:48,791 - src.services.data_service - ERROR - 獲取 K線數據失敗 ESPORTSUSDT 15m: 熔斷器阻斷(失敗6次)，請60秒後重試
2025-10-29T03:31:49.506122961Z [inf]  2025-10-29 03:31:48,791 - src.clients.binance_client - ERROR - API 請求失敗: /fapi/v1/klines - 熔斷器阻斷(失敗6次)，請60秒後重試
2025-10-29T03:31:49.507728095Z [inf]  2025-10-29 03:31:48,792 - src.core.circuit_breaker - ERROR - 🔴 熔斷器阻斷(失敗6次)，請60秒後重試 | 操作: generic | 優先級: NORMAL
2025-10-29T03:31:49.509855630Z [inf]  2025-10-29 03:31:48,793 - src.services.data_service - ERROR - 獲取 K線數據失敗 NAORISUSDT 1h: 熔斷器阻斷(失敗6次)，請60秒後重試
2025-10-29T03:31:49.511832047Z [inf]  2025-10-29 03:31:48,795 - src.core.circuit_breaker - ERROR - 🔴 熔斷器阻斷(失敗6次)，請60秒後重試 | 操作: generic | 優先級: NORMAL
2025-10-29T03:31:49.514655823Z [inf]  2025-10-29 03:31:48,797 - src.clients.binance_client - ERROR - API 請求失敗: /fapi/v1/klines - 熔斷器阻斷(失敗6次)，請60秒後重試
2025-10-29T03:31:49.516246781Z [inf]  2025-10-29 03:31:48,797 - src.core.circuit_breaker - ERROR - 🔴 熔斷器阻斷(失敗6次)，請60秒後重試 | 操作: generic | 優先級: NORMAL
2025-10-29T03:31:49.518332154Z [inf]  2025-10-29 03:31:48,798 - src.services.data_service - ERROR - 獲取 K線數據失敗 AIOUSDT 15m: 熔斷器阻斷(失敗6次)，請60秒後重試
2025-10-29T03:31:49.520031132Z [inf]  2025-10-29 03:31:48,799 - src.clients.binance_client - ERROR - API 請求失敗: /fapi/v1/klines - 熔斷器阻斷(失敗6次)，請60秒後重試
2025-10-29T03:31:49.522628160Z [inf]  2025-10-29 03:31:48,801 - src.services.data_service - ERROR - 獲取 K線數據失敗 CUDISUSDT 1h: 熔斷器阻斷(失敗6次)，請60秒後重試
2025-10-29T03:31:49.524591727Z [inf]  2025-10-29 03:31:48,802 - src.clients.binance_client - ERROR - API 請求失敗: /fapi/v1/klines - 熔斷器阻斷(失敗6次)，請60秒後重試
2025-10-29T03:31:49.525906111Z [inf]  2025-10-29 03:31:48,803 - src.core.circuit_breaker - ERROR - 🔴 熔斷器阻斷(失敗6次)，請60秒後重試 | 操作: generic | 優先級: NORMAL
2025-10-29T03:31:49.527828737Z [inf]  2025-10-29 03:31:48,803 - src.services.data_service - ERROR - 獲取 K線數據失敗 WLFIUSDT 5m: 熔斷器阻斷(失敗6次)，請60秒後重試
2025-10-29T03:31:49.530764148Z [inf]  2025-10-29 03:31:48,805 - src.core.circuit_breaker - ERROR - 🔴 熔斷器阻斷(失敗6次)，請60秒後重試 | 操作: generic | 優先級: NORMAL
2025-10-29T03:31:49.532611099Z [inf]  2025-10-29 03:31:48,806 - src.services.data_service - ERROR - 獲取 K線數據失敗 MITOUSDT 15m: 熔斷器阻斷(失敗6次)，請60秒後重試
2025-10-29T03:31:49.534058189Z [inf]  2025-10-29 03:31:48,807 - src.clients.binance_client - ERROR - API 請求失敗: /fapi/v1/klines - 熔斷器阻斷(失敗6次)，請60秒後重試
2025-10-29T03:31:49.537503275Z [inf]  2025-10-29 03:31:48,809 - src.services.data_service - ERROR - 獲取 K線數據失敗 ARIAUSDT 1h: 熔斷器阻斷(失敗6次)，請60秒後重試
2025-10-29T03:31:49.538317406Z [inf]  2025-10-29 03:31:48,809 - src.clients.binance_client - ERROR - API 請求失敗: /fapi/v1/klines - 熔斷器阻斷(失敗6次)，請60秒後重試
2025-10-29T03:31:49.541193348Z [inf]  2025-10-29 03:31:48,811 - src.services.data_service - ERROR - 獲取 K線數據失敗 OPENUSDT 5m: 熔斷器阻斷(失敗6次)，請60秒後重試
2025-10-29T03:31:49.542727563Z [inf]  2025-10-29 03:31:48,812 - src.clients.binance_client - ERROR - API 請求失敗: /fapi/v1/klines - 熔斷器阻斷(失敗6次)，請60秒後重試
2025-10-29T03:31:49.544261485Z [inf]  2025-10-29 03:31:48,813 - src.core.circuit_breaker - ERROR - 🔴 熔斷器阻斷(失敗6次)，請60秒後重試 | 操作: generic | 優先級: NORMAL
2025-10-29T03:31:49.546850638Z [inf]  2025-10-29 03:31:48,814 - src.clients.binance_client - ERROR - API 請求失敗: /fapi/v1/klines - 熔斷器阻斷(失敗6次)，請60秒後重試
2025-10-29T03:31:49.548168564Z [inf]  2025-10-29 03:31:48,815 - src.core.circuit_breaker - ERROR - 🔴 熔斷器阻斷(失敗6次)，請60秒後重試 | 操作: generic | 優先級: NORMAL
2025-10-29T03:31:49.549657866Z [inf]  2025-10-29 03:31:48,817 - src.services.data_service - ERROR - 獲取 K線數據失敗 STBLUSDT 1h: 熔斷器阻斷(失敗6次)，請60秒後重試
2025-10-29T03:31:49.552626971Z [inf]  2025-10-29 03:31:48,818 - src.core.circuit_breaker - ERROR - 🔴 熔斷器阻斷(失敗6次)，請60秒後重試 | 操作: generic | 優先級: NORMAL
2025-10-29T03:31:49.554384853Z [inf]  2025-10-29 03:31:48,818 - src.services.data_service - ERROR - 獲取 K線數據失敗 AIAUSDT 5m: 熔斷器阻斷(失敗6次)，請60秒後重試
2025-10-29T03:31:49.555738211Z [inf]  2025-10-29 03:31:48,819 - src.clients.binance_client - ERROR - API 請求失敗: /fapi/v1/klines - 熔斷器阻斷(失敗6次)，請60秒後重試
2025-10-29T03:31:49.558791041Z [inf]  2025-10-29 03:31:48,821 - src.services.data_service - ERROR - 獲取 K線數據失敗 BLESSUSDT 15m: 熔斷器阻斷(失敗6次)，請60秒後重試
2025-10-29T03:31:49.560230692Z [inf]  2025-10-29 03:31:48,822 - src.clients.binance_client - ERROR - API 請求失敗: /fapi/v1/klines - 熔斷器阻斷(失敗6次)，請60秒後重試
2025-10-29T03:31:49.561914342Z [inf]  2025-10-29 03:31:48,823 - src.core.circuit_breaker - ERROR - 🔴 熔斷器阻斷(失敗6次)，請60秒後重試 | 操作: generic | 優先級: NORMAL
2025-10-29T03:31:49.564647114Z [inf]  2025-10-29 03:31:48,824 - src.clients.binance_client - ERROR - API 請求失敗: /fapi/v1/klines - 熔斷器阻斷(失敗6次)，請60秒後重試
2025-10-29T03:31:49.566581261Z [inf]  2025-10-29 03:31:48,825 - src.core.circuit_breaker - ERROR - 🔴 熔斷器阻斷(失敗6次)，請60秒後重試 | 操作: generic | 優先級: NORMAL
2025-10-29T03:31:49.568260756Z [inf]  2025-10-29 03:31:48,826 - src.services.data_service - ERROR - 獲取 K線數據失敗 LIGHTUSDT 5m: 熔斷器阻斷(失敗6次)，請60秒後重試
2025-10-29T03:31:49.569797625Z [inf]  2025-10-29 03:31:48,827 - src.clients.binance_client - ERROR - API 請求失敗: /fapi/v1/klines - 熔斷器阻斷(失敗6次)，請60秒後重試
2025-10-29T03:31:49.571668688Z [inf]  2025-10-29 03:31:48,828 - src.clients.binance_client - ERROR - API 請求失敗: /fapi/v1/klines - 熔斷器阻斷(失敗6次)，請60秒後重試
2025-10-29T03:31:49.574991088Z [inf]  2025-10-29 03:31:48,830 - src.clients.binance_client - ERROR - API 請求失敗: /fapi/v1/klines - 熔斷器阻斷(失敗6次)，請60秒後重試
2025-10-29T03:31:49.576893098Z [inf]  2025-10-29 03:31:48,830 - src.core.circuit_breaker - ERROR - 🔴 熔斷器阻斷(失敗6次)，請60秒後重試 | 操作: generic | 優先級: NORMAL
2025-10-29T03:31:49.578864533Z [inf]  2025-10-29 03:31:48,831 - src.services.data_service - ERROR - 獲取 K線數據失敗 EVAAUSDT 1h: 熔斷器阻斷(失敗6次)，請60秒後重試
2025-10-29T03:31:49.579996707Z [inf]  2025-10-29 03:31:48,832 - src.clients.binance_client - ERROR - API 請求失敗: /fapi/v1/klines - 熔斷器阻斷(失敗6次)，請60秒後重試
2025-10-29T03:31:49.581704344Z [inf]  2025-10-29 03:31:48,833 - src.core.circuit_breaker - ERROR - 🔴 熔斷器阻斷(失敗6次)，請60秒後重試 | 操作: generic | 優先級: NORMAL
2025-10-29T03:31:49.583679642Z [inf]  2025-10-29 03:31:48,834 - src.services.data_service - ERROR - 獲取 K線數據失敗 4USDT 5m: 熔斷器阻斷(失敗6次)，請60秒後重試
2025-10-29T03:31:49.586585603Z [inf]  2025-10-29 03:31:48,835 - src.core.circuit_breaker - ERROR - 🔴 熔斷器阻斷(失敗6次)，請60秒後重試 | 操作: generic | 優先級: NORMAL
2025-10-29T03:31:49.588155520Z [inf]  2025-10-29 03:31:48,836 - src.services.data_service - ERROR - 獲取 K線數據失敗 METUSDT 15m: 熔斷器阻斷(失敗6次)，請60秒後重試
2025-10-29T03:31:49.591134179Z [inf]  2025-10-29 03:31:48,838 - src.core.circuit_breaker - ERROR - 🔴 熔斷器阻斷(失敗6次)，請60秒後重試 | 操作: generic | 優先級: NORMAL
2025-10-29T03:31:49.593006901Z [inf]  2025-10-29 03:31:48,839 - src.services.data_service - ERROR - 獲取 K線數據失敗 RECALLUSDT 1h: 熔斷器阻斷(失敗6次)，請60秒後重試
2025-10-29T03:31:49.594087245Z [inf]  2025-10-29 03:31:48,839 - src.clients.binance_client - ERROR - API 請求失敗: /fapi/v1/klines - 熔斷器阻斷(失敗6次)，請60秒後重試
2025-10-29T03:31:49.595763020Z [inf]  2025-10-29 03:31:48,840 - src.core.circuit_breaker - ERROR - 🔴 熔斷器阻斷(失敗6次)，請60秒後重試 | 操作: generic | 優先級: NORMAL
2025-10-29T03:31:49.600164390Z [inf]  2025-10-29 03:31:48,842 - src.clients.binance_client - ERROR - API 請求失敗: /fapi/v1/klines - 熔斷器阻斷(失敗6次)，請60秒後重試
2025-10-29T03:31:49.600176711Z [inf]  2025-10-29 03:31:48,842 - src.services.data_service - ERROR - 獲取 K線數據失敗 币安人生USDT 1h: 熔斷器阻斷(失敗6次)，請60秒後重試
2025-10-29T03:31:49.603227202Z [inf]  2025-10-29 03:31:48,843 - src.core.circuit_breaker - ERROR - 🔴 熔斷器阻斷(失敗6次)，請60秒後重試 | 操作: generic | 優先級: NORMAL
2025-10-29T03:31:49.604204388Z [inf]  2025-10-29 03:31:48,843 - src.services.data_service - ERROR - 獲取 K線數據失敗 TURTLEUSDT 15m: 熔斷器阻斷(失敗6次)，請60秒後重試
2025-10-29T03:31:49.605711022Z [inf]  2025-10-29 03:31:48,844 - src.clients.binance_client - ERROR - API 請求失敗: /fapi/v1/klines - 熔斷器阻斷(失敗6次)，請60秒後重試
2025-10-29T03:31:49.608896466Z [inf]  2025-10-29 03:31:48,846 - src.services.data_service - ERROR - 獲取 K線數據失敗 COMMONUSDT 1h: 熔斷器阻斷(失敗6次)，請60秒後重試
2025-10-29T03:31:50.525687152Z [inf]  2025-10-29 03:31:50,462 - src.core.position_monitor_24x7 - WARNING - ⚠️ FXSUSDT 無法獲取風險金額，跳過檢查
2025-10-29T03:31:50.525691732Z [inf]  2025-10-29 03:31:50,462 - src.core.position_monitor_24x7 - WARNING - ⚠️ LTCUSDT 無法獲取風險金額，跳過檢查
2025-10-29T03:31:50.525732901Z [inf]  2025-10-29 03:31:50,462 - src.core.position_monitor_24x7 - WARNING - ⚠️ RLCUSDT 無法獲取風險金額，跳過檢查
2025-10-29T03:31:50.525738899Z [inf]  2025-10-29 03:31:50,462 - src.core.position_monitor_24x7 - WARNING - ⚠️ LINKUSDT 無法獲取風險金額，跳過檢查
2025-10-29T03:31:50.525744449Z [inf]  2025-10-29 03:31:50,463 - src.core.position_monitor_24x7 - WARNING - ⚠️ DYDXUSDT 無法獲取風險金額，跳過檢查
2025-10-29T03:31:52.466729046Z [inf]  2025-10-29 03:31:52,465 - src.core.position_monitor_24x7 - WARNING - ⚠️ FXSUSDT 無法獲取風險金額，跳過檢查
2025-10-29T03:31:52.466737767Z [inf]  2025-10-29 03:31:52,465 - src.core.position_monitor_24x7 - WARNING - ⚠️ LTCUSDT 無法獲取風險金額，跳過檢查
2025-10-29T03:31:52.466744417Z [inf]  2025-10-29 03:31:52,465 - src.core.position_monitor_24x7 - WARNING - ⚠️ RLCUSDT 無法獲取風險金額，跳過檢查
2025-10-29T03:31:52.466750671Z [inf]  2025-10-29 03:31:52,465 - src.core.position_monitor_24x7 - WARNING - ⚠️ LINKUSDT 無法獲取風險金額，跳過檢查
2025-10-29T03:31:52.466756409Z [inf]  2025-10-29 03:31:52,465 - src.core.position_monitor_24x7 - WARNING - ⚠️ DYDXUSDT 無法獲取風險金額，跳過檢查
2025-10-29T03:31:54.535332995Z [inf]  2025-10-29 03:31:54,467 - src.core.position_monitor_24x7 - WARNING - ⚠️ FXSUSDT 無法獲取風險金額，跳過檢查
2025-10-29T03:31:54.535339835Z [inf]  2025-10-29 03:31:54,467 - src.core.position_monitor_24x7 - WARNING - ⚠️ LTCUSDT 無法獲取風險金額，跳過檢查
2025-10-29T03:31:54.535346452Z [inf]  2025-10-29 03:31:54,467 - src.core.position_monitor_24x7 - WARNING - ⚠️ RLCUSDT 無法獲取風險金額，跳過檢查
2025-10-29T03:31:54.535352726Z [inf]  2025-10-29 03:31:54,467 - src.core.position_monitor_24x7 - WARNING - ⚠️ LINKUSDT 無法獲取風險金額，跳過檢查
2025-10-29T03:31:54.535358374Z [inf]  2025-10-29 03:31:54,467 - src.core.position_monitor_24x7 - WARNING - ⚠️ DYDXUSDT 無法獲取風險金額，跳過檢查
2025-10-29T03:31:56.471799926Z [inf]  2025-10-29 03:31:56,470 - src.core.position_monitor_24x7 - WARNING - ⚠️ FXSUSDT 無法獲取風險金額，跳過檢查
2025-10-29T03:31:56.471807871Z [inf]  2025-10-29 03:31:56,470 - src.core.position_monitor_24x7 - WARNING - ⚠️ LTCUSDT 無法獲取風險金額，跳過檢查
2025-10-29T03:31:56.471813051Z [inf]  2025-10-29 03:31:56,470 - src.core.position_monitor_24x7 - WARNING - ⚠️ RLCUSDT 無法獲取風險金額，跳過檢查
2025-10-29T03:31:56.471818666Z [inf]  2025-10-29 03:31:56,470 - src.core.position_monitor_24x7 - WARNING - ⚠️ LINKUSDT 無法獲取風險金額，跳過檢查
2025-10-29T03:31:56.471823309Z [inf]  2025-10-29 03:31:56,470 - src.core.position_monitor_24x7 - WARNING - ⚠️ DYDXUSDT 無法獲取風險金額，跳過檢查
2025-10-29T03:31:58.486561242Z [inf]  2025-10-29 03:31:58,473 - src.core.circuit_breaker - ERROR - 🔴 熔斷器阻斷(失敗6次)，請50秒後重試 | 操作: generic | 優先級: NORMAL
2025-10-29T03:31:58.486563575Z [inf]  
2025-10-29T03:31:58.486575724Z [inf]  During handling of the above exception, another exception occurred:
2025-10-29T03:31:58.486582417Z [inf]  2025-10-29 03:31:58,473 - src.clients.binance_client - ERROR - API 請求失敗: /fapi/v2/account - 熔斷器阻斷(失敗6次)，請50秒後重試
2025-10-29T03:31:58.486584411Z [inf]               ^^^^^^^^^^^^^^^^^^^^^^^^^^^^^^^^^^^^^^^^^^^^^^^^^^
2025-10-29T03:31:58.486596513Z [inf]  2025-10-29 03:31:58,473 - src.core.position_controller - ERROR - ❌ 獲取持倉失敗: 熔斷器阻斷(失敗6次)，請50秒後重試
2025-10-29T03:31:58.486601017Z [inf]    File "/app/src/core/circuit_breaker.py", line 327, in call_async
2025-10-29T03:31:58.486603961Z [inf]      raise Exception(reason)
2025-10-29T03:31:58.486611219Z [inf]  Exception: 熔斷器阻斷(失敗6次)，請50秒後重試
2025-10-29T03:31:58.486626439Z [inf]  Traceback (most recent call last):
2025-10-29T03:31:58.486634991Z [inf]    File "/app/src/clients/binance_client.py", line 203, in _request
2025-10-29T03:31:58.486642506Z [inf]      result = await self.circuit_breaker.call_async(_do_request)
2025-10-29T03:31:58.486665631Z [inf]  
2025-10-29T03:31:58.486676384Z [inf]  Traceback (most recent call last):
2025-10-29T03:31:58.486684371Z [inf]    File "/app/src/core/position_controller.py", line 166, in _fetch_all_positions
2025-10-29T03:31:58.486693142Z [inf]      raw_positions = await self.binance_client.get_position_info_async()
2025-10-29T03:31:58.486702588Z [inf]                      ^^^^^^^^^^^^^^^^^^^^^^^^^^^^^^^^^^^^^^^^^^^^^^^^^^^
2025-10-29T03:31:58.486706986Z [inf]      account_info = await self.get_account_info()
2025-10-29T03:31:58.486714006Z [inf]    File "/app/src/clients/binance_client.py", line 475, in get_position_info_async
2025-10-29T03:31:58.488108958Z [inf]                     ^^^^^^^^^^^^^^^^^^^^^^^^^^^^^
2025-10-29T03:31:58.488113975Z [inf]    File "/app/src/clients/binance_client.py", line 455, in get_account_info
2025-10-29T03:31:58.488119647Z [inf]      result = await self._request("GET", "/fapi/v2/account", signed=True)
2025-10-29T03:31:58.488125397Z [inf]               ^^^^^^^^^^^^^^^^^^^^^^^^^^^^^^^^^^^^^^^^^^^^^^^^^^^^^^^^^^^
2025-10-29T03:31:58.488130462Z [inf]    File "/app/src/clients/binance_client.py", line 219, in _request
2025-10-29T03:31:58.488135285Z [inf]      raise BinanceRequestError(
2025-10-29T03:31:58.488140411Z [inf]  src.clients.binance_errors.BinanceRequestError: 熔斷器阻斷(失敗6次)，請50秒後重試
2025-10-29T03:32:00.493130472Z [inf]      result = await self.circuit_breaker.call_async(_do_request)
2025-10-29T03:32:00.493148014Z [inf]               ^^^^^^^^^^^^^^^^^^^^^^^^^^^^^^^^^^^^^^^^^^^^^^^^^^
2025-10-29T03:32:00.493148473Z [inf]  Exception: 熔斷器阻斷(失敗6次)，請48秒後重試
2025-10-29T03:32:00.493159222Z [inf]  
2025-10-29T03:32:00.493167350Z [inf]    File "/app/src/core/circuit_breaker.py", line 327, in call_async
2025-10-29T03:32:00.493173261Z [inf]  During handling of the above exception, another exception occurred:
2025-10-29T03:32:00.493184712Z [inf]  
2025-10-29T03:32:00.493186694Z [inf]      raise Exception(reason)
2025-10-29T03:32:00.493197296Z [inf]  Traceback (most recent call last):
2025-10-29T03:32:00.493205002Z [inf]    File "/app/src/core/position_controller.py", line 166, in _fetch_all_positions
2025-10-29T03:32:00.493215220Z [inf]      raw_positions = await self.binance_client.get_position_info_async()
2025-10-29T03:32:00.493218008Z [inf]  2025-10-29 03:32:00,476 - src.core.circuit_breaker - ERROR - 🔴 熔斷器阻斷(失敗6次)，請48秒後重試 | 操作: generic | 優先級: NORMAL
2025-10-29T03:32:00.493227658Z [inf]                      ^^^^^^^^^^^^^^^^^^^^^^^^^^^^^^^^^^^^^^^^^^^^^^^^^^^
2025-10-29T03:32:00.493253624Z [inf]  2025-10-29 03:32:00,476 - src.clients.binance_client - ERROR - API 請求失敗: /fapi/v2/account - 熔斷器阻斷(失敗6次)，請48秒後重試
2025-10-29T03:32:00.493263943Z [inf]  2025-10-29 03:32:00,476 - src.core.position_controller - ERROR - ❌ 獲取持倉失敗: 熔斷器阻斷(失敗6次)，請48秒後重試
2025-10-29T03:32:00.493273671Z [inf]  Traceback (most recent call last):
2025-10-29T03:32:00.493278442Z [inf]    File "/app/src/clients/binance_client.py", line 475, in get_position_info_async
2025-10-29T03:32:00.493283289Z [inf]    File "/app/src/clients/binance_client.py", line 203, in _request
2025-10-29T03:32:00.493288143Z [inf]      account_info = await self.get_account_info()
2025-10-29T03:32:00.495108924Z [inf]                     ^^^^^^^^^^^^^^^^^^^^^^^^^^^^^
2025-10-29T03:32:00.495116762Z [inf]    File "/app/src/clients/binance_client.py", line 455, in get_account_info
2025-10-29T03:32:00.495123612Z [inf]      result = await self._request("GET", "/fapi/v2/account", signed=True)
2025-10-29T03:32:00.495131116Z [inf]               ^^^^^^^^^^^^^^^^^^^^^^^^^^^^^^^^^^^^^^^^^^^^^^^^^^^^^^^^^^^
2025-10-29T03:32:00.495139622Z [inf]    File "/app/src/clients/binance_client.py", line 219, in _request
2025-10-29T03:32:00.495151832Z [inf]      raise BinanceRequestError(
2025-10-29T03:32:00.495159837Z [inf]  src.clients.binance_errors.BinanceRequestError: 熔斷器阻斷(失敗6次)，請48秒後重試
2025-10-29T03:32:02.482521882Z [inf]  2025-10-29 03:32:02,478 - src.core.circuit_breaker - ERROR - 🔴 熔斷器阻斷(失敗6次)，請46秒後重試 | 操作: generic | 優先級: NORMAL
2025-10-29T03:32:02.482532350Z [inf]  2025-10-29 03:32:02,478 - src.clients.binance_client - ERROR - API 請求失敗: /fapi/v2/account - 熔斷器阻斷(失敗6次)，請46秒後重試
2025-10-29T03:32:02.482539197Z [inf]  2025-10-29 03:32:02,478 - src.core.position_controller - ERROR - ❌ 獲取持倉失敗: 熔斷器阻斷(失敗6次)，請46秒後重試
2025-10-29T03:32:02.482546008Z [inf]  Traceback (most recent call last):
2025-10-29T03:32:02.482550804Z [inf]    File "/app/src/clients/binance_client.py", line 203, in _request
2025-10-29T03:32:02.482557092Z [inf]      result = await self.circuit_breaker.call_async(_do_request)
2025-10-29T03:32:02.482564139Z [inf]               ^^^^^^^^^^^^^^^^^^^^^^^^^^^^^^^^^^^^^^^^^^^^^^^^^^
2025-10-29T03:32:02.482569770Z [inf]    File "/app/src/core/circuit_breaker.py", line 327, in call_async
2025-10-29T03:32:02.482575837Z [inf]      raise Exception(reason)
2025-10-29T03:32:02.482582884Z [inf]  Exception: 熔斷器阻斷(失敗6次)，請46秒後重試
2025-10-29T03:32:02.482589378Z [inf]  
2025-10-29T03:32:02.482595549Z [inf]  During handling of the above exception, another exception occurred:
2025-10-29T03:32:02.482600753Z [inf]  
2025-10-29T03:32:02.482606437Z [inf]  Traceback (most recent call last):
2025-10-29T03:32:02.482613281Z [inf]    File "/app/src/core/position_controller.py", line 166, in _fetch_all_positions
2025-10-29T03:32:02.482619626Z [inf]      raw_positions = await self.binance_client.get_position_info_async()
2025-10-29T03:32:02.482625129Z [inf]                      ^^^^^^^^^^^^^^^^^^^^^^^^^^^^^^^^^^^^^^^^^^^^^^^^^^^
2025-10-29T03:32:02.482634566Z [inf]    File "/app/src/clients/binance_client.py", line 475, in get_position_info_async
2025-10-29T03:32:02.482639836Z [inf]      account_info = await self.get_account_info()
2025-10-29T03:32:02.483726998Z [inf]                     ^^^^^^^^^^^^^^^^^^^^^^^^^^^^^
2025-10-29T03:32:02.483735573Z [inf]    File "/app/src/clients/binance_client.py", line 455, in get_account_info
2025-10-29T03:32:02.483741532Z [inf]      result = await self._request("GET", "/fapi/v2/account", signed=True)
2025-10-29T03:32:02.483745921Z [inf]               ^^^^^^^^^^^^^^^^^^^^^^^^^^^^^^^^^^^^^^^^^^^^^^^^^^^^^^^^^^^
2025-10-29T03:32:02.483750495Z [inf]    File "/app/src/clients/binance_client.py", line 219, in _request
2025-10-29T03:32:02.483754943Z [inf]      raise BinanceRequestError(
2025-10-29T03:32:02.483760180Z [inf]  src.clients.binance_errors.BinanceRequestError: 熔斷器阻斷(失敗6次)，請46秒後重試
2025-10-29T03:32:04.527584019Z [inf]  2025-10-29 03:32:04,480 - src.core.circuit_breaker - ERROR - 🔴 熔斷器阻斷(失敗6次)，請44秒後重試 | 操作: generic | 優先級: NORMAL
2025-10-29T03:32:04.527588622Z [inf]  2025-10-29 03:32:04,480 - src.clients.binance_client - ERROR - API 請求失敗: /fapi/v2/account - 熔斷器阻斷(失敗6次)，請44秒後重試
2025-10-29T03:32:04.527593792Z [inf]  2025-10-29 03:32:04,480 - src.core.position_controller - ERROR - ❌ 獲取持倉失敗: 熔斷器阻斷(失敗6次)，請44秒後重試
2025-10-29T03:32:04.527599368Z [inf]  Traceback (most recent call last):
2025-10-29T03:32:04.527604434Z [inf]    File "/app/src/clients/binance_client.py", line 203, in _request
2025-10-29T03:32:04.527609071Z [inf]      result = await self.circuit_breaker.call_async(_do_request)
2025-10-29T03:32:04.527614852Z [inf]               ^^^^^^^^^^^^^^^^^^^^^^^^^^^^^^^^^^^^^^^^^^^^^^^^^^
2025-10-29T03:32:04.527618977Z [inf]    File "/app/src/core/circuit_breaker.py", line 327, in call_async
2025-10-29T03:32:04.527624241Z [inf]      raise Exception(reason)
2025-10-29T03:32:04.527628942Z [inf]  Exception: 熔斷器阻斷(失敗6次)，請44秒後重試
2025-10-29T03:32:04.527633837Z [inf]  
2025-10-29T03:32:04.527638683Z [inf]  During handling of the above exception, another exception occurred:
2025-10-29T03:32:04.527642919Z [inf]  
2025-10-29T03:32:04.527648611Z [inf]  Traceback (most recent call last):
2025-10-29T03:32:04.527656383Z [inf]    File "/app/src/core/position_controller.py", line 166, in _fetch_all_positions
2025-10-29T03:32:04.527666126Z [inf]      raw_positions = await self.binance_client.get_position_info_async()
2025-10-29T03:32:04.527671744Z [inf]                      ^^^^^^^^^^^^^^^^^^^^^^^^^^^^^^^^^^^^^^^^^^^^^^^^^^^
2025-10-29T03:32:04.527676751Z [inf]    File "/app/src/clients/binance_client.py", line 475, in get_position_info_async
2025-10-29T03:32:04.527682771Z [inf]      account_info = await self.get_account_info()
2025-10-29T03:32:04.527779522Z [inf]                     ^^^^^^^^^^^^^^^^^^^^^^^^^^^^^
2025-10-29T03:32:04.527788168Z [inf]    File "/app/src/clients/binance_client.py", line 455, in get_account_info
2025-10-29T03:32:04.527797722Z [inf]      result = await self._request("GET", "/fapi/v2/account", signed=True)
2025-10-29T03:32:04.527806285Z [inf]               ^^^^^^^^^^^^^^^^^^^^^^^^^^^^^^^^^^^^^^^^^^^^^^^^^^^^^^^^^^^
2025-10-29T03:32:04.527812361Z [inf]    File "/app/src/clients/binance_client.py", line 219, in _request
2025-10-29T03:32:04.527819755Z [inf]      raise BinanceRequestError(
2025-10-29T03:32:04.527826704Z [inf]  src.clients.binance_errors.BinanceRequestError: 熔斷器阻斷(失敗6次)，請44秒後重試
2025-10-29T03:32:04.776745735Z [err]  Railway rate limit of 500 logs/sec reached for replica, update your application to reduce the logging rate. Messages dropped: 2889
2025-10-29T03:32:06.554957990Z [inf]  
2025-10-29T03:32:06.554967009Z [inf]  Traceback (most recent call last):
2025-10-29T03:32:06.554973463Z [inf]    File "/app/src/core/position_controller.py", line 166, in _fetch_all_positions
2025-10-29T03:32:06.554978485Z [inf]      raw_positions = await self.binance_client.get_position_info_async()
2025-10-29T03:32:06.554983152Z [inf]                      ^^^^^^^^^^^^^^^^^^^^^^^^^^^^^^^^^^^^^^^^^^^^^^^^^^^
2025-10-29T03:32:06.554988325Z [inf]    File "/app/src/clients/binance_client.py", line 475, in get_position_info_async
2025-10-29T03:32:06.554993037Z [inf]      account_info = await self.get_account_info()
2025-10-29T03:32:06.555009931Z [inf]  2025-10-29 03:32:06,483 - src.core.circuit_breaker - ERROR - 🔴 熔斷器阻斷(失敗6次)，請42秒後重試 | 操作: generic | 優先級: NORMAL
2025-10-29T03:32:06.555014972Z [inf]  2025-10-29 03:32:06,483 - src.clients.binance_client - ERROR - API 請求失敗: /fapi/v2/account - 熔斷器阻斷(失敗6次)，請42秒後重試
2025-10-29T03:32:06.555020472Z [inf]  2025-10-29 03:32:06,483 - src.core.position_controller - ERROR - ❌ 獲取持倉失敗: 熔斷器阻斷(失敗6次)，請42秒後重試
2025-10-29T03:32:06.555029389Z [inf]  Traceback (most recent call last):
2025-10-29T03:32:06.555036867Z [inf]    File "/app/src/clients/binance_client.py", line 203, in _request
2025-10-29T03:32:06.555041410Z [inf]      result = await self.circuit_breaker.call_async(_do_request)
2025-10-29T03:32:06.555046556Z [inf]               ^^^^^^^^^^^^^^^^^^^^^^^^^^^^^^^^^^^^^^^^^^^^^^^^^^
2025-10-29T03:32:06.555052000Z [inf]    File "/app/src/core/circuit_breaker.py", line 327, in call_async
2025-10-29T03:32:06.555058003Z [inf]      raise Exception(reason)
2025-10-29T03:32:06.555063287Z [inf]  Exception: 熔斷器阻斷(失敗6次)，請42秒後重試
2025-10-29T03:32:06.555068043Z [inf]  
2025-10-29T03:32:06.555073454Z [inf]  During handling of the above exception, another exception occurred:
2025-10-29T03:32:06.557379773Z [inf]                     ^^^^^^^^^^^^^^^^^^^^^^^^^^^^^
2025-10-29T03:32:06.557390876Z [inf]    File "/app/src/clients/binance_client.py", line 455, in get_account_info
2025-10-29T03:32:06.557397499Z [inf]      result = await self._request("GET", "/fapi/v2/account", signed=True)
2025-10-29T03:32:06.557403180Z [inf]               ^^^^^^^^^^^^^^^^^^^^^^^^^^^^^^^^^^^^^^^^^^^^^^^^^^^^^^^^^^^
2025-10-29T03:32:06.557426418Z [inf]    File "/app/src/clients/binance_client.py", line 219, in _request
2025-10-29T03:32:06.557433892Z [inf]      raise BinanceRequestError(
2025-10-29T03:32:06.557439772Z [inf]  src.clients.binance_errors.BinanceRequestError: 熔斷器阻斷(失敗6次)，請42秒後重試
2025-10-29T03:32:08.583423532Z [inf]    File "/app/src/core/circuit_breaker.py", line 327, in call_async
2025-10-29T03:32:08.583435473Z [inf]      raise Exception(reason)
2025-10-29T03:32:08.583451361Z [inf]  Exception: 熔斷器阻斷(失敗6次)，請40秒後重試
2025-10-29T03:32:08.583462808Z [inf]  
2025-10-29T03:32:08.583473431Z [inf]  During handling of the above exception, another exception occurred:
2025-10-29T03:32:08.583480630Z [inf]  
2025-10-29T03:32:08.583488177Z [inf]  Traceback (most recent call last):
2025-10-29T03:32:08.583504364Z [inf]    File "/app/src/core/position_controller.py", line 166, in _fetch_all_positions
2025-10-29T03:32:08.583511499Z [inf]  2025-10-29 03:32:08,485 - src.core.circuit_breaker - ERROR - 🔴 熔斷器阻斷(失敗6次)，請40秒後重試 | 操作: generic | 優先級: NORMAL
2025-10-29T03:32:08.583517769Z [inf]  2025-10-29 03:32:08,486 - src.clients.binance_client - ERROR - API 請求失敗: /fapi/v2/account - 熔斷器阻斷(失敗6次)，請40秒後重試
2025-10-29T03:32:08.583519177Z [inf]      raw_positions = await self.binance_client.get_position_info_async()
2025-10-29T03:32:08.583522965Z [inf]  2025-10-29 03:32:08,486 - src.core.position_controller - ERROR - ❌ 獲取持倉失敗: 熔斷器阻斷(失敗6次)，請40秒後重試
2025-10-29T03:32:08.583528306Z [inf]  Traceback (most recent call last):
2025-10-29T03:32:08.583531590Z [inf]                      ^^^^^^^^^^^^^^^^^^^^^^^^^^^^^^^^^^^^^^^^^^^^^^^^^^^
2025-10-29T03:32:08.583533646Z [inf]    File "/app/src/clients/binance_client.py", line 203, in _request
2025-10-29T03:32:08.583540066Z [inf]      result = await self.circuit_breaker.call_async(_do_request)
2025-10-29T03:32:08.583541373Z [inf]    File "/app/src/clients/binance_client.py", line 475, in get_position_info_async
2025-10-29T03:32:08.583547857Z [inf]               ^^^^^^^^^^^^^^^^^^^^^^^^^^^^^^^^^^^^^^^^^^^^^^^^^^
2025-10-29T03:32:08.583548962Z [inf]      account_info = await self.get_account_info()
2025-10-29T03:32:08.584419864Z [inf]                     ^^^^^^^^^^^^^^^^^^^^^^^^^^^^^
2025-10-29T03:32:08.584425886Z [inf]    File "/app/src/clients/binance_client.py", line 455, in get_account_info
2025-10-29T03:32:08.584431627Z [inf]      result = await self._request("GET", "/fapi/v2/account", signed=True)
2025-10-29T03:32:08.584437269Z [inf]               ^^^^^^^^^^^^^^^^^^^^^^^^^^^^^^^^^^^^^^^^^^^^^^^^^^^^^^^^^^^
2025-10-29T03:32:08.584443135Z [inf]    File "/app/src/clients/binance_client.py", line 219, in _request
2025-10-29T03:32:08.584448212Z [inf]      raise BinanceRequestError(
2025-10-29T03:32:08.584452838Z [inf]  src.clients.binance_errors.BinanceRequestError: 熔斷器阻斷(失敗6次)，請40秒後重試
2025-10-29T03:32:10.576157963Z [inf]    File "/app/src/core/position_controller.py", line 166, in _fetch_all_positions
2025-10-29T03:32:10.576170374Z [inf]      raw_positions = await self.binance_client.get_position_info_async()
2025-10-29T03:32:10.576177770Z [inf]                      ^^^^^^^^^^^^^^^^^^^^^^^^^^^^^^^^^^^^^^^^^^^^^^^^^^^
2025-10-29T03:32:10.576185250Z [inf]    File "/app/src/clients/binance_client.py", line 475, in get_position_info_async
2025-10-29T03:32:10.576189440Z [inf]  2025-10-29 03:32:10,487 - src.core.circuit_breaker - ERROR - 🔴 熔斷器阻斷(失敗6次)，請38秒後重試 | 操作: generic | 優先級: NORMAL
2025-10-29T03:32:10.576195260Z [inf]      account_info = await self.get_account_info()
2025-10-29T03:32:10.576196151Z [inf]  2025-10-29 03:32:10,487 - src.clients.binance_client - ERROR - API 請求失敗: /fapi/v2/account - 熔斷器阻斷(失敗6次)，請38秒後重試
2025-10-29T03:32:10.576202861Z [inf]  2025-10-29 03:32:10,487 - src.core.position_controller - ERROR - ❌ 獲取持倉失敗: 熔斷器阻斷(失敗6次)，請38秒後重試
2025-10-29T03:32:10.576208875Z [inf]  Traceback (most recent call last):
2025-10-29T03:32:10.576217320Z [inf]    File "/app/src/clients/binance_client.py", line 203, in _request
2025-10-29T03:32:10.576223857Z [inf]      result = await self.circuit_breaker.call_async(_do_request)
2025-10-29T03:32:10.576229652Z [inf]               ^^^^^^^^^^^^^^^^^^^^^^^^^^^^^^^^^^^^^^^^^^^^^^^^^^
2025-10-29T03:32:10.576240216Z [inf]    File "/app/src/core/circuit_breaker.py", line 327, in call_async
2025-10-29T03:32:10.576245936Z [inf]      raise Exception(reason)
2025-10-29T03:32:10.576262741Z [inf]  Exception: 熔斷器阻斷(失敗6次)，請38秒後重試
2025-10-29T03:32:10.576269122Z [inf]  
2025-10-29T03:32:10.576274180Z [inf]  During handling of the above exception, another exception occurred:
2025-10-29T03:32:10.576279485Z [inf]  
2025-10-29T03:32:10.576285539Z [inf]  Traceback (most recent call last):
2025-10-29T03:32:10.577235211Z [inf]                     ^^^^^^^^^^^^^^^^^^^^^^^^^^^^^
2025-10-29T03:32:10.577267345Z [inf]    File "/app/src/clients/binance_client.py", line 455, in get_account_info
2025-10-29T03:32:10.577278654Z [inf]      result = await self._request("GET", "/fapi/v2/account", signed=True)
2025-10-29T03:32:10.577290386Z [inf]               ^^^^^^^^^^^^^^^^^^^^^^^^^^^^^^^^^^^^^^^^^^^^^^^^^^^^^^^^^^^
2025-10-29T03:32:10.577300448Z [inf]    File "/app/src/clients/binance_client.py", line 219, in _request
2025-10-29T03:32:10.577309850Z [inf]      raise BinanceRequestError(
2025-10-29T03:32:10.577319363Z [inf]  src.clients.binance_errors.BinanceRequestError: 熔斷器阻斷(失敗6次)，請38秒後重試